 gse_mgmt_ld

 Timestamp is 4f9246ed (Sat Apr 21 13:34:37 2012)

 Preferred load address is 00400000

 Start         Length     Name                   Class
 0001:00000000 000b5d21H .text                   CODE
 0002:00000000 00000104H .CRT$XCA                DATA
 0002:00000104 00000104H .CRT$XCZ                DATA
 0002:00000208 00000104H .CRT$XIA                DATA
 0002:0000030c 00000113H .CRT$XIC                DATA
 0002:00000420 00000104H .CRT$XIY                DATA
 0002:00000524 00000104H .CRT$XIZ                DATA
 0002:00000628 00000104H .CRT$XPA                DATA
 0002:0000072c 00000104H .CRT$XPX                DATA
 0002:00000830 00000104H .CRT$XPXA               DATA
 0002:00000934 00000104H .CRT$XPZ                DATA
 0002:00000a38 00000104H .CRT$XTA                DATA
 0002:00000b3c 00000104H .CRT$XTZ                DATA
 0002:00000c40 00003047H .rdata                  DATA
 0002:00003c88 00000175H .rdata$debug            DATA
 0002:00003e00 0000010eH .rdata$sxdata           DATA
 0002:00003f10 00000104H .rtc$IAA                DATA
 0002:00004014 00000104H .rtc$IZZ                DATA
 0002:00004118 00000104H .rtc$TAA                DATA
 0002:0000421c 00000104H .rtc$TZZ                DATA
 0002:00004320 00000d51H .xdata$x                DATA
 0002:00005071 00000000H .edata                  DATA
 0003:00000000 000210a4H .data                   DATA
 0003:000210c0 00004b84H .bss                    DATA
 0004:00000000 00000078H .idata$2                DATA
 0004:00000078 00000014H .idata$3                DATA
 0004:0000008c 000003ecH .idata$4                DATA
 0004:00000478 000003ecH .idata$5                DATA
 0004:00000864 00000bf9H .idata$6                DATA
 0005:00000000 00000169H .rsrc$01                DATA
 0005:00000170 000002e9H .rsrc$02                DATA

  Address         Publics by Value              Rva+Base       Lib:Object

 0000:00000000       __except_list              00000000     <absolute>
 0000:00000003       ___safe_se_handler_count   00000003     <absolute>
 0000:00000000       ___ImageBase               00400000     <linker-defined>
 0001:000003a0       _wait_any_event            004013a0 f   event.obj
 0001:00000420       _gse_mgmt_ref_req_create   00401420 f   gse_mgmt.obj
 0001:000004d0       _gse_mgmt_ref_req_destroy  004014d0 f   gse_mgmt.obj
 0001:00000520       _gse_mgmt_ref_rsp_create   00401520 f   gse_mgmt.obj
 0001:00000660       _gse_mgmt_ref_rsp_destroy  00401660 f   gse_mgmt.obj
 0001:000006b0       _gse_mgmt_off_req_create   004016b0 f   gse_mgmt.obj
 0001:00000720       _gse_mgmt_off_req_destroy  00401720 f   gse_mgmt.obj
 0001:00000750       _gse_mgmt_off_rsp_create   00401750 f   gse_mgmt.obj
 0001:00000880       _gse_mgmt_off_rsp_destroy  00401880 f   gse_mgmt.obj
 0001:000008d0       _gse_mgmt_err_rsp_create   004018d0 f   gse_mgmt.obj
 0001:00000930       _gse_mgmt_err_rsp_destroy  00401930 f   gse_mgmt.obj
 0001:00000960       _gse_mgmt_msg_process      00401960 f   gse_mgmt.obj
 0001:00000f20       _clnp_snet_etype_process   00401f20 f   gse_mgmt.obj
 0001:00000f60       _doCommService             00401f60 f   gse_mgmt.obj
 0001:00000fb0       _main                      00401fb0 f   gse_mgmt.obj
 0001:00001a10       _u_mmsl_goose_received     00402a10 f   gse_mgmt.obj
 0001:00001a50       _u_mvlu_rpt_time_get       00402a50 f   gse_mgmt.obj
 0001:00001aa0       _u_mvl_connect_ind_ex      00402aa0 f   gse_mgmt.obj
 0001:00001d80       _ctrlCfun                  00402d80 f   gse_mgmt.obj
 0001:00001d90       _u_mvl61850_ctl_oper_begin 00402d90 f   gse_mgmt.obj
 0001:00001da0       _u_mvl61850_ctl_oper_end   00402da0 f   gse_mgmt.obj
 0001:00001db0       _u_mvlu_resolve_leaf_ref   00402db0 f   gse_mgmt.obj
 0001:00002420       _logCfgAddMaskGroup        00403420 f   logcfgx.obj
 0001:00002450       _logCfgRemoveMaskGroup     00403450 f   logcfgx.obj
 0001:00002480       _logCfgRemoveAllMaskGroups 00403480 f   logcfgx.obj
 0001:00002490       __logcfg_save_logmasks     00403490 f   logcfgx.obj
 0001:00002550       __logcfg_get_logmasks      00403550 f   logcfgx.obj
 0001:00002740       __logcfg_get_logmasks_size 00403740 f   logcfgx.obj
 0001:00002830       _logCfgFindTagValPath      00403830 f   logcfgx.obj
 0001:00002880       _logCfgFindTagVal          00403880 f   logcfgx.obj
 0001:000028f0       _logCfgClearTagVals        004038f0 f   logcfgx.obj
 0001:00002970       _logcfgx_ex                00403970 f   logcfgx.obj
 0001:000029a0       _logcfgx_exx               004039a0 f   logcfgx.obj
 0001:00004840       _slog_ipc_std_cmd_service  00405840 f   logcfgx.obj
 0001:00004870       _slog_ipc_std_cmd_service_ex 00405870 f   logcfgx.obj
 0001:000056c0       __mvl_net_service          004066c0 f   Mvl_acse.obj
 0001:000057b0       __mvl_free_comm_event      004067b0 f   Mvl_acse.obj
 0001:00005850       _mvl_set_max_msg_size      00406850 f   Mvl_acse.obj
 0001:000058b0       _mvl_start_acse            004068b0 f   Mvl_acse.obj
 0001:00005dd0       _mvl_end_acse              00406dd0 f   Mvl_acse.obj
 0001:00005fe0       __mvl_send_msg             00406fe0 f   Mvl_acse.obj
 0001:00006140       _find_loc_dib_entry        00407140 f   Mvl_acse.obj
 0001:000061a0       _find_rem_dib_entry        004071a0 f   Mvl_acse.obj
 0001:00006200       _mvl_dib_entry_to_app_ref  00407200 f   Mvl_acse.obj
 0001:000062c0       _mvla_set_init_ar          004072c0 f   Mvl_acse.obj
 0001:00006340       _mvl_abort_req             00407340 f   Mvl_acse.obj
 0001:00006360       _mvl_abort_req_ex          00407360 f   Mvl_acse.obj
 0001:00006460       _mvl_release_req           00407460 f   Mvl_acse.obj
 0001:000064a0       _mvla_release_req          004074a0 f   Mvl_acse.obj
 0001:000064e0       __mvl_release              004074e0 f   Mvl_acse.obj
 0001:000065c0       _mvl_add_bind_ctrl         004075c0 f   Mvl_acse.obj
 0001:00006b50       _u_copp_bind_cnf           00407b50 f   Mvl_acse.obj
 0001:00006b90       _u_copp_unbind_cnf         00407b90 f   Mvl_acse.obj
 0001:00006bb0       _u_a_associate_ind         00407bb0 f   Mvl_acse.obj
 0001:00007350       _u_a_associate_cnf         00408350 f   Mvl_acse.obj
 0001:00007360       _u_a_data_ind              00408360 f   Mvl_acse.obj
 0001:000075b0       _u_a_release_ind           004085b0 f   Mvl_acse.obj
 0001:000076a0       _u_a_abort_ind             004086a0 f   Mvl_acse.obj
 0001:000077c0       _u_a_release_cnf           004087c0 f   Mvl_acse.obj
 0001:000078c0       _u_a_except                004088c0 f   Mvl_acse.obj
 0001:00007a40       _mvl_aa_resize             00408a40 f   Mvl_acse.obj
 0001:00007b80       __mvl_clear_aa_objs        00408b80 f   Mvl_acse.obj
 0001:00007c80       _mvl_aa_resize_conn        00408c80 f   Mvl_acse.obj
 0001:00007db0       _mvl_match_remote_ar       00408db0 f   Mvl_acse.obj
 0001:00007dd0       _mvl_match_local_ar        00408dd0 f   Mvl_acse.obj
 0001:00007df0       _mvl_cmp_local_addr        00408df0 f   Mvl_acse.obj
 0001:00007e10       _mvl_cmp_remote_addr       00408e10 f   Mvl_acse.obj
 0001:00007e30       _mvl_net_info_to_chan      00408e30 f   Mvl_acse.obj
 0001:00008820       _mvl_cancel_ind_rcvd       00409820 f   Mvlop_en.obj
 0001:00008840       _mvl_concl_ind_rcvd        00409840 f   Mvlop_en.obj
 0001:00008860       _mvl_concl_conf_rcvd       00409860 f   Mvlop_en.obj
 0001:00008880       _mvl_ind_rcvd              00409880 f   Mvlop_en.obj
 0001:000089e0       _mvl_conf_rcvd             004099e0 f   Mvlop_en.obj
 0001:00008bc0       _u_mvl_sbo_operate         00409bc0 f   Rdwrind.obj
 0001:00008bf0       _mvlu_null_rd_ind          00409bf0 f   Rdwrind.obj
 0001:00008eb0       _mvlu_null_wr_ind          00409eb0 f   Rdwrind.obj
 0001:00008f90       _u_mvl_reject_ind          00409f90 f   reject.obj
 0001:000090d0       _slogIpcInit               0040a0d0 f   slogipc.obj
 0001:00009350       _slogIpcStop               0040a350 f   slogipc.obj
 0001:000094d0       _slogIpcEvent              0040a4d0 f   slogipc.obj
 0001:000094f0       _slogIpcEventEx            0040a4f0 f   slogipc.obj
 0001:00009500       _slogIpc                   0040a500 f   slogipc.obj
 0001:00009a90       _slogIpcSendData           0040aa90 f   slogipc.obj
 0001:00009b70       _slogIpcSendRawData        0040ab70 f   slogipc.obj
 0001:00009eb0       _slog_ipc_std_cmd_fun      0040aeb0 f   slogipc.obj
 0001:00009f90       _slogIpcCallingEnable      0040af90 f   slogipc.obj
 0001:00009fb0       _slogIpcCallingEnableEx    0040afb0 f   slogipc.obj
 0001:0000a8d0       _slogIpcActiveCount        0040b8d0 f   slogipc.obj
 0001:0000a950       __slogIpcInitHdr           0040b950 f   slogipc.obj
 0001:0000aff0       _mvl_init_mms_objs         0040bff0 f   uca_obj.obj
 0001:0000b250       _mvl_init_type_ctrl        0040c250 f   uca_obj.obj
 0001:0000b34c       _htonl@4                   0040c34c f   ws2_32:WS2_32.dll
 0001:0000b352       _ntohl@4                   0040c352 f   ws2_32:WS2_32.dll
 0001:0000b360       _gs_mutex_create           0040c360 f   utility_ld:glbsem_w32.obj
 0001:0000b3a0       _gs_translate_name         0040c3a0 f   utility_ld:glbsem_w32.obj
 0001:0000b450       _gs_named_mutex_create     0040c450 f   utility_ld:glbsem_w32.obj
 0001:0000b720       _gs_mutex_get_tm           0040c720 f   utility_ld:glbsem_w32.obj
 0001:0000b790       _gs_mutex_free             0040c790 f   utility_ld:glbsem_w32.obj
 0001:0000b840       _gs_mutex_destroy          0040c840 f   utility_ld:glbsem_w32.obj
 0001:0000b8d0       _gs_get_event_sem          0040c8d0 f   utility_ld:glbsem_w32.obj
 0001:0000b940       _gs_get_named_event_sem    0040c940 f   utility_ld:glbsem_w32.obj
 0001:0000ba90       _gs_wait_event_sem         0040ca90 f   utility_ld:glbsem_w32.obj
 0001:0000bb80       _gs_wait_mult_event_sem    0040cb80 f   utility_ld:glbsem_w32.obj
 0001:0000bcb0       _gs_signal_event_sem       0040ccb0 f   utility_ld:glbsem_w32.obj
 0001:0000bd20       _gs_pulse_event_sem        0040cd20 f   utility_ld:glbsem_w32.obj
 0001:0000bd90       _gs_reset_event_sem        0040cd90 f   utility_ld:glbsem_w32.obj
 0001:0000be00       _gs_free_event_sem         0040ce00 f   utility_ld:glbsem_w32.obj
 0001:0000be70       _gs_start_thread           0040ce70 f   utility_ld:glbsem_w32.obj
 0001:0000bf50       _gs_wait_thread            0040cf50 f   utility_ld:glbsem_w32.obj
 0001:0000c040       _gs_close_thread           0040d040 f   utility_ld:glbsem_w32.obj
 0001:0000c100       _gs_set_thread_name        0040d100 f   utility_ld:glbsem_w32.obj
 0001:0000c190       _gs_is_win_ver             0040d190 f   utility_ld:glbsem_w32.obj
 0001:0000c5a0       _sockStart                 0040d5a0 f   utility_ld:gensock2.obj
 0001:0000c5c0       _sockStartEx               0040d5c0 f   utility_ld:gensock2.obj
 0001:0000c8b0       _sockEnd                   0040d8b0 f   utility_ld:gensock2.obj
 0001:0000ca90       _sockInitCalling           0040da90 f   utility_ld:gensock2.obj
 0001:0000d010       _sockInitListen            0040e010 f   utility_ld:gensock2.obj
 0001:0000d440       _sockTxMsg                 0040e440 f   utility_ld:gensock2.obj
 0001:0000d480       _sockTxQueueAdd            0040e480 f   utility_ld:gensock2.obj
 0001:0000d530       _sockTxQueueDestroy        0040e530 f   utility_ld:gensock2.obj
 0001:0000d5c0       _sockTxQueueProc           0040e5c0 f   utility_ld:gensock2.obj
 0001:0000d780       _sockTxQueueGroupCntGet    0040e780 f   utility_ld:gensock2.obj
 0001:0000d7d0       _sockTx                    0040e7d0 f   utility_ld:gensock2.obj
 0001:0000d8a0       __sockTx                   0040e8a0 f   utility_ld:gensock2.obj
 0001:0000db60       _sockClose                 0040eb60 f   utility_ld:gensock2.obj
 0001:0000dc60       _sockFree                  0040ec60 f   utility_ld:gensock2.obj
 0001:0000deb0       _sockServiceWakeAll        0040eeb0 f   utility_ld:gensock2.obj
 0001:0000def0       _sockServiceWake           0040eef0 f   utility_ld:gensock2.obj
 0001:0000e020       _sockCtrlService           0040f020 f   utility_ld:gensock2.obj
 0001:0000e2e0       _sockInitFds               0040f2e0 f   utility_ld:gensock2.obj
 0001:0000e410       _sockAddReadFds            0040f410 f   utility_ld:gensock2.obj
 0001:0000e4c0       _sockAddWriteFds           0040f4c0 f   utility_ld:gensock2.obj
 0001:0000e580       _sockAddExceptFds          0040f580 f   utility_ld:gensock2.obj
 0001:0000e640       _sockSelectResultProcess   0040f640 f   utility_ld:gensock2.obj
 0001:0000f6c0       __sockRecv                 004106c0 f   utility_ld:gensock2.obj
 0001:0000f880       __sockAllocSock            00410880 f   utility_ld:gensock2.obj
 0001:0000fb80       __sockAddSock              00410b80 f   utility_ld:gensock2.obj
 0001:00010130       _sockCreateWakeupSockets   00411130 f   utility_ld:gensock2.obj
 0001:00010890       _sockLogState              00411890 f   utility_ld:gensock2.obj
 0001:00010a10       _sockLogSockState          00411a10 f   utility_ld:gensock2.obj
 0001:00010c20       _sockGetRemAddrInfo        00411c20 f   utility_ld:gensock2.obj
 0001:00010cc0       _sockUsrFun                00411cc0 f   utility_ld:gensock2.obj
 0001:00010e50       _convertIPAddr             00411e50 f   utility_ld:gensock2.obj
 0001:000110c0       _sockEventPut              004120c0 f   utility_ld:gensock2.obj
 0001:00011110       _sockEventGet              00412110 f   utility_ld:gensock2.obj
 0001:00011160       _sockEventQueueFlush       00412160 f   utility_ld:gensock2.obj
 0001:000111f0       _gs_init                   004121f0 f   utility_ld:glbsem.obj
 0001:00011270       _gs_log_sem_state          00412270 f   utility_ld:glbsem.obj
 0001:00011330       _gs_get_semx               00412330 f   utility_ld:glbsem.obj
 0001:000114e0       _gs_free_semx              004124e0 f   utility_ld:glbsem.obj
 0001:00011780       _sx_parseExx_mt            00412780 f   utility_ld:sx_dec.obj
 0001:00011970       _sx_parse_mt               00412970 f   utility_ld:sx_dec.obj
 0001:00011ad0       _sx_parseEx_mt             00412ad0 f   utility_ld:sx_dec.obj
 0001:00011c70       _sxStartElement            00412c70 f   utility_ld:sx_dec.obj
 0001:00011fa0       _sxEndElement              00412fa0 f   utility_ld:sx_dec.obj
 0001:00012190       _sx_push                   00413190 f   utility_ld:sx_dec.obj
 0001:00012260       _sx_pop                    00413260 f   utility_ld:sx_dec.obj
 0001:00012380       __uibed_find_element       00413380 f   utility_ld:sx_dec.obj
 0001:00012410       _sx_get_element_contents   00413410 f   utility_ld:sx_dec.obj
 0001:000124f0       _sx_find_element_contents  004134f0 f   utility_ld:sx_dec.obj
 0001:00012660       _sx_get_entity             00413660 f   utility_ld:sx_dec.obj
 0001:00012780       _sx_get_bool               00413780 f   utility_ld:sx_dec.obj
 0001:000127d0       _sx_get_int                004137d0 f   utility_ld:sx_dec.obj
 0001:000127f0       _sx_get_float              004137f0 f   utility_ld:sx_dec.obj
 0001:00012810       _sx_get_double             00413810 f   utility_ld:sx_dec.obj
 0001:00012830       _sx_get_uchar              00413830 f   utility_ld:sx_dec.obj
 0001:00012850       _sx_get_int16              00413850 f   utility_ld:sx_dec.obj
 0001:00012890       _sx_get_uint16             00413890 f   utility_ld:sx_dec.obj
 0001:000128b0       _sx_get_uint32             004138b0 f   utility_ld:sx_dec.obj
 0001:000128f0       _sx_get_uint32_hex         004138f0 f   utility_ld:sx_dec.obj
 0001:00012930       _sx_get_int32              00413930 f   utility_ld:sx_dec.obj
 0001:00012970       _sx_get_long               00413970 f   utility_ld:sx_dec.obj
 0001:00012990       _sx_get_ulong              00413990 f   utility_ld:sx_dec.obj
 0001:000129b0       _sx_get_uint               004139b0 f   utility_ld:sx_dec.obj
 0001:000129d0       _sx_get_value              004139d0 f   utility_ld:sx_dec.obj
 0001:00012a70       _sx_get_alloc_string       00413a70 f   utility_ld:sx_dec.obj
 0001:00012ad0       _sx_get_string             00413ad0 f   utility_ld:sx_dec.obj
 0001:00012b80       _sx_format_string_dec      00413b80 f   utility_ld:sx_dec.obj
 0001:00012d60       _sx_get_bool_attr          00413d60 f   utility_ld:sx_dec.obj
 0001:00012db0       _sx_get_int_attr           00413db0 f   utility_ld:sx_dec.obj
 0001:00012dd0       _sx_get_float_attr         00413dd0 f   utility_ld:sx_dec.obj
 0001:00012df0       _sx_get_double_attr        00413df0 f   utility_ld:sx_dec.obj
 0001:00012e10       _sx_get_uchar_attr         00413e10 f   utility_ld:sx_dec.obj
 0001:00012e30       _sx_get_int16_attr         00413e30 f   utility_ld:sx_dec.obj
 0001:00012e70       _sx_get_uint16_attr        00413e70 f   utility_ld:sx_dec.obj
 0001:00012eb0       _sx_get_uint32_attr        00413eb0 f   utility_ld:sx_dec.obj
 0001:00012ef0       _sx_get_int32_attr         00413ef0 f   utility_ld:sx_dec.obj
 0001:00012f30       _sx_get_long_attr          00413f30 f   utility_ld:sx_dec.obj
 0001:00012f50       _sx_get_ulong_attr         00413f50 f   utility_ld:sx_dec.obj
 0001:00012f70       _sx_get_uint_attr          00413f70 f   utility_ld:sx_dec.obj
 0001:00012f90       _XmlStringToDuration       00413f90 f   utility_ld:sx_dec.obj
 0001:00013340       _sx_get_duration_attr      00414340 f   utility_ld:sx_dec.obj
 0001:000133f0       _sx_get_xtime_attr         004143f0 f   utility_ld:sx_dec.obj
 0001:000134a0       _sx_get_tm_attr            004144a0 f   utility_ld:sx_dec.obj
 0001:00013550       _sx_get_attr_value         00414550 f   utility_ld:sx_dec.obj
 0001:00013630       _sx_get_attr               00414630 f   utility_ld:sx_dec.obj
 0001:000136b0       _sx_get_attr_ptr           004146b0 f   utility_ld:sx_dec.obj
 0001:00013720       _sx_get_bitstring          00414720 f   utility_ld:sx_dec.obj
 0001:000138d0       _sx_get_string_ptr         004148d0 f   utility_ld:sx_dec.obj
 0001:00013930       _sx_get_string_YesNo       00414930 f   utility_ld:sx_dec.obj
 0001:000139f0       _sx_get_string_OnOff_mask  004149f0 f   utility_ld:sx_dec.obj
 0001:00013ac0       _sx_get_string_OnOff_bool  00414ac0 f   utility_ld:sx_dec.obj
 0001:00013b80       _sx_get_time               00414b80 f   utility_ld:sx_dec.obj
 0001:00013c30       _sx_get_tm                 00414c30 f   utility_ld:sx_dec.obj
 0001:00013cd0       _sx_get_tm_ex              00414cd0 f   utility_ld:sx_dec.obj
 0001:00013e70       _sx_get_duration           00414e70 f   utility_ld:sx_dec.obj
 0001:00013f20       _sx_get_xtime              00414f20 f   utility_ld:sx_dec.obj
 0001:00013fd0       _sx_get_time_ex            00414fd0 f   utility_ld:sx_dec.obj
 0001:00014190       _sx_rip_xml                00415190 f   utility_ld:sx_dec.obj
 0001:00015ec0       _sx_load_characters        00416ec0 f   utility_ld:sx_dec.obj
 0001:00015f60       _list_unlink               00416f60 f   utility_ld:genlists.obj
 0001:00016070       _list_add_first            00417070 f   utility_ld:genlists.obj
 0001:00016110       _list_add_last             00417110 f   utility_ld:genlists.obj
 0001:000161b0       _list_get_first            004171b0 f   utility_ld:genlists.obj
 0001:000161e0       _list_get_last             004171e0 f   utility_ld:genlists.obj
 0001:00016220       _list_move_to_first        00417220 f   utility_ld:genlists.obj
 0001:00016260       _list_find_node            00417260 f   utility_ld:genlists.obj
 0001:000162d0       _list_add_node_after       004172d0 f   utility_ld:genlists.obj
 0001:00016380       _list_get_next             00417380 f   utility_ld:genlists.obj
 0001:00016400       _list_get_sizeof           00417400 f   utility_ld:genlists.obj
 0001:00016440       _list_find_prev            00417440 f   utility_ld:genlists.obj
 0001:000164c0       _list_find_last            004174c0 f   utility_ld:genlists.obj
 0001:000164f0       _sx_add_string             004174f0 f   utility_ld:sx_enc.obj
 0001:00016520       _sx_add_buf                00417520 f   utility_ld:sx_enc.obj
 0001:00016680       _sx_start_encode           00417680 f   utility_ld:sx_enc.obj
 0001:000166c0       _sx_start_encodeEx         004176c0 f   utility_ld:sx_enc.obj
 0001:00016720       _sx_init_encode            00417720 f   utility_ld:sx_enc.obj
 0001:000167c0       _sx_init_encodeEx          004177c0 f   utility_ld:sx_enc.obj
 0001:000168e0       _sx_end_encode             004178e0 f   utility_ld:sx_enc.obj
 0001:000169e0       _sx_end_element            004179e0 f   utility_ld:sx_enc.obj
 0001:00016a30       _sx_write_element          00417a30 f   utility_ld:sx_enc.obj
 0001:00017d30       _sx_wr_string              00418d30 f   utility_ld:sx_enc.obj
 0001:000180e0       _sx_wrx_string_el          004190e0 f   utility_ld:sx_enc.obj
 0001:00018140       _sx_wr_nstring             00419140 f   utility_ld:sx_enc.obj
 0001:000184a0       _sx_wrx_nstring_el         004194a0 f   utility_ld:sx_enc.obj
 0001:00018500       _sx_wr_bitstring           00419500 f   utility_ld:sx_enc.obj
 0001:00018830       _sx_wrx_bitstring_el       00419830 f   utility_ld:sx_enc.obj
 0001:00018890       _sx_wr_int                 00419890 f   utility_ld:sx_enc.obj
 0001:00018a80       _sx_wrx_int_el             00419a80 f   utility_ld:sx_enc.obj
 0001:00018ae0       _sx_wr_uint                00419ae0 f   utility_ld:sx_enc.obj
 0001:00018cd0       _sx_wrx_uint_el            00419cd0 f   utility_ld:sx_enc.obj
 0001:00018d30       _sx_wr_ulong               00419d30 f   utility_ld:sx_enc.obj
 0001:00018f20       _sx_wrx_ulong_el           00419f20 f   utility_ld:sx_enc.obj
 0001:00018f80       _sx_wr_uint32_hex          00419f80 f   utility_ld:sx_enc.obj
 0001:00019170       _sx_wrx_uint32_hex_el      0041a170 f   utility_ld:sx_enc.obj
 0001:000191d0       _sx_wr_double              0041a1d0 f   utility_ld:sx_enc.obj
 0001:000193c0       _sx_wrx_double_el          0041a3c0 f   utility_ld:sx_enc.obj
 0001:00019420       _sx_wr_float               0041a420 f   utility_ld:sx_enc.obj
 0001:00019610       _sx_wrx_float_el           0041a610 f   utility_ld:sx_enc.obj
 0001:00019670       _sx_wr_long                0041a670 f   utility_ld:sx_enc.obj
 0001:00019860       _sx_wrx_long_el            0041a860 f   utility_ld:sx_enc.obj
 0001:000198c0       _sx_wr_bool                0041a8c0 f   utility_ld:sx_enc.obj
 0001:00019b90       _sx_wrx_bool_el            0041ab90 f   utility_ld:sx_enc.obj
 0001:00019bf0       _sx_wr_time                0041abf0 f   utility_ld:sx_enc.obj
 0001:00019e10       _sx_wr_tm                  0041ae10 f   utility_ld:sx_enc.obj
 0001:0001a010       _XmlDurationToString       0041b010 f   utility_ld:sx_enc.obj
 0001:0001a360       _sx_wr_duration            0041b360 f   utility_ld:sx_enc.obj
 0001:0001a550       _sx_wr_xtime               0041b550 f   utility_ld:sx_enc.obj
 0001:0001a7c0       _sx_wrx_duration_el        0041b7c0 f   utility_ld:sx_enc.obj
 0001:0001a820       _sx_wrx_xtime_el           0041b820 f   utility_ld:sx_enc.obj
 0001:0001a880       _sx_wrx_time_el            0041b880 f   utility_ld:sx_enc.obj
 0001:0001a8e0       _sx_wrx_tm_el              0041b8e0 f   utility_ld:sx_enc.obj
 0001:0001a940       _sx_wr_cdata               0041b940 f   utility_ld:sx_enc.obj
 0001:0001ae90       _sx_wrx_cdata_el           0041be90 f   utility_ld:sx_enc.obj
 0001:0001aef0       _sx_wr_comment             0041bef0 f   utility_ld:sx_enc.obj
 0001:0001b710       _sx_format_string_enc      0041c710 f   utility_ld:sx_enc.obj
 0001:0001b860       _sx_format_nstring_enc     0041c860 f   utility_ld:sx_enc.obj
 0001:0001b9c0       _ascii_to_hex_str          0041c9c0 f   utility_ld:str_util.obj
 0001:0001bae0       _hex_to_ascii_str          0041cae0 f   utility_ld:str_util.obj
 0001:0001bbe0       _strnstr                   0041cbe0 f   utility_ld:str_util.obj
 0001:0001bca0       _strncat_maxstrlen         0041cca0 f   utility_ld:str_util.obj
 0001:0001bcf0       _strncpy_safe              0041ccf0 f   utility_ld:str_util.obj
 0001:0001bd20       _asciiToSlong              0041cd20 f   utility_ld:str_util.obj
 0001:0001bd70       _asciiToUlong              0041cd70 f   utility_ld:str_util.obj
 0001:0001bdc0       _asciiToSint               0041cdc0 f   utility_ld:str_util.obj
 0001:0001be20       _asciiToUint               0041ce20 f   utility_ld:str_util.obj
 0001:0001be80       _asciiToSint32             0041ce80 f   utility_ld:str_util.obj
 0001:0001bee0       _asciiToUint32             0041cee0 f   utility_ld:str_util.obj
 0001:0001bf40       _asciiToSint16             0041cf40 f   utility_ld:str_util.obj
 0001:0001bfc0       _asciiToUint16             0041cfc0 f   utility_ld:str_util.obj
 0001:0001c030       _asciiToUchar              0041d030 f   utility_ld:str_util.obj
 0001:0001c0a0       _asciiToSint8              0041d0a0 f   utility_ld:str_util.obj
 0001:0001c110       _asciiToUint8              0041d110 f   utility_ld:str_util.obj
 0001:0001c180       _asciiToFloat              0041d180 f   utility_ld:str_util.obj
 0001:0001c200       _asciiToDouble             0041d200 f   utility_ld:str_util.obj
 0001:0001c250       _sInt8ToAscii              0041d250 f   utility_ld:str_util.obj
 0001:0001c270       _uInt8ToAscii              0041d270 f   utility_ld:str_util.obj
 0001:0001c290       _sInt16ToAscii             0041d290 f   utility_ld:str_util.obj
 0001:0001c2b0       _uInt16ToAscii             0041d2b0 f   utility_ld:str_util.obj
 0001:0001c2d0       _sInt32ToAscii             0041d2d0 f   utility_ld:str_util.obj
 0001:0001c2f0       _uInt32ToAscii             0041d2f0 f   utility_ld:str_util.obj
 0001:0001c310       _sIntToAscii               0041d310 f   utility_ld:str_util.obj
 0001:0001c330       _uIntToAscii               0041d330 f   utility_ld:str_util.obj
 0001:0001c350       _sLongToAscii              0041d350 f   utility_ld:str_util.obj
 0001:0001c370       _uLongToAscii              0041d370 f   utility_ld:str_util.obj
 0001:0001c480       _getKeywordFromFile        0041d480 f   utility_ld:str_util.obj
 0001:0001c6c0       _get_next_string           0041d6c0 f   utility_ld:str_util.obj
 0001:0001c7f0       _stimeInit                 0041d7f0 f   utility_ld:stime.obj
 0001:0001c900       _sGetMsTime                0041d900 f   utility_ld:stime.obj
 0001:0001c960       _sGetSysMsTime             0041d960 f   utility_ld:stime.obj
 0001:0001c9b0       _sResetMsTime              0041d9b0 f   utility_ld:stime.obj
 0001:0001c9f0       _stimeExit                 0041d9f0 f   utility_ld:stime.obj
 0001:0001ca30       _sMsSleep                  0041da30 f   utility_ld:stime.obj
 0001:0001ca40       _tstrTimeToString          0041da40 f   utility_ld:time_str.obj
 0001:0001ca90       _tstrTimeToStringGmt       0041da90 f   utility_ld:time_str.obj
 0001:0001cae0       _getDateOrder              0041dae0 f   utility_ld:time_str.obj
 0001:0001cb40       _storeDateValue            0041db40 f   utility_ld:time_str.obj
 0001:0001cfc0       _storeTimeValue            0041dfc0 f   utility_ld:time_str.obj
 0001:0001d520       _tstrStringToTm            0041e520 f   utility_ld:time_str.obj
 0001:0001dd40       _tstrStringToTime          0041ed40 f   utility_ld:time_str.obj
 0001:0001ddd0       _tstrStringToTimeGmt       0041edd0 f   utility_ld:time_str.obj
 0001:0001de40       _tstrTmToString            0041ee40 f   utility_ld:time_str.obj
 0001:0001de70       _Btime6StringToVals        0041ee70 f   utility_ld:time_str.obj
 0001:0001e010       _Btime6ValsToString        0041f010 f   utility_ld:time_str.obj
 0001:0001e1b0       _Btime4StringToVals        0041f1b0 f   utility_ld:time_str.obj
 0001:0001e3d0       _Btime4ValsToString        0041f3d0 f   utility_ld:time_str.obj
 0001:0001e580       _UtcStringToVals           0041f580 f   utility_ld:time_str.obj
 0001:0001eab0       _UtcValsToString           0041fab0 f   utility_ld:time_str.obj
 0001:0001ec70       _XmlStringToUtcValue       0041fc70 f   utility_ld:time_str.obj
 0001:0001ee50       _UtcValueToXmlString       0041fe50 f   utility_ld:time_str.obj
 0001:0001f020       _CalculateTimeZoneOffset   00420020 f   utility_ld:time_str.obj
 0001:0001f0e0       _GetTimeAndUsec            004200e0 f   utility_ld:time_str.obj
 0001:0001f120       _usr_mkgmtime              00420120 f   utility_ld:time_str.obj
 0001:0001f580       _copp_initialize           00420580 f   ositp4e_ld:Acse2enc.obj
 0001:0001f650       _copp_terminate            00420650 f   ositp4e_ld:Acse2enc.obj
 0001:0001f680       _copp_event                00420680 f   ositp4e_ld:Acse2enc.obj
 0001:0001f690       _a_associate_req           00420690 f   ositp4e_ld:Acse2enc.obj
 0001:00020280       _a_associate_rsp           00421280 f   ositp4e_ld:Acse2enc.obj
 0001:000209c0       _a_release_req             004219c0 f   ositp4e_ld:Acse2enc.obj
 0001:00020b80       _a_release_rsp             00421b80 f   ositp4e_ld:Acse2enc.obj
 0001:00020da0       _a_abort_req               00421da0 f   ositp4e_ld:Acse2enc.obj
 0001:00020f90       _a_data_req                00421f90 f   ositp4e_ld:Acse2enc.obj
 0001:000210c0       _a_buffers_avail           004220c0 f   ositp4e_ld:Acse2enc.obj
 0001:000210e0       _a_get_event_handles       004220e0 f   ositp4e_ld:Acse2enc.obj
 0001:00021140       _a_get_security_info       00422140 f   ositp4e_ld:Acse2enc.obj
 0001:000211b0       _a_free_security_info      004221b0 f   ositp4e_ld:Acse2enc.obj
 0001:00021230       _a_free_part_security_info 00422230 f   ositp4e_ld:Acse2enc.obj
 0001:00021270       _clnp_snet_set_llc         00422270 f   ositp4e_ld:clnp_pcap.obj
 0001:00021400       _clnp_snet_init            00422400 f   ositp4e_ld:clnp_pcap.obj
 0001:00021700       _clnp_snet_term            00422700 f   ositp4e_ld:clnp_pcap.obj
 0001:00021710       _clnp_snet_read            00422710 f   ositp4e_ld:clnp_pcap.obj
 0001:00021840       _clnp_snet_add_multicast_mac 00422840 f   ositp4e_ld:clnp_pcap.obj
 0001:00021850       _clnp_snet_free            00422850 f   ositp4e_ld:clnp_pcap.obj
 0001:00021870       _clnp_snet_set_multicast_filter 00422870 f   ositp4e_ld:clnp_pcap.obj
 0001:00021a50       _clnp_snet_rx_all_multicast_start 00422a50 f   ositp4e_ld:clnp_pcap.obj
 0001:00021b00       _clnp_snet_rx_all_multicast_stop 00422b00 f   ositp4e_ld:clnp_pcap.obj
 0001:00021bb0       _clnp_snet_rx_multicast_stop 00422bb0 f   ositp4e_ld:clnp_pcap.obj
 0001:00021c60       _clnp_snet_write_raw       00422c60 f   ositp4e_ld:clnp_pcap.obj
 0001:00021d80       _clnp_init                 00422d80 f   ositp4e_ld:Clnp_usr.obj
 0001:00021f30       _clnp_end                  00422f30 f   ositp4e_ld:Clnp_usr.obj
 0001:00021fa0       _clnp_alloc                00422fa0 f   ositp4e_ld:Clnp_usr.obj
 0001:00022020       _clnp_free                 00423020 f   ositp4e_ld:Clnp_usr.obj
 0001:00022040       _clnp_read                 00423040 f   ositp4e_ld:Clnp_usr.obj
 0001:00022230       _clnp_write                00423230 f   ositp4e_ld:Clnp_usr.obj
 0001:000224c0       _clnp_timer_tick           004234c0 f   ositp4e_ld:Clnp_usr.obj
 0001:000224e0       _clnp_status               004234e0 f   ositp4e_ld:Clnp_usr.obj
 0001:00022ac0       _clnpl_log_snsdu           00423ac0 f   ositp4e_ld:Clnp_usr.obj
 0001:00022d80       _clnp_snet_timer_tick      00423d80 f   ositp4e_ld:clnp_eth.obj
 0001:00022db0       _clnp_snet_update_is       00423db0 f   ositp4e_ld:clnp_eth.obj
 0001:00022e10       _clnp_snet_update_es       00423e10 f   ositp4e_ld:clnp_eth.obj
 0001:00022e30       _clnp_snet_lookup_is       00423e30 f   ositp4e_ld:clnp_eth.obj
 0001:00022e70       _clnp_snet_lookup_es       00423e70 f   ositp4e_ld:clnp_eth.obj
 0001:00022e90       _clnp_snet_get_all_is_mac  00423e90 f   ositp4e_ld:clnp_eth.obj
 0001:00022ec0       _clnp_snet_get_all_es_mac  00423ec0 f   ositp4e_ld:clnp_eth.obj
 0001:00022ef0       _clnp_snet_get_local_mac   00423ef0 f   ositp4e_ld:clnp_eth.obj
 0001:00022f20       _clnp_snet_get_max_udata_len 00423f20 f   ositp4e_ld:clnp_eth.obj
 0001:00022f40       _clnp_snet_get_type        00423f40 f   ositp4e_ld:clnp_eth.obj
 0001:00022f50       _clnp_snet_create_es_table 00423f50 f   ositp4e_ld:clnp_eth.obj
 0001:00022f70       _clnp_snet_check_mac       00423f70 f   ositp4e_ld:clnp_eth.obj
 0001:00023000       _clnp_snet_read_hook_add   00424000 f   ositp4e_ld:clnp_eth.obj
 0001:00023030       _clnp_snet_read_hook_remove 00424030 f   ositp4e_ld:clnp_eth.obj
 0001:00023060       _clnp_snet_read_hook_process 00424060 f   ositp4e_ld:clnp_eth.obj
 0001:00023090       _clnp_snet_frame_to_udt    00424090 f   ositp4e_ld:clnp_eth.obj
 0001:000232b0       _osicfgx                   004242b0 f   ositp4e_ld:osicfgx.obj
 0001:00025550       _copp_bind                 00426550 f   ositp4e_ld:Copp_enc.obj
 0001:000256d0       _copp_unbind               004266d0 f   ositp4e_ld:Copp_enc.obj
 0001:00025720       _copp_con_req              00426720 f   ositp4e_ld:Copp_enc.obj
 0001:00025bd0       _copp_rel_req              00426bd0 f   ositp4e_ld:Copp_enc.obj
 0001:00025df0       _copp_con_rsp_pos          00426df0 f   ositp4e_ld:Copp_enc.obj
 0001:00026210       _copp_con_rsp_neg          00427210 f   ositp4e_ld:Copp_enc.obj
 0001:000266b0       _copp_rel_rsp_pos          004276b0 f   ositp4e_ld:Copp_enc.obj
 0001:000268e0       _copp_u_abort_req          004278e0 f   ositp4e_ld:Copp_enc.obj
 0001:00026bc0       _copp_data_req             00427bc0 f   ositp4e_ld:Copp_enc.obj
 0001:00026dd0       _copp_p_abort_req          00427dd0 f   ositp4e_ld:Copp_enc.obj
 0001:00026f10       _dib_match_remote_ar       00427f10 f   ositp4e_ld:acse2dib.obj
 0001:00027060       _dib_match_local_ar        00428060 f   ositp4e_ld:acse2dib.obj
 0001:000271b0       _dib_cmp_local_addr        004281b0 f   ositp4e_ld:acse2dib.obj
 0001:000273d0       _dib_cmp_remote_addr       004283d0 f   ositp4e_ld:acse2dib.obj
 0001:00027880       _tp4_initialize            00428880 f   ositp4e_ld:Tp4main.obj
 0001:00027de0       _tp4_terminate             00428de0 f   ositp4e_ld:Tp4main.obj
 0001:00027f40       _tp4_bind                  00428f40 f   ositp4e_ld:Tp4main.obj
 0001:000280d0       _tp4_unbind                004290d0 f   ositp4e_ld:Tp4main.obj
 0001:00028100       _tp4_session_timer         00429100 f   ositp4e_ld:Tp4main.obj
 0001:000281c0       _tp4_timer_tick            004291c0 f   ositp4e_ld:Tp4main.obj
 0001:00028640       _tp4_buffers_avail         00429640 f   ositp4e_ld:Tp4main.obj
 0001:000286a0       _tp4_data                  004296a0 f   ositp4e_ld:Tp4main.obj
 0001:00028a20       _tp4_event                 00429a20 f   ositp4e_ld:Tp4main.obj
 0001:00028b70       _tp_process_dt             00429b70 f   ositp4e_ld:Tp4main.obj
 0001:00028db0       _tp_process_ak             00429db0 f   ositp4e_ld:Tp4main.obj
 0001:00029080       _tp_setup_and_send_ak      0042a080 f   ositp4e_ld:Tp4main.obj
 0001:00029110       _tp_setup_and_send_dr      0042a110 f   ositp4e_ld:Tp4main.obj
 0001:00029180       _tp_conn_clean             0042a180 f   ositp4e_ld:Tp4main.obj
 0001:000291f0       _tp_free_spdu_all          0042a1f0 f   ositp4e_ld:Tp4main.obj
 0001:00029260       _cosp_bind                 0042a260 f   ositp4e_ld:Cospmain.obj
 0001:000294c0       _tp4_bind_cnf              0042a4c0 f   ositp4e_ld:Cospmain.obj
 0001:00029530       _cosp_unbind               0042a530 f   ositp4e_ld:Cospmain.obj
 0001:000295d0       _tp4_unbind_cnf            0042a5d0 f   ositp4e_ld:Cospmain.obj
 0001:00029630       _acse_free_con             0042a630 f   ositp4e_ld:Cospmain.obj
 0001:00029690       _tp4_connect_ind           0042a690 f   ositp4e_ld:Cospmain.obj
 0001:000297c0       _cosp_con_rsp_pos          0042a7c0 f   ositp4e_ld:Cospmain.obj
 0001:00029990       _cosp_con_rsp_neg          0042a990 f   ositp4e_ld:Cospmain.obj
 0001:00029c00       _cosp_con_req              0042ac00 f   ositp4e_ld:Cospmain.obj
 0001:00029f30       _tp4_connect_cnf           0042af30 f   ositp4e_ld:Cospmain.obj
 0001:0002a030       _cosp_rel_rsp_pos          0042b030 f   ositp4e_ld:Cospmain.obj
 0001:0002a2b0       _cosp_rel_req              0042b2b0 f   ositp4e_ld:Cospmain.obj
 0001:0002a490       _tp4_disconnect_ind        0042b490 f   ositp4e_ld:Cospmain.obj
 0001:0002a620       _tp4_session_timer_expired 0042b620 f   ositp4e_ld:Cospmain.obj
 0001:0002a6a0       _cosp_u_abort_req          0042b6a0 f   ositp4e_ld:Cospmain.obj
 0001:0002a9e0       _tp4_data_ind              0042b9e0 f   ositp4e_ld:Cospmain.obj
 0001:0002b230       _tp4_expdata_ind           0042c230 f   ositp4e_ld:Cospmain.obj
 0001:0002b250       _cosp_data_req             0042c250 f   ositp4e_ld:Cospmain.obj
 0001:0002bed0       _clnpl_init_esh            0042ced0 f   ositp4e_ld:Clnp_esh.obj
 0001:0002bf10       _clnpl_check_cfg_timer     0042cf10 f   ositp4e_ld:Clnp_esh.obj
 0001:0002bf60       _clnpl_send_esh            0042cf60 f   ositp4e_ld:Clnp_esh.obj
 0001:0002c0b0       _clnpl_decode              0042d0b0 f   ositp4e_ld:Clnp_dec.obj
 0001:0002c9f0       _clnpl_log_npdu            0042d9f0 f   ositp4e_ld:Clnp_dec.obj
 0001:0002ce00       _clnpl_llc_encode          0042de00 f   ositp4e_ld:Clnp_llc.obj
 0001:0002cec0       _clnpl_llc_decode          0042dec0 f   ositp4e_ld:Clnp_llc.obj
 0001:0002cf80       _clnpl_encode_dt           0042df80 f   ositp4e_ld:Clnp_enc.obj
 0001:0002d1d0       _clnpl_encode_esh          0042e1d0 f   ositp4e_ld:Clnp_enc.obj
 0001:0002d2d0       _tp4_init_timer            0042e2d0 f   ositp4e_ld:Tp4port.obj
 0001:0002d2e0       _tp4_check_timer           0042e2e0 f   ositp4e_ld:Tp4port.obj
 0001:0002d3c0       _tp4_connect               0042e3c0 f   ositp4e_ld:Tp4callg.obj
 0001:0002d680       _tp4_disconnect            0042e680 f   ositp4e_ld:Tp4callg.obj
 0001:0002d7d0       _tp_process_cc             0042e7d0 f   ositp4e_ld:Tp4callg.obj
 0001:0002db80       _u_copp_con_cnf            0042eb80 f   ositp4e_ld:Acse2dec.obj
 0001:0002df20       _u_copp_rel_cnf_pos        0042ef20 f   ositp4e_ld:Acse2dec.obj
 0001:0002e160       _u_copp_con_ind            0042f160 f   ositp4e_ld:Acse2dec.obj
 0001:0002e8e0       _u_copp_rel_ind            0042f8e0 f   ositp4e_ld:Acse2dec.obj
 0001:0002eb00       _u_copp_p_abort_ind        0042fb00 f   ositp4e_ld:Acse2dec.obj
 0001:0002eba0       _u_copp_u_abort_ind        0042fba0 f   ositp4e_ld:Acse2dec.obj
 0001:0002ed20       _u_copp_data_ind           0042fd20 f   ositp4e_ld:Acse2dec.obj
 0001:000303b0       _asn1_skip_elmnt           004313b0 f   ositp4e_ld:Acse2dec.obj
 0001:00030450       _tp4_except                00431450 f   ositp4e_ld:Acse2dec.obj
 0001:00030510       _a_get_rem_nsap            00431510 f   ositp4e_ld:Acse2dec.obj
 0001:00030950       _tp_send_dt                00431950 f   ositp4e_ld:Tp4send.obj
 0001:00030a10       _tp_send_ak                00431a10 f   ositp4e_ld:Tp4send.obj
 0001:00030ad0       _tp_send_cr                00431ad0 f   ositp4e_ld:Tp4send.obj
 0001:00030b80       _tp_send_cc                00431b80 f   ositp4e_ld:Tp4send.obj
 0001:00030c40       _tp_send_dr                00431c40 f   ositp4e_ld:Tp4send.obj
 0001:00030d00       _tp_send_dc                00431d00 f   ositp4e_ld:Tp4send.obj
 0001:00030dc0       _tp_send_dt_and_ak         00431dc0 f   ositp4e_ld:Tp4send.obj
 0001:00030ed0       _tp_decode_nsdu            00431ed0 f   ositp4e_ld:Tp4_dec.obj
 0001:00031580       _u_cosp_bind_cnf           00432580 f   ositp4e_ld:Copp_dec.obj
 0001:000315e0       _u_cosp_unbind_cnf         004325e0 f   ositp4e_ld:Copp_dec.obj
 0001:00031630       _u_cosp_rel_cnf_pos        00432630 f   ositp4e_ld:Copp_dec.obj
 0001:000318a0       _u_cosp_rel_ind            004328a0 f   ositp4e_ld:Copp_dec.obj
 0001:00031b30       _u_cosp_p_abort_ind        00432b30 f   ositp4e_ld:Copp_dec.obj
 0001:00031bf0       _u_cosp_data_ind           00432bf0 f   ositp4e_ld:Copp_dec.obj
 0001:00031e50       _START_p_user_data         00432e50 f   ositp4e_ld:Copp_dec.obj
 0001:00031e80       _START_pdv_list            00432e80 f   ositp4e_ld:Copp_dec.obj
 0001:000320b0       _tp4_accept                004330b0 f   ositp4e_ld:Tp4calld.obj
 0001:00032170       _tp_process_cr             00433170 f   ositp4e_ld:Tp4calld.obj
 0001:00032790       _tp_process_dr             00433790 f   ositp4e_ld:Tp4calld.obj
 0001:00032930       _tp_process_dc             00433930 f   ositp4e_ld:Tp4calld.obj
 0001:00032a90       _cosp_envelope_len         00433a90 f   ositp4e_ld:Cosp_enc.obj
 0001:00032c70       _cosp_enc_cn_ac            00433c70 f   ositp4e_ld:Cosp_enc.obj
 0001:00032f70       _cosp_enc_rf               00433f70 f   ositp4e_ld:Cosp_enc.obj
 0001:00033110       _cosp_enc_fn_dn            00434110 f   ositp4e_ld:Cosp_enc.obj
 0001:00033290       _cosp_enc_u_ab             00434290 f   ositp4e_ld:Cosp_enc.obj
 0001:00033440       _cosp_enc_p_ab             00434440 f   ositp4e_ld:Cosp_enc.obj
 0001:000334a0       _cosp_enc_dt               004344a0 f   ositp4e_ld:Cosp_enc.obj
 0001:00033630       _u_cosp_con_ind            00434630 f   ositp4e_ld:Coppdcp.obj
 0001:00033a70       _u_cosp_con_cnf_pos        00434a70 f   ositp4e_ld:Coppdcp.obj
 0001:00034990       _cosp_dec_cn_ac            00435990 f   ositp4e_ld:Cosp_dec.obj
 0001:00035270       _cosp_dec_rf               00436270 f   ositp4e_ld:Cosp_dec.obj
 0001:000356a0       _cosp_dec_fn_dn            004366a0 f   ositp4e_ld:Cosp_dec.obj
 0001:000359c0       _cosp_dec_ab               004369c0 f   ositp4e_ld:Cosp_dec.obj
 0001:00035d70       _cosp_dec_dt               00436d70 f   ositp4e_ld:Cosp_dec.obj
 0001:000362a0       _u_cosp_con_cnf_neg        004372a0 f   ositp4e_ld:Coppdcpr.obj
 0001:00036bc0       _u_cosp_u_abort_ind        00437bc0 f   ositp4e_ld:Coppdaru.obj
 0001:000371a0       _checksum_insert           004381a0 f   ositp4e_ld:Checksum.obj
 0001:00037280       _checksum_verified         00438280 f   ositp4e_ld:Checksum.obj
 0001:000373e0       _tp_encode_cx              004383e0 f   ositp4e_ld:Tp4_enc.obj
 0001:00037890       _tp_encode_dr              00438890 f   ositp4e_ld:Tp4_enc.obj
 0001:00037910       _tp_encode_dc              00438910 f   ositp4e_ld:Tp4_enc.obj
 0001:00037980       _tp_encode_dt              00438980 f   ositp4e_ld:Tp4_enc.obj
 0001:00037a30       _tp0_encode_dt             00438a30 f   ositp4e_ld:Tp4_enc.obj
 0001:00037ab0       _tp_encode_ak              00438ab0 f   ositp4e_ld:Tp4_enc.obj
 0001:00037b90       _tp_decode_cx              00438b90 f   ositp4e_ld:tpx_dec.obj
 0001:000381b0       _tp_decode_dr              004391b0 f   ositp4e_ld:tpx_dec.obj
 0001:00038360       _tp_decode_dc              00439360 f   ositp4e_ld:tpx_dec.obj
 0001:00038500       _tp_decode_dt              00439500 f   ositp4e_ld:tpx_dec.obj
 0001:00038730       _tp0_decode_dt             00439730 f   ositp4e_ld:tpx_dec.obj
 0001:00038850       _tp_decode_ak              00439850 f   ositp4e_ld:tpx_dec.obj
 0001:00038a50       _tp_decode_er              00439a50 f   ositp4e_ld:tpx_dec.obj
 0001:00038dc0       _tp_log_tsdu               00439dc0 f   ositp4e_ld:tpx_dec.obj
 0001:00039840       _init_mem_chk              0043a840 f   mem_ld:mem_chks.obj
 0001:00039a60       _x_chk_malloc              0043aa60 f   mem_ld:mem_chks.obj
 0001:00039db0       _x_chk_calloc              0043adb0 f   mem_ld:mem_chks.obj
 0001:0003a140       _x_chk_realloc             0043b140 f   mem_ld:mem_chks.obj
 0001:0003a630       _x_chk_free                0043b630 f   mem_ld:mem_chks.obj
 0001:0003a9a0       _x_chk_strdup              0043b9a0 f   mem_ld:mem_chks.obj
 0001:0003a9e0       _dyn_mem_ptr_status        0043b9e0 f   mem_ld:mem_chks.obj
 0001:0003a9f0       _dyn_mem_ptr_status2       0043b9f0 f   mem_ld:mem_chks.obj
 0001:0003abc0       _dyn_mem_ptr_statistics    0043bbc0 f   mem_ld:mem_chks.obj
 0001:0003ad30       _chk_hp                    0043bd30 f   mem_ld:mem_chks.obj
 0001:0003ad50       _msoft_heap_check          0043bd50 f   mem_ld:mem_chks.obj
 0001:0003ad60       _chk_alloc_ptr             0043bd60 f   mem_ld:mem_chks.obj
 0001:0003afe0       _check_mem_list            0043bfe0 f   mem_ld:mem_chks.obj
 0001:0003b4b0       _mvl_comm_serve            0043c4b0 f   mvlu_ld:MVL_SERV.obj
 0001:0003bdc0       _mvl_clr_ind_que           0043cdc0 f   mvlu_ld:MVL_SERV.obj
 0001:0003c040       __mvl_ind_reject           0043d040 f   mvlu_ld:MVL_SERV.obj
 0001:0003c0a0       __mvl_conf_reject          0043d0a0 f   mvlu_ld:MVL_SERV.obj
 0001:0003c0d0       __mvl_send_reject          0043d0d0 f   mvlu_ld:MVL_SERV.obj
 0001:0003c390       __mplas_err_resp           0043d390 f   mvlu_ld:MVL_SERV.obj
 0001:0003c410       __mvl_send_err_f           0043d410 f   mvlu_ld:MVL_SERV.obj
 0001:0003c440       __mvl_send_error           0043d440 f   mvlu_ld:MVL_SERV.obj
 0001:0003c550       _mvl_wait_req_done         0043d550 f   mvlu_ld:MVL_SERV.obj
 0001:0003c5d0       __mvl_get_req_ctrl         0043d5d0 f   mvlu_ld:MVL_SERV.obj
 0001:0003c6c0       __mvl_find_req_ctrl        0043d6c0 f   mvlu_ld:MVL_SERV.obj
 0001:0003c750       __mvl_set_net_req_done     0043d750 f   mvlu_ld:MVL_SERV.obj
 0001:0003c7d0       __mvl_set_req_done         0043d7d0 f   mvlu_ld:MVL_SERV.obj
 0001:0003c800       _mvl_free_req_ctrl         0043d800 f   mvlu_ld:MVL_SERV.obj
 0001:0003c910       __mvl_concat_filename      0043d910 f   mvlu_ld:MVL_SERV.obj
 0001:0003c9c0       __mvl_calloc_os            0043d9c0 f   mvlu_ld:MVL_SERV.obj
 0001:0003c9e0       __mvl_realloc_os           0043d9e0 f   mvlu_ld:MVL_SERV.obj
 0001:0003ca00       __mvl_free_os              0043da00 f   mvlu_ld:MVL_SERV.obj
 0001:0003ca20       _mvl_req_bufs_avail        0043da20 f   mvlu_ld:MVL_SERV.obj
 0001:0003caf0       _mvl_ureq_bufs_avail       0043daf0 f   mvlu_ld:MVL_SERV.obj
 0001:0003cbd0       _mvlu_sbo_select_rd_ind    0043dbd0 f   mvlu_ld:MVLU_SBO.obj
 0001:0003ccc0       _mvlu_sbo_operate_wr_ind   0043dcc0 f   mvlu_ld:MVLU_SBO.obj
 0001:0003cd60       _mvlu_clr_pend_sbo         0043dd60 f   mvlu_ld:MVLU_SBO.obj
 0001:0003cdb0       _mvlu_sbo_chk_timers       0043ddb0 f   mvlu_ld:MVLU_SBO.obj
 0001:0003ce80       _initSboCtrl               0043de80 f   mvlu_ld:MVLU_SBO.obj
 0001:0003d020       _mvlu_sbo_chk_state        0043e020 f   mvlu_ld:MVLU_SBO.obj
 0001:0003d190       _mvlu_sbo_ctrl_free        0043e190 f   mvlu_ld:MVLU_SBO.obj
 0001:0003d1b0       _mvl_mod_arr_size          0043e1b0 f   mvlu_ld:MVL_TYPE.obj
 0001:0003d200       _mvl_get_runtime           0043e200 f   mvlu_ld:MVL_TYPE.obj
 0001:0003d250       _mvl_get_runtime_dyn       0043e250 f   mvlu_ld:MVL_TYPE.obj
 0001:0003d2b0       _mvl_type_ctrl_find        0043e2b0 f   mvlu_ld:MVL_TYPE.obj
 0001:0003d300       _mvl_type_ctrl_find_dyn    0043e300 f   mvlu_ld:MVL_TYPE.obj
 0001:0003d340       _mvl_typeid_to_typename    0043e340 f   mvlu_ld:MVL_TYPE.obj
 0001:0003d370       _mvl_typename_to_typeid    0043e370 f   mvlu_ld:MVL_TYPE.obj
 0001:0003d3f0       _mvlu_add_rt_type          0043e3f0 f   mvlu_ld:MVL_TYPE.obj
 0001:0003d4e0       _mvlu_free_rt_type         0043e4e0 f   mvlu_ld:MVL_TYPE.obj
 0001:0003d520       _mvl_vmd_resize            0043e520 f   mvlu_ld:Mvl_obj.obj
 0001:0003d6a0       _mvl_dom_resize            0043e6a0 f   mvlu_ld:Mvl_obj.obj
 0001:0003d7d0       __mvl_resize_ptr_tbl       0043e7d0 f   mvlu_ld:Mvl_obj.obj
 0001:0003d860       _mvl_nvl_remove_all        0043e860 f   mvlu_ld:Mvl_obj.obj
 0001:0003d9d0       _mvl_var_in_nvl            0043e9d0 f   mvlu_ld:Mvl_obj.obj
 0001:0003da30       _mvl_var_deletable         0043ea30 f   mvlu_ld:Mvl_obj.obj
 0001:0003dbb0       _mvl_nvl_deletable         0043ebb0 f   mvlu_ld:Mvl_obj.obj
 0001:0003dcb0       _mvl_vmd_dom_add           0043ecb0 f   mvlu_ld:Mvl_obj.obj
 0001:0003dd10       _mvl_dom_create            0043ed10 f   mvlu_ld:Mvl_obj.obj
 0001:0003ddb0       _mvl_dom_cleanup           0043edb0 f   mvlu_ld:Mvl_obj.obj
 0001:0003df90       _mvl_vmd_dom_remove        0043ef90 f   mvlu_ld:Mvl_obj.obj
 0001:0003e050       _mvl_dom_destroy           0043f050 f   mvlu_ld:Mvl_obj.obj
 0001:0003e0f0       _mvl_vmd_var_add           0043f0f0 f   mvlu_ld:Mvl_obj.obj
 0001:0003e1d0       _mvl_var_create            0043f1d0 f   mvlu_ld:Mvl_obj.obj
 0001:0003e2e0       _mvl_var_add_alloc         0043f2e0 f   mvlu_ld:Mvl_obj.obj
 0001:0003e3b0       _mvl_var_create_alloc      0043f3b0 f   mvlu_ld:Mvl_obj.obj
 0001:0003e490       _mvl_var_create_derived    0043f490 f   mvlu_ld:Mvl_obj.obj
 0001:0003e5a0       _mvl_vmd_var_remove        0043f5a0 f   mvlu_ld:Mvl_obj.obj
 0001:0003e650       _mvl_var_destroy           0043f650 f   mvlu_ld:Mvl_obj.obj
 0001:0003e6b0       _mvl_vmd_nvl_add           0043f6b0 f   mvlu_ld:Mvl_obj.obj
 0001:0003e7b0       _mvl_nvl_create            0043f7b0 f   mvlu_ld:Mvl_obj.obj
 0001:0003e980       _mvl_vmd_nvl_remove        0043f980 f   mvlu_ld:Mvl_obj.obj
 0001:0003ea30       _mvl_nvl_destroy           0043fa30 f   mvlu_ld:Mvl_obj.obj
 0001:0003eaf0       _mvl_vmd_jou_add           0043faf0 f   mvlu_ld:Mvl_obj.obj
 0001:0003eb50       _mvl_jou_create            0043fb50 f   mvlu_ld:Mvl_obj.obj
 0001:0003ebe0       _mvl_vmd_jou_remove        0043fbe0 f   mvlu_ld:Mvl_obj.obj
 0001:0003ec20       _mvl_jou_destroy           0043fc20 f   mvlu_ld:Mvl_obj.obj
 0001:0003ec60       _mvl_vmd_create            0043fc60 f   mvlu_ld:Mvl_obj.obj
 0001:0003ed60       _mvl_vmd_destroy           0043fd60 f   mvlu_ld:Mvl_obj.obj
 0001:0003ef10       __mvl_process_write_ind    0043ff10 f   mvlu_ld:S_WRITE.obj
 0001:0003f040       _mvlas_write_resp          00440040 f   mvlu_ld:S_WRITE.obj
 0001:0003f8a0       __mvl_process_read_ind     004408a0 f   mvlu_ld:S_READ.obj
 0001:0003fcc0       _mvlas_read_resp           00440cc0 f   mvlu_ld:S_READ.obj
 0001:000400a0       _init_prim_info            004410a0 f   mvlu_ld:mvl_uca.obj
 0001:000400d0       _u_mvl_get_va_aa           004410d0 f   mvlu_ld:mvl_uca.obj
 0001:00040c90       _mvlu_find_uca_var         00441c90 f   mvlu_ld:mvl_uca.obj
 0001:00040fb0       _u_mvl_free_va             00441fb0 f   mvlu_ld:mvl_uca.obj
 0001:000410b0       _u_gnl_ind_vars            004420b0 f   mvlu_ld:mvl_uca.obj
 0001:000413f0       _getGnlVarNames            004423f0 f   mvlu_ld:mvl_uca.obj
 0001:00041b60       _u_gnl_done                00442b60 f   mvlu_ld:mvl_uca.obj
 0001:00041b90       _u_gnl_ind_nvls            00442b90 f   mvlu_ld:mvl_uca.obj
 0001:00041de0       _u_mvl_read_ind            00442de0 f   mvlu_ld:mvl_uca.obj
 0001:00042010       _mvlu_trim_branch_name     00443010 f   mvlu_ld:mvl_uca.obj
 0001:00042300       _mvlu_rd_prim_done         00443300 f   mvlu_ld:mvl_uca.obj
 0001:00042480       _u_mvl_write_ind           00443480 f   mvlu_ld:mvl_uca.obj
 0001:00042bf0       _mvlu_wr_prim_done         00443bf0 f   mvlu_ld:mvl_uca.obj
 0001:00042e10       _mvlu_find_rt_leaf         00443e10 f   mvlu_ld:mvl_uca.obj
 0001:00042f30       _mvlu_find_comp_type       00443f30 f   mvlu_ld:mvl_uca.obj
 0001:00042f90       _mvlu_get_leaf_val_int8    00443f90 f   mvlu_ld:mvl_uca.obj
 0001:00043070       _mvlu_get_leaf_val_int32   00444070 f   mvlu_ld:mvl_uca.obj
 0001:00043150       _mvlu_get_leaf_val_int_any 00444150 f   mvlu_ld:mvl_uca.obj
 0001:000432d0       _mvlu_get_leaf_val_uint32  004442d0 f   mvlu_ld:mvl_uca.obj
 0001:000433b0       _mvlu_get_leaf_val_boolean 004443b0 f   mvlu_ld:mvl_uca.obj
 0001:00043490       _mvlu_get_leaf_val_bvstring 00444490 f   mvlu_ld:mvl_uca.obj
 0001:000435c0       _mvlu_get_leaf_data_ptr    004445c0 f   mvlu_ld:mvl_uca.obj
 0001:00043aa0       _mvlu_derive_rpt_ds        00444aa0 f   mvlu_ld:mvlu_rpt.obj
 0001:00043b40       _mvlu_derive_ds_va_names   00444b40 f   mvlu_ld:mvlu_rpt.obj
 0001:00044190       _mvlu_create_rpt_ctrl      00445190 f   mvlu_ld:mvlu_rpt.obj
 0001:00044580       _mvlu_free_rpt_ctrl        00445580 f   mvlu_ld:mvlu_rpt.obj
 0001:00044630       _mvlu_rpt_service          00445630 f   mvlu_ld:mvlu_rpt.obj
 0001:000446e0       _mvlu_rpt_va_scan          004456e0 f   mvlu_ld:mvlu_rpt.obj
 0001:00044770       _mvlu_rpt_scan_read        00445770 f   mvlu_ld:mvlu_rpt.obj
 0001:00044a40       _mvlu_rpt_va_change        00445a40 f   mvlu_ld:mvlu_rpt.obj
 0001:00045030       _mvlu_rpt_get_va_index     00446030 f   mvlu_ld:mvlu_rpt.obj
 0001:00045090       _mvlu_send_report          00446090 f   mvlu_ld:mvlu_rpt.obj
 0001:00045670       __mvlu_rpt_disconnect_rcvd 00446670 f   mvlu_ld:mvlu_rpt.obj
 0001:000457d0       _mvlu_rpt_create_scan_ctrl2 004467d0 f   mvlu_ld:mvlu_rpt.obj
 0001:00045a00       _mvlu_rpt_create_scan_ctrl 00446a00 f   mvlu_ld:mvlu_rpt.obj
 0001:00045af0       _mvlu_rpt_destroy_scan_ctrl 00446af0 f   mvlu_ld:mvlu_rpt.obj
 0001:00045b20       __mvlu_get_rd_rcb          00446b20 f   mvlu_ld:mvlu_rpt.obj
 0001:00045d10       __mvlu_get_wr_rcb          00446d10 f   mvlu_ld:mvlu_rpt.obj
 0001:00045de0       __rcb_writable             00446de0 f   mvlu_ld:mvlu_rpt.obj
 0001:00045fa0       _mvlu_rptid_rd_ind_fun     00446fa0 f   mvlu_ld:mvlu_rpt.obj
 0001:00046000       _mvlu_rptena_rd_ind_fun    00447000 f   mvlu_ld:mvlu_rpt.obj
 0001:00046060       _mvlu_resv_rd_ind_fun      00447060 f   mvlu_ld:mvlu_rpt.obj
 0001:000460c0       _mvlu_datsetna_rd_ind_fun  004470c0 f   mvlu_ld:mvlu_rpt.obj
 0001:00046160       _mvlu_optflds_rd_ind_fun   00447160 f   mvlu_ld:mvlu_rpt.obj
 0001:000461e0       _mvlu_buftim_rd_ind_fun    004471e0 f   mvlu_ld:mvlu_rpt.obj
 0001:00046240       _mvlu_trgs_rd_ind_fun      00447240 f   mvlu_ld:mvlu_rpt.obj
 0001:000462a0       _mvlu_sqnum_rd_ind_fun     004472a0 f   mvlu_ld:mvlu_rpt.obj
 0001:00046300       _mvlu_trgops_rd_ind_fun    00447300 f   mvlu_ld:mvlu_rpt.obj
 0001:00046380       _mvlu_rbepd_rd_ind_fun     00447380 f   mvlu_ld:mvlu_rpt.obj
 0001:000463e0       _mvlu_intgpd_rd_ind_fun    004473e0 f   mvlu_ld:mvlu_rpt.obj
 0001:00046440       _mvlu_rptid_wr_ind_fun     00447440 f   mvlu_ld:mvlu_rpt.obj
 0001:00046510       _mvl61850_brcb_handle_rptena_wr 00447510 f   mvlu_ld:mvlu_rpt.obj
 0001:00046580       _mvl61850_urcb_handle_rptena_wr 00447580 f   mvlu_ld:mvlu_rpt.obj
 0001:000465e0       _mvlu_rptena_wr_ind_fun    004475e0 f   mvlu_ld:mvlu_rpt.obj
 0001:00046720       _mvlu_resv_wr_ind_fun      00447720 f   mvlu_ld:mvlu_rpt.obj
 0001:00046840       _mvlu_optflds_wr_ind_fun   00447840 f   mvlu_ld:mvlu_rpt.obj
 0001:00046980       _mvlu_buftim_wr_ind_fun    00447980 f   mvlu_ld:mvlu_rpt.obj
 0001:00046a40       _mvlu_trgs_wr_ind_fun      00447a40 f   mvlu_ld:mvlu_rpt.obj
 0001:00046ac0       _mvlu_sqnum_wr_ind_fun     00447ac0 f   mvlu_ld:mvlu_rpt.obj
 0001:00046b40       _mvlu_trgops_wr_ind_fun    00447b40 f   mvlu_ld:mvlu_rpt.obj
 0001:00046c50       _mvlu_rbepd_wr_ind_fun     00447c50 f   mvlu_ld:mvlu_rpt.obj
 0001:00046cd0       _mvlu_intgpd_wr_ind_fun    00447cd0 f   mvlu_ld:mvlu_rpt.obj
 0001:00046d90       _mvlu_seqnum_rd_ind_fun    00447d90 f   mvlu_ld:mvlu_rpt.obj
 0001:00046db0       _mvlu_seqnum_wr_ind_fun    00447db0 f   mvlu_ld:mvlu_rpt.obj
 0001:00046dd0       _mvlu_integrity_scan_destroy 00447dd0 f   mvlu_ld:mvlu_rpt.obj
 0001:00046df0       _mvlu_integrity_scan_read  00447df0 f   mvlu_ld:mvlu_rpt.obj
 0001:00046e30       _mvlu_setup_scan_read      00447e30 f   mvlu_ld:mvlu_rpt.obj
 0001:00046f10       _mvlu_integrity_scan_va_done 00447f10 f   mvlu_ld:mvlu_rpt.obj
 0001:00046f50       _mvlu_integrity_scan_done  00447f50 f   mvlu_ld:mvlu_rpt.obj
 0001:00047030       _mvlu_rpt_find_typeids     00448030 f   mvlu_ld:mvlu_rpt.obj
 0001:00047330       _mvlu_integrity_timeout    00448330 f   mvlu_ld:mvlu_rpt.obj
 0001:00047410       _mvlu_rpt_rcb_type_find    00448410 f   mvlu_ld:mvlu_rpt.obj
 0001:00047530       _mvlu_rpt_ready            00448530 f   mvlu_ld:mvlu_rpt.obj
 0001:000475b0       _mvlu_rpt_ctrl_destroy_all 004485b0 f   mvlu_ld:mvlu_rpt.obj
 0001:00047610       _mvl_obj_insert            00448610 f   mvlu_ld:mvl_objb.obj
 0001:00047750       _mvl_obj_delete            00448750 f   mvlu_ld:mvl_objb.obj
 0001:000477d0       _mvl_obj_find              004487d0 f   mvlu_ld:mvl_objb.obj
 0001:00047800       _mvl_obj_find_key          00448800 f   mvlu_ld:mvl_objb.obj
 0001:00047850       _mvl_vmd_dom_insert        00448850 f   mvlu_ld:mvl_objb.obj
 0001:00047880       _mvl_vmd_var_insert        00448880 f   mvlu_ld:mvl_objb.obj
 0001:00047a10       _mvl_vmd_nvl_insert        00448a10 f   mvlu_ld:mvl_objb.obj
 0001:00047bd0       _mvl_vmd_jou_insert        00448bd0 f   mvlu_ld:mvl_objb.obj
 0001:00047d60       _mvl_vmd_dom_delete        00448d60 f   mvlu_ld:mvl_objb.obj
 0001:00047d90       _mvl_vmd_var_delete        00448d90 f   mvlu_ld:mvl_objb.obj
 0001:00047f10       _mvl_vmd_nvl_delete        00448f10 f   mvlu_ld:mvl_objb.obj
 0001:00048090       _mvl_vmd_jou_delete        00449090 f   mvlu_ld:mvl_objb.obj
 0001:00048210       _mvl_vmd_find_dom          00449210 f   mvlu_ld:mvl_objb.obj
 0001:00048240       _mvl_vmd_dom_find_last     00449240 f   mvlu_ld:mvl_objb.obj
 0001:00048270       _mvl_vmd_find_var          00449270 f   mvlu_ld:mvl_objb.obj
 0001:000483e0       _mvl_vmd_find_nvl          004493e0 f   mvlu_ld:mvl_objb.obj
 0001:00048550       _mvl_vmd_find_jou          00449550 f   mvlu_ld:mvl_objb.obj
 0001:000486d0       _mvl_sort_objs             004496d0 f   mvlu_ld:mvl_objb.obj
 0001:000487e0       __mvl_obj_compare          004497e0 f   mvlu_ld:mvl_objb.obj
 0001:00048810       __mvl_objname_to_va        00449810 f   mvlu_ld:MVL_VAR.obj
 0001:00048910       _mvl_scope_set             00449910 f   mvlu_ld:MVL_VAR.obj
 0001:00048990       _mvl_get_va_asn1_data      00449990 f   mvlu_ld:MVL_VAR.obj
 0001:00048c00       __mvl_get_asn1_aa          00449c00 f   mvlu_ld:MVL_VAR.obj
 0001:00048cd0       __m_get_aa_asn1_buf        00449cd0 f   mvlu_ld:MVL_VAR.obj
 0001:00048d40       __m_set_aa_asn1_buf_end    00449d40 f   mvlu_ld:MVL_VAR.obj
 0001:00048d50       __m_free_aa_asn1_buf       00449d50 f   mvlu_ld:MVL_VAR.obj
 0001:00048d90       _mvl_type_id_create        00449d90 f   mvlu_ld:mvl_typ2.obj
 0001:00048df0       _mvl_type_id_destroy       00449df0 f   mvlu_ld:mvl_typ2.obj
 0001:00048e60       _mvl_type_id_destroy_all_dyn 00449e60 f   mvlu_ld:mvl_typ2.obj
 0001:00048ec0       _mvl_vmd_type_id_create    00449ec0 f   mvlu_ld:mvl_typ2.obj
 0001:00049110       _mvl_type_id_create_from_tdl 0044a110 f   mvlu_ld:mvl_typ2.obj
 0001:00049250       _mvl_vmd_type_id_destroy   0044a250 f   mvlu_ld:mvl_typ2.obj
 0001:000492c0       _mvl_vmd_type_id_destroy_all 0044a2c0 f   mvlu_ld:mvl_typ2.obj
 0001:00049350       _mvl_type_count            0044a350 f   mvlu_ld:mvl_typ2.obj
 0001:000493a0       _mvl_vmd_type_ctrl_find    0044a3a0 f   mvlu_ld:mvl_typ2.obj
 0001:00049400       __mvl_send_resp_i          0044a400 f   mvlu_ld:mvl_send.obj
 0001:00049460       __mvl_send_resp            0044a460 f   mvlu_ld:mvl_send.obj
 0001:000495b0       __mvl_send_req             0044a5b0 f   mvlu_ld:mvl_send.obj
 0001:000497f0       _mvl61850_sbo_create_sboname 0044a7f0 f   mvlu_ld:mvl61850_ctl.obj
 0001:000498d0       _mvl61850_mkname_ctlmodel  0044a8d0 f   mvlu_ld:mvl61850_ctl.obj
 0001:00049980       _mvl61850_mkname_sbotimeout 0044a980 f   mvlu_ld:mvl61850_ctl.obj
 0001:00049a30       _mvl61850_mkname_sboclass  0044aa30 f   mvlu_ld:mvl61850_ctl.obj
 0001:00049ae0       _mvl61850_ctl_chk_sbo      0044aae0 f   mvlu_ld:mvl61850_ctl.obj
 0001:00049f30       _mvl61850_ctl_chk_sbow     0044af30 f   mvlu_ld:mvl61850_ctl.obj
 0001:0004a160       _mvl61850_ctl_chk_state    0044b160 f   mvlu_ld:mvl61850_ctl.obj
 0001:0004a2d0       _mvl61850_ctl_command_termination 0044b2d0 f   mvlu_ld:mvl61850_ctl.obj
 0001:0004a500       _mvl61850_ctl_lastapplerror_create 0044b500 f   mvlu_ld:mvl61850_ctl.obj
 0001:0004a550       _mvl61850_ctl_lastapplerror_send 0044b550 f   mvlu_ld:mvl61850_ctl.obj
 0001:0004a680       _mvl61850_ctl_req_done     0044b680 f   mvlu_ld:mvl61850_ctl.obj
 0001:0004a840       _mvlu_load_xml_leaf_file   0044b840 f   mvlu_ld:mvluleaf.obj
 0001:0004ac30       _mvlu_set_leaf_param_name  0044bc30 f   mvlu_ld:mvluleaf.obj
 0001:0004ae40       _mvlu_find_rd_ind_fun_index 0044be40 f   mvlu_ld:mvluleaf.obj
 0001:0004aee0       _mvlu_find_wr_ind_fun_index 0044bee0 f   mvlu_ld:mvluleaf.obj
 0001:0004af80       _mvlu_set_leaf_param       0044bf80 f   mvlu_ld:mvluleaf.obj
 0001:0004b180       _mvlu_set_leaf_param_name2 0044c180 f   mvlu_ld:mvluleaf.obj
 0001:0004b540       _mvl_info_variables        0044c540 f   mvlu_ld:s_info.obj
 0001:0004b650       _mvl_encode_info_rpt       0044c650 f   mvlu_ld:s_info.obj
 0001:0004b9b0       _mvl61850_mk_rptid         0044c9b0 f   mvlu_ld:mvl61850_rpt.obj
 0001:0004ba70       _mvl61850_mk_dataref       0044ca70 f   mvlu_ld:mvl61850_rpt.obj
 0001:0004bb00       _mvl61850_rcb_cleanup      0044cb00 f   mvlu_ld:mvl61850_rpt.obj
 0001:0004bb70       _mvl61850_brcb_rpt_set_entryid 0044cb70 f   mvlu_ld:mvl61850_rpt.obj
 0001:0004bcc0       _buflist_entry_create      0044ccc0 f   mvlu_ld:mvl61850_rpt.obj
 0001:0004c000       _buflist_entry_destroy     0044d000 f   mvlu_ld:mvl61850_rpt.obj
 0001:0004c100       _buflist_discard_old_gi    0044d100 f   mvlu_ld:mvl61850_rpt.obj
 0001:0004c160       _buflist_discard_old       0044d160 f   mvlu_ld:mvl61850_rpt.obj
 0001:0004c200       _mvl61850_brcb_rpt_lists_clean 0044d200 f   mvlu_ld:mvl61850_rpt.obj
 0001:0004c2d0       _mvl61850_brcb_rpt_save    0044d2d0 f   mvlu_ld:mvl61850_rpt.obj
 0001:0004c330       _mvl61850_brcb_rpt_send    0044d330 f   mvlu_ld:mvl61850_rpt.obj
 0001:0004cef0       _mvl61850_brcb_enable_all  0044def0 f   mvlu_ld:mvl61850_rpt.obj
 0001:0004cf40       _mvl61850_brcb_entryid_init 0044df40 f   mvlu_ld:mvl61850_rpt.obj
 0001:0004cf60       _mvl61850_rpt_change_scan_va_done 0044df60 f   mvlu_ld:mvl61850_rpt.obj
 0001:0004cf90       _mvl61850_rpt_change_scan_done 0044df90 f   mvlu_ld:mvl61850_rpt.obj
 0001:0004cfb0       _mvl61850_rpt_change_scan  0044dfb0 f   mvlu_ld:mvl61850_rpt.obj
 0001:0004d110       _mvl61850_get_rcb          0044e110 f   mvlu_ld:mvl61850_rpt.obj
 0001:0004d1b0       _mvl61850_rpt_dataset_create 0044e1b0 f   mvlu_ld:mvl61850_rpt.obj
 0001:0004d3f0       _mvl61850_rpt_dataset_destroy 0044e3f0 f   mvlu_ld:mvl61850_rpt.obj
 0001:0004d470       _mvl61850_create_rpt_ctrl  0044e470 f   mvlu_ld:mvl61850_rpt.obj
 0001:0004d6a0       _mvl61850_free_rpt_ctrl    0044e6a0 f   mvlu_ld:mvl61850_rpt.obj
 0001:0004d720       _mvl61850_brcb_client_service 0044e720 f   mvlu_ld:mvl61850_rpt.obj
 0001:0004d870       _mvl61850_urcb_client_service 0044e870 f   mvlu_ld:mvl61850_rpt.obj
 0001:0004d8b0       _mvl61850_rpt_service      0044e8b0 f   mvlu_ld:mvl61850_rpt.obj
 0001:0004d970       _mvl61850_rpt_ctrl_destroy_all 0044e970 f   mvlu_ld:mvl61850_rpt.obj
 0001:0004d9a0       _mvl61850_integrity_timeout 0044e9a0 f   mvlu_ld:mvl61850_rpt.obj
 0001:0004db10       _mvl61850_rcb_chk_state    0044eb10 f   mvlu_ld:Mvl61850.obj
 0001:0004dbe0       _mvlu_gi_scan_va_done      0044ebe0 f   mvlu_ld:Mvl61850.obj
 0001:0004dc20       _mvlu_gi_scan_done         0044ec20 f   mvlu_ld:Mvl61850.obj
 0001:0004dcd0       _mvl61850_urcb_rpt_send    0044ecd0 f   mvlu_ld:Mvl61850.obj
 0001:0004e930       _chk_seg_needed            0044f930 f   mvlu_ld:Mvl61850.obj
 0001:0004e9f0       _mvlu_confrev_rd_ind       0044f9f0 f   mvlu_ld:Mvl61850.obj
 0001:0004ea60       _mvlu_purgebuf_rd_ind      0044fa60 f   mvlu_ld:Mvl61850.obj
 0001:0004eac0       _mvlu_gi_rd_ind            0044fac0 f   mvlu_ld:Mvl61850.obj
 0001:0004eb20       _mvlu_entryid_rd_ind       0044fb20 f   mvlu_ld:Mvl61850.obj
 0001:0004ebf0       _mvlu_timeofentry_rd_ind   0044fbf0 f   mvlu_ld:Mvl61850.obj
 0001:0004ecd0       _mvlu_purgebuf_wr_ind      0044fcd0 f   mvlu_ld:Mvl61850.obj
 0001:0004ed70       _mvlu_gi_wr_ind            0044fd70 f   mvlu_ld:Mvl61850.obj
 0001:0004eee0       _mvlu_entryid_wr_ind       0044fee0 f   mvlu_ld:Mvl61850.obj
 0001:0004ef70       _mvlu_sqnum_int16u_rd_ind_fun 0044ff70 f   mvlu_ld:Mvl61850.obj
 0001:0004efe0       _mvl61850_beh_stval_rd_ind 0044ffe0 f   mvlu_ld:Mvl61850.obj
 0001:0004f2c0       _mvl61850_datset_wr_ind    004502c0 f   mvlu_ld:Mvl61850.obj
 0001:0004f740       _mvl61850_objref_create    00450740 f   mvlu_ld:Mvl61850.obj
 0001:0004f830       _mvlu_proc_rt_type         00450830 f   mvlu_ld:mvlu_rt.obj
 0001:000500b0       _asn1r_decode_asn1_seq     004510b0 f   asn1_ld:asn1r.obj
 0001:00050120       _asn1r_decode_asn1         00451120 f   asn1_ld:asn1r.obj
 0001:00050af0       _asn1r_head_decode         00451af0 f   asn1_ld:asn1r.obj
 0001:00051620       _asn1r_set_all_cstr_done   00452620 f   asn1_ld:asn1r.obj
 0001:00051650       _asn1r_tag_add             00452650 f   asn1_ld:asn1r.obj
 0001:000516e0       _asn1r_tag_restore         004526e0 f   asn1_ld:asn1r.obj
 0001:00051700       _asn1r_strt_asn1_bld       00452700 f   asn1_ld:asn1r.obj
 0001:000517a0       _asn1r_strt_constr         004527a0 f   asn1_ld:asn1r.obj
 0001:00051840       _asn1r_fin_constr          00452840 f   asn1_ld:asn1r.obj
 0001:000519d0       _asn1r_fin_prim            004529d0 f   asn1_ld:asn1r.obj
 0001:00051d10       _asn1r_set_dec_err         00452d10 f   asn1_ld:asn1r.obj
 0001:00051d60       _asn1r_done_err            00452d60 f   asn1_ld:asn1r.obj
 0001:00051dd0       _asn1r_class_err           00452dd0 f   asn1_ld:asn1r.obj
 0001:00051e20       _asn1r_cstr_done_err       00452e20 f   asn1_ld:asn1r.obj
 0001:00051e70       _asn1r_chk_getcstr_done    00452e70 f   asn1_ld:asn1r.obj
 0001:00051eb0       _asn1_objidcmp             00452eb0 f   asn1_ld:asn1r.obj
 0001:000520f0       _asn1_convert_btod_to_utc  004530f0 f   asn1_ld:asn1r.obj
 0001:000521d0       _asn1_convert_utc_to_btod  004531d0 f   asn1_ld:asn1r.obj
 0001:00052270       _asn1_convert_timet_to_btime6 00453270 f   asn1_ld:asn1r.obj
 0001:00052330       _bstrcpy                   00453330 f   asn1_ld:asn1r.obj
 0001:000523e0       _bvstrcpy                  004533e0 f   asn1_ld:asn1r.obj
 0001:00052410       _bstrcmp                   00453410 f   asn1_ld:asn1r.obj
 0001:000524b0       _asn1r_skip_elmnt          004534b0 f   asn1_ld:asn1r.obj
 0001:00052570       _asn1r_wr_i8               00453570 f   asn1_ld:are_int.obj
 0001:000525a0       _asn1r_wr_i16              004535a0 f   asn1_ld:are_int.obj
 0001:000525d0       _asn1r_wr_i32              004535d0 f   asn1_ld:are_int.obj
 0001:00052600       _asn1r_wr_u8               00453600 f   asn1_ld:are_int.obj
 0001:00052620       _asn1r_wr_u16              00453620 f   asn1_ld:are_int.obj
 0001:00052640       _asn1r_wr_u32              00453640 f   asn1_ld:are_int.obj
 0001:00052660       _asn1r_wr_int32            00453660 f   asn1_ld:are_int.obj
 0001:000527c0       _asn1r_wr_i64              004537c0 f   asn1_ld:are_int.obj
 0001:00052800       _asn1r_wr_u64              00453800 f   asn1_ld:are_int.obj
 0001:00052820       _asn1r_wr_int64            00453820 f   asn1_ld:are_int.obj
 0001:00052a10       _asn1r_wr_bitstr           00453a10 f   asn1_ld:are_bstr.obj
 0001:00052b10       _asn1r_wr_objid            00453b10 f   asn1_ld:are_objd.obj
 0001:00052c10       _asn1r_wr_octstr           00453c10 f   asn1_ld:are_ostr.obj
 0001:00052ca0       _asn1r_get_objid           00453ca0 f   asn1_ld:ard_objd.obj
 0001:00052f20       _asn1r_get_bitstr          00453f20 f   asn1_ld:ard_bstr.obj
 0001:00053000       _asn1r_get_bitstr_cstr     00454000 f   asn1_ld:ard_bstr.obj
 0001:00053010       _asn1r_get_i8              00454010 f   asn1_ld:ard_int.obj
 0001:00053090       _asn1r_get_i16             00454090 f   asn1_ld:ard_int.obj
 0001:00053120       _asn1r_get_i32             00454120 f   asn1_ld:ard_int.obj
 0001:00053150       _asn1r_get_u8              00454150 f   asn1_ld:ard_int.obj
 0001:000531d0       _asn1r_get_u16             004541d0 f   asn1_ld:ard_int.obj
 0001:00053250       _asn1r_get_u32             00454250 f   asn1_ld:ard_int.obj
 0001:00053280       _asn1r_get_int32           00454280 f   asn1_ld:ard_int.obj
 0001:00053460       _asn1r_get_u64             00454460 f   asn1_ld:ard_int.obj
 0001:00053490       _asn1r_get_i64             00454490 f   asn1_ld:ard_int.obj
 0001:000534c0       _asn1r_get_int64           004544c0 f   asn1_ld:ard_int.obj
 0001:000536a0       _asn1r_get_delmnt          004546a0 f   asn1_ld:ard_delm.obj
 0001:00053a10       _asn1r_parse_cstr_contents 00454a10 f   asn1_ld:ard_delm.obj
 0001:00053ab0       _asn1r_parse_next          00454ab0 f   asn1_ld:ard_delm.obj
 0001:00053c80       __slogc                    00454c80 f   slog_ld:slog.obj
 0001:00053cc0       __slog                     00454cc0 f   slog_ld:slog.obj
 0001:00053d00       _slog                      00454d00 f   slog_ld:slog.obj
 0001:00053d40       _slogx                     00454d40 f   slog_ld:slog.obj
 0001:00054150       _slogSetTimeText           00455150 f   slog_ld:slog.obj
 0001:00054280       _slogTrimFileName          00455280 f   slog_ld:slog.obj
 0001:00054300       _slogSetHdr                00455300 f   slog_ld:slog.obj
 0001:000544e0       _slogCallStack             004554e0 f   slog_ld:slog.obj
 0001:00054510       _slogDelBuf                00455510 f   slog_ld:slog.obj
 0001:00054560       _slog_max_msg_size_set     00455560 f   slog_ld:slog.obj
 0001:00054600       _slog_start                00455600 f   slog_ld:slog.obj
 0001:00054630       _slog_end                  00455630 f   slog_ld:slog.obj
 0001:00054710       __slogXML                  00455710 f   slog_ld:slog.obj
 0001:00054c60       _slogHex                   00455c60 f   slog_ld:sloghex.obj
 0001:00054c80       __slogHex                  00455c80 f   slog_ld:sloghex.obj
 0001:00055170       __slogStr                  00456170 f   slog_ld:sloghex.obj
 0001:00055520       _slogFile                  00456520 f   slog_ld:slogfil.obj
 0001:00055a10       _slogCloseFile             00456a10 f   slog_ld:slogfil.obj
 0001:00055a80       _slogCloneFile             00456a80 f   slog_ld:slogfil.obj
 0001:00055bd0       _slogCloneFileEx           00456bd0 f   slog_ld:slogfil.obj
 0001:00055d20       _slogDeleteFile            00456d20 f   slog_ld:slogfil.obj
 0001:00055f70       _slog_get_index_file_name  00456f70 f   slog_ld:slogfil.obj
 0001:00056600       _slogMem                   00457600 f   slog_ld:slogmem.obj
 0001:000567b0       _slogDumpMem               004577b0 f   slog_ld:slogmem.obj
 0001:00056aa0       _slogResetMem              00457aa0 f   slog_ld:slogmem.obj
 0001:00056b40       _slogMemInit               00457b40 f   slog_ld:slogmem.obj
 0001:00056c30       _slogGetMemMsg             00457c30 f   slog_ld:slogmem.obj
 0001:00056e60       _slogGetMemCount           00457e60 f   slog_ld:slogmem.obj
 0001:00056ee0       _qMemInit                  00457ee0 f   slog_ld:qmem.obj
 0001:00056fd0       _qMemAlloc                 00457fd0 f   slog_ld:qmem.obj
 0001:00057140       _qMemFree                  00458140 f   slog_ld:qmem.obj
 0001:000571a0       _gse_mgmt_msg_decode       004581a0 f   gse_mgmt_ld:gse_mgmt_dec.obj
 0001:00058a80       _gse_mgmt_msg_free         00459a80 f   gse_mgmt_ld:gse_mgmt_dec.obj
 0001:00058bf0       _getGoRefReqEncode         00459bf0 f   gse_mgmt_ld:gse_mgmt_enc.obj
 0001:00058e60       _getGOOSEEleNumReqEncode   00459e60 f   gse_mgmt_ld:gse_mgmt_enc.obj
 0001:000590d0       _getGsRefReqEncode         0045a0d0 f   gse_mgmt_ld:gse_mgmt_enc.obj
 0001:00059100       _getGSSEDataOffsetReqEncode 0045a100 f   gse_mgmt_ld:gse_mgmt_enc.obj
 0001:00059110       _gse_mgmt_NotSupported     0045a110 f   gse_mgmt_ld:gse_mgmt_enc.obj
 0001:00059120       _getGlbErrorRspEncode      0045a120 f   gse_mgmt_ld:gse_mgmt_enc.obj
 0001:00059340       _getGoRefRspEncode         0045a340 f   gse_mgmt_ld:gse_mgmt_enc.obj
 0001:00059680       _getGOOSEEleNumRspEncode   0045a680 f   gse_mgmt_ld:gse_mgmt_enc.obj
 0001:000599c0       _getGsRefRspEncode         0045a9c0 f   gse_mgmt_ld:gse_mgmt_enc.obj
 0001:00059d00       _getGSSEDataOffsetRspEncode 0045ad00 f   gse_mgmt_ld:gse_mgmt_enc.obj
 0001:0005a040       __ms_set_cs_check          0045b040 f   mmsl_ld:mms_ced.obj
 0001:0005a060       __ms_set_cs_check2         0045b060 f   mmsl_ld:mms_ced.obj
 0001:0005a0a0       __ms_chk_for_extern        0045b0a0 f   mmsl_ld:mms_ced.obj
 0001:0005a150       _mms_req_not_supp          0045b150 f   mmsl_ld:mms_ced.obj
 0001:0005a1c0       _mms_rsp_not_supp          0045b1c0 f   mmsl_ld:mms_ced.obj
 0001:0005a200       __mms_null_pdu_dec         0045b200 f   mmsl_ld:mms_ced.obj
 0001:0005a240       __mms_dec_done_ok          0045b240 f   mmsl_ld:mms_ced.obj
 0001:0005a270       __mms_dec_buf_free         0045b270 f   mmsl_ld:mms_ced.obj
 0001:0005a290       __ms_fin_pdu               0045b290 f   mmsl_ld:mms_ced.obj
 0001:0005a2d0       __ms_fin_pdu_log           0045b2d0 f   mmsl_ld:mms_ced.obj
 0001:0005a380       _mms_init_req              0045b380 f   mmsl_ld:rs_init.obj
 0001:0005a3c0       _mpl_init_resp             0045b3c0 f   mmsl_ld:rs_init.obj
 0001:0005a470       _mms_write_req             0045b470 f   mmsl_ld:rs_write.obj
 0001:0005a760       _mpl_write_resp            0045b760 f   mmsl_ld:rs_write.obj
 0001:0005a780       __ms_mk_write_resp         0045b780 f   mmsl_ld:rs_write.obj
 0001:0005a830       _mms_read_req              0045b830 f   mmsl_ld:rs_read.obj
 0001:0005aa40       _mpl_read_resp             0045ba40 f   mmsl_ld:rs_read.obj
 0001:0005aa60       __ms_mk_read_resp          0045ba60 f   mmsl_ld:rs_read.obj
 0001:0005ab40       __ms_mms_decode            0045bb40 f   mmsl_ld:mmsdec.obj
 0001:0005b750       __m_get_dec_buf            0045c750 f   mmsl_ld:mmsdec.obj
 0001:0005b790       _mpl_init_err              0045c790 f   mmsl_ld:mms_err2.obj
 0001:0005b7b0       __mms_fin_null_resp        0045c7b0 f   mmsl_ld:mmsl_fin.obj
 0001:0005b880       __mms_fin_null_req         0045c880 f   mmsl_ld:mmsl_fin.obj
 0001:0005b970       __mms_resp_fin             0045c970 f   mmsl_ld:mmsl_fin.obj
 0001:0005ba40       __mms_req_fin              0045ca40 f   mmsl_ld:mmsl_fin.obj
 0001:0005bb20       __mms_unconf_req_fin       0045cb20 f   mmsl_ld:mmsl_fin.obj
 0001:0005bbb0       _mpl_resp_log              0045cbb0 f   mmsl_ld:mmsl_fin.obj
 0001:0005bc30       _mpl_req_log               0045cc30 f   mmsl_ld:mmsl_fin.obj
 0001:0005bc80       _mpl_unsol_req_log         0045cc80 f   mmsl_ld:mmsl_fin.obj
 0001:0005bcd0       _mms_reject                0045ccd0 f   mmsl_ld:mms_rej.obj
 0001:0005be80       _mpl_reject_resp           0045ce80 f   mmsl_ld:mms_rej.obj
 0001:0005bf30       __ms_mk_reject             0045cf30 f   mmsl_ld:mms_rej.obj
 0001:0005bfe0       _mms_err_invoke_fun        0045cfe0 f   mmsl_ld:mms_err.obj
 0001:0005c0f0       _mms_err_rsp               0045d0f0 f   mmsl_ld:mms_err.obj
 0001:0005c140       __mms_get_service_err      0045d140 f   mmsl_ld:mms_err.obj
 0001:0005c9d0       _mpl_err_resp              0045d9d0 f   mmsl_ld:mms_err.obj
 0001:0005cae0       __ms_mk_err_resp           0045dae0 f   mmsl_ld:mms_err.obj
 0001:0005cc50       __ms_wr_service_err        0045dc50 f   mmsl_ld:mms_err.obj
 0001:0005cf40       _ms_asn1_to_local_aa       0045df40 f   mmsl_ld:msdataas.obj
 0001:0005cf80       _ms_local_to_asn1_aa       0045df80 f   mmsl_ld:msdataas.obj
 0001:0005cfc0       _ms_asn1_to_local          0045dfc0 f   mmsl_ld:mmsdata.obj
 0001:0005e800       _ms_local_to_asn1          0045f800 f   mmsl_ld:mmsdata.obj
 0001:0005f2e0       _ms_local_to_asn1_easy     004602e0 f   mmsl_ld:mmsdata.obj
 0001:0005f350       _ms_local_to_asn1_2        00460350 f   mmsl_ld:mmsdata.obj
 0001:0005f450       _ms_asn1_to_aa             00460450 f   mmsl_ld:mms_alta.obj
 0001:0005ffa0       _ms_aa_to_asn1             00460fa0 f   mmsl_ld:mms_alta.obj
 0001:00060610       _ms_log_alt_access         00461610 f   mmsl_ld:mms_alta.obj
 0001:000609e0       _ms_aa_to_asn1_2           004619e0 f   mmsl_ld:mms_alta.obj
 0001:00060a50       _ms_rt_size_calc           00461a50 f   mmsl_ld:mms_tdef.obj
 0001:00060bf0       __ms_m_get_rt_info         00461bf0 f   mmsl_ld:mms_tdef.obj
 0001:00061200       _ms_get_blocked_length     00462200 f   mmsl_ld:mms_tdef.obj
 0001:00061390       _ms_log_runtime            00462390 f   mmsl_ld:mms_tdef.obj
 0001:00061970       _ms_runtime_create         00462970 f   mmsl_ld:mms_tdef.obj
 0001:00063550       _ms_runtime_destroy        00464550 f   mmsl_ld:mms_tdef.obj
 0001:000635d0       _ms_is_rt_prim             004645d0 f   mmsl_ld:mms_tdef.obj
 0001:00063620       _ms_rt_el_tag_text         00464620 f   mmsl_ld:mms_tdef.obj
 0001:00063750       _ms_rt_bld_start           00464750 f   mmsl_ld:mms_tdef.obj
 0001:00063820       _ms_rt_bld_cancel          00464820 f   mmsl_ld:mms_tdef.obj
 0001:00063890       _ms_rt_bld_finish          00464890 f   mmsl_ld:mms_tdef.obj
 0001:00063a50       _ms_rt_bld_remove_last     00464a50 f   mmsl_ld:mms_tdef.obj
 0001:00063b20       _ms_rt_bld_chk_state       00464b20 f   mmsl_ld:mms_tdef.obj
 0001:00063bb0       _ms_rt_bld_get_count       00464bb0 f   mmsl_ld:mms_tdef.obj
 0001:00063be0       _ms_rt_bld_get_max_count   00464be0 f   mmsl_ld:mms_tdef.obj
 0001:00063c20       _ms_rt_bld_add_str_start   00464c20 f   mmsl_ld:mms_tdef.obj
 0001:00063d70       _ms_rt_bld_add_str_end     00464d70 f   mmsl_ld:mms_tdef.obj
 0001:00063ef0       _ms_rt_bld_add_arr_start   00464ef0 f   mmsl_ld:mms_tdef.obj
 0001:00063fa0       _ms_rt_bld_add_arr_end     00464fa0 f   mmsl_ld:mms_tdef.obj
 0001:00064130       _ms_rt_bld_add_bool        00465130 f   mmsl_ld:mms_tdef.obj
 0001:000641c0       _ms_rt_bld_add_int         004651c0 f   mmsl_ld:mms_tdef.obj
 0001:00064250       _ms_rt_bld_add_uint        00465250 f   mmsl_ld:mms_tdef.obj
 0001:000642e0       _ms_rt_bld_add_float       004652e0 f   mmsl_ld:mms_tdef.obj
 0001:00064370       _ms_rt_bld_add_bstring     00465370 f   mmsl_ld:mms_tdef.obj
 0001:00064400       _ms_rt_bld_add_bvstring    00465400 f   mmsl_ld:mms_tdef.obj
 0001:00064490       _ms_rt_bld_add_vstring     00465490 f   mmsl_ld:mms_tdef.obj
 0001:00064520       _ms_rt_bld_add_utctime     00465520 f   mmsl_ld:mms_tdef.obj
 0001:000645b0       _ms_rt_bld_add_btime6      004655b0 f   mmsl_ld:mms_tdef.obj
 0001:00064640       _ms_rt_bld_add_ostring     00465640 f   mmsl_ld:mms_tdef.obj
 0001:000646d0       _ms_rt_bld_add_ovstring    004656d0 f   mmsl_ld:mms_tdef.obj
 0001:00064760       _ms_rt_bld_add_utf8vstring 00465760 f   mmsl_ld:mms_tdef.obj
 0001:000647f0       _ms_rt_bld_add_special     004657f0 f   mmsl_ld:mms_tdef.obj
 0001:00064890       _ms_mk_asn1_type           00465890 f   mmsl_ld:ms_tdef.obj
 0001:00065c30       _ms_asn1_to_tdl            00466c30 f   mmsl_ld:ms_tdef.obj
 0001:00065d50       _ms_runtime_to_tdl         00466d50 f   mmsl_ld:ms_tdef.obj
 0001:00066470       _ms_tdl_to_runtime         00467470 f   mmsl_ld:ms_tdef.obj
 0001:000664c0       _mpl_info                  004674c0 f   mmsl_ld:rq_info.obj
[...]
 0003:00023cc4       _u_mvl_wr_ind_var_start    004e0cc4     <common>
 0003:00023cc8       _u_mvlu_leaf_wr_ind_fun    004e0cc8     <common>
 0003:00023ccc       _u_mvl_rd_ind_start        004e0ccc     <common>
 0003:00023cdc       _u_mvl_rd_resp_sent        004e0cdc     <common>
 0003:00023ce0       _u_mvl_wr_ind_start        004e0ce0     <common>
 0003:00023cf0       _u_mvl_wr_resp_sent        004e0cf0     <common>
 0003:00023cf4       _u_mvl_nvl_destroy         004e0cf4     <common>
 0003:00023d04       _u_mvl_jou_destroy         004e0d04     <common>
 0003:00023d08       _u_mvl_dom_destroy         004e0d08     <common>
 0003:00023d0c       _u_mvl_var_destroy         004e0d0c     <common>
 0003:00023d20       _mvl_max_dyn               004e0d20     <common>
 0003:00023d60       _sbo_pool                  004e0d60     <common>
 0003:00024548       __mvl_comm_serve_active    004e1548     <common>
 0003:00024552       _mvl_conn_filtered_logging 004e1552     <common>
 0003:00024553       __mvl_persist_aa_objs      004e1553     <common>
 0003:00024554       _u_mvl_check_timeout       004e1554     <common>
 0003:00024558       _qMemElemSize              004e1558     <common>
 0003:00024564       _slog_service_fun          004e1564     <common>
 0003:0002457c       __slog_remote_fun          004e157c     <common>
 0003:00024580       __slog_dyn_log_fun         004e1580     <common>
 0003:000245a0       _slogTimeText              004e15a0     <common>
 0003:000245c0       _slog_dyn_log_fun          004e15c0     <common>
 0003:000245c4       _slog_remote_fun           004e15c4     <common>
 0003:000245c8       _slogRemoteFlags           004e15c8     <common>
 0003:000245cc       _u_rt_type_process         004e15cc     <common>
 0003:000245d8       _ml_log_unsol_req_info_fun 004e15d8     <common>
 0003:000245ec       _ml_log_req_info_fun       004e15ec     <common>
 0003:000245f0       _ml_log_unsol_ind_info_fun 004e15f0     <common>
 0003:000245f4       _ml_log_resp_info_fun      004e15f4     <common>
 0003:000245f8       _ml_log_error_resp_fun     004e15f8     <common>
 0003:000245fc       _ml_log_conf_info_fun      004e15fc     <common>
 0003:00024600       _ml_log_ind_info_fun       004e1600     <common>
 0003:00024604       _ml_log_reject_send_fun    004e1604     <common>
 0003:00024608       _ml_log_error_conf_fun     004e1608     <common>
 0003:0002460c       _ml_log_reject_recv_fun    004e160c     <common>
 0003:00024610       _m_free_os_fun             004e1610     <common>
 0003:00024620       _m_calloc_os_fun           004e1620     <common>
 0003:00024624       _m_realloc_os_fun          004e1624     <common>
 0003:00024630       _cs_send                   004e1630     <common>
 0003:00024660       _mmsl_enc_buf              004e1660     <common>
 0003:00024664       __mmsdec_msglen            004e1664     <common>
 0003:00024668       __mms_dec_info_pres        004e1668     <common>
 0003:00024669       _cs_send_reset_val         004e1669     <common>
 0003:0002466c       _mmsl_dec_info_size        004e166c     <common>
 0003:00024680       _adtnl_err_info            004e1680     <common>
 0003:000246b4       _m_hw_rt_aa_ctrl           004e16b4     <common>
 0003:000246b8       __mmsdec_rslt              004e16b8     <common>
 0003:000246bc       __mms_dec_info             004e16bc     <common>
 0003:000246c0       __mmsdec_msgptr            004e16c0     <common>
 0003:000246c4       _m_alt_acc_packed          004e16c4     <common>
 0003:000246c8       _m_hw_dec_aa               004e16c8     <common>
 0003:000246cc       _mms_op_err                004e16cc     <common>
 0003:000246d0       _m_use_dis_float           004e16d0     <common>
 0003:000246d4       _mmsl_msg_len              004e16d4     <common>
 0003:000246d8       _mmsl_enc_buf_size         004e16d8     <common>
 0003:000246dc       _mmsl_msg_start            004e16dc     <common>
 0003:000246e0       _modifier_list             004e16e0     <common>
 0003:000246ec       __debugger_hook_dummy      004e16ec     <common>
 0003:000246f8       ___setlc_active            004e16f8     <common>
 0003:00024708       ___unguarded_readlc_active 004e1708     <common>
 0003:0002470c       ___active_heap             004e170c     <common>
 0003:00024718       ___sbh_initialized         004e1718     <common>
 0003:0002472c       ___sbh_cntHeaderList       004e172c     <common>
 0003:00024730       ___sbh_pHeaderList         004e1730     <common>
 0003:00024734       ___sbh_threshold           004e1734     <common>
 0003:00024738       ___sbh_pHeaderScan         004e1738     <common>
 0003:0002473c       ___sbh_sizeHeaderList      004e173c     <common>
 0003:00024740       ___sbh_indGroupDefer       004e1740     <common>
 0003:00024744       __nhandle                  004e1744     <common>
 0003:000247a0       ___pioinfo                 004e17a0     <common>
 0003:000248a0       ___sse2_available          004e18a0     <common>
 0003:000248ac       __pDestructExceptionObject 004e18ac     <common>
 0003:000248b8       __acmdln                   004e18b8     <common>
 0003:000248c4       ___env_initialized         004e18c4     <common>
 0003:000248d8       ___onexitend               004e18d8     <common>
 0003:000248dc       ___onexitbegin             004e18dc     <common>
 0003:000248e0       ___mbctype_initialized     004e18e0     <common>
 0003:000248e4       ___dyn_tls_init_callback   004e18e4     <common>
 0003:000248e8       ___piob                    004e18e8     <common>
 0003:00024c40       __bufin                    004e1c40     <common>
 0003:00025c40       __nstream                  004e2c40     <common>
 0004:00000000       __IMPORT_DESCRIPTOR_WS2_32 004e3000     ws2_32:WS2_32.dll
 0004:00000014       __IMPORT_DESCRIPTOR_WINMM  004e3014     winmm:WINMM.dll
 0004:00000028       __IMPORT_DESCRIPTOR_wpcap  004e3028     wpcap:wpcap.dll
 0004:0000003c       __IMPORT_DESCRIPTOR_packet 004e303c     Packet:packet.dll
 0004:00000050       __IMPORT_DESCRIPTOR_KERNEL32 004e3050     kernel32:KERNEL32.dll
 0004:00000064       __IMPORT_DESCRIPTOR_ADVAPI32 004e3064     advapi32:ADVAPI32.dll
 0004:00000078       __NULL_IMPORT_DESCRIPTOR   004e3078     ws2_32:WS2_32.dll
 0004:00000478       __imp__InitializeSecurityDescriptor@8 004e3478     advapi32:ADVAPI32.dll
 0004:0000047c       __imp__SetSecurityDescriptorDacl@16 004e347c     advapi32:ADVAPI32.dll
 0004:00000480       \177ADVAPI32_NULL_THUNK_DATA 004e3480     advapi32:ADVAPI32.dll
 0004:000004ac       __imp__ReadConsoleInputA@16 004e34ac     kernel32:KERNEL32.dll
 0004:000004b0       __imp__SetConsoleMode@8    004e34b0     kernel32:KERNEL32.dll
 0004:000004b4       __imp__PeekConsoleInputA@16 004e34b4     kernel32:KERNEL32.dll
 0004:000004b8       __imp__PeekNamedPipe@24    004e34b8     kernel32:KERNEL32.dll
 0004:000004bc       __imp__SetEnvironmentVariableA@8 004e34bc     kernel32:KERNEL32.dll
 0004:000004c0       __imp__CompareStringW@24   004e34c0     kernel32:KERNEL32.dll
 0004:000004c4       __imp__CompareStringA@24   004e34c4     kernel32:KERNEL32.dll
 0004:000004c8       __imp__GetProcessHeap@0    004e34c8     kernel32:KERNEL32.dll
 0004:000004cc       __imp__SetEndOfFile@4      004e34cc     kernel32:KERNEL32.dll
 0004:000004d0       __imp__IsValidLocale@8     004e34d0     kernel32:KERNEL32.dll
 0004:000004d4       __imp__EnumSystemLocalesA@8 004e34d4     kernel32:KERNEL32.dll
 0004:000004d8       __imp__GetUserDefaultLCID@0 004e34d8     kernel32:KERNEL32.dll
 0004:000004dc       __imp__GetStringTypeW@16   004e34dc     kernel32:KERNEL32.dll
 0004:000004e0       __imp__GetStringTypeA@20   004e34e0     kernel32:KERNEL32.dll
 0004:000004e4       __imp__CreateFileA@28      004e34e4     kernel32:KERNEL32.dll
 0004:000004e8       __imp__GetConsoleOutputCP@0 004e34e8     kernel32:KERNEL32.dll
 0004:000004ec       __imp__WriteConsoleA@20    004e34ec     kernel32:KERNEL32.dll
 0004:000004f0       __imp__GetLocaleInfoW@16   004e34f0     kernel32:KERNEL32.dll
 0004:000004f4       __imp__HeapSize@12         004e34f4     kernel32:KERNEL32.dll
 0004:000004f8       __imp__SetFilePointer@16   004e34f8     kernel32:KERNEL32.dll
 0004:000004fc       __imp__FlushFileBuffers@4  004e34fc     kernel32:KERNEL32.dll
 0004:00000500       __imp__LCMapStringW@24     004e3500     kernel32:KERNEL32.dll
 0004:00000504       __imp__LCMapStringA@24     004e3504     kernel32:KERNEL32.dll
 0004:00000508       __imp__IsValidCodePage@4   004e3508     kernel32:KERNEL32.dll
 0004:0000050c       __imp__GetOEMCP@0          004e350c     kernel32:KERNEL32.dll
 0004:00000510       __imp__GetACP@0            004e3510     kernel32:KERNEL32.dll
 0004:00000514       __imp__GetCPInfo@8         004e3514     kernel32:KERNEL32.dll
 0004:00000518       __imp__GetCurrentProcessId@0 004e3518     kernel32:KERNEL32.dll
 0004:0000051c       __imp__GetTickCount@0      004e351c     kernel32:KERNEL32.dll
 0004:00000520       __imp__GetEnvironmentStringsW@0 004e3520     kernel32:KERNEL32.dll
 0004:00000524       __imp__FreeEnvironmentStringsW@4 004e3524     kernel32:KERNEL32.dll
 0004:00000528       __imp__GetEnvironmentStrings@0 004e3528     kernel32:KERNEL32.dll
 0004:0000052c       __imp__FreeEnvironmentStringsA@4 004e352c     kernel32:KERNEL32.dll
 0004:00000530       __imp__SetStdHandle@8      004e3530     kernel32:KERNEL32.dll
 0004:00000534       __imp__ReadFile@20         004e3534     kernel32:KERNEL32.dll
 0004:00000538       __imp__MultiByteToWideChar@24 004e3538     kernel32:KERNEL32.dll
 0004:0000053c       __imp__GetModuleHandleA@4  004e353c     kernel32:KERNEL32.dll
 0004:00000540       __imp__RtlUnwind@16        004e3540     kernel32:KERNEL32.dll
 0004:00000544       __imp__InitializeCriticalSection@4 004e3544     kernel32:KERNEL32.dll
 0004:00000548       __imp__GetLastError@0      004e3548     kernel32:KERNEL32.dll
 0004:0000054c       __imp__CreateMutexA@12     004e354c     kernel32:KERNEL32.dll
 0004:00000550       __imp__LocalFree@4         004e3550     kernel32:KERNEL32.dll
 0004:00000554       __imp__LocalAlloc@8        004e3554     kernel32:KERNEL32.dll
 0004:00000558       __imp__GetCurrentThreadId@0 004e3558     kernel32:KERNEL32.dll
 0004:0000055c       __imp__EnterCriticalSection@4 004e355c     kernel32:KERNEL32.dll
 0004:00000560       __imp__ReleaseMutex@4      004e3560     kernel32:KERNEL32.dll
 0004:00000564       __imp__LeaveCriticalSection@4 004e3564     kernel32:KERNEL32.dll
 0004:00000568       __imp__CloseHandle@4       004e3568     kernel32:KERNEL32.dll
 0004:0000056c       __imp__DeleteCriticalSection@4 004e356c     kernel32:KERNEL32.dll
 0004:00000570       __imp__CreateEventA@16     004e3570     kernel32:KERNEL32.dll
 0004:00000574       __imp__WaitForSingleObject@8 004e3574     kernel32:KERNEL32.dll
 0004:00000578       __imp__WaitForMultipleObjects@16 004e3578     kernel32:KERNEL32.dll
 0004:0000057c       __imp__SetEvent@4          004e357c     kernel32:KERNEL32.dll
 0004:00000580       __imp__PulseEvent@4        004e3580     kernel32:KERNEL32.dll
 0004:00000584       __imp__ResetEvent@4        004e3584     kernel32:KERNEL32.dll
 0004:00000588       __imp__RaiseException@16   004e3588     kernel32:KERNEL32.dll
 0004:0000058c       __imp__GetVersionExA@4     004e358c     kernel32:KERNEL32.dll
 0004:00000590       __imp__FormatMessageA@28   004e3590     kernel32:KERNEL32.dll
 0004:00000594       __imp__Sleep@4             004e3594     kernel32:KERNEL32.dll
 0004:00000598       __imp__GetLocaleInfoA@16   004e3598     kernel32:KERNEL32.dll
 0004:0000059c       __imp__GetLocalTime@4      004e359c     kernel32:KERNEL32.dll
 0004:000005a0       __imp__QueryPerformanceCounter@4 004e35a0     kernel32:KERNEL32.dll
 0004:000005a4       __imp__QueryPerformanceFrequency@4 004e35a4     kernel32:KERNEL32.dll
 0004:000005a8       __imp__WriteConsoleW@20    004e35a8     kernel32:KERNEL32.dll
 0004:000005ac       __imp__GetFileType@4       004e35ac     kernel32:KERNEL32.dll
 0004:000005b0       __imp__GetStdHandle@4      004e35b0     kernel32:KERNEL32.dll
 0004:000005b4       __imp__GetModuleFileNameW@12 004e35b4     kernel32:KERNEL32.dll
 0004:000005b8       __imp__SetConsoleCtrlHandler@8 004e35b8     kernel32:KERNEL32.dll
 0004:000005bc       __imp__GetSystemTimeAsFileTime@4 004e35bc     kernel32:KERNEL32.dll
 0004:000005c0       __imp__GetModuleHandleW@4  004e35c0     kernel32:KERNEL32.dll
 0004:000005c4       __imp__GetProcAddress@8    004e35c4     kernel32:KERNEL32.dll
 0004:000005c8       __imp__ExitProcess@4       004e35c8     kernel32:KERNEL32.dll
 0004:000005cc       __imp__HeapAlloc@12        004e35cc     kernel32:KERNEL32.dll
 0004:000005d0       __imp__HeapFree@12         004e35d0     kernel32:KERNEL32.dll
 0004:000005d4       __imp__FileTimeToSystemTime@8 004e35d4     kernel32:KERNEL32.dll
 0004:000005d8       __imp__FileTimeToLocalFileTime@8 004e35d8     kernel32:KERNEL32.dll
 0004:000005dc       __imp__GetFileInformationByHandle@8 004e35dc     kernel32:KERNEL32.dll
 0004:000005e0       __imp__GetNumberOfConsoleInputEvents@8 004e35e0     kernel32:KERNEL32.dll
 0004:000005e4       __imp__GetCommandLineA@0   004e35e4     kernel32:KERNEL32.dll
 0004:000005e8       __imp__ExitThread@4        004e35e8     kernel32:KERNEL32.dll
 0004:000005ec       __imp__CreateThread@24     004e35ec     kernel32:KERNEL32.dll
 0004:000005f0       __imp__GetTimeFormatA@24   004e35f0     kernel32:KERNEL32.dll
 0004:000005f4       __imp__GetDateFormatA@24   004e35f4     kernel32:KERNEL32.dll
 0004:000005f8       __imp__GetTimeZoneInformation@4 004e35f8     kernel32:KERNEL32.dll
 0004:000005fc       __imp__HeapReAlloc@16      004e35fc     kernel32:KERNEL32.dll
 0004:00000600       __imp__DeleteFileA@4       004e3600     kernel32:KERNEL32.dll
 0004:00000604       __imp__TerminateProcess@8  004e3604     kernel32:KERNEL32.dll
 0004:00000608       __imp__GetCurrentProcess@0 004e3608     kernel32:KERNEL32.dll
 0004:0000060c       __imp__UnhandledExceptionFilter@4 004e360c     kernel32:KERNEL32.dll
 0004:00000610       __imp__SetUnhandledExceptionFilter@4 004e3610     kernel32:KERNEL32.dll
 0004:00000614       __imp__IsDebuggerPresent@0 004e3614     kernel32:KERNEL32.dll
 0004:00000618       __imp__LoadLibraryW@4      004e3618     kernel32:KERNEL32.dll
 0004:0000061c       __imp__FatalAppExitA@8     004e361c     kernel32:KERNEL32.dll
 0004:00000620       __imp__TlsGetValue@4       004e3620     kernel32:KERNEL32.dll
 0004:00000624       __imp__TlsAlloc@0          004e3624     kernel32:KERNEL32.dll
 0004:00000628       __imp__TlsSetValue@8       004e3628     kernel32:KERNEL32.dll
 0004:0000062c       __imp__TlsFree@4           004e362c     kernel32:KERNEL32.dll
 0004:00000630       __imp__InterlockedIncrement@4 004e3630     kernel32:KERNEL32.dll
 0004:00000634       __imp__SetLastError@4      004e3634     kernel32:KERNEL32.dll
 0004:00000638       __imp__InterlockedDecrement@4 004e3638     kernel32:KERNEL32.dll
 0004:0000063c       __imp__GetCurrentThread@0  004e363c     kernel32:KERNEL32.dll
 0004:00000640       __imp__SetHandleCount@4    004e3640     kernel32:KERNEL32.dll
 0004:00000644       __imp__GetStartupInfoA@4   004e3644     kernel32:KERNEL32.dll
 0004:00000648       __imp__WriteFile@20        004e3648     kernel32:KERNEL32.dll
 0004:0000064c       __imp__GetModuleFileNameA@12 004e364c     kernel32:KERNEL32.dll
 0004:00000650       __imp__FreeLibrary@4       004e3650     kernel32:KERNEL32.dll
 0004:00000654       __imp__InterlockedExchange@8 004e3654     kernel32:KERNEL32.dll
 0004:00000658       __imp__LoadLibraryA@4      004e3658     kernel32:KERNEL32.dll
 0004:0000065c       __imp__InitializeCriticalSectionAndSpinCount@8 004e365c     kernel32:KERNEL32.dll
 0004:00000660       __imp__VirtualFree@12      004e3660     kernel32:KERNEL32.dll
 0004:00000664       __imp__VirtualAlloc@16     004e3664     kernel32:KERNEL32.dll
 0004:00000668       __imp__HeapCreate@12       004e3668     kernel32:KERNEL32.dll
 0004:0000066c       __imp__HeapDestroy@4       004e366c     kernel32:KERNEL32.dll
 0004:00000670       __imp__WideCharToMultiByte@32 004e3670     kernel32:KERNEL32.dll
 0004:00000674       __imp__GetConsoleCP@0      004e3674     kernel32:KERNEL32.dll
 0004:00000678       __imp__GetConsoleMode@8    004e3678     kernel32:KERNEL32.dll
 0004:0000067c       \177KERNEL32_NULL_THUNK_DATA 004e367c     kernel32:KERNEL32.dll
 0004:00000704       __imp__timeGetTime@0       004e3704     winmm:WINMM.dll
 0004:00000708       \177WINMM_NULL_THUNK_DATA  004e3708     winmm:WINMM.dll
 0004:00000734       __imp__ioctlsocket@12      004e3734     ws2_32:WS2_32.dll
 0004:00000738       __imp__accept@12           004e3738     ws2_32:WS2_32.dll
 0004:0000073c       __imp__ntohs@4             004e373c     ws2_32:WS2_32.dll
 0004:00000740       __imp__inet_ntoa@4         004e3740     ws2_32:WS2_32.dll
 0004:00000744       __imp____WSAFDIsSet@8      004e3744     ws2_32:WS2_32.dll
 0004:00000748       __imp__getsockopt@20       004e3748     ws2_32:WS2_32.dll
 0004:0000074c       __imp__recv@16             004e374c     ws2_32:WS2_32.dll
 0004:00000750       __imp__select@20           004e3750     ws2_32:WS2_32.dll
 0004:00000754       __imp__send@16             004e3754     ws2_32:WS2_32.dll
 0004:00000758       __imp__bind@12             004e3758     ws2_32:WS2_32.dll
 0004:0000075c       __imp__setsockopt@20       004e375c     ws2_32:WS2_32.dll
 0004:00000760       __imp__socket@12           004e3760     ws2_32:WS2_32.dll
 0004:00000764       __imp__WSAGetLastError@0   004e3764     ws2_32:WS2_32.dll
 0004:00000768       __imp__inet_addr@4         004e3768     ws2_32:WS2_32.dll
 0004:0000076c       __imp__gethostbyname@4     004e376c     ws2_32:WS2_32.dll
 0004:00000770       __imp__htons@4             004e3770     ws2_32:WS2_32.dll
 0004:00000774       __imp__connect@12          004e3774     ws2_32:WS2_32.dll
 0004:00000778       __imp__closesocket@4       004e3778     ws2_32:WS2_32.dll
 0004:0000077c       __imp__WSAStartup@8        004e377c     ws2_32:WS2_32.dll
 0004:00000780       __imp__htonl@4             004e3780     ws2_32:WS2_32.dll
 0004:00000784       __imp__ntohl@4             004e3784     ws2_32:WS2_32.dll
 0004:00000788       __imp__listen@8            004e3788     ws2_32:WS2_32.dll
 0004:0000078c       __imp__getpeername@12      004e378c     ws2_32:WS2_32.dll
 0004:00000790       \177WS2_32_NULL_THUNK_DATA 004e3790     ws2_32:WS2_32.dll
 0004:000007cc       __imp__PacketRequest       004e37cc     Packet:packet.dll
 0004:000007d0       __imp__PacketCloseAdapter  004e37d0     Packet:packet.dll
 0004:000007d4       __imp__PacketOpenAdapter   004e37d4     Packet:packet.dll
 0004:000007d8       \177packet_NULL_THUNK_DATA 004e37d8     Packet:packet.dll
 0004:00000804       __imp__pcap_next           004e3804     wpcap:wpcap.dll
 0004:00000808       __imp__pcap_findalldevs    004e3808     wpcap:wpcap.dll
 0004:0000080c       __imp__pcap_open_live      004e380c     wpcap:wpcap.dll
 0004:00000810       __imp__pcap_setfilter      004e3810     wpcap:wpcap.dll
 0004:00000814       __imp__pcap_setnonblock    004e3814     wpcap:wpcap.dll
 0004:00000818       __imp__pcap_getevent       004e3818     wpcap:wpcap.dll
 0004:0000081c       __imp__pcap_setmintocopy   004e381c     wpcap:wpcap.dll
 0004:00000820       __imp__pcap_compile        004e3820     wpcap:wpcap.dll
 0004:00000824       __imp__pcap_geterr         004e3824     wpcap:wpcap.dll
 0004:00000828       __imp__pcap_freealldevs    004e3828     wpcap:wpcap.dll
 0004:0000082c       __imp__pcap_sendpacket     004e382c     wpcap:wpcap.dll
 0004:00000830       \177wpcap_NULL_THUNK_DATA  004e3830     wpcap:wpcap.dll

 entry point at        0001:0006b1d3

