 iecgoose_ld

 Timestamp is 4f8c1c15 (Mon Apr 16 21:18:13 2012)

 Preferred load address is 00400000

 Start         Length     Name                   Class
 0001:00000000 000ddc77H .text                   CODE
 0002:00000000 00000104H .CRT$XCA                DATA
 0002:00000104 00000104H .CRT$XCZ                DATA
 0002:00000208 00000104H .CRT$XIA                DATA
 0002:0000030c 00000113H .CRT$XIC                DATA
 0002:00000420 00000104H .CRT$XIY                DATA
 0002:00000524 00000104H .CRT$XIZ                DATA
 0002:00000628 00000104H .CRT$XPA                DATA
 0002:0000072c 00000104H .CRT$XPX                DATA
 0002:00000830 00000104H .CRT$XPXA               DATA
 0002:00000934 00000104H .CRT$XPZ                DATA
 0002:00000a38 00000104H .CRT$XTA                DATA
 0002:00000b3c 00000104H .CRT$XTZ                DATA
 0002:00000c40 00002c84H .rdata                  DATA
 0002:000038c4 00000175H .rdata$debug            DATA
 0002:00003a40 0000010eH .rdata$sxdata           DATA
 0002:00003b50 00000104H .rtc$IAA                DATA
 0002:00003c54 00000104H .rtc$IZZ                DATA
 0002:00003d58 00000104H .rtc$TAA                DATA
 0002:00003e5c 00000104H .rtc$TZZ                DATA
 0002:00003f60 00000cb8H .xdata$x                DATA
 0002:00004c18 00000000H .edata                  DATA
 0003:00000000 0002dd03H .data                   DATA
 0003:0002dd20 0000c324H .bss                    DATA
 0004:00000000 00000078H .idata$2                DATA
 0004:00000078 00000014H .idata$3                DATA
 0004:0000008c 000003e0H .idata$4                DATA
 0004:0000046c 000003e0H .idata$5                DATA
 0004:0000084c 00000bcdH .idata$6                DATA

  Address         Publics by Value              Rva+Base       Lib:Object

 0000:00000000       __except_list              00000000     <absolute>
 0000:00000003       ___safe_se_handler_count   00000003     <absolute>
 0000:00000000       ___ImageBase               00400000     <linker-defined>
 0001:00000460       _wait_any_event            00401460 f   event.obj
 0001:000004e0       _add_sending_goose         004014e0 f   iec_comn.obj
 0001:00000530       _delete_sending_goose      00401530 f   iec_comn.obj
 0001:00000570       _convert_reference_to_mms_obj 00401570 f   iec_comn.obj
 0001:00000740       _init_retrans_curve        00401740 f   iec_demo.obj
 0001:000007f0       _display_to_screen_log_fun 004017f0 f   iec_demo.obj
 0001:00000810       _callback_function         00401810 f   iec_demo.obj
 0001:00000ae0       _create_subscription_from_nvl 00401ae0 f   iec_demo.obj
 0001:00000c10       _io_scan_simulator@4       00401c10 f   iec_demo.obj
 0001:00000c40       _execute_as_publisher@4    00401c40 f   iec_demo.obj
 0001:00000de0       _execute_as_subscriber@4   00401de0 f   iec_demo.obj
 0001:00000e90       _demo_init                 00401e90 f   iec_demo.obj
 0001:00001130       _read_scl_file             00402130 f   iec_main.obj
 0001:00001210       _iecGoosePubCreateAll      00402210 f   iec_main.obj
 0001:000015a0       _iecGooseSubscribeAll      004025a0 f   iec_main.obj
 0001:00001810       _u_set_all_leaf_functions  00402810 f   iec_main.obj
 0001:000018e0       _u_mvlu_resolve_leaf_ref   004028e0 f   iec_main.obj
 0001:00001910       _main                      00402910 f   iec_main.obj
 0001:00001b10       _u_mmsl_goose_received     00402b10 f   iec_main.obj
 0001:00001b50       _u_mvlu_rpt_time_get       00402b50 f   iec_main.obj
 0001:00001ba0       _u_mvl_connect_ind_ex      00402ba0 f   iec_main.obj
 0001:00001e90       _ctrlCfun                  00402e90 f   iec_main.obj
 0001:00001ea0       _u_mvl61850_ctl_oper_begin 00402ea0 f   iec_main.obj
 0001:00001eb0       _u_mvl61850_ctl_oper_end   00402eb0 f   iec_main.obj
 0001:00001ec0       _u_mvl_scl_set_initial_value 00402ec0 f   iec_main.obj
 0001:00002260       _set_multicast_filters     00403260 f   iec_rx.obj
 0001:000023d0       _chk_iec_goose_timeout     004033d0 f   iec_rx.obj
 0001:00002450       _iecGooseSubscribe         00403450 f   iec_rx.obj
 0001:000025b0       _iecGooseUnSubscribe       004035b0 f   iec_rx.obj
 0001:00002650       _iecGooseLastRxDecode      00403650 f   iec_rx.obj
 0001:00002b40       _chk_for_goose_msg         00403b40 f   iec_rx.obj
 0001:00002e90       _get_goose_messages        00403e90 f   iec_rx.obj
 0001:000031f0       _iecGooseSubscribe2        004041f0 f   iec_rx.obj
 0001:000037c0       _retrans_goose             004047c0 f   iec_tx.obj
 0001:00003af0       _start_trans_goose         00404af0 f   iec_tx.obj
 0001:00003da0       _iecGoosePubCreate         00404da0 f   iec_tx.obj
 0001:00003f10       _iecGoosePubDestroy        00404f10 f   iec_tx.obj
 0001:00003f50       _iecGoosePublish           00404f50 f   iec_tx.obj
 0001:00004310       _logCfgAddMaskGroup        00405310 f   logcfgx.obj
 0001:00004340       _logCfgRemoveMaskGroup     00405340 f   logcfgx.obj
 0001:00004370       _logCfgRemoveAllMaskGroups 00405370 f   logcfgx.obj
 0001:00004380       __logcfg_save_logmasks     00405380 f   logcfgx.obj
 0001:00004440       __logcfg_get_logmasks      00405440 f   logcfgx.obj
 0001:00004630       __logcfg_get_logmasks_size 00405630 f   logcfgx.obj
 0001:00004720       _logCfgFindTagValPath      00405720 f   logcfgx.obj
 0001:00004770       _logCfgFindTagVal          00405770 f   logcfgx.obj
 0001:000047e0       _logCfgClearTagVals        004057e0 f   logcfgx.obj
 0001:00004860       _logcfgx_ex                00405860 f   logcfgx.obj
 0001:00004890       _logcfgx_exx               00405890 f   logcfgx.obj
 0001:00006730       _slog_ipc_std_cmd_service  00407730 f   logcfgx.obj
 0001:00006760       _slog_ipc_std_cmd_service_ex 00407760 f   logcfgx.obj
 0001:000075b0       _ms_process_arb_data       004085b0 f   mms_arb.obj
 0001:00008420       __mvl_net_service          00409420 f   Mvl_acse.obj
 0001:00008510       __mvl_free_comm_event      00409510 f   Mvl_acse.obj
 0001:000085b0       _mvl_set_max_msg_size      004095b0 f   Mvl_acse.obj
 0001:00008610       _mvl_start_acse            00409610 f   Mvl_acse.obj
 0001:00008b90       _mvl_end_acse              00409b90 f   Mvl_acse.obj
 0001:00008db0       __mvl_send_msg             00409db0 f   Mvl_acse.obj
 0001:00008f10       _find_loc_dib_entry        00409f10 f   Mvl_acse.obj
 0001:00008f70       _find_rem_dib_entry        00409f70 f   Mvl_acse.obj
 0001:00008fd0       _mvl_dib_entry_to_app_ref  00409fd0 f   Mvl_acse.obj
 0001:00009090       _mvla_set_init_ar          0040a090 f   Mvl_acse.obj
 0001:00009110       _mvl_abort_req             0040a110 f   Mvl_acse.obj
 0001:00009130       _mvl_abort_req_ex          0040a130 f   Mvl_acse.obj
 0001:00009230       _mvl_release_req           0040a230 f   Mvl_acse.obj
 0001:00009270       _mvla_release_req          0040a270 f   Mvl_acse.obj
 0001:000092b0       __mvl_release              0040a2b0 f   Mvl_acse.obj
 0001:00009390       _mvl_add_bind_ctrl         0040a390 f   Mvl_acse.obj
 0001:00009920       _u_copp_bind_cnf           0040a920 f   Mvl_acse.obj
 0001:00009960       _u_copp_unbind_cnf         0040a960 f   Mvl_acse.obj
 0001:00009980       _u_a_associate_ind         0040a980 f   Mvl_acse.obj
 0001:0000a120       _u_a_associate_cnf         0040b120 f   Mvl_acse.obj
 0001:0000a130       _u_a_data_ind              0040b130 f   Mvl_acse.obj
 0001:0000a380       _u_a_release_ind           0040b380 f   Mvl_acse.obj
 0001:0000a470       _u_a_abort_ind             0040b470 f   Mvl_acse.obj
 0001:0000a590       _u_a_release_cnf           0040b590 f   Mvl_acse.obj
 0001:0000a690       _u_a_except                0040b690 f   Mvl_acse.obj
 0001:0000a7a0       _mvl_init_audt_addr        0040b7a0 f   Mvl_acse.obj
 0001:0000aac0       _mvl_aa_resize             0040bac0 f   Mvl_acse.obj
 0001:0000ac00       __mvl_clear_aa_objs        0040bc00 f   Mvl_acse.obj
 0001:0000ad00       _mvl_aa_resize_conn        0040bd00 f   Mvl_acse.obj
 0001:0000ae30       _mvl_match_remote_ar       0040be30 f   Mvl_acse.obj
 0001:0000ae50       _mvl_match_local_ar        0040be50 f   Mvl_acse.obj
 0001:0000ae70       _mvl_cmp_local_addr        0040be70 f   Mvl_acse.obj
 0001:0000ae90       _mvl_cmp_remote_addr       0040be90 f   Mvl_acse.obj
 0001:0000aeb0       _mvl_net_info_to_chan      0040beb0 f   Mvl_acse.obj
 0001:0000b960       _mvl_cancel_ind_rcvd       0040c960 f   Mvlop_en.obj
 0001:0000b980       _mvl_concl_ind_rcvd        0040c980 f   Mvlop_en.obj
 0001:0000b9a0       _mvl_concl_conf_rcvd       0040c9a0 f   Mvlop_en.obj
 0001:0000b9c0       _mvl_ind_rcvd              0040c9c0 f   Mvlop_en.obj
 0001:0000bb20       _mvl_conf_rcvd             0040cb20 f   Mvlop_en.obj
 0001:0000bd00       _u_mvl_sbo_operate         0040cd00 f   Rdwrind.obj
 0001:0000bd30       _mvlu_null_rd_ind          0040cd30 f   Rdwrind.obj
 0001:0000bff0       _mvlu_null_wr_ind          0040cff0 f   Rdwrind.obj
 0001:0000c0d0       _u_mvl_reject_ind          0040d0d0 f   reject.obj
 0001:0000c210       _slogIpcInit               0040d210 f   slogipc.obj
 0001:0000c490       _slogIpcStop               0040d490 f   slogipc.obj
 0001:0000c610       _slogIpcEvent              0040d610 f   slogipc.obj
 0001:0000c630       _slogIpcEventEx            0040d630 f   slogipc.obj
 0001:0000c640       _slogIpc                   0040d640 f   slogipc.obj
 0001:0000cbd0       _slogIpcSendData           0040dbd0 f   slogipc.obj
 0001:0000ccb0       _slogIpcSendRawData        0040dcb0 f   slogipc.obj
 0001:0000cff0       _slog_ipc_std_cmd_fun      0040dff0 f   slogipc.obj
 0001:0000d0d0       _slogIpcCallingEnable      0040e0d0 f   slogipc.obj
 0001:0000d0f0       _slogIpcCallingEnableEx    0040e0f0 f   slogipc.obj
 0001:0000da10       _slogIpcActiveCount        0040ea10 f   slogipc.obj
 0001:0000da90       __slogIpcInitHdr           0040ea90 f   slogipc.obj
 0001:0000e130       _startup_cfg_read          0040f130 f   startup.obj
 0001:0000e690       _mvl_init_mms_objs         0040f690 f   uca_obj.obj
 0001:0000e8f0       _mvl_init_type_ctrl        0040f8f0 f   uca_obj.obj
 0001:0000e9ec       _htonl@4                   0040f9ec f   ws2_32:WS2_32.dll
 0001:0000e9f2       _ntohl@4                   0040f9f2 f   ws2_32:WS2_32.dll
 0001:0000ea00       _init_mem_chk              0040fa00 f   mem_ld:mem_chks.obj
 0001:0000ec20       _x_chk_malloc              0040fc20 f   mem_ld:mem_chks.obj
 0001:0000ef70       _x_chk_calloc              0040ff70 f   mem_ld:mem_chks.obj
 0001:0000f300       _x_chk_realloc             00410300 f   mem_ld:mem_chks.obj
 0001:0000f7f0       _x_chk_free                004107f0 f   mem_ld:mem_chks.obj
 0001:0000fb60       _x_chk_strdup              00410b60 f   mem_ld:mem_chks.obj
 0001:0000fba0       _dyn_mem_ptr_status        00410ba0 f   mem_ld:mem_chks.obj
 0001:0000fbb0       _dyn_mem_ptr_status2       00410bb0 f   mem_ld:mem_chks.obj
 0001:0000fd80       _dyn_mem_ptr_statistics    00410d80 f   mem_ld:mem_chks.obj
 0001:0000fef0       _chk_hp                    00410ef0 f   mem_ld:mem_chks.obj
 0001:0000ff10       _msoft_heap_check          00410f10 f   mem_ld:mem_chks.obj
 0001:0000ff20       _chk_alloc_ptr             00410f20 f   mem_ld:mem_chks.obj
 0001:000101a0       _check_mem_list            004111a0 f   mem_ld:mem_chks.obj
 0001:00010670       _mvl_obj_insert            00411670 f   mvlu_ld:mvl_objb.obj
 0001:000107b0       _mvl_obj_delete            004117b0 f   mvlu_ld:mvl_objb.obj
 0001:00010830       _mvl_obj_find              00411830 f   mvlu_ld:mvl_objb.obj
 0001:00010860       _mvl_obj_find_key          00411860 f   mvlu_ld:mvl_objb.obj
 0001:000108b0       _mvl_vmd_dom_insert        004118b0 f   mvlu_ld:mvl_objb.obj
 0001:000108e0       _mvl_vmd_var_insert        004118e0 f   mvlu_ld:mvl_objb.obj
 0001:00010a70       _mvl_vmd_nvl_insert        00411a70 f   mvlu_ld:mvl_objb.obj
 0001:00010c30       _mvl_vmd_jou_insert        00411c30 f   mvlu_ld:mvl_objb.obj
 0001:00010dc0       _mvl_vmd_dom_delete        00411dc0 f   mvlu_ld:mvl_objb.obj
 0001:00010df0       _mvl_vmd_var_delete        00411df0 f   mvlu_ld:mvl_objb.obj
 0001:00010f70       _mvl_vmd_nvl_delete        00411f70 f   mvlu_ld:mvl_objb.obj
 0001:000110f0       _mvl_vmd_jou_delete        004120f0 f   mvlu_ld:mvl_objb.obj
 0001:00011270       _mvl_vmd_find_dom          00412270 f   mvlu_ld:mvl_objb.obj
 0001:000112a0       _mvl_vmd_dom_find_last     004122a0 f   mvlu_ld:mvl_objb.obj
 0001:000112d0       _mvl_vmd_find_var          004122d0 f   mvlu_ld:mvl_objb.obj
 0001:00011440       _mvl_vmd_find_nvl          00412440 f   mvlu_ld:mvl_objb.obj
 0001:000115b0       _mvl_vmd_find_jou          004125b0 f   mvlu_ld:mvl_objb.obj
 0001:00011730       _mvl_sort_objs             00412730 f   mvlu_ld:mvl_objb.obj
 0001:00011840       __mvl_obj_compare          00412840 f   mvlu_ld:mvl_objb.obj
 0001:00011870       _special_type_name         00412870 f   mvlu_ld:sclproc.obj
 0001:00011980       _simple_type_name          00412980 f   mvlu_ld:sclproc.obj
 0001:00011a10       _scl2_find_enumtype        00412a10 f   mvlu_ld:sclproc.obj
 0001:00011a70       _scl2_add_btype            00412a70 f   mvlu_ld:sclproc.obj
 0001:00011b60       _find_scl_lntype           00412b60 f   mvlu_ld:sclproc.obj
 0001:00011bc0       _scl2_datatype_create_all  00412bc0 f   mvlu_ld:sclproc.obj
 0001:000143a0       _init_rpt_ctrl             004153a0 f   mvlu_ld:sclproc.obj
 0001:000149a0       _convert_initial_value     004159a0 f   mvlu_ld:sclproc.obj
 0001:00014d60       _scl2_ld_create_all        00415d60 f   mvlu_ld:sclproc.obj
 0001:000170e0       _scl_gse_find              004180e0 f   mvlu_ld:sclproc.obj
 0001:00017200       _mvl_comm_serve            00418200 f   mvlu_ld:MVL_SERV.obj
 0001:00017b10       _mvl_clr_ind_que           00418b10 f   mvlu_ld:MVL_SERV.obj
 0001:00017d90       __mvl_ind_reject           00418d90 f   mvlu_ld:MVL_SERV.obj
 0001:00017df0       __mvl_conf_reject          00418df0 f   mvlu_ld:MVL_SERV.obj
 0001:00017e20       __mvl_send_reject          00418e20 f   mvlu_ld:MVL_SERV.obj
 0001:000180e0       __mplas_err_resp           004190e0 f   mvlu_ld:MVL_SERV.obj
 0001:00018160       __mvl_send_err_f           00419160 f   mvlu_ld:MVL_SERV.obj
 0001:00018190       __mvl_send_error           00419190 f   mvlu_ld:MVL_SERV.obj
 0001:000182a0       _mvl_wait_req_done         004192a0 f   mvlu_ld:MVL_SERV.obj
 0001:00018320       __mvl_get_req_ctrl         00419320 f   mvlu_ld:MVL_SERV.obj
 0001:00018410       __mvl_find_req_ctrl        00419410 f   mvlu_ld:MVL_SERV.obj
 0001:000184a0       __mvl_set_net_req_done     004194a0 f   mvlu_ld:MVL_SERV.obj
 0001:00018520       __mvl_set_req_done         00419520 f   mvlu_ld:MVL_SERV.obj
 0001:00018550       _mvl_free_req_ctrl         00419550 f   mvlu_ld:MVL_SERV.obj
 0001:00018660       __mvl_concat_filename      00419660 f   mvlu_ld:MVL_SERV.obj
 0001:00018710       __mvl_calloc_os            00419710 f   mvlu_ld:MVL_SERV.obj
 0001:00018730       __mvl_realloc_os           00419730 f   mvlu_ld:MVL_SERV.obj
 0001:00018750       __mvl_free_os              00419750 f   mvlu_ld:MVL_SERV.obj
 0001:00018770       _mvl_req_bufs_avail        00419770 f   mvlu_ld:MVL_SERV.obj
 0001:00018840       _mvl_ureq_bufs_avail       00419840 f   mvlu_ld:MVL_SERV.obj
 0001:00018920       _mvlu_load_xml_leaf_file   00419920 f   mvlu_ld:mvluleaf.obj
 0001:00018d10       _mvlu_set_leaf_param_name  00419d10 f   mvlu_ld:mvluleaf.obj
 0001:00018f20       _mvlu_find_rd_ind_fun_index 00419f20 f   mvlu_ld:mvluleaf.obj
 0001:00018fc0       _mvlu_find_wr_ind_fun_index 00419fc0 f   mvlu_ld:mvluleaf.obj
 0001:00019060       _mvlu_set_leaf_param       0041a060 f   mvlu_ld:mvluleaf.obj
 0001:00019260       _mvlu_set_leaf_param_name2 0041a260 f   mvlu_ld:mvluleaf.obj
 0001:00019620       _mvl_vmd_resize            0041a620 f   mvlu_ld:Mvl_obj.obj
 0001:000197a0       _mvl_dom_resize            0041a7a0 f   mvlu_ld:Mvl_obj.obj
 0001:000198d0       __mvl_resize_ptr_tbl       0041a8d0 f   mvlu_ld:Mvl_obj.obj
 0001:00019960       _mvl_nvl_remove_all        0041a960 f   mvlu_ld:Mvl_obj.obj
 0001:00019ad0       _mvl_var_in_nvl            0041aad0 f   mvlu_ld:Mvl_obj.obj
 0001:00019b30       _mvl_var_deletable         0041ab30 f   mvlu_ld:Mvl_obj.obj
 0001:00019cb0       _mvl_nvl_deletable         0041acb0 f   mvlu_ld:Mvl_obj.obj
 0001:00019db0       _mvl_vmd_dom_add           0041adb0 f   mvlu_ld:Mvl_obj.obj
 0001:00019e10       _mvl_dom_create            0041ae10 f   mvlu_ld:Mvl_obj.obj
 0001:00019eb0       _mvl_dom_cleanup           0041aeb0 f   mvlu_ld:Mvl_obj.obj
 0001:0001a090       _mvl_vmd_dom_remove        0041b090 f   mvlu_ld:Mvl_obj.obj
 0001:0001a150       _mvl_dom_destroy           0041b150 f   mvlu_ld:Mvl_obj.obj
 0001:0001a1f0       _mvl_vmd_var_add           0041b1f0 f   mvlu_ld:Mvl_obj.obj
 0001:0001a2d0       _mvl_var_create            0041b2d0 f   mvlu_ld:Mvl_obj.obj
 0001:0001a3e0       _mvl_var_add_alloc         0041b3e0 f   mvlu_ld:Mvl_obj.obj
 0001:0001a4b0       _mvl_var_create_alloc      0041b4b0 f   mvlu_ld:Mvl_obj.obj
 0001:0001a590       _mvl_var_create_derived    0041b590 f   mvlu_ld:Mvl_obj.obj
 0001:0001a6a0       _mvl_vmd_var_remove        0041b6a0 f   mvlu_ld:Mvl_obj.obj
 0001:0001a750       _mvl_var_destroy           0041b750 f   mvlu_ld:Mvl_obj.obj
 0001:0001a7b0       _mvl_vmd_nvl_add           0041b7b0 f   mvlu_ld:Mvl_obj.obj
 0001:0001a8b0       _mvl_nvl_create            0041b8b0 f   mvlu_ld:Mvl_obj.obj
 0001:0001aa80       _mvl_vmd_nvl_remove        0041ba80 f   mvlu_ld:Mvl_obj.obj
 0001:0001ab30       _mvl_nvl_destroy           0041bb30 f   mvlu_ld:Mvl_obj.obj
 0001:0001abf0       _mvl_vmd_jou_add           0041bbf0 f   mvlu_ld:Mvl_obj.obj
 0001:0001ac50       _mvl_jou_create            0041bc50 f   mvlu_ld:Mvl_obj.obj
 0001:0001ace0       _mvl_vmd_jou_remove        0041bce0 f   mvlu_ld:Mvl_obj.obj
 0001:0001ad20       _mvl_jou_destroy           0041bd20 f   mvlu_ld:Mvl_obj.obj
 0001:0001ad60       _mvl_vmd_create            0041bd60 f   mvlu_ld:Mvl_obj.obj
 0001:0001ae60       _mvl_vmd_destroy           0041be60 f   mvlu_ld:Mvl_obj.obj
 0001:0001b010       _mvl_mod_arr_size          0041c010 f   mvlu_ld:MVL_TYPE.obj
 0001:0001b060       _mvl_get_runtime           0041c060 f   mvlu_ld:MVL_TYPE.obj
 0001:0001b0b0       _mvl_get_runtime_dyn       0041c0b0 f   mvlu_ld:MVL_TYPE.obj
 0001:0001b110       _mvl_type_ctrl_find        0041c110 f   mvlu_ld:MVL_TYPE.obj
 0001:0001b160       _mvl_type_ctrl_find_dyn    0041c160 f   mvlu_ld:MVL_TYPE.obj
 0001:0001b1a0       _mvl_typeid_to_typename    0041c1a0 f   mvlu_ld:MVL_TYPE.obj
 0001:0001b1d0       _mvl_typename_to_typeid    0041c1d0 f   mvlu_ld:MVL_TYPE.obj
 0001:0001b250       _mvlu_add_rt_type          0041c250 f   mvlu_ld:MVL_TYPE.obj
 0001:0001b340       _mvlu_free_rt_type         0041c340 f   mvlu_ld:MVL_TYPE.obj
 0001:0001b380       _mvlu_sbo_select_rd_ind    0041c380 f   mvlu_ld:MVLU_SBO.obj
 0001:0001b470       _mvlu_sbo_operate_wr_ind   0041c470 f   mvlu_ld:MVLU_SBO.obj
 0001:0001b510       _mvlu_clr_pend_sbo         0041c510 f   mvlu_ld:MVLU_SBO.obj
 0001:0001b560       _mvlu_sbo_chk_timers       0041c560 f   mvlu_ld:MVLU_SBO.obj
 0001:0001b630       _initSboCtrl               0041c630 f   mvlu_ld:MVLU_SBO.obj
 0001:0001b7d0       _mvlu_sbo_chk_state        0041c7d0 f   mvlu_ld:MVLU_SBO.obj
 0001:0001b940       _mvlu_sbo_ctrl_free        0041c940 f   mvlu_ld:MVLU_SBO.obj
 0001:0001b960       _init_prim_info            0041c960 f   mvlu_ld:mvl_uca.obj
 0001:0001b990       _u_mvl_get_va_aa           0041c990 f   mvlu_ld:mvl_uca.obj
 0001:0001c550       _mvlu_find_uca_var         0041d550 f   mvlu_ld:mvl_uca.obj
 0001:0001c870       _u_mvl_free_va             0041d870 f   mvlu_ld:mvl_uca.obj
 0001:0001c970       _u_gnl_ind_vars            0041d970 f   mvlu_ld:mvl_uca.obj
 0001:0001ccb0       _getGnlVarNames            0041dcb0 f   mvlu_ld:mvl_uca.obj
 0001:0001d420       _u_gnl_done                0041e420 f   mvlu_ld:mvl_uca.obj
 0001:0001d450       _u_gnl_ind_nvls            0041e450 f   mvlu_ld:mvl_uca.obj
 0001:0001d6a0       _u_mvl_read_ind            0041e6a0 f   mvlu_ld:mvl_uca.obj
 0001:0001d8d0       _mvlu_trim_branch_name     0041e8d0 f   mvlu_ld:mvl_uca.obj
 0001:0001dbc0       _mvlu_rd_prim_done         0041ebc0 f   mvlu_ld:mvl_uca.obj
 0001:0001dd40       _u_mvl_write_ind           0041ed40 f   mvlu_ld:mvl_uca.obj
 0001:0001e4b0       _mvlu_wr_prim_done         0041f4b0 f   mvlu_ld:mvl_uca.obj
 0001:0001e6d0       _mvlu_find_rt_leaf         0041f6d0 f   mvlu_ld:mvl_uca.obj
 0001:0001e7f0       _mvlu_find_comp_type       0041f7f0 f   mvlu_ld:mvl_uca.obj
 0001:0001e850       _mvlu_get_leaf_val_int8    0041f850 f   mvlu_ld:mvl_uca.obj
 0001:0001e930       _mvlu_get_leaf_val_int32   0041f930 f   mvlu_ld:mvl_uca.obj
 0001:0001ea10       _mvlu_get_leaf_val_int_any 0041fa10 f   mvlu_ld:mvl_uca.obj
 0001:0001eb90       _mvlu_get_leaf_val_uint32  0041fb90 f   mvlu_ld:mvl_uca.obj
 0001:0001ec70       _mvlu_get_leaf_val_boolean 0041fc70 f   mvlu_ld:mvl_uca.obj
 0001:0001ed50       _mvlu_get_leaf_val_bvstring 0041fd50 f   mvlu_ld:mvl_uca.obj
 0001:0001ee80       _mvlu_get_leaf_data_ptr    0041fe80 f   mvlu_ld:mvl_uca.obj
 0001:0001f360       _mvlu_derive_rpt_ds        00420360 f   mvlu_ld:mvlu_rpt.obj
 0001:0001f400       _mvlu_derive_ds_va_names   00420400 f   mvlu_ld:mvlu_rpt.obj
 0001:0001fa50       _mvlu_create_rpt_ctrl      00420a50 f   mvlu_ld:mvlu_rpt.obj
 0001:0001fe40       _mvlu_free_rpt_ctrl        00420e40 f   mvlu_ld:mvlu_rpt.obj
 0001:0001fef0       _mvlu_rpt_service          00420ef0 f   mvlu_ld:mvlu_rpt.obj
 0001:0001ffa0       _mvlu_rpt_va_scan          00420fa0 f   mvlu_ld:mvlu_rpt.obj
 0001:00020030       _mvlu_rpt_scan_read        00421030 f   mvlu_ld:mvlu_rpt.obj
 0001:00020300       _mvlu_rpt_va_change        00421300 f   mvlu_ld:mvlu_rpt.obj
 0001:000208f0       _mvlu_rpt_get_va_index     004218f0 f   mvlu_ld:mvlu_rpt.obj
 0001:00020950       _mvlu_send_report          00421950 f   mvlu_ld:mvlu_rpt.obj
 0001:00020f30       __mvlu_rpt_disconnect_rcvd 00421f30 f   mvlu_ld:mvlu_rpt.obj
 0001:00021090       _mvlu_rpt_create_scan_ctrl2 00422090 f   mvlu_ld:mvlu_rpt.obj
 0001:000212c0       _mvlu_rpt_create_scan_ctrl 004222c0 f   mvlu_ld:mvlu_rpt.obj
 0001:000213b0       _mvlu_rpt_destroy_scan_ctrl 004223b0 f   mvlu_ld:mvlu_rpt.obj
 0001:000213e0       __mvlu_get_rd_rcb          004223e0 f   mvlu_ld:mvlu_rpt.obj
 0001:000215d0       __mvlu_get_wr_rcb          004225d0 f   mvlu_ld:mvlu_rpt.obj
 0001:000216a0       __rcb_writable             004226a0 f   mvlu_ld:mvlu_rpt.obj
 0001:00021860       _mvlu_rptid_rd_ind_fun     00422860 f   mvlu_ld:mvlu_rpt.obj
 0001:000218c0       _mvlu_rptena_rd_ind_fun    004228c0 f   mvlu_ld:mvlu_rpt.obj
 0001:00021920       _mvlu_resv_rd_ind_fun      00422920 f   mvlu_ld:mvlu_rpt.obj
 0001:00021980       _mvlu_datsetna_rd_ind_fun  00422980 f   mvlu_ld:mvlu_rpt.obj
 0001:00021a20       _mvlu_optflds_rd_ind_fun   00422a20 f   mvlu_ld:mvlu_rpt.obj
 0001:00021aa0       _mvlu_buftim_rd_ind_fun    00422aa0 f   mvlu_ld:mvlu_rpt.obj
 0001:00021b00       _mvlu_trgs_rd_ind_fun      00422b00 f   mvlu_ld:mvlu_rpt.obj
 0001:00021b60       _mvlu_sqnum_rd_ind_fun     00422b60 f   mvlu_ld:mvlu_rpt.obj
 0001:00021bc0       _mvlu_trgops_rd_ind_fun    00422bc0 f   mvlu_ld:mvlu_rpt.obj
 0001:00021c40       _mvlu_rbepd_rd_ind_fun     00422c40 f   mvlu_ld:mvlu_rpt.obj
 0001:00021ca0       _mvlu_intgpd_rd_ind_fun    00422ca0 f   mvlu_ld:mvlu_rpt.obj
 0001:00021d00       _mvlu_rptid_wr_ind_fun     00422d00 f   mvlu_ld:mvlu_rpt.obj
 0001:00021dd0       _mvl61850_brcb_handle_rptena_wr 00422dd0 f   mvlu_ld:mvlu_rpt.obj
 0001:00021e40       _mvl61850_urcb_handle_rptena_wr 00422e40 f   mvlu_ld:mvlu_rpt.obj
 0001:00021ea0       _mvlu_rptena_wr_ind_fun    00422ea0 f   mvlu_ld:mvlu_rpt.obj
 0001:00021fe0       _mvlu_resv_wr_ind_fun      00422fe0 f   mvlu_ld:mvlu_rpt.obj
 0001:00022100       _mvlu_optflds_wr_ind_fun   00423100 f   mvlu_ld:mvlu_rpt.obj
 0001:00022240       _mvlu_buftim_wr_ind_fun    00423240 f   mvlu_ld:mvlu_rpt.obj
 0001:00022300       _mvlu_trgs_wr_ind_fun      00423300 f   mvlu_ld:mvlu_rpt.obj
 0001:00022380       _mvlu_sqnum_wr_ind_fun     00423380 f   mvlu_ld:mvlu_rpt.obj
 0001:00022400       _mvlu_trgops_wr_ind_fun    00423400 f   mvlu_ld:mvlu_rpt.obj
 0001:00022510       _mvlu_rbepd_wr_ind_fun     00423510 f   mvlu_ld:mvlu_rpt.obj
 0001:00022590       _mvlu_intgpd_wr_ind_fun    00423590 f   mvlu_ld:mvlu_rpt.obj
 0001:00022650       _mvlu_seqnum_rd_ind_fun    00423650 f   mvlu_ld:mvlu_rpt.obj
 0001:00022670       _mvlu_seqnum_wr_ind_fun    00423670 f   mvlu_ld:mvlu_rpt.obj
 0001:00022690       _mvlu_integrity_scan_destroy 00423690 f   mvlu_ld:mvlu_rpt.obj
 0001:000226b0       _mvlu_integrity_scan_read  004236b0 f   mvlu_ld:mvlu_rpt.obj
 0001:000226f0       _mvlu_setup_scan_read      004236f0 f   mvlu_ld:mvlu_rpt.obj
 0001:000227d0       _mvlu_integrity_scan_va_done 004237d0 f   mvlu_ld:mvlu_rpt.obj
 0001:00022810       _mvlu_integrity_scan_done  00423810 f   mvlu_ld:mvlu_rpt.obj
 0001:000228f0       _mvlu_rpt_find_typeids     004238f0 f   mvlu_ld:mvlu_rpt.obj
 0001:00022bf0       _mvlu_integrity_timeout    00423bf0 f   mvlu_ld:mvlu_rpt.obj
 0001:00022cd0       _mvlu_rpt_rcb_type_find    00423cd0 f   mvlu_ld:mvlu_rpt.obj
 0001:00022df0       _mvlu_rpt_ready            00423df0 f   mvlu_ld:mvlu_rpt.obj
 0001:00022e70       _mvlu_rpt_ctrl_destroy_all 00423e70 f   mvlu_ld:mvlu_rpt.obj
 0001:00022ed0       __mvl_process_write_ind    00423ed0 f   mvlu_ld:S_WRITE.obj
 0001:00023000       _mvlas_write_resp          00424000 f   mvlu_ld:S_WRITE.obj
 0001:00023860       __mvl_process_read_ind     00424860 f   mvlu_ld:S_READ.obj
 0001:00023c80       _mvlas_read_resp           00424c80 f   mvlu_ld:S_READ.obj
 0001:00024060       _mvl_type_id_create        00425060 f   mvlu_ld:mvl_typ2.obj
 0001:000240c0       _mvl_type_id_destroy       004250c0 f   mvlu_ld:mvl_typ2.obj
 0001:00024130       _mvl_type_id_destroy_all_dyn 00425130 f   mvlu_ld:mvl_typ2.obj
 0001:00024190       _mvl_vmd_type_id_create    00425190 f   mvlu_ld:mvl_typ2.obj
 0001:000243e0       _mvl_type_id_create_from_tdl 004253e0 f   mvlu_ld:mvl_typ2.obj
 0001:00024520       _mvl_vmd_type_id_destroy   00425520 f   mvlu_ld:mvl_typ2.obj
 0001:00024590       _mvl_vmd_type_id_destroy_all 00425590 f   mvlu_ld:mvl_typ2.obj
 0001:00024620       _mvl_type_count            00425620 f   mvlu_ld:mvl_typ2.obj
 0001:00024670       _mvl_vmd_type_ctrl_find    00425670 f   mvlu_ld:mvl_typ2.obj
 0001:000246d0       _mvl61850_mk_rptid         004256d0 f   mvlu_ld:mvl61850_rpt.obj
 0001:00024790       _mvl61850_mk_dataref       00425790 f   mvlu_ld:mvl61850_rpt.obj
 0001:00024820       _mvl61850_rcb_cleanup      00425820 f   mvlu_ld:mvl61850_rpt.obj
 0001:00024890       _mvl61850_brcb_rpt_set_entryid 00425890 f   mvlu_ld:mvl61850_rpt.obj
 0001:000249e0       _buflist_entry_create      004259e0 f   mvlu_ld:mvl61850_rpt.obj
 0001:00024d20       _buflist_entry_destroy     00425d20 f   mvlu_ld:mvl61850_rpt.obj
 0001:00024e20       _buflist_discard_old_gi    00425e20 f   mvlu_ld:mvl61850_rpt.obj
 0001:00024e80       _buflist_discard_old       00425e80 f   mvlu_ld:mvl61850_rpt.obj
 0001:00024f20       _mvl61850_brcb_rpt_lists_clean 00425f20 f   mvlu_ld:mvl61850_rpt.obj
 0001:00024ff0       _mvl61850_brcb_rpt_save    00425ff0 f   mvlu_ld:mvl61850_rpt.obj
 0001:00025050       _mvl61850_brcb_rpt_send    00426050 f   mvlu_ld:mvl61850_rpt.obj
 0001:00025c10       _mvl61850_brcb_enable_all  00426c10 f   mvlu_ld:mvl61850_rpt.obj
 0001:00025c60       _mvl61850_brcb_entryid_init 00426c60 f   mvlu_ld:mvl61850_rpt.obj
 0001:00025c80       _mvl61850_rpt_change_scan_va_done 00426c80 f   mvlu_ld:mvl61850_rpt.obj
 0001:00025cb0       _mvl61850_rpt_change_scan_done 00426cb0 f   mvlu_ld:mvl61850_rpt.obj
 0001:00025cd0       _mvl61850_rpt_change_scan  00426cd0 f   mvlu_ld:mvl61850_rpt.obj
 0001:00025e30       _mvl61850_get_rcb          00426e30 f   mvlu_ld:mvl61850_rpt.obj
 0001:00025ed0       _mvl61850_rpt_dataset_create 00426ed0 f   mvlu_ld:mvl61850_rpt.obj
 0001:00026110       _mvl61850_rpt_dataset_destroy 00427110 f   mvlu_ld:mvl61850_rpt.obj
 0001:00026190       _mvl61850_create_rpt_ctrl  00427190 f   mvlu_ld:mvl61850_rpt.obj
 0001:000263c0       _mvl61850_free_rpt_ctrl    004273c0 f   mvlu_ld:mvl61850_rpt.obj
 0001:00026440       _mvl61850_brcb_client_service 00427440 f   mvlu_ld:mvl61850_rpt.obj
 0001:00026590       _mvl61850_urcb_client_service 00427590 f   mvlu_ld:mvl61850_rpt.obj
 0001:000265d0       _mvl61850_rpt_service      004275d0 f   mvlu_ld:mvl61850_rpt.obj
 0001:00026690       _mvl61850_rpt_ctrl_destroy_all 00427690 f   mvlu_ld:mvl61850_rpt.obj
 0001:000266c0       _mvl61850_integrity_timeout 004276c0 f   mvlu_ld:mvl61850_rpt.obj
 0001:00026830       _mvl61850_sbo_create_sboname 00427830 f   mvlu_ld:mvl61850_ctl.obj
 0001:00026910       _mvl61850_mkname_ctlmodel  00427910 f   mvlu_ld:mvl61850_ctl.obj
 0001:000269c0       _mvl61850_mkname_sbotimeout 004279c0 f   mvlu_ld:mvl61850_ctl.obj
 0001:00026a70       _mvl61850_mkname_sboclass  00427a70 f   mvlu_ld:mvl61850_ctl.obj
 0001:00026b20       _mvl61850_ctl_chk_sbo      00427b20 f   mvlu_ld:mvl61850_ctl.obj
 0001:00026f70       _mvl61850_ctl_chk_sbow     00427f70 f   mvlu_ld:mvl61850_ctl.obj
 0001:000271a0       _mvl61850_ctl_chk_state    004281a0 f   mvlu_ld:mvl61850_ctl.obj
 0001:00027310       _mvl61850_ctl_command_termination 00428310 f   mvlu_ld:mvl61850_ctl.obj
 0001:00027540       _mvl61850_ctl_lastapplerror_create 00428540 f   mvlu_ld:mvl61850_ctl.obj
 0001:00027590       _mvl61850_ctl_lastapplerror_send 00428590 f   mvlu_ld:mvl61850_ctl.obj
 0001:000276c0       _mvl61850_ctl_req_done     004286c0 f   mvlu_ld:mvl61850_ctl.obj
 0001:00027880       __mvl_objname_to_va        00428880 f   mvlu_ld:MVL_VAR.obj
 0001:00027980       _mvl_scope_set             00428980 f   mvlu_ld:MVL_VAR.obj
 0001:00027a00       _mvl_get_va_asn1_data      00428a00 f   mvlu_ld:MVL_VAR.obj
 0001:00027c70       __mvl_get_asn1_aa          00428c70 f   mvlu_ld:MVL_VAR.obj
 0001:00027d40       __m_get_aa_asn1_buf        00428d40 f   mvlu_ld:MVL_VAR.obj
 0001:00027db0       __m_set_aa_asn1_buf_end    00428db0 f   mvlu_ld:MVL_VAR.obj
 0001:00027dc0       __m_free_aa_asn1_buf       00428dc0 f   mvlu_ld:MVL_VAR.obj
 0001:00027e00       _mvl_info_variables        00428e00 f   mvlu_ld:s_info.obj
 0001:00027f10       _mvl_encode_info_rpt       00428f10 f   mvlu_ld:s_info.obj
 0001:00028270       _mvl61850_rcb_chk_state    00429270 f   mvlu_ld:Mvl61850.obj
 0001:00028340       _mvlu_gi_scan_va_done      00429340 f   mvlu_ld:Mvl61850.obj
 0001:00028380       _mvlu_gi_scan_done         00429380 f   mvlu_ld:Mvl61850.obj
 0001:00028430       _mvl61850_urcb_rpt_send    00429430 f   mvlu_ld:Mvl61850.obj
 0001:00029090       _chk_seg_needed            0042a090 f   mvlu_ld:Mvl61850.obj
 0001:00029150       _mvlu_confrev_rd_ind       0042a150 f   mvlu_ld:Mvl61850.obj
 0001:000291c0       _mvlu_purgebuf_rd_ind      0042a1c0 f   mvlu_ld:Mvl61850.obj
 0001:00029220       _mvlu_gi_rd_ind            0042a220 f   mvlu_ld:Mvl61850.obj
 0001:00029280       _mvlu_entryid_rd_ind       0042a280 f   mvlu_ld:Mvl61850.obj
 0001:00029350       _mvlu_timeofentry_rd_ind   0042a350 f   mvlu_ld:Mvl61850.obj
 0001:00029430       _mvlu_purgebuf_wr_ind      0042a430 f   mvlu_ld:Mvl61850.obj
 0001:000294d0       _mvlu_gi_wr_ind            0042a4d0 f   mvlu_ld:Mvl61850.obj
 0001:00029640       _mvlu_entryid_wr_ind       0042a640 f   mvlu_ld:Mvl61850.obj
 0001:000296d0       _mvlu_sqnum_int16u_rd_ind_fun 0042a6d0 f   mvlu_ld:Mvl61850.obj
 0001:00029740       _mvl61850_beh_stval_rd_ind 0042a740 f   mvlu_ld:Mvl61850.obj
 0001:00029a20       _mvl61850_datset_wr_ind    0042aa20 f   mvlu_ld:Mvl61850.obj
 0001:00029ea0       _mvl61850_objref_create    0042aea0 f   mvlu_ld:Mvl61850.obj
 0001:00029f90       __mvl_send_resp_i          0042af90 f   mvlu_ld:mvl_send.obj
 0001:00029ff0       __mvl_send_resp            0042aff0 f   mvlu_ld:mvl_send.obj
 0001:0002a140       __mvl_send_req             0042b140 f   mvlu_ld:mvl_send.obj
 0001:0002a380       _mvlu_proc_rt_type         0042b380 f   mvlu_ld:mvlu_rt.obj
 0001:0002ac00       _asn1r_decode_asn1_seq     0042bc00 f   asn1_ld:asn1r.obj
 0001:0002ac70       _asn1r_decode_asn1         0042bc70 f   asn1_ld:asn1r.obj
 0001:0002b640       _asn1r_head_decode         0042c640 f   asn1_ld:asn1r.obj
 0001:0002c170       _asn1r_set_all_cstr_done   0042d170 f   asn1_ld:asn1r.obj
 0001:0002c1a0       _asn1r_tag_add             0042d1a0 f   asn1_ld:asn1r.obj
 0001:0002c230       _asn1r_tag_restore         0042d230 f   asn1_ld:asn1r.obj
 0001:0002c250       _asn1r_strt_asn1_bld       0042d250 f   asn1_ld:asn1r.obj
 0001:0002c2f0       _asn1r_strt_constr         0042d2f0 f   asn1_ld:asn1r.obj
 0001:0002c390       _asn1r_fin_constr          0042d390 f   asn1_ld:asn1r.obj
 0001:0002c520       _asn1r_fin_prim            0042d520 f   asn1_ld:asn1r.obj
 0001:0002c860       _asn1r_set_dec_err         0042d860 f   asn1_ld:asn1r.obj
 0001:0002c8b0       _asn1r_done_err            0042d8b0 f   asn1_ld:asn1r.obj
 0001:0002c920       _asn1r_class_err           0042d920 f   asn1_ld:asn1r.obj
 0001:0002c970       _asn1r_cstr_done_err       0042d970 f   asn1_ld:asn1r.obj
 0001:0002c9c0       _asn1r_chk_getcstr_done    0042d9c0 f   asn1_ld:asn1r.obj
 0001:0002ca00       _asn1_objidcmp             0042da00 f   asn1_ld:asn1r.obj
 0001:0002cc40       _asn1_convert_btod_to_utc  0042dc40 f   asn1_ld:asn1r.obj
 0001:0002cd20       _asn1_convert_utc_to_btod  0042dd20 f   asn1_ld:asn1r.obj
 0001:0002cdc0       _asn1_convert_timet_to_btime6 0042ddc0 f   asn1_ld:asn1r.obj
 0001:0002ce80       _bstrcpy                   0042de80 f   asn1_ld:asn1r.obj
 0001:0002cf30       _bvstrcpy                  0042df30 f   asn1_ld:asn1r.obj
 0001:0002cf60       _bstrcmp                   0042df60 f   asn1_ld:asn1r.obj
 0001:0002d000       _asn1r_skip_elmnt          0042e000 f   asn1_ld:asn1r.obj
 0001:0002d0c0       __slogc                    0042e0c0 f   slog_ld:slog.obj
 0001:0002d100       __slog                     0042e100 f   slog_ld:slog.obj
 0001:0002d140       _slog                      0042e140 f   slog_ld:slog.obj
 0001:0002d180       _slogx                     0042e180 f   slog_ld:slog.obj
 0001:0002d590       _slogSetTimeText           0042e590 f   slog_ld:slog.obj
 0001:0002d6c0       _slogTrimFileName          0042e6c0 f   slog_ld:slog.obj
 0001:0002d740       _slogSetHdr                0042e740 f   slog_ld:slog.obj
 0001:0002d920       _slogCallStack             0042e920 f   slog_ld:slog.obj
 0001:0002d950       _slogDelBuf                0042e950 f   slog_ld:slog.obj
 0001:0002d9a0       _slog_max_msg_size_set     0042e9a0 f   slog_ld:slog.obj
 0001:0002da40       _slog_start                0042ea40 f   slog_ld:slog.obj
 0001:0002da70       _slog_end                  0042ea70 f   slog_ld:slog.obj
 0001:0002db50       __slogXML                  0042eb50 f   slog_ld:slog.obj
 0001:0002e0a0       _slogHex                   0042f0a0 f   slog_ld:sloghex.obj
 0001:0002e0c0       __slogHex                  0042f0c0 f   slog_ld:sloghex.obj
 0001:0002e5b0       __slogStr                  0042f5b0 f   slog_ld:sloghex.obj
 0001:0002e960       _slogFile                  0042f960 f   slog_ld:slogfil.obj
 0001:0002ee50       _slogCloseFile             0042fe50 f   slog_ld:slogfil.obj
 0001:0002eec0       _slogCloneFile             0042fec0 f   slog_ld:slogfil.obj
 0001:0002f010       _slogCloneFileEx           00430010 f   slog_ld:slogfil.obj
 0001:0002f160       _slogDeleteFile            00430160 f   slog_ld:slogfil.obj
 0001:0002f3b0       _slog_get_index_file_name  004303b0 f   slog_ld:slogfil.obj
 0001:0002fa40       _slogMem                   00430a40 f   slog_ld:slogmem.obj
 0001:0002fbf0       _slogDumpMem               00430bf0 f   slog_ld:slogmem.obj
 0001:0002fee0       _slogResetMem              00430ee0 f   slog_ld:slogmem.obj
 0001:0002ff80       _slogMemInit               00430f80 f   slog_ld:slogmem.obj
 0001:00030070       _slogGetMemMsg             00431070 f   slog_ld:slogmem.obj
 0001:000302a0       _slogGetMemCount           004312a0 f   slog_ld:slogmem.obj
 0001:00030320       _qMemInit                  00431320 f   slog_ld:qmem.obj
 0001:00030410       _qMemAlloc                 00431410 f   slog_ld:qmem.obj
 0001:00030580       _qMemFree                  00431580 f   slog_ld:qmem.obj
 0001:000305e0       _ms_asn1_to_local          004315e0 f   mmsl_ld:mmsdata.obj
 0001:00031e20       _ms_local_to_asn1          00432e20 f   mmsl_ld:mmsdata.obj
 0001:00032900       _ms_local_to_asn1_easy     00433900 f   mmsl_ld:mmsdata.obj
 0001:00032970       _ms_local_to_asn1_2        00433970 f   mmsl_ld:mmsdata.obj
 0001:00032a70       __ms_mk_rt_aa_all          00433a70 f   mmsl_ld:mms_rtaa.obj
 0001:00032de0       __ms_mk_rt_aa              00433de0 f   mmsl_ld:mms_rtaa.obj
 0001:00033f60       __ms_get_rtaa_data_size    00434f60 f   mmsl_ld:mms_rtaa.obj
 0001:00033fb0       __ms_log_runtime_aa        00434fb0 f   mmsl_ld:mms_rtaa.obj
 0001:00034590       __ms_set_cs_check          00435590 f   mmsl_ld:mms_ced.obj
 0001:000345b0       __ms_set_cs_check2         004355b0 f   mmsl_ld:mms_ced.obj
 0001:000345f0       __ms_chk_for_extern        004355f0 f   mmsl_ld:mms_ced.obj
 0001:000346a0       _mms_req_not_supp          004356a0 f   mmsl_ld:mms_ced.obj
 0001:00034710       _mms_rsp_not_supp          00435710 f   mmsl_ld:mms_ced.obj
 0001:00034750       __mms_null_pdu_dec         00435750 f   mmsl_ld:mms_ced.obj
 0001:00034790       __mms_dec_done_ok          00435790 f   mmsl_ld:mms_ced.obj
 0001:000347c0       __mms_dec_buf_free         004357c0 f   mmsl_ld:mms_ced.obj
 0001:000347e0       __ms_fin_pdu               004357e0 f   mmsl_ld:mms_ced.obj
 0001:00034820       __ms_fin_pdu_log           00435820 f   mmsl_ld:mms_ced.obj
 0001:000348d0       _mms_init_req              004358d0 f   mmsl_ld:rs_init.obj
 0001:00034910       _mpl_init_resp             00435910 f   mmsl_ld:rs_init.obj
 0001:000349c0       _mms_write_req             004359c0 f   mmsl_ld:rs_write.obj
 0001:00034cb0       _mpl_write_resp            00435cb0 f   mmsl_ld:rs_write.obj
 0001:00034cd0       __ms_mk_write_resp         00435cd0 f   mmsl_ld:rs_write.obj
 0001:00034d80       _mms_read_req              00435d80 f   mmsl_ld:rs_read.obj
 0001:00034f90       _mpl_read_resp             00435f90 f   mmsl_ld:rs_read.obj
 0001:00034fb0       __ms_mk_read_resp          00435fb0 f   mmsl_ld:rs_read.obj
 0001:00035090       __ms_mms_decode            00436090 f   mmsl_ld:mmsdec.obj
 0001:00035ca0       __m_get_dec_buf            00436ca0 f   mmsl_ld:mmsdec.obj
 0001:00035ce0       _mpl_init_err              00436ce0 f   mmsl_ld:mms_err2.obj
 0001:00035d00       __mms_fin_null_resp        00436d00 f   mmsl_ld:mmsl_fin.obj
 0001:00035dd0       __mms_fin_null_req         00436dd0 f   mmsl_ld:mmsl_fin.obj
 0001:00035ec0       __mms_resp_fin             00436ec0 f   mmsl_ld:mmsl_fin.obj
 0001:00035f90       __mms_req_fin              00436f90 f   mmsl_ld:mmsl_fin.obj
 0001:00036070       __mms_unconf_req_fin       00437070 f   mmsl_ld:mmsl_fin.obj
 0001:00036100       _mpl_resp_log              00437100 f   mmsl_ld:mmsl_fin.obj
 0001:00036180       _mpl_req_log               00437180 f   mmsl_ld:mmsl_fin.obj
 0001:000361d0       _mpl_unsol_req_log         004371d0 f   mmsl_ld:mmsl_fin.obj
 0001:00036220       _ms_rt_size_calc           00437220 f   mmsl_ld:mms_tdef.obj
 0001:000363c0       __ms_m_get_rt_info         004373c0 f   mmsl_ld:mms_tdef.obj
 0001:000369d0       _ms_get_blocked_length     004379d0 f   mmsl_ld:mms_tdef.obj
 0001:00036b60       _ms_log_runtime            00437b60 f   mmsl_ld:mms_tdef.obj
 0001:00037140       _ms_runtime_create         00438140 f   mmsl_ld:mms_tdef.obj
 0001:00038d20       _ms_runtime_destroy        00439d20 f   mmsl_ld:mms_tdef.obj
 0001:00038da0       _ms_is_rt_prim             00439da0 f   mmsl_ld:mms_tdef.obj
 0001:00038df0       _ms_rt_el_tag_text         00439df0 f   mmsl_ld:mms_tdef.obj
 0001:00038f20       _ms_rt_bld_start           00439f20 f   mmsl_ld:mms_tdef.obj
 0001:00038ff0       _ms_rt_bld_cancel          00439ff0 f   mmsl_ld:mms_tdef.obj
 0001:00039060       _ms_rt_bld_finish          0043a060 f   mmsl_ld:mms_tdef.obj
 0001:00039220       _ms_rt_bld_remove_last     0043a220 f   mmsl_ld:mms_tdef.obj
 0001:000392f0       _ms_rt_bld_chk_state       0043a2f0 f   mmsl_ld:mms_tdef.obj
 0001:00039380       _ms_rt_bld_get_count       0043a380 f   mmsl_ld:mms_tdef.obj
 0001:000393b0       _ms_rt_bld_get_max_count   0043a3b0 f   mmsl_ld:mms_tdef.obj
 0001:000393f0       _ms_rt_bld_add_str_start   0043a3f0 f   mmsl_ld:mms_tdef.obj
 0001:00039540       _ms_rt_bld_add_str_end     0043a540 f   mmsl_ld:mms_tdef.obj
 0001:000396c0       _ms_rt_bld_add_arr_start   0043a6c0 f   mmsl_ld:mms_tdef.obj
 0001:00039770       _ms_rt_bld_add_arr_end     0043a770 f   mmsl_ld:mms_tdef.obj
 0001:00039900       _ms_rt_bld_add_bool        0043a900 f   mmsl_ld:mms_tdef.obj
 0001:00039990       _ms_rt_bld_add_int         0043a990 f   mmsl_ld:mms_tdef.obj
 0001:00039a20       _ms_rt_bld_add_uint        0043aa20 f   mmsl_ld:mms_tdef.obj
 0001:00039ab0       _ms_rt_bld_add_float       0043aab0 f   mmsl_ld:mms_tdef.obj
 0001:00039b40       _ms_rt_bld_add_bstring     0043ab40 f   mmsl_ld:mms_tdef.obj
 0001:00039bd0       _ms_rt_bld_add_bvstring    0043abd0 f   mmsl_ld:mms_tdef.obj
 0001:00039c60       _ms_rt_bld_add_vstring     0043ac60 f   mmsl_ld:mms_tdef.obj
 0001:00039cf0       _ms_rt_bld_add_utctime     0043acf0 f   mmsl_ld:mms_tdef.obj
 0001:00039d80       _ms_rt_bld_add_btime6      0043ad80 f   mmsl_ld:mms_tdef.obj
 0001:00039e10       _ms_rt_bld_add_ostring     0043ae10 f   mmsl_ld:mms_tdef.obj
 0001:00039ea0       _ms_rt_bld_add_ovstring    0043aea0 f   mmsl_ld:mms_tdef.obj
 0001:00039f30       _ms_rt_bld_add_utf8vstring 0043af30 f   mmsl_ld:mms_tdef.obj
 0001:00039fc0       _ms_rt_bld_add_special     0043afc0 f   mmsl_ld:mms_tdef.obj
 0001:0003a060       _ms_mk_asn1_type           0043b060 f   mmsl_ld:ms_tdef.obj
 0001:0003b400       _ms_asn1_to_tdl            0043c400 f   mmsl_ld:ms_tdef.obj
 0001:0003b520       _ms_runtime_to_tdl         0043c520 f   mmsl_ld:ms_tdef.obj
 0001:0003bc40       _ms_tdl_to_runtime         0043cc40 f   mmsl_ld:ms_tdef.obj
 0001:0003bc90       _mms_reject                0043cc90 f   mmsl_ld:mms_rej.obj
 0001:0003be40       _mpl_reject_resp           0043ce40 f   mmsl_ld:mms_rej.obj
 0001:0003bef0       __ms_mk_reject             0043cef0 f   mmsl_ld:mms_rej.obj
 0001:0003bfa0       _mms_err_invoke_fun        0043cfa0 f   mmsl_ld:mms_err.obj
 0001:0003c0b0       _mms_err_rsp               0043d0b0 f   mmsl_ld:mms_err.obj
 0001:0003c100       __mms_get_service_err      0043d100 f   mmsl_ld:mms_err.obj
 0001:0003c990       _mpl_err_resp              0043d990 f   mmsl_ld:mms_err.obj
 0001:0003caa0       __ms_mk_err_resp           0043daa0 f   mmsl_ld:mms_err.obj
 0001:0003cc10       __ms_wr_service_err        0043dc10 f   mmsl_ld:mms_err.obj
 0001:0003cf00       _ms_asn1_to_local_aa       0043df00 f   mmsl_ld:msdataas.obj
 0001:0003cf40       _ms_local_to_asn1_aa       0043df40 f   mmsl_ld:msdataas.obj
 0001:0003cf80       _ms_asn1_to_aa             0043df80 f   mmsl_ld:mms_alta.obj
 0001:0003dad0       _ms_aa_to_asn1             0043ead0 f   mmsl_ld:mms_alta.obj
 0001:0003e140       _ms_log_alt_access         0043f140 f   mmsl_ld:mms_alta.obj
 0001:0003e510       _ms_aa_to_asn1_2           0043f510 f   mmsl_ld:mms_alta.obj
 0001:0003e580       _mpl_info                  0043f580 f   mmsl_ld:rq_info.obj
 0001:0003e5a0       __ms_mk_info_req           0043f5a0 f   mmsl_ld:rq_info.obj
 0001:0003e650       __mms_init_dec             0043f650 f   mmsl_ld:mmsinit.obj
 0001:0003ec70       __ms_mk_init               0043fc70 f   mmsl_ld:mmsinit.obj
 0001:0003eed0       __ms_get_va_address        0043fed0 f   mmsl_ld:mms_ced4.obj
 0001:0003f190       __ms_get_va_access_rslt    00440190 f   mmsl_ld:mms_ced4.obj
 0001:0003f3d0       __ms_get_va_data           004403d0 f   mmsl_ld:mms_ced4.obj
 0001:0003f460       __ms_get_va_type_spec      00440460 f   mmsl_ld:mms_ced4.obj
 0001:0003f4f0       __ms_get_va_scat_access    004404f0 f   mmsl_ld:mms_ced4.obj
 0001:0003f560       __ms_get_va_alt_access     00440560 f   mmsl_ld:mms_ced4.obj
 0001:0003f610       __ms_get_va_var_spec       00440610 f   mmsl_ld:mms_ced4.obj
 0001:0003f8f0       __ms_get_va_var_list       004408f0 f   mmsl_ld:mms_ced4.obj
 0001:0003fb10       __ms_get_va_spec           00440b10 f   mmsl_ld:mms_ced4.obj
 0001:0003fc80       __ms_wr_va_address         00440c80 f   mmsl_ld:mms_ced4.obj
 0001:0003fd30       __ms_wr_va_access_rslt     00440d30 f   mmsl_ld:mms_ced4.obj
 0001:0003fd80       __ms_wr_va_data            00440d80 f   mmsl_ld:mms_ced4.obj
 0001:0003fda0       __ms_wr_va_type_spec       00440da0 f   mmsl_ld:mms_ced4.obj
 0001:0003fdc0       __ms_wr_va_scat_access     00440dc0 f   mmsl_ld:mms_ced4.obj
 0001:0003fde0       __ms_wr_va_alt_access      00440de0 f   mmsl_ld:mms_ced4.obj
 0001:0003fe00       __ms_wr_va_var_spec        00440e00 f   mmsl_ld:mms_ced4.obj
 0001:0003ff40       __ms_wr_va_var_list        00440f40 f   mmsl_ld:mms_ced4.obj
 0001:00040000       __ms_wr_va_spec            00441000 f   mmsl_ld:mms_ced4.obj
 0001:00040090       __ms_get_mms_objname       00441090 f   mmsl_ld:mms_ced3.obj
 0001:00040380       __ms_wr_mms_objname        00441380 f   mmsl_ld:mms_ced3.obj
 0001:000404b0       _u_ml_get_rt_type          004414b0 f   mmsl_ld:ms_tdef4.obj
 0001:000404f0       _m_log_address             004414f0 f   mlog_ld:mlogavar.obj
 0001:000405a0       _m_log_var_list            004415a0 f   mlog_ld:mlogavar.obj
 0001:000406c0       _m_log_vaspec              004416c0 f   mlog_ld:mlogavar.obj
 0001:00040720       _m_log_var_spec            00441720 f   mlog_ld:mlogavar.obj
 0001:000407f0       _mlogArrStart              004417f0 f   mlog_ld:mlogavar.obj
 0001:00040810       _mlogArrEnd                00441810 f   mlog_ld:mlogavar.obj
 0001:00040830       _mlogStrStart              00441830 f   mlog_ld:mlogavar.obj
 0001:00040850       _mlogStrEnd                00441850 f   mlog_ld:mlogavar.obj
 0001:00040870       _mlogInt8                  00441870 f   mlog_ld:mlogavar.obj
 0001:000408a0       _mlogInt16                 004418a0 f   mlog_ld:mlogavar.obj
 0001:000408d0       _mlogInt32                 004418d0 f   mlog_ld:mlogavar.obj
 0001:00040900       _mlogInt64                 00441900 f   mlog_ld:mlogavar.obj
 0001:00040930       _mlogUint8                 00441930 f   mlog_ld:mlogavar.obj
 0001:00040960       _mlogUint16                00441960 f   mlog_ld:mlogavar.obj
 0001:00040990       _mlogUint32                00441990 f   mlog_ld:mlogavar.obj
 0001:000409c0       _mlogUint64                004419c0 f   mlog_ld:mlogavar.obj
 0001:000409f0       _mlogFlt                   004419f0 f   mlog_ld:mlogavar.obj
 0001:00040a30       _mlogDbl                   00441a30 f   mlog_ld:mlogavar.obj
 0001:00040a60       _mlogOct                   00441a60 f   mlog_ld:mlogavar.obj
 0001:00040b10       _mlogBool                  00441b10 f   mlog_ld:mlogavar.obj
 0001:00040b50       _mlogBcd1                  00441b50 f   mlog_ld:mlogavar.obj
 0001:00040b90       _mlogBcd2                  00441b90 f   mlog_ld:mlogavar.obj
 0001:00040bd0       _mlogBcd4                  00441bd0 f   mlog_ld:mlogavar.obj
 0001:00040c00       _mlogBs                    00441c00 f   mlog_ld:mlogavar.obj
 0001:00040cd0       _mlogVis                   00441cd0 f   mlog_ld:mlogavar.obj
 0001:00040cf0       _mlogBt4                   00441cf0 f   mlog_ld:mlogavar.obj
 0001:00040d30       _mlogBt6                   00441d30 f   mlog_ld:mlogavar.obj
 0001:00040da0       _mlogGt                    00441da0 f   mlog_ld:mlogavar.obj
 0001:00040df0       _mlogUtc                   00441df0 f   mlog_ld:mlogavar.obj
 0001:00040e70       _mlogUtf8                  00441e70 f   mlog_ld:mlogavar.obj
 0001:00040eb0       _m_log_data                00441eb0 f   mlog_ld:mlogavar.obj
 0001:00041040       _m_log_tdl                 00442040 f   mlog_ld:mlogavar.obj
 0001:00041180       _m_log_external            00442180 f   mlog_ld:mlogmisc.obj
 0001:00041310       _m_log_objname             00442310 f   mlog_ld:mlogmisc.obj
 0001:000413c0       _m_log_modifier            004423c0 f   mlog_ld:mlogmisc.obj
 0001:000417c0       _m_log_error_info          004427c0 f   mlog_ld:mlogmisc.obj
 0001:00041930       _m_get_mms_err_text        00442930 f   mlog_ld:mlogmisc.obj
 0001:00041bb0       _m_get_mms_rej_text        00442bb0 f   mlog_ld:mlogmisc.obj
 0001:00041e20       _m_log_reject_info         00442e20 f   mlog_ld:mlogmisc.obj
 0001:00041f20       _m_no_log_resp             00442f20 f   mlog_ld:mlogmisc.obj
 0001:00041f30       _m_no_log_req              00442f30 f   mlog_ld:mlogmisc.obj
 0001:00041f40       _gs_mutex_create           00442f40 f   utility_ld:glbsem_w32.obj
 0001:00041f80       _gs_translate_name         00442f80 f   utility_ld:glbsem_w32.obj
 0001:00042030       _gs_named_mutex_create     00443030 f   utility_ld:glbsem_w32.obj
 0001:00042300       _gs_mutex_get_tm           00443300 f   utility_ld:glbsem_w32.obj
 0001:00042370       _gs_mutex_free             00443370 f   utility_ld:glbsem_w32.obj
 0001:00042420       _gs_mutex_destroy          00443420 f   utility_ld:glbsem_w32.obj
 0001:000424b0       _gs_get_event_sem          004434b0 f   utility_ld:glbsem_w32.obj
 0001:00042520       _gs_get_named_event_sem    00443520 f   utility_ld:glbsem_w32.obj
 0001:00042670       _gs_wait_event_sem         00443670 f   utility_ld:glbsem_w32.obj
 0001:00042760       _gs_wait_mult_event_sem    00443760 f   utility_ld:glbsem_w32.obj
 0001:00042890       _gs_signal_event_sem       00443890 f   utility_ld:glbsem_w32.obj
 0001:00042900       _gs_pulse_event_sem        00443900 f   utility_ld:glbsem_w32.obj
 0001:00042970       _gs_reset_event_sem        00443970 f   utility_ld:glbsem_w32.obj
 0001:000429e0       _gs_free_event_sem         004439e0 f   utility_ld:glbsem_w32.obj
 0001:00042a50       _gs_start_thread           00443a50 f   utility_ld:glbsem_w32.obj
 0001:00042b30       _gs_wait_thread            00443b30 f   utility_ld:glbsem_w32.obj
 0001:00042c20       _gs_close_thread           00443c20 f   utility_ld:glbsem_w32.obj
 0001:00042ce0       _gs_set_thread_name        00443ce0 f   utility_ld:glbsem_w32.obj
 0001:00042d70       _gs_is_win_ver             00443d70 f   utility_ld:glbsem_w32.obj
 0001:00043180       _list_unlink               00444180 f   utility_ld:genlists.obj
 0001:00043290       _list_add_first            00444290 f   utility_ld:genlists.obj
 0001:00043330       _list_add_last             00444330 f   utility_ld:genlists.obj
 0001:000433d0       _list_get_first            004443d0 f   utility_ld:genlists.obj
 0001:00043400       _list_get_last             00444400 f   utility_ld:genlists.obj
 0001:00043440       _list_move_to_first        00444440 f   utility_ld:genlists.obj
 0001:00043480       _list_find_node            00444480 f   utility_ld:genlists.obj
 0001:000434f0       _list_add_node_after       004444f0 f   utility_ld:genlists.obj
 0001:000435a0       _list_get_next             004445a0 f   utility_ld:genlists.obj
 0001:00043620       _list_get_sizeof           00444620 f   utility_ld:genlists.obj
 0001:00043660       _list_find_prev            00444660 f   utility_ld:genlists.obj
 0001:000436e0       _list_find_last            004446e0 f   utility_ld:genlists.obj
 0001:00043710       _sxd_get_runtime           00444710 f   utility_ld:sx_data.obj
 0001:00043770       _sxd_process_arb_data      00444770 f   utility_ld:sx_data.obj
 0001:00044c30       __sxd_wr_data              00445c30 f   utility_ld:sx_data.obj
 0001:00044c90       _sxd_wr_rtdata             00445c90 f   utility_ld:sx_data.obj
 0001:00044d00       __sxd_decode_data_el       00445d00 f   utility_ld:sx_data.obj
 0001:00044d70       _sxd_decode_rtdata_el      00445d70 f   utility_ld:sx_data.obj
 0001:00047b00       _stimeInit                 00448b00 f   utility_ld:stime.obj
 0001:00047c10       _sGetMsTime                00448c10 f   utility_ld:stime.obj
 0001:00047c70       _sGetSysMsTime             00448c70 f   utility_ld:stime.obj
 0001:00047cc0       _sResetMsTime              00448cc0 f   utility_ld:stime.obj
 0001:00047d00       _stimeExit                 00448d00 f   utility_ld:stime.obj
 0001:00047d40       _sMsSleep                  00448d40 f   utility_ld:stime.obj
 0001:00047d50       _construct_flattened       00448d50 f   utility_ld:sclparse.obj
 0001:00047e80       _scl_parse                 00448e80 f   utility_ld:sclparse.obj
 0001:0004b880       _scl_lntype_create         0044c880 f   utility_ld:sclstore.obj
 0001:0004b8c0       _scl_lntype_add_do         0044c8c0 f   utility_ld:sclstore.obj
 0001:0004b950       _scl_dotype_create         0044c950 f   utility_ld:sclstore.obj
 0001:0004b990       _scl_dotype_add_da         0044c990 f   utility_ld:sclstore.obj
 0001:0004ba30       _scl_dotype_add_sdo        0044ca30 f   utility_ld:sclstore.obj
 0001:0004bad0       _scl_datype_create         0044cad0 f   utility_ld:sclstore.obj
 0001:0004bb10       _scl_datype_add_bda        0044cb10 f   utility_ld:sclstore.obj
 0001:0004bba0       _scl_enumtype_create       0044cba0 f   utility_ld:sclstore.obj
 0001:0004bbe0       _scl_enumtype_add_enumval  0044cbe0 f   utility_ld:sclstore.obj
 0001:0004bc70       _scl_fcda_add              0044cc70 f   utility_ld:sclstore.obj
 0001:0004bd30       _scl_dai_add               0044cd30 f   utility_ld:sclstore.obj
 0001:0004bde0       _scl_dataset_add           0044cde0 f   utility_ld:sclstore.obj
 0001:0004be90       _scl_rcb_add               0044ce90 f   utility_ld:sclstore.obj
 0001:0004bf40       _scl_lcb_add               0044cf40 f   utility_ld:sclstore.obj
 0001:0004bff0       _scl_gcb_add               0044cff0 f   utility_ld:sclstore.obj
 0001:0004c0a0       _scl_sgcb_add              0044d0a0 f   utility_ld:sclstore.obj
 0001:0004c1a0       _scl_svcb_add              0044d1a0 f   utility_ld:sclstore.obj
 0001:0004c250       _scl_ln_add                0044d250 f   utility_ld:sclstore.obj
 0001:0004c2e0       _scl_ld_create             0044d2e0 f   utility_ld:sclstore.obj
 0001:0004c330       _scl_subnet_add            0044d330 f   utility_ld:sclstore.obj
 0001:0004c380       _scl_cap_add               0044d380 f   utility_ld:sclstore.obj
 0001:0004c410       _scl_gse_add               0044d410 f   utility_ld:sclstore.obj
 0001:0004c4b0       _scl_smv_add               0044d4b0 f   utility_ld:sclstore.obj
 0001:0004c550       _scl_info_destroy          0044d550 f   utility_ld:sclstore.obj
 0001:0004cc30       _sockStart                 0044dc30 f   utility_ld:gensock2.obj
 0001:0004cc50       _sockStartEx               0044dc50 f   utility_ld:gensock2.obj
 0001:0004cf40       _sockEnd                   0044df40 f   utility_ld:gensock2.obj
 0001:0004d120       _sockInitCalling           0044e120 f   utility_ld:gensock2.obj
 0001:0004d6a0       _sockInitListen            0044e6a0 f   utility_ld:gensock2.obj
 0001:0004dad0       _sockTxMsg                 0044ead0 f   utility_ld:gensock2.obj
 0001:0004db10       _sockTxQueueAdd            0044eb10 f   utility_ld:gensock2.obj
 0001:0004dbc0       _sockTxQueueDestroy        0044ebc0 f   utility_ld:gensock2.obj
 0001:0004dc50       _sockTxQueueProc           0044ec50 f   utility_ld:gensock2.obj
 0001:0004de10       _sockTxQueueGroupCntGet    0044ee10 f   utility_ld:gensock2.obj
 0001:0004de60       _sockTx                    0044ee60 f   utility_ld:gensock2.obj
 0001:0004df30       __sockTx                   0044ef30 f   utility_ld:gensock2.obj
 0001:0004e1f0       _sockClose                 0044f1f0 f   utility_ld:gensock2.obj
 0001:0004e2f0       _sockFree                  0044f2f0 f   utility_ld:gensock2.obj
 0001:0004e540       _sockServiceWakeAll        0044f540 f   utility_ld:gensock2.obj
 0001:0004e580       _sockServiceWake           0044f580 f   utility_ld:gensock2.obj
 0001:0004e6b0       _sockCtrlService           0044f6b0 f   utility_ld:gensock2.obj
 0001:0004e970       _sockInitFds               0044f970 f   utility_ld:gensock2.obj
 0001:0004eaa0       _sockAddReadFds            0044faa0 f   utility_ld:gensock2.obj
 0001:0004eb50       _sockAddWriteFds           0044fb50 f   utility_ld:gensock2.obj
 0001:0004ec10       _sockAddExceptFds          0044fc10 f   utility_ld:gensock2.obj
 0001:0004ecd0       _sockSelectResultProcess   0044fcd0 f   utility_ld:gensock2.obj
 0001:0004fd50       __sockRecv                 00450d50 f   utility_ld:gensock2.obj
 0001:0004ff10       __sockAllocSock            00450f10 f   utility_ld:gensock2.obj
 0001:00050210       __sockAddSock              00451210 f   utility_ld:gensock2.obj
 0001:000507c0       _sockCreateWakeupSockets   004517c0 f   utility_ld:gensock2.obj
 0001:00050f20       _sockLogState              00451f20 f   utility_ld:gensock2.obj
 0001:000510a0       _sockLogSockState          004520a0 f   utility_ld:gensock2.obj
 0001:000512b0       _sockGetRemAddrInfo        004522b0 f   utility_ld:gensock2.obj
 0001:00051350       _sockUsrFun                00452350 f   utility_ld:gensock2.obj
 0001:000514e0       _convertIPAddr             004524e0 f   utility_ld:gensock2.obj
 0001:00051750       _sockEventPut              00452750 f   utility_ld:gensock2.obj
 0001:000517a0       _sockEventGet              004527a0 f   utility_ld:gensock2.obj
 0001:000517f0       _sockEventQueueFlush       004527f0 f   utility_ld:gensock2.obj
 0001:00051880       _gs_init                   00452880 f   utility_ld:glbsem.obj
 0001:00051900       _gs_log_sem_state          00452900 f   utility_ld:glbsem.obj
 0001:000519c0       _gs_get_semx               004529c0 f   utility_ld:glbsem.obj
 0001:00051b70       _gs_free_semx              00452b70 f   utility_ld:glbsem.obj
 0001:00051e10       _sx_parseExx_mt            00452e10 f   utility_ld:sx_dec.obj
 0001:00052000       _sx_parse_mt               00453000 f   utility_ld:sx_dec.obj
 0001:00052160       _sx_parseEx_mt             00453160 f   utility_ld:sx_dec.obj
 0001:00052300       _sxStartElement            00453300 f   utility_ld:sx_dec.obj
 0001:00052630       _sxEndElement              00453630 f   utility_ld:sx_dec.obj
 0001:00052820       _sx_push                   00453820 f   utility_ld:sx_dec.obj
 0001:000528f0       _sx_pop                    004538f0 f   utility_ld:sx_dec.obj
 0001:00052a10       __uibed_find_element       00453a10 f   utility_ld:sx_dec.obj
 0001:00052aa0       _sx_get_element_contents   00453aa0 f   utility_ld:sx_dec.obj
 0001:00052b80       _sx_find_element_contents  00453b80 f   utility_ld:sx_dec.obj
 0001:00052cf0       _sx_get_entity             00453cf0 f   utility_ld:sx_dec.obj
 0001:00052e10       _sx_get_bool               00453e10 f   utility_ld:sx_dec.obj
 0001:00052e60       _sx_get_int                00453e60 f   utility_ld:sx_dec.obj
 0001:00052e80       _sx_get_float              00453e80 f   utility_ld:sx_dec.obj
 0001:00052ea0       _sx_get_double             00453ea0 f   utility_ld:sx_dec.obj
 0001:00052ec0       _sx_get_uchar              00453ec0 f   utility_ld:sx_dec.obj
 0001:00052ee0       _sx_get_int16              00453ee0 f   utility_ld:sx_dec.obj
 0001:00052f20       _sx_get_uint16             00453f20 f   utility_ld:sx_dec.obj
 0001:00052f40       _sx_get_uint32             00453f40 f   utility_ld:sx_dec.obj
 0001:00052f80       _sx_get_uint32_hex         00453f80 f   utility_ld:sx_dec.obj
 0001:00052fc0       _sx_get_int32              00453fc0 f   utility_ld:sx_dec.obj
 0001:00053000       _sx_get_long               00454000 f   utility_ld:sx_dec.obj
 0001:00053020       _sx_get_ulong              00454020 f   utility_ld:sx_dec.obj
 0001:00053040       _sx_get_uint               00454040 f   utility_ld:sx_dec.obj
 0001:00053060       _sx_get_value              00454060 f   utility_ld:sx_dec.obj
 0001:00053100       _sx_get_alloc_string       00454100 f   utility_ld:sx_dec.obj
 0001:00053160       _sx_get_string             00454160 f   utility_ld:sx_dec.obj
 0001:00053210       _sx_format_string_dec      00454210 f   utility_ld:sx_dec.obj
 0001:000533f0       _sx_get_bool_attr          004543f0 f   utility_ld:sx_dec.obj
 0001:00053440       _sx_get_int_attr           00454440 f   utility_ld:sx_dec.obj
 0001:00053460       _sx_get_float_attr         00454460 f   utility_ld:sx_dec.obj
 0001:00053480       _sx_get_double_attr        00454480 f   utility_ld:sx_dec.obj
 0001:000534a0       _sx_get_uchar_attr         004544a0 f   utility_ld:sx_dec.obj
 0001:000534c0       _sx_get_int16_attr         004544c0 f   utility_ld:sx_dec.obj
 0001:00053500       _sx_get_uint16_attr        00454500 f   utility_ld:sx_dec.obj
 0001:00053540       _sx_get_uint32_attr        00454540 f   utility_ld:sx_dec.obj
 0001:00053580       _sx_get_int32_attr         00454580 f   utility_ld:sx_dec.obj
 0001:000535c0       _sx_get_long_attr          004545c0 f   utility_ld:sx_dec.obj
 0001:000535e0       _sx_get_ulong_attr         004545e0 f   utility_ld:sx_dec.obj
 0001:00053600       _sx_get_uint_attr          00454600 f   utility_ld:sx_dec.obj
 0001:00053620       _XmlStringToDuration       00454620 f   utility_ld:sx_dec.obj
 0001:000539d0       _sx_get_duration_attr      004549d0 f   utility_ld:sx_dec.obj
 0001:00053a80       _sx_get_xtime_attr         00454a80 f   utility_ld:sx_dec.obj
 0001:00053b30       _sx_get_tm_attr            00454b30 f   utility_ld:sx_dec.obj
 0001:00053be0       _sx_get_attr_value         00454be0 f   utility_ld:sx_dec.obj
 0001:00053cc0       _sx_get_attr               00454cc0 f   utility_ld:sx_dec.obj
 0001:00053d40       _sx_get_attr_ptr           00454d40 f   utility_ld:sx_dec.obj
 0001:00053db0       _sx_get_bitstring          00454db0 f   utility_ld:sx_dec.obj
 0001:00053f60       _sx_get_string_ptr         00454f60 f   utility_ld:sx_dec.obj
 0001:00053fc0       _sx_get_string_YesNo       00454fc0 f   utility_ld:sx_dec.obj
 0001:00054080       _sx_get_string_OnOff_mask  00455080 f   utility_ld:sx_dec.obj
 0001:00054150       _sx_get_string_OnOff_bool  00455150 f   utility_ld:sx_dec.obj
 0001:00054210       _sx_get_time               00455210 f   utility_ld:sx_dec.obj
 0001:000542c0       _sx_get_tm                 004552c0 f   utility_ld:sx_dec.obj
 0001:00054360       _sx_get_tm_ex              00455360 f   utility_ld:sx_dec.obj
 0001:00054500       _sx_get_duration           00455500 f   utility_ld:sx_dec.obj
 0001:000545b0       _sx_get_xtime              004555b0 f   utility_ld:sx_dec.obj
 0001:00054660       _sx_get_time_ex            00455660 f   utility_ld:sx_dec.obj
 0001:00054820       _sx_rip_xml                00455820 f   utility_ld:sx_dec.obj
 0001:00056550       _sx_load_characters        00457550 f   utility_ld:sx_dec.obj
 0001:000565f0       _sxaLocalToText            004575f0 f   utility_ld:sx_axs4d.obj
 0001:00056620       _sxaLocalToText2           00457620 f   utility_ld:sx_axs4d.obj
 0001:00056f90       _sxaTextToLocal            00457f90 f   utility_ld:sx_axs4d.obj
 0001:00058d10       _sx_add_string             00459d10 f   utility_ld:sx_enc.obj
 0001:00058d40       _sx_add_buf                00459d40 f   utility_ld:sx_enc.obj
 0001:00058ea0       _sx_start_encode           00459ea0 f   utility_ld:sx_enc.obj
 0001:00058ee0       _sx_start_encodeEx         00459ee0 f   utility_ld:sx_enc.obj
 0001:00058f40       _sx_init_encode            00459f40 f   utility_ld:sx_enc.obj
 0001:00058fe0       _sx_init_encodeEx          00459fe0 f   utility_ld:sx_enc.obj
 0001:00059100       _sx_end_encode             0045a100 f   utility_ld:sx_enc.obj
 0001:00059200       _sx_end_element            0045a200 f   utility_ld:sx_enc.obj
 0001:00059250       _sx_write_element          0045a250 f   utility_ld:sx_enc.obj
 0001:0005a550       _sx_wr_string              0045b550 f   utility_ld:sx_enc.obj
 0001:0005a900       _sx_wrx_string_el          0045b900 f   utility_ld:sx_enc.obj
 0001:0005a960       _sx_wr_nstring             0045b960 f   utility_ld:sx_enc.obj
 0001:0005acc0       _sx_wrx_nstring_el         0045bcc0 f   utility_ld:sx_enc.obj
 0001:0005ad20       _sx_wr_bitstring           0045bd20 f   utility_ld:sx_enc.obj
 0001:0005b050       _sx_wrx_bitstring_el       0045c050 f   utility_ld:sx_enc.obj
 0001:0005b0b0       _sx_wr_int                 0045c0b0 f   utility_ld:sx_enc.obj
 0001:0005b2a0       _sx_wrx_int_el             0045c2a0 f   utility_ld:sx_enc.obj
 0001:0005b300       _sx_wr_uint                0045c300 f   utility_ld:sx_enc.obj
 0001:0005b4f0       _sx_wrx_uint_el            0045c4f0 f   utility_ld:sx_enc.obj
 0001:0005b550       _sx_wr_ulong               0045c550 f   utility_ld:sx_enc.obj
 0001:0005b740       _sx_wrx_ulong_el           0045c740 f   utility_ld:sx_enc.obj
 0001:0005b7a0       _sx_wr_uint32_hex          0045c7a0 f   utility_ld:sx_enc.obj
 0001:0005b990       _sx_wrx_uint32_hex_el      0045c990 f   utility_ld:sx_enc.obj
 0001:0005b9f0       _sx_wr_double              0045c9f0 f   utility_ld:sx_enc.obj
 0001:0005bbe0       _sx_wrx_double_el          0045cbe0 f   utility_ld:sx_enc.obj
 0001:0005bc40       _sx_wr_float               0045cc40 f   utility_ld:sx_enc.obj
 0001:0005be30       _sx_wrx_float_el           0045ce30 f   utility_ld:sx_enc.obj
 0001:0005be90       _sx_wr_long                0045ce90 f   utility_ld:sx_enc.obj
 0001:0005c080       _sx_wrx_long_el            0045d080 f   utility_ld:sx_enc.obj
 0001:0005c0e0       _sx_wr_bool                0045d0e0 f   utility_ld:sx_enc.obj
 0001:0005c3b0       _sx_wrx_bool_el            0045d3b0 f   utility_ld:sx_enc.obj
 0001:0005c410       _sx_wr_time                0045d410 f   utility_ld:sx_enc.obj
 0001:0005c630       _sx_wr_tm                  0045d630 f   utility_ld:sx_enc.obj
 0001:0005c830       _XmlDurationToString       0045d830 f   utility_ld:sx_enc.obj
 0001:0005cb80       _sx_wr_duration            0045db80 f   utility_ld:sx_enc.obj
 0001:0005cd70       _sx_wr_xtime               0045dd70 f   utility_ld:sx_enc.obj
 0001:0005cfe0       _sx_wrx_duration_el        0045dfe0 f   utility_ld:sx_enc.obj
 0001:0005d040       _sx_wrx_xtime_el           0045e040 f   utility_ld:sx_enc.obj
 0001:0005d0a0       _sx_wrx_time_el            0045e0a0 f   utility_ld:sx_enc.obj
 0001:0005d100       _sx_wrx_tm_el              0045e100 f   utility_ld:sx_enc.obj
 0001:0005d160       _sx_wr_cdata               0045e160 f   utility_ld:sx_enc.obj
 0001:0005d6b0       _sx_wrx_cdata_el           0045e6b0 f   utility_ld:sx_enc.obj
 0001:0005d710       _sx_wr_comment             0045e710 f   utility_ld:sx_enc.obj
 0001:0005df30       _sx_format_string_enc      0045ef30 f   utility_ld:sx_enc.obj
 0001:0005e080       _sx_format_nstring_enc     0045f080 f   utility_ld:sx_enc.obj
 0001:0005e1e0       _ascii_to_hex_str          0045f1e0 f   utility_ld:str_util.obj
 0001:0005e300       _hex_to_ascii_str          0045f300 f   utility_ld:str_util.obj
 0001:0005e400       _strnstr                   0045f400 f   utility_ld:str_util.obj
 0001:0005e4c0       _strncat_maxstrlen         0045f4c0 f   utility_ld:str_util.obj
 0001:0005e510       _strncpy_safe              0045f510 f   utility_ld:str_util.obj
 0001:0005e540       _asciiToSlong              0045f540 f   utility_ld:str_util.obj
 0001:0005e590       _asciiToUlong              0045f590 f   utility_ld:str_util.obj
 0001:0005e5e0       _asciiToSint               0045f5e0 f   utility_ld:str_util.obj
 0001:0005e640       _asciiToUint               0045f640 f   utility_ld:str_util.obj
 0001:0005e6a0       _asciiToSint32             0045f6a0 f   utility_ld:str_util.obj
 0001:0005e700       _asciiToUint32             0045f700 f   utility_ld:str_util.obj
 0001:0005e760       _asciiToSint16             0045f760 f   utility_ld:str_util.obj
 0001:0005e7e0       _asciiToUint16             0045f7e0 f   utility_ld:str_util.obj
 0001:0005e850       _asciiToUchar              0045f850 f   utility_ld:str_util.obj
 0001:0005e8c0       _asciiToSint8              0045f8c0 f   utility_ld:str_util.obj
 0001:0005e930       _asciiToUint8              0045f930 f   utility_ld:str_util.obj
 0001:0005e9a0       _asciiToFloat              0045f9a0 f   utility_ld:str_util.obj
 0001:0005ea20       _asciiToDouble             0045fa20 f   utility_ld:str_util.obj
 0001:0005ea70       _sInt8ToAscii              0045fa70 f   utility_ld:str_util.obj
 0001:0005ea90       _uInt8ToAscii              0045fa90 f   utility_ld:str_util.obj
 0001:0005eab0       _sInt16ToAscii             0045fab0 f   utility_ld:str_util.obj
 0001:0005ead0       _uInt16ToAscii             0045fad0 f   utility_ld:str_util.obj
 0001:0005eaf0       _sInt32ToAscii             0045faf0 f   utility_ld:str_util.obj
 0001:0005eb10       _uInt32ToAscii             0045fb10 f   utility_ld:str_util.obj
 0001:0005eb30       _sIntToAscii               0045fb30 f   utility_ld:str_util.obj
 0001:0005eb50       _uIntToAscii               0045fb50 f   utility_ld:str_util.obj
 0001:0005eb70       _sLongToAscii              0045fb70 f   utility_ld:str_util.obj
 0001:0005eb90       _uLongToAscii              0045fb90 f   utility_ld:str_util.obj
 0001:0005eca0       _getKeywordFromFile        0045fca0 f   utility_ld:str_util.obj
 0001:0005eee0       _get_next_string           0045fee0 f   utility_ld:str_util.obj
 0001:0005f010       _StdTimeRet                00460010 f   utility_ld:stdtime.obj
 0001:0005f040       _StdTimeYearIsLeap         00460040 f   utility_ld:stdtime.obj
 0001:0005f0c0       _StdTimeDaysInYearMon      004600c0 f   utility_ld:stdtime.obj
 0001:0005f120       _StdTimeToStdTimeFields    00460120 f   utility_ld:stdtime.obj
 0001:0005f310       _StdTimeFieldsToStdTime    00460310 f   utility_ld:stdtime.obj
 0001:0005f4f0       _StdTimeToStdTimeStringA   004604f0 f   utility_ld:stdtime.obj
 0001:0005f620       _StdTimeStringAToStdTime   00460620 f   utility_ld:stdtime.obj
 0001:0005f6b0       _StdTimeStringAToStdTimeFields 004606b0 f   utility_ld:stdtime.obj
 0001:0005fb80       _GetStdTime                00460b80 f   utility_ld:stdtime.obj
 0001:0005fbe0       _ValidStdTimeFields        00460be0 f   utility_ld:stdtime.obj
 0001:0005fdf0       _StdTimeFields_AddFraction 00460df0 f   utility_ld:stdtime.obj
 0001:00060030       _StdTime_AddSpan           00461030 f   utility_ld:stdtime.obj
 0001:00060080       _StdTimeFields_AddSpan     00461080 f   utility_ld:stdtime.obj
 0001:00060100       _StdTime_SubSpan           00461100 f   utility_ld:stdtime.obj
 0001:00060150       _StdTime_AddDelta          00461150 f   utility_ld:stdtime.obj
 0001:000601b0       _StdTimeFields_AddDelta    004611b0 f   utility_ld:stdtime.obj
 0001:00060210       _StdTime_SubDelta          00461210 f   utility_ld:stdtime.obj
 0001:00060270       _StdTime_GetSpan           00461270 f   utility_ld:stdtime.obj
 0001:000602e0       _StdTime_GetDelta          004612e0 f   utility_ld:stdtime.obj
 0001:00060350       _NormalizeStdTimeDelta     00461350 f   utility_ld:stdtime.obj
 0001:00060390       _TruncStdTimeDelta         00461390 f   utility_ld:stdtime.obj
 0001:000607f0       _RoundStdTimeDelta         004617f0 f   utility_ld:stdtime.obj
 0001:00060b20       _StdTimeDeltaToStdTimeSpan 00461b20 f   utility_ld:stdtime.obj
 0001:00060d20       _StdTimeSpanToStdTimeDelta 00461d20 f   utility_ld:stdtime.obj
 0001:00060f50       _ValidStdTimeDelta         00461f50 f   utility_ld:stdtime.obj
 0001:00060f90       _ValidStdTimeSpan          00461f90 f   utility_ld:stdtime.obj
 0001:00060fd0       _SgnStdTimeDelta           00461fd0 f   utility_ld:stdtime.obj
 0001:000610e0       _AbsStdTimeDelta           004620e0 f   utility_ld:stdtime.obj
 0001:00061150       _NegStdTimeDelta           00462150 f   utility_ld:stdtime.obj
 0001:000611f0       _SgnStdTimeSpan            004621f0 f   utility_ld:stdtime.obj
 0001:00061250       _AbsStdTimeSpan            00462250 f   utility_ld:stdtime.obj
 0001:000612e0       _NegStdTimeSpan            004622e0 f   utility_ld:stdtime.obj
 0001:00061330       _CompareStdTime            00462330 f   utility_ld:stdtime.obj
 0001:000613a0       _CompareStdTimeFields      004623a0 f   utility_ld:stdtime.obj
 0001:00061550       _StdTimeToFileTime         00462550 f   utility_ld:stdtime.obj
 0001:000615a0       _FileTimeToStdTime         004625a0 f   utility_ld:stdtime.obj
 0001:000615f0       _StdTimeFieldsToFileTime   004625f0 f   utility_ld:stdtime.obj
 0001:00061710       _FileTimeToStdTimeFields   00462710 f   utility_ld:stdtime.obj
 0001:00061930       _StdTimeToSystemTimeEx     00462930 f   utility_ld:stdtime.obj
 0001:000619e0       _SystemTimeExToStdTime     004629e0 f   utility_ld:stdtime.obj
 0001:00061a80       _StdTimeFieldsToSystemTimeEx 00462a80 f   utility_ld:stdtime.obj
 0001:00061c10       _SystemTimeExToStdTimeFields 00462c10 f   utility_ld:stdtime.obj
 0001:00061d20       _StdTimeToSystemTime       00462d20 f   utility_ld:stdtime.obj
 0001:00061d60       _SystemTimeToStdTime       00462d60 f   utility_ld:stdtime.obj
 0001:00061da0       _StdTimeApiZeroDbTimeStamp 00462da0 f   utility_ld:stdtime.obj
 0001:00061de0       _StdTimeToDbTimeStamp      00462de0 f   utility_ld:stdtime.obj
 0001:00061e90       _DbTimeStampToStdTime      00462e90 f   utility_ld:stdtime.obj
 0001:00061f20       _StdTimeFieldsToDbTimeStamp 00462f20 f   utility_ld:stdtime.obj
 0001:00062040       _DbTimeStampToStdTimeFields 00463040 f   utility_ld:stdtime.obj
 0001:00062170       _StdTimeToStructTmEx       00463170 f   utility_ld:stdtime.obj
 0001:000621f0       _StructTmExToStdTime       004631f0 f   utility_ld:stdtime.obj
 0001:00062270       _StdTimeToTimeTypeEx       00463270 f   utility_ld:stdtime.obj
 0001:00062360       _TimeTypeExToStdTime       00463360 f   utility_ld:stdtime.obj
 0001:00062450       _StdTimeFields             00463450 f   utility_ld:stdtime.obj
 0001:000624b0       _StdTimeDelta              004634b0 f   utility_ld:stdtime.obj
 0001:00062500       _StdTimeSpan               00463500 f   utility_ld:stdtime.obj
 0001:00062520       _ZeroStdTime               00463520 f   utility_ld:stdtime.obj
 0001:00062540       _ZeroStdTimeFields         00463540 f   utility_ld:stdtime.obj
 0001:00062580       _ZeroStdTimeStringA        00463580 f   utility_ld:stdtime.obj
 0001:000625f0       _ZeroStdTimeDelta          004635f0 f   utility_ld:stdtime.obj
 0001:00062630       _ZeroStdTimeSpan           00463630 f   utility_ld:stdtime.obj
 0001:00062650       _ZeroStdTimeTzoA           00463650 f   utility_ld:stdtime.obj
 0001:000626a0       _ZeroStdTimeErrMsgA        004636a0 f   utility_ld:stdtime.obj
 0001:00062730       _StdTimeApiZeroFileTime    00463730 f   utility_ld:stdtime.obj
 0001:00062750       _StdTimeApiZeroSystemTime  00463750 f   utility_ld:stdtime.obj
 0001:00062790       _StdTimeApiZeroStructTm    00463790 f   utility_ld:stdtime.obj
 0001:000627d0       _StdTimeGetDayofWeekAndYear 004637d0 f   utility_ld:stdtime.obj
 0001:00062820       _StdTimeToDate             00463820 f   utility_ld:stdtime.obj
 0001:000628f0       _DateToStdTime             004638f0 f   utility_ld:stdtime.obj
 0001:000629b0       _StdTimeFieldsToDate       004639b0 f   utility_ld:stdtime.obj
 0001:00062a00       _DateToStdTimeFields       00463a00 f   utility_ld:stdtime.obj
 0001:00062a50       _StdTimeToLocalStdTime     00463a50 f   utility_ld:stdtime.obj
 0001:00062ae0       _LocalStdTimeToStdTime     00463ae0 f   utility_ld:stdtime.obj
 0001:00062b70       _NormalizeStdTimeTzoA      00463b70 f   utility_ld:stdtime.obj
 0001:00062f40       _StdTimeRcToErrMsgA        00463f40 f   utility_ld:stdtime.obj
 0001:00063200       _StdTimeApiZeroMmsTimeOfDay6 00464200 f   utility_ld:stdtime_mms_btime.obj
 0001:00063220       _StdTimeToMmsTimeOfDay6Ex  00464220 f   utility_ld:stdtime_mms_btime.obj
 0001:00063340       _MmsTimeOfDay6ExToStdTime  00464340 f   utility_ld:stdtime_mms_btime.obj
 0001:00063440       _StdTimeToMmsTimeOfDay6    00464440 f   utility_ld:stdtime_mms_btime.obj
 0001:00063480       _MmsTimeOfDay6ToStdTime    00464480 f   utility_ld:stdtime_mms_btime.obj
 0001:000634c0       _StdTimeApiZeroMmsUtcTime  004644c0 f   utility_ld:stdtime_mms_utctime.obj
 0001:000634f0       _StdTimeToMmsUtcTime       004644f0 f   utility_ld:stdtime_mms_utctime.obj
 0001:000635f0       _MmsUtcTimeToStdTime       004645f0 f   utility_ld:stdtime_mms_utctime.obj
 0001:00063710       _tstrTimeToString          00464710 f   utility_ld:time_str.obj
 0001:00063760       _tstrTimeToStringGmt       00464760 f   utility_ld:time_str.obj
 0001:000637b0       _getDateOrder              004647b0 f   utility_ld:time_str.obj
 0001:00063810       _storeDateValue            00464810 f   utility_ld:time_str.obj
 0001:00063c90       _storeTimeValue            00464c90 f   utility_ld:time_str.obj
 0001:000641f0       _tstrStringToTm            004651f0 f   utility_ld:time_str.obj
 0001:00064a10       _tstrStringToTime          00465a10 f   utility_ld:time_str.obj
 0001:00064aa0       _tstrStringToTimeGmt       00465aa0 f   utility_ld:time_str.obj
 0001:00064b10       _tstrTmToString            00465b10 f   utility_ld:time_str.obj
 0001:00064b40       _Btime6StringToVals        00465b40 f   utility_ld:time_str.obj
 0001:00064ce0       _Btime6ValsToString        00465ce0 f   utility_ld:time_str.obj
 0001:00064e80       _Btime4StringToVals        00465e80 f   utility_ld:time_str.obj
 0001:000650a0       _Btime4ValsToString        004660a0 f   utility_ld:time_str.obj
 0001:00065250       _UtcStringToVals           00466250 f   utility_ld:time_str.obj
 0001:00065780       _UtcValsToString           00466780 f   utility_ld:time_str.obj
 0001:00065940       _XmlStringToUtcValue       00466940 f   utility_ld:time_str.obj
 0001:00065b20       _UtcValueToXmlString       00466b20 f   utility_ld:time_str.obj
 0001:00065cf0       _CalculateTimeZoneOffset   00466cf0 f   utility_ld:time_str.obj
 0001:00065db0       _GetTimeAndUsec            00466db0 f   utility_ld:time_str.obj
 0001:00065df0       _usr_mkgmtime              00466df0 f   utility_ld:time_str.obj
 0001:00066250       _QuadLibI64GetHi           00467250 f   utility_ld:stdtime_quadlib.obj
 0001:00066260       _QuadLibU64GetHi           00467260 f   utility_ld:stdtime_quadlib.obj
 0001:00066270       _QuadLibI64GetLo           00467270 f   utility_ld:stdtime_quadlib.obj
 0001:00066280       _QuadLibU64GetLo           00467280 f   utility_ld:stdtime_quadlib.obj
[...]
 0003:00037b94       _m_hw_rt_aa_ctrl           0051bb94     <common>
 0003:00037b98       __mmsdec_rslt              0051bb98     <common>
 0003:00037b9c       __mms_dec_info             0051bb9c     <common>
 0003:00037ba0       __mmsdec_msgptr            0051bba0     <common>
 0003:00037ba4       _m_alt_acc_packed          0051bba4     <common>
 0003:00037ba8       _m_hw_dec_aa               0051bba8     <common>
 0003:00037bac       _mms_op_err                0051bbac     <common>
 0003:00037bb0       _m_use_dis_float           0051bbb0     <common>
 0003:00037bb4       _mmsl_msg_len              0051bbb4     <common>
 0003:00037bb8       _mmsl_enc_buf_size         0051bbb8     <common>
 0003:00037bbc       _mmsl_msg_start            0051bbbc     <common>
 0003:00037bc0       _modifier_list             0051bbc0     <common>
 0003:00037bcc       _sxLogOverrunAsFlow        0051bbcc     <common>
 0003:00037bd5       _sxUseFormatting           0051bbd5     <common>
 0003:00037bd6       _sxUseSax                  0051bbd6     <common>
 0003:00037bdf       _sxIgnoreNS                0051bbdf     <common>
 0003:00037be0       _gs_hwEventTime            0051bbe0     <common>
 0003:00037e2c       _gs_track                  0051be2c     <common>
 0003:00037e40       _gs_currSemOwnerFile       0051be40     <common>
 0003:00038360       _gs_currSemOwnerLine       0051c360     <common>
 0003:000383c0       _gs_currSemFreeLine        0051c3c0     <common>
 0003:00038410       _gs_hwMutexTime            0051c410     <common>
 0003:00038420       _gs_util_mutex             0051c420     <common>
 0003:00038444       _gs_currSemOwnerIndex      0051c444     <common>
 0003:00038460       _gs_currSemFreeFile        0051c460     <common>
 0003:00038980       _gs_glb_mutex              0051c980     <common>
 0003:000389a4       _sockCtxList               0051c9a4     <common>
 0003:000389b4       _sock_debug_sel            0051c9b4     <common>
 0003:000389b8       _sxdDefXmlStyle            0051c9b8     <common>
 0003:000389c4       _list_debug_sel            0051c9c4     <common>
 0003:000389d0       _pdv_data_ptr              0051c9d0     <common>
 0003:000389e0       _pdv_data_len              0051c9e0     <common>
 0003:000389e4       _p_user_data_is_outer      0051c9e4     <common>
 0003:000389e5       _expected_pdv_pci          0051c9e5     <common>
 0003:000389e8       _decode_acse_conn          0051c9e8     <common>
 0003:000389f4       _cltp_decode_nsdu_fun      0051c9f4     <common>
 0003:00038a00       _clnpl_invalid_mac_handler 0051ca00     <common>
 0003:00038a10       _es_is_config_resp_disable 0051ca10     <common>
 0003:00038a14       _clnp_snet_read_hook_ptr   0051ca14     <common>
 0003:00038a20       _session_cfg               0051ca20     <common>
 0003:00038a30       _cosp_only_ssel            0051ca30     <common>
 0003:00038a38       _tp4RetransCount           0051ca38     <common>
 0003:00038a4c       _tp_conn_arr               0051ca4c     <common>
 0003:00038a50       _only_loc_tsap             0051ca50     <common>
 0003:00038a58       _only_user_bind_id         0051ca58     <common>
 0003:00038a60       _tp_cfg                    0051ca60     <common>
 0003:00038a70       _only_loc_psel             0051ca70     <common>
 0003:00038a7e       _copp_bind_called          0051ca7e     <common>
 0003:00038a80       _audt_msgsize              0051ca80     <common>
 0003:00038aa0       _clnp_param                0051caa0     <common>
 0003:00038adc       _clnp_read_fun_co          0051cadc     <common>
 0003:00038ae0       _hMainEvent                0051cae0     <common>
 0003:00038ae4       _clnp_read_fun_cl          0051cae4     <common>
 0003:00038ae8       _adhandle                  0051cae8     <common>
 0003:00038af8       _hMMSEvent                 0051caf8     <common>
 0003:00038afc       _netmask                   0051cafc     <common>
 0003:00038b00       _acse_msgsize              0051cb00     <common>
 0003:00038b10       _cosp_buf                  0051cb10     <common>
 0003:00038b14       _cosp_msgsize              0051cb14     <common>
 0003:00038b18       __debugger_hook_dummy      0051cb18     <common>
 0003:00038b24       ___active_heap             0051cb24     <common>
 0003:00038b30       ___sbh_initialized         0051cb30     <common>
 0003:00038b44       ___sbh_cntHeaderList       0051cb44     <common>
 0003:00038b48       ___sbh_pHeaderList         0051cb48     <common>
 0003:00038b4c       ___sbh_threshold           0051cb4c     <common>
 0003:00038b50       ___sbh_pHeaderScan         0051cb50     <common>
 0003:00038b54       ___sbh_sizeHeaderList      0051cb54     <common>
 0003:00038b58       ___sbh_indGroupDefer       0051cb58     <common>
 0003:00038b5c       __nhandle                  0051cb5c     <common>
 0003:00038ba0       ___pioinfo                 0051cba0     <common>
 0003:00038ca0       ___setlc_active            0051cca0     <common>
 0003:00038cb0       ___unguarded_readlc_active 0051ccb0     <common>
 0003:00038cb4       ___sse2_available          0051ccb4     <common>
 0003:00038cc0       __pDestructExceptionObject 0051ccc0     <common>
 0003:00038ccc       __acmdln                   0051cccc     <common>
 0003:00038cd8       ___piob                    0051ccd8     <common>
 0003:00039020       __bufin                    0051d020     <common>
 0003:0003a020       __nstream                  0051e020     <common>
 0003:0003a024       ___env_initialized         0051e024     <common>
 0003:0003a034       ___onexitend               0051e034     <common>
 0003:0003a038       ___onexitbegin             0051e038     <common>
 0003:0003a03c       ___mbctype_initialized     0051e03c     <common>
 0003:0003a040       ___dyn_tls_init_callback   0051e040     <common>
 0004:00000000       __IMPORT_DESCRIPTOR_WS2_32 0051f000     ws2_32:WS2_32.dll
 0004:00000014       __IMPORT_DESCRIPTOR_WINMM  0051f014     winmm:WINMM.dll
 0004:00000028       __IMPORT_DESCRIPTOR_wpcap  0051f028     wpcap:wpcap.dll
 0004:0000003c       __IMPORT_DESCRIPTOR_packet 0051f03c     Packet:packet.dll
 0004:00000050       __IMPORT_DESCRIPTOR_KERNEL32 0051f050     kernel32:KERNEL32.dll
 0004:00000064       __IMPORT_DESCRIPTOR_ADVAPI32 0051f064     advapi32:ADVAPI32.dll
 0004:00000078       __NULL_IMPORT_DESCRIPTOR   0051f078     ws2_32:WS2_32.dll
 0004:0000046c       __imp__InitializeSecurityDescriptor@8 0051f46c     advapi32:ADVAPI32.dll
 0004:00000470       __imp__SetSecurityDescriptorDacl@16 0051f470     advapi32:ADVAPI32.dll
 0004:00000474       \177ADVAPI32_NULL_THUNK_DATA 0051f474     advapi32:ADVAPI32.dll
 0004:000004a0       __imp__SetEnvironmentVariableA@8 0051f4a0     kernel32:KERNEL32.dll
 0004:000004a4       __imp__CompareStringW@24   0051f4a4     kernel32:KERNEL32.dll
 0004:000004a8       __imp__CompareStringA@24   0051f4a8     kernel32:KERNEL32.dll
 0004:000004ac       __imp__GetProcessHeap@0    0051f4ac     kernel32:KERNEL32.dll
 0004:000004b0       __imp__SetEndOfFile@4      0051f4b0     kernel32:KERNEL32.dll
 0004:000004b4       __imp__CreateFileA@28      0051f4b4     kernel32:KERNEL32.dll
 0004:000004b8       __imp__GetConsoleOutputCP@0 0051f4b8     kernel32:KERNEL32.dll
 0004:000004bc       __imp__WriteConsoleA@20    0051f4bc     kernel32:KERNEL32.dll
 0004:000004c0       __imp__GetLocaleInfoW@16   0051f4c0     kernel32:KERNEL32.dll
 0004:000004c4       __imp__HeapSize@12         0051f4c4     kernel32:KERNEL32.dll
 0004:000004c8       __imp__IsValidLocale@8     0051f4c8     kernel32:KERNEL32.dll
 0004:000004cc       __imp__EnumSystemLocalesA@8 0051f4cc     kernel32:KERNEL32.dll
 0004:000004d0       __imp__GetUserDefaultLCID@0 0051f4d0     kernel32:KERNEL32.dll
 0004:000004d4       __imp__GetStringTypeW@16   0051f4d4     kernel32:KERNEL32.dll
 0004:000004d8       __imp__GetStringTypeA@20   0051f4d8     kernel32:KERNEL32.dll
 0004:000004dc       __imp__SetFilePointer@16   0051f4dc     kernel32:KERNEL32.dll
 0004:000004e0       __imp__FlushFileBuffers@4  0051f4e0     kernel32:KERNEL32.dll
 0004:000004e4       __imp__GetCurrentProcessId@0 0051f4e4     kernel32:KERNEL32.dll
 0004:000004e8       __imp__GetTickCount@0      0051f4e8     kernel32:KERNEL32.dll
 0004:000004ec       __imp__GetEnvironmentStringsW@0 0051f4ec     kernel32:KERNEL32.dll
 0004:000004f0       __imp__FreeEnvironmentStringsW@4 0051f4f0     kernel32:KERNEL32.dll
 0004:000004f4       __imp__GetEnvironmentStrings@0 0051f4f4     kernel32:KERNEL32.dll
 0004:000004f8       __imp__FreeEnvironmentStringsA@4 0051f4f8     kernel32:KERNEL32.dll
 0004:000004fc       __imp__SetStdHandle@8      0051f4fc     kernel32:KERNEL32.dll
 0004:00000500       __imp__ReadFile@20         0051f500     kernel32:KERNEL32.dll
 0004:00000504       __imp__RtlUnwind@16        0051f504     kernel32:KERNEL32.dll
 0004:00000508       __imp__GetConsoleMode@8    0051f508     kernel32:KERNEL32.dll
 0004:0000050c       __imp__GetConsoleCP@0      0051f50c     kernel32:KERNEL32.dll
 0004:00000510       __imp__HeapDestroy@4       0051f510     kernel32:KERNEL32.dll
 0004:00000514       __imp__HeapCreate@12       0051f514     kernel32:KERNEL32.dll
 0004:00000518       __imp__VirtualAlloc@16     0051f518     kernel32:KERNEL32.dll
 0004:0000051c       __imp__VirtualFree@12      0051f51c     kernel32:KERNEL32.dll
 0004:00000520       __imp__GetStartupInfoA@4   0051f520     kernel32:KERNEL32.dll
 0004:00000524       __imp__SetHandleCount@4    0051f524     kernel32:KERNEL32.dll
 0004:00000528       __imp__InitializeCriticalSectionAndSpinCount@8 0051f528     kernel32:KERNEL32.dll
 0004:0000052c       __imp__LoadLibraryA@4      0051f52c     kernel32:KERNEL32.dll
 0004:00000530       __imp__InterlockedExchange@8 0051f530     kernel32:KERNEL32.dll
 0004:00000534       __imp__FreeLibrary@4       0051f534     kernel32:KERNEL32.dll
 0004:00000538       __imp__GetLocalTime@4      0051f538     kernel32:KERNEL32.dll
 0004:0000053c       __imp__QueryPerformanceCounter@4 0051f53c     kernel32:KERNEL32.dll
 0004:00000540       __imp__QueryPerformanceFrequency@4 0051f540     kernel32:KERNEL32.dll
 0004:00000544       __imp__InitializeCriticalSection@4 0051f544     kernel32:KERNEL32.dll
 0004:00000548       __imp__GetLastError@0      0051f548     kernel32:KERNEL32.dll
 0004:0000054c       __imp__CreateMutexA@12     0051f54c     kernel32:KERNEL32.dll
 0004:00000550       __imp__LocalFree@4         0051f550     kernel32:KERNEL32.dll
 0004:00000554       __imp__LocalAlloc@8        0051f554     kernel32:KERNEL32.dll
 0004:00000558       __imp__GetCurrentThreadId@0 0051f558     kernel32:KERNEL32.dll
 0004:0000055c       __imp__EnterCriticalSection@4 0051f55c     kernel32:KERNEL32.dll
 0004:00000560       __imp__ReleaseMutex@4      0051f560     kernel32:KERNEL32.dll
 0004:00000564       __imp__LeaveCriticalSection@4 0051f564     kernel32:KERNEL32.dll
 0004:00000568       __imp__CloseHandle@4       0051f568     kernel32:KERNEL32.dll
 0004:0000056c       __imp__DeleteCriticalSection@4 0051f56c     kernel32:KERNEL32.dll
 0004:00000570       __imp__CreateEventA@16     0051f570     kernel32:KERNEL32.dll
 0004:00000574       __imp__WaitForSingleObject@8 0051f574     kernel32:KERNEL32.dll
 0004:00000578       __imp__WaitForMultipleObjects@16 0051f578     kernel32:KERNEL32.dll
 0004:0000057c       __imp__SetEvent@4          0051f57c     kernel32:KERNEL32.dll
 0004:00000580       __imp__PulseEvent@4        0051f580     kernel32:KERNEL32.dll
 0004:00000584       __imp__ResetEvent@4        0051f584     kernel32:KERNEL32.dll
 0004:00000588       __imp__RaiseException@16   0051f588     kernel32:KERNEL32.dll
 0004:0000058c       __imp__GetVersionExA@4     0051f58c     kernel32:KERNEL32.dll
 0004:00000590       __imp__FormatMessageA@28   0051f590     kernel32:KERNEL32.dll
 0004:00000594       __imp__Sleep@4             0051f594     kernel32:KERNEL32.dll
 0004:00000598       __imp__FileTimeToSystemTime@8 0051f598     kernel32:KERNEL32.dll
 0004:0000059c       __imp__SystemTimeToFileTime@8 0051f59c     kernel32:KERNEL32.dll
 0004:000005a0       __imp__GetSystemTimeAsFileTime@4 0051f5a0     kernel32:KERNEL32.dll
 0004:000005a4       __imp__FileTimeToLocalFileTime@8 0051f5a4     kernel32:KERNEL32.dll
 0004:000005a8       __imp__LocalFileTimeToFileTime@8 0051f5a8     kernel32:KERNEL32.dll
 0004:000005ac       __imp__GetLocaleInfoA@16   0051f5ac     kernel32:KERNEL32.dll
 0004:000005b0       __imp__WriteConsoleW@20    0051f5b0     kernel32:KERNEL32.dll
 0004:000005b4       __imp__GetFileType@4       0051f5b4     kernel32:KERNEL32.dll
 0004:000005b8       __imp__GetStdHandle@4      0051f5b8     kernel32:KERNEL32.dll
 0004:000005bc       __imp__GetModuleFileNameW@12 0051f5bc     kernel32:KERNEL32.dll
 0004:000005c0       __imp__GetModuleHandleW@4  0051f5c0     kernel32:KERNEL32.dll
 0004:000005c4       __imp__GetProcAddress@8    0051f5c4     kernel32:KERNEL32.dll
 0004:000005c8       __imp__ExitProcess@4       0051f5c8     kernel32:KERNEL32.dll
 0004:000005cc       __imp__SetConsoleCtrlHandler@8 0051f5cc     kernel32:KERNEL32.dll
 0004:000005d0       __imp__HeapAlloc@12        0051f5d0     kernel32:KERNEL32.dll
 0004:000005d4       __imp__HeapFree@12         0051f5d4     kernel32:KERNEL32.dll
 0004:000005d8       __imp__GetFileInformationByHandle@8 0051f5d8     kernel32:KERNEL32.dll
 0004:000005dc       __imp__PeekNamedPipe@24    0051f5dc     kernel32:KERNEL32.dll
 0004:000005e0       __imp__GetCommandLineA@0   0051f5e0     kernel32:KERNEL32.dll
 0004:000005e4       __imp__HeapReAlloc@16      0051f5e4     kernel32:KERNEL32.dll
 0004:000005e8       __imp__DeleteFileA@4       0051f5e8     kernel32:KERNEL32.dll
 0004:000005ec       __imp__ExitThread@4        0051f5ec     kernel32:KERNEL32.dll
 0004:000005f0       __imp__CreateThread@24     0051f5f0     kernel32:KERNEL32.dll
 0004:000005f4       __imp__GetTimeFormatA@24   0051f5f4     kernel32:KERNEL32.dll
 0004:000005f8       __imp__GetDateFormatA@24   0051f5f8     kernel32:KERNEL32.dll
 0004:000005fc       __imp__GetTimeZoneInformation@4 0051f5fc     kernel32:KERNEL32.dll
 0004:00000600       __imp__TerminateProcess@8  0051f600     kernel32:KERNEL32.dll
 0004:00000604       __imp__GetCurrentProcess@0 0051f604     kernel32:KERNEL32.dll
 0004:00000608       __imp__UnhandledExceptionFilter@4 0051f608     kernel32:KERNEL32.dll
 0004:0000060c       __imp__SetUnhandledExceptionFilter@4 0051f60c     kernel32:KERNEL32.dll
 0004:00000610       __imp__IsDebuggerPresent@0 0051f610     kernel32:KERNEL32.dll
 0004:00000614       __imp__LoadLibraryW@4      0051f614     kernel32:KERNEL32.dll
 0004:00000618       __imp__GetModuleHandleA@4  0051f618     kernel32:KERNEL32.dll
 0004:0000061c       __imp__GetCPInfo@8         0051f61c     kernel32:KERNEL32.dll
 0004:00000620       __imp__InterlockedIncrement@4 0051f620     kernel32:KERNEL32.dll
 0004:00000624       __imp__InterlockedDecrement@4 0051f624     kernel32:KERNEL32.dll
 0004:00000628       __imp__GetACP@0            0051f628     kernel32:KERNEL32.dll
 0004:0000062c       __imp__GetOEMCP@0          0051f62c     kernel32:KERNEL32.dll
 0004:00000630       __imp__IsValidCodePage@4   0051f630     kernel32:KERNEL32.dll
 0004:00000634       __imp__TlsGetValue@4       0051f634     kernel32:KERNEL32.dll
 0004:00000638       __imp__TlsAlloc@0          0051f638     kernel32:KERNEL32.dll
 0004:0000063c       __imp__TlsSetValue@8       0051f63c     kernel32:KERNEL32.dll
 0004:00000640       __imp__TlsFree@4           0051f640     kernel32:KERNEL32.dll
 0004:00000644       __imp__SetLastError@4      0051f644     kernel32:KERNEL32.dll
 0004:00000648       __imp__GetCurrentThread@0  0051f648     kernel32:KERNEL32.dll
 0004:0000064c       __imp__LCMapStringA@24     0051f64c     kernel32:KERNEL32.dll
 0004:00000650       __imp__WideCharToMultiByte@32 0051f650     kernel32:KERNEL32.dll
 0004:00000654       __imp__MultiByteToWideChar@24 0051f654     kernel32:KERNEL32.dll
 0004:00000658       __imp__LCMapStringW@24     0051f658     kernel32:KERNEL32.dll
 0004:0000065c       __imp__WriteFile@20        0051f65c     kernel32:KERNEL32.dll
 0004:00000660       __imp__GetModuleFileNameA@12 0051f660     kernel32:KERNEL32.dll
 0004:00000664       __imp__FatalAppExitA@8     0051f664     kernel32:KERNEL32.dll
 0004:00000668       \177KERNEL32_NULL_THUNK_DATA 0051f668     kernel32:KERNEL32.dll
 0004:000006ec       __imp__timeGetTime@0       0051f6ec     winmm:WINMM.dll
 0004:000006f0       \177WINMM_NULL_THUNK_DATA  0051f6f0     winmm:WINMM.dll
 0004:0000071c       __imp__ioctlsocket@12      0051f71c     ws2_32:WS2_32.dll
 0004:00000720       __imp__accept@12           0051f720     ws2_32:WS2_32.dll
 0004:00000724       __imp__ntohs@4             0051f724     ws2_32:WS2_32.dll
 0004:00000728       __imp__inet_ntoa@4         0051f728     ws2_32:WS2_32.dll
 0004:0000072c       __imp____WSAFDIsSet@8      0051f72c     ws2_32:WS2_32.dll
 0004:00000730       __imp__getsockopt@20       0051f730     ws2_32:WS2_32.dll
 0004:00000734       __imp__recv@16             0051f734     ws2_32:WS2_32.dll
 0004:00000738       __imp__select@20           0051f738     ws2_32:WS2_32.dll
 0004:0000073c       __imp__send@16             0051f73c     ws2_32:WS2_32.dll
 0004:00000740       __imp__bind@12             0051f740     ws2_32:WS2_32.dll
 0004:00000744       __imp__setsockopt@20       0051f744     ws2_32:WS2_32.dll
 0004:00000748       __imp__socket@12           0051f748     ws2_32:WS2_32.dll
 0004:0000074c       __imp__WSAGetLastError@0   0051f74c     ws2_32:WS2_32.dll
 0004:00000750       __imp__inet_addr@4         0051f750     ws2_32:WS2_32.dll
 0004:00000754       __imp__gethostbyname@4     0051f754     ws2_32:WS2_32.dll
 0004:00000758       __imp__htons@4             0051f758     ws2_32:WS2_32.dll
 0004:0000075c       __imp__connect@12          0051f75c     ws2_32:WS2_32.dll
 0004:00000760       __imp__closesocket@4       0051f760     ws2_32:WS2_32.dll
 0004:00000764       __imp__WSAStartup@8        0051f764     ws2_32:WS2_32.dll
 0004:00000768       __imp__htonl@4             0051f768     ws2_32:WS2_32.dll
 0004:0000076c       __imp__ntohl@4             0051f76c     ws2_32:WS2_32.dll
 0004:00000770       __imp__listen@8            0051f770     ws2_32:WS2_32.dll
 0004:00000774       __imp__getpeername@12      0051f774     ws2_32:WS2_32.dll
 0004:00000778       \177WS2_32_NULL_THUNK_DATA 0051f778     ws2_32:WS2_32.dll
 0004:000007b4       __imp__PacketRequest       0051f7b4     Packet:packet.dll
 0004:000007b8       __imp__PacketCloseAdapter  0051f7b8     Packet:packet.dll
 0004:000007bc       __imp__PacketOpenAdapter   0051f7bc     Packet:packet.dll
 0004:000007c0       \177packet_NULL_THUNK_DATA 0051f7c0     Packet:packet.dll
 0004:000007ec       __imp__pcap_next           0051f7ec     wpcap:wpcap.dll
 0004:000007f0       __imp__pcap_findalldevs    0051f7f0     wpcap:wpcap.dll
 0004:000007f4       __imp__pcap_open_live      0051f7f4     wpcap:wpcap.dll
 0004:000007f8       __imp__pcap_setfilter      0051f7f8     wpcap:wpcap.dll
 0004:000007fc       __imp__pcap_setnonblock    0051f7fc     wpcap:wpcap.dll
 0004:00000800       __imp__pcap_getevent       0051f800     wpcap:wpcap.dll
 0004:00000804       __imp__pcap_setmintocopy   0051f804     wpcap:wpcap.dll
 0004:00000808       __imp__pcap_compile        0051f808     wpcap:wpcap.dll
 0004:0000080c       __imp__pcap_geterr         0051f80c     wpcap:wpcap.dll
 0004:00000810       __imp__pcap_freealldevs    0051f810     wpcap:wpcap.dll
 0004:00000814       __imp__pcap_sendpacket     0051f814     wpcap:wpcap.dll
 0004:00000818       \177wpcap_NULL_THUNK_DATA  0051f818     wpcap:wpcap.dll

 entry point at        0001:0008be76

