 sositcps0_ld

 Timestamp is 4f8c002d (Mon Apr 16 19:19:09 2012)

 Preferred load address is 00400000

 Start         Length     Name                   Class
 0001:00000000 000abeaeH .text                   CODE
 0002:00000000 00000104H .CRT$XCA                DATA
 0002:00000104 00000104H .CRT$XCZ                DATA
 0002:00000208 00000104H .CRT$XIA                DATA
 0002:0000030c 00000113H .CRT$XIC                DATA
 0002:00000420 00000104H .CRT$XIY                DATA
 0002:00000524 00000104H .CRT$XIZ                DATA
 0002:00000628 00000104H .CRT$XPA                DATA
 0002:0000072c 00000104H .CRT$XPX                DATA
 0002:00000830 00000104H .CRT$XPXA               DATA
 0002:00000934 00000104H .CRT$XPZ                DATA
 0002:00000a38 00000104H .CRT$XTA                DATA
 0002:00000b3c 00000104H .CRT$XTZ                DATA
 0002:00000c40 000034d2H .rdata                  DATA
 0002:00004114 00000174H .rdata$debug            DATA
 0002:00004290 0000010eH .rdata$sxdata           DATA
 0002:000043a0 00000104H .rtc$IAA                DATA
 0002:000044a4 00000104H .rtc$IMZ                DATA
 0002:000045a8 00000104H .rtc$IZZ                DATA
 0002:000046ac 00000104H .rtc$TAA                DATA
 0002:000047b0 00000104H .rtc$TMZ                DATA
 0002:000048b4 00000104H .rtc$TZZ                DATA
 0002:000049b8 00000cdeH .xdata$x                DATA
 0002:00005696 00000000H .edata                  DATA
 0003:00000000 0001df0eH .data                   DATA
 0003:0001df20 000041e4H .bss                    DATA
 0004:00000000 00000050H .idata$2                DATA
 0004:00000050 00000014H .idata$3                DATA
 0004:00000064 00000368H .idata$4                DATA
 0004:000003cc 00000368H .idata$5                DATA
 0004:00000734 00000af3H .idata$6                DATA
 0005:00000000 00000169H .rsrc$01                DATA
 0005:00000170 000001b6H .rsrc$02                DATA

  Address         Publics by Value              Rva+Base       Lib:Object

 0000:00000000       __except_list              00000000     <absolute>
 0000:00000003       ___safe_se_handler_count   00000003     <absolute>
 0000:00000000       ___ImageBase               00400000     <linker-defined>
 0001:00000420       _wait_any_event            00401420 f   event.obj
 0001:000004a0       _logCfgAddMaskGroup        004014a0 f   logcfgx.obj
 0001:000004d0       _logCfgRemoveMaskGroup     004014d0 f   logcfgx.obj
 0001:00000500       _logCfgRemoveAllMaskGroups 00401500 f   logcfgx.obj
 0001:00000510       __logcfg_save_logmasks     00401510 f   logcfgx.obj
 0001:000005d0       __logcfg_get_logmasks      004015d0 f   logcfgx.obj
 0001:000007c0       __logcfg_get_logmasks_size 004017c0 f   logcfgx.obj
 0001:000008b0       _logCfgFindTagValPath      004018b0 f   logcfgx.obj
 0001:00000900       _logCfgFindTagVal          00401900 f   logcfgx.obj
 0001:00000970       _logCfgClearTagVals        00401970 f   logcfgx.obj
 0001:000009f0       _logcfgx_ex                004019f0 f   logcfgx.obj
 0001:00000a20       _logcfgx_exx               00401a20 f   logcfgx.obj
 0001:000028c0       _slog_ipc_std_cmd_service  004038c0 f   logcfgx.obj
 0001:000028f0       _slog_ipc_std_cmd_service_ex 004038f0 f   logcfgx.obj
 0001:00003740       __mvl_net_service          00404740 f   mvl_acse.obj
 0001:00003830       __mvl_free_comm_event      00404830 f   mvl_acse.obj
 0001:000038d0       _mvl_set_max_msg_size      004048d0 f   mvl_acse.obj
 0001:00003930       _mvl_start_acse            00404930 f   mvl_acse.obj
 0001:00003e50       _mvl_end_acse              00404e50 f   mvl_acse.obj
 0001:00004060       __mvl_send_msg             00405060 f   mvl_acse.obj
 0001:000041c0       _find_loc_dib_entry        004051c0 f   mvl_acse.obj
 0001:00004220       _find_rem_dib_entry        00405220 f   mvl_acse.obj
 0001:00004280       _mvl_dib_entry_to_app_ref  00405280 f   mvl_acse.obj
 0001:00004340       _mvla_set_init_ar          00405340 f   mvl_acse.obj
 0001:000043c0       _mvl_abort_req             004053c0 f   mvl_acse.obj
 0001:000043e0       _mvl_abort_req_ex          004053e0 f   mvl_acse.obj
 0001:000044e0       _mvl_release_req           004054e0 f   mvl_acse.obj
 0001:00004520       _mvla_release_req          00405520 f   mvl_acse.obj
 0001:00004560       __mvl_release              00405560 f   mvl_acse.obj
 0001:00004640       _mvl_add_bind_ctrl         00405640 f   mvl_acse.obj
 0001:00004bd0       _u_copp_bind_cnf           00405bd0 f   mvl_acse.obj
 0001:00004c10       _u_copp_unbind_cnf         00405c10 f   mvl_acse.obj
 0001:00004c30       _u_a_associate_ind         00405c30 f   mvl_acse.obj
 0001:000053d0       _u_a_associate_cnf         004063d0 f   mvl_acse.obj
 0001:000053e0       _u_a_data_ind              004063e0 f   mvl_acse.obj
 0001:00005630       _u_a_release_ind           00406630 f   mvl_acse.obj
 0001:00005720       _u_a_abort_ind             00406720 f   mvl_acse.obj
 0001:00005840       _u_a_release_cnf           00406840 f   mvl_acse.obj
 0001:00005940       _u_a_except                00406940 f   mvl_acse.obj
 0001:00005ac0       _mvl_aa_resize             00406ac0 f   mvl_acse.obj
 0001:00005c00       __mvl_clear_aa_objs        00406c00 f   mvl_acse.obj
 0001:00005d00       _mvl_aa_resize_conn        00406d00 f   mvl_acse.obj
 0001:00005e30       _mvl_match_remote_ar       00406e30 f   mvl_acse.obj
 0001:00005e50       _mvl_match_local_ar        00406e50 f   mvl_acse.obj
 0001:00005e70       _mvl_cmp_local_addr        00406e70 f   mvl_acse.obj
 0001:00005e90       _mvl_cmp_remote_addr       00406e90 f   mvl_acse.obj
 0001:00005eb0       _mvl_net_info_to_chan      00406eb0 f   mvl_acse.obj
 0001:000068a0       _mvl_cancel_ind_rcvd       004078a0 f   MVLOP_EN.obj
 0001:000068c0       _mvl_concl_ind_rcvd        004078c0 f   MVLOP_EN.obj
 0001:000068e0       _mvl_concl_conf_rcvd       004078e0 f   MVLOP_EN.obj
 0001:00006900       _mvl_ind_rcvd              00407900 f   MVLOP_EN.obj
 0001:00006c40       _mvl_conf_rcvd             00407c40 f   MVLOP_EN.obj
 0001:00006db0       __mvl_tmpnam               00407db0 f   MVLOP_EN.obj
 0001:00006ee0       __mvl_getpath              00407ee0 f   MVLOP_EN.obj
 0001:00007110       _u_mvl_reject_ind          00408110 f   reject.obj
 0001:00007250       _main                      00408250 f   server.obj
 0001:000074b0       _ctrlCfun                  004084b0 f   server.obj
 0001:000078c0       _preReadCurrMemCount       004088c0 f   server.obj
 0001:000078f0       _preReadMaxDynMemPtrs      004088f0 f   server.obj
 0001:00007920       _preReadMaxMemAllocated    00408920 f   server.obj
 0001:00007950       _preReadCurrMemSize        00408950 f   server.obj
 0001:00008310       _preReadAA                 00409310 f   server.obj
 0001:00008490       _postReadAA                00409490 f   server.obj
 0001:000084d0       _procWriteAA               004094d0 f   server.obj
 0001:00008570       _preWriteAA                00409570 f   server.obj
 0001:00008580       _postWriteAA               00409580 f   server.obj
 0001:00008620       _u_mvl_read_ind            00409620 f   server.obj
 0001:00008700       _u_mvl_write_ind           00409700 f   server.obj
 0001:000087d0       _u_mvl_info_rpt_ind        004097d0 f   server.obj
 0001:000089a0       _u_mvl_jread_ind           004099a0 f   server.obj
 0001:000089c0       _u_mvl_ident_ind           004099c0 f   server.obj
 0001:000089e0       _u_mvl_status_ind          004099e0 f   server.obj
 0001:00008a00       _u_mvl_namelist_ind        00409a00 f   server.obj
 0001:00008a20       _u_mvl_getvar_ind          00409a20 f   server.obj
 0001:00008a40       _u_mvl_getdom_ind          00409a40 f   server.obj
 0001:00008a60       _u_mvl_fopen_ind           00409a60 f   server.obj
 0001:00008b90       _u_mvl_fread_ind           00409b90 f   server.obj
 0001:00008c60       _u_mvl_fclose_ind          00409c60 f   server.obj
 0001:00008cf0       _u_mvl_fdir_ind            00409cf0 f   server.obj
 0001:00008d10       _u_mvl_fdelete_ind         00409d10 f   server.obj
 0001:00008d50       _u_mvl_frename_ind         00409d50 f   server.obj
 0001:00008da0       _u_mvl_obtfile_ind         00409da0 f   server.obj
 0001:00008dc0       _u_mvl_defvlist_ind        00409dc0 f   server.obj
 0001:00008de0       _u_mvl_getvlist_ind        00409de0 f   server.obj
 0001:00008e00       _u_mvl_delvlist_ind        00409e00 f   server.obj
 0001:00008e20       _u_mvl_jinit_ind           00409e20 f   server.obj
 0001:00008e50       _u_mvl_jstat_ind           00409e50 f   server.obj
 0001:00008f00       _u_mvl_getcl_ind           00409f00 f   server.obj
 0001:00008fd0       _u_mvl_concl_ind           00409fd0 f   server.obj
 0001:00009020       _u_mvl_connect_ind_ex      0040a020 f   server.obj
 0001:00009bf0       _slogIpcInit               0040abf0 f   slogipc.obj
 0001:00009e70       _slogIpcStop               0040ae70 f   slogipc.obj
 0001:00009ff0       _slogIpcEvent              0040aff0 f   slogipc.obj
 0001:0000a010       _slogIpcEventEx            0040b010 f   slogipc.obj
 0001:0000a020       _slogIpc                   0040b020 f   slogipc.obj
 0001:0000a5b0       _slogIpcSendData           0040b5b0 f   slogipc.obj
 0001:0000a690       _slogIpcSendRawData        0040b690 f   slogipc.obj
 0001:0000a9d0       _slog_ipc_std_cmd_fun      0040b9d0 f   slogipc.obj
 0001:0000aab0       _slogIpcCallingEnable      0040bab0 f   slogipc.obj
 0001:0000aad0       _slogIpcCallingEnableEx    0040bad0 f   slogipc.obj
 0001:0000b3f0       _slogIpcActiveCount        0040c3f0 f   slogipc.obj
 0001:0000b470       __slogIpcInitHdr           0040c470 f   slogipc.obj
 0001:0000bb10       _mvl_init_mms_objs         0040cb10 f   srvrobj.obj
 0001:0000c7f0       _mvl_init_type_ctrl        0040d7f0 f   srvrobj.obj
 0001:0000cf28       _htonl@4                   0040df28 f   ws2_32:WS2_32.dll
 0001:0000cf2e       _ntohl@4                   0040df2e f   ws2_32:WS2_32.dll
 0001:0000cf40       _init_mem_chk              0040df40 f   mem_ld:mem_chks.obj
 0001:0000d160       _x_chk_malloc              0040e160 f   mem_ld:mem_chks.obj
 0001:0000d4b0       _x_chk_calloc              0040e4b0 f   mem_ld:mem_chks.obj
 0001:0000d840       _x_chk_realloc             0040e840 f   mem_ld:mem_chks.obj
 0001:0000dd30       _x_chk_free                0040ed30 f   mem_ld:mem_chks.obj
 0001:0000e0a0       _x_chk_strdup              0040f0a0 f   mem_ld:mem_chks.obj
 0001:0000e0e0       _dyn_mem_ptr_status        0040f0e0 f   mem_ld:mem_chks.obj
 0001:0000e0f0       _dyn_mem_ptr_status2       0040f0f0 f   mem_ld:mem_chks.obj
 0001:0000e2c0       _dyn_mem_ptr_statistics    0040f2c0 f   mem_ld:mem_chks.obj
 0001:0000e430       _chk_hp                    0040f430 f   mem_ld:mem_chks.obj
 0001:0000e450       _msoft_heap_check          0040f450 f   mem_ld:mem_chks.obj
 0001:0000e460       _chk_alloc_ptr             0040f460 f   mem_ld:mem_chks.obj
 0001:0000e6e0       _check_mem_list            0040f6e0 f   mem_ld:mem_chks.obj
 0001:0000ebb0       _asn1r_get_vstr_maxlen     0040fbb0 f   asn1_ld:ard_vstr.obj
 0001:0000ec10       _asn1r_get_vstr            0040fc10 f   asn1_ld:ard_vstr.obj
 0001:0000ecb0       _asn1r_get_utf8            0040fcb0 f   asn1_ld:ard_vstr.obj
 0001:0000edb0       _asn1r_utf8_to_local       0040fdb0 f   asn1_ld:ard_vstr.obj
 0001:0000ee00       _asn1r_decode_asn1_seq     0040fe00 f   asn1_ld:asn1r.obj
 0001:0000ee70       _asn1r_decode_asn1         0040fe70 f   asn1_ld:asn1r.obj
 0001:0000f840       _asn1r_head_decode         00410840 f   asn1_ld:asn1r.obj
 0001:00010370       _asn1r_set_all_cstr_done   00411370 f   asn1_ld:asn1r.obj
 0001:000103a0       _asn1r_tag_add             004113a0 f   asn1_ld:asn1r.obj
 0001:00010430       _asn1r_tag_restore         00411430 f   asn1_ld:asn1r.obj
 0001:00010450       _asn1r_strt_asn1_bld       00411450 f   asn1_ld:asn1r.obj
 0001:000104f0       _asn1r_strt_constr         004114f0 f   asn1_ld:asn1r.obj
 0001:00010590       _asn1r_fin_constr          00411590 f   asn1_ld:asn1r.obj
 0001:00010720       _asn1r_fin_prim            00411720 f   asn1_ld:asn1r.obj
 0001:00010a60       _asn1r_set_dec_err         00411a60 f   asn1_ld:asn1r.obj
 0001:00010ab0       _asn1r_done_err            00411ab0 f   asn1_ld:asn1r.obj
 0001:00010b20       _asn1r_class_err           00411b20 f   asn1_ld:asn1r.obj
 0001:00010b70       _asn1r_cstr_done_err       00411b70 f   asn1_ld:asn1r.obj
 0001:00010bc0       _asn1r_chk_getcstr_done    00411bc0 f   asn1_ld:asn1r.obj
 0001:00010c00       _asn1_objidcmp             00411c00 f   asn1_ld:asn1r.obj
 0001:00010e40       _asn1_convert_btod_to_utc  00411e40 f   asn1_ld:asn1r.obj
 0001:00010f20       _asn1_convert_utc_to_btod  00411f20 f   asn1_ld:asn1r.obj
 0001:00010fc0       _asn1_convert_timet_to_btime6 00411fc0 f   asn1_ld:asn1r.obj
 0001:00011080       _bstrcpy                   00412080 f   asn1_ld:asn1r.obj
 0001:00011130       _bvstrcpy                  00412130 f   asn1_ld:asn1r.obj
 0001:00011160       _bstrcmp                   00412160 f   asn1_ld:asn1r.obj
 0001:00011200       _asn1r_skip_elmnt          00412200 f   asn1_ld:asn1r.obj
 0001:000112c0       _copp_initialize           004122c0 f   ositcps_ld:acse2enc.obj
 0001:00011390       _copp_terminate            00412390 f   ositcps_ld:acse2enc.obj
 0001:000113c0       _copp_event                004123c0 f   ositcps_ld:acse2enc.obj
 0001:000113d0       _a_associate_req           004123d0 f   ositcps_ld:acse2enc.obj
 0001:00012040       _a_associate_rsp           00413040 f   ositcps_ld:acse2enc.obj
 0001:00012780       _a_release_req             00413780 f   ositcps_ld:acse2enc.obj
 0001:00012940       _a_release_rsp             00413940 f   ositcps_ld:acse2enc.obj
 0001:00012b60       _a_abort_req               00413b60 f   ositcps_ld:acse2enc.obj
 0001:00012d50       _a_data_req                00413d50 f   ositcps_ld:acse2enc.obj
 0001:00012e80       _a_buffers_avail           00413e80 f   ositcps_ld:acse2enc.obj
 0001:00012ea0       _a_get_event_handles       00413ea0 f   ositcps_ld:acse2enc.obj
 0001:00012ee0       _a_get_security_info       00413ee0 f   ositcps_ld:acse2enc.obj
 0001:00012f50       _a_free_security_info      00413f50 f   ositcps_ld:acse2enc.obj
 0001:00012fd0       _a_free_part_security_info 00413fd0 f   ositcps_ld:acse2enc.obj
 0001:00013010       _copp_bind                 00414010 f   ositcps_ld:copp_enc.obj
 0001:00013190       _copp_unbind               00414190 f   ositcps_ld:copp_enc.obj
 0001:000131e0       _copp_con_req              004141e0 f   ositcps_ld:copp_enc.obj
 0001:00013690       _copp_rel_req              00414690 f   ositcps_ld:copp_enc.obj
 0001:000138b0       _copp_con_rsp_pos          004148b0 f   ositcps_ld:copp_enc.obj
 0001:00013cd0       _copp_con_rsp_neg          00414cd0 f   ositcps_ld:copp_enc.obj
 0001:00014170       _copp_rel_rsp_pos          00415170 f   ositcps_ld:copp_enc.obj
 0001:000143a0       _copp_u_abort_req          004153a0 f   ositcps_ld:copp_enc.obj
 0001:00014680       _copp_data_req             00415680 f   ositcps_ld:copp_enc.obj
 0001:00014890       _copp_p_abort_req          00415890 f   ositcps_ld:copp_enc.obj
 0001:000149d0       _dib_match_remote_ar       004159d0 f   ositcps_ld:acse2dib.obj
 0001:00014b20       _dib_match_local_ar        00415b20 f   ositcps_ld:acse2dib.obj
 0001:00014c70       _dib_cmp_local_addr        00415c70 f   ositcps_ld:acse2dib.obj
 0001:00014e90       _dib_cmp_remote_addr       00415e90 f   ositcps_ld:acse2dib.obj
 0001:00015340       _osicfgx                   00416340 f   ositcps_ld:osicfgx.obj
 0001:00017020       _tp0_initialize            00418020 f   ositcps_ld:tp0main.obj
 0001:00017260       _tp0_terminate             00418260 f   ositcps_ld:tp0main.obj
 0001:00017360       _tp0_bind                  00418360 f   ositcps_ld:tp0main.obj
 0001:000174f0       _tp0_unbind                004184f0 f   ositcps_ld:tp0main.obj
 0001:00017540       _tp0_session_timer         00418540 f   ositcps_ld:tp0main.obj
 0001:000175f0       _tp0_timer_tick            004185f0 f   ositcps_ld:tp0main.obj
 0001:00017670       _tp0_buffers_avail         00418670 f   ositcps_ld:tp0main.obj
 0001:000176b0       _tp0_event                 004186b0 f   ositcps_ld:tp0main.obj
 0001:000176c0       _tp0_data                  004186c0 f   ositcps_ld:tp0main.obj
 0001:00017800       _tp0_disconnect            00418800 f   ositcps_ld:tp0main.obj
 0001:00017920       _tp0_process_dt            00418920 f   ositcps_ld:tp0main.obj
 0001:00017b50       _tp0_process_dr            00418b50 f   ositcps_ld:tp0main.obj
 0001:00017c80       _tp0_conn_clean            00418c80 f   ositcps_ld:tp0main.obj
 0001:00017c90       _tp0_send_dt               00418c90 f   ositcps_ld:tp0main.obj
 0001:00017d40       _tp0_send_cr               00418d40 f   ositcps_ld:tp0main.obj
 0001:00017df0       _tp0_send_cc               00418df0 f   ositcps_ld:tp0main.obj
 0001:00017ea0       _tp0_send_dr               00418ea0 f   ositcps_ld:tp0main.obj
 0001:00017f50       _tp0_connect_outstanding_count 00418f50 f   ositcps_ld:tp0main.obj
 0001:00017fb0       _tp0_convert_ip            00418fb0 f   ositcps_ld:tp0main.obj
 0001:00018040       _cosp_bind                 00419040 f   ositcps_ld:cospmain.obj
 0001:000182a0       _tp4_bind_cnf              004192a0 f   ositcps_ld:cospmain.obj
 0001:00018310       _cosp_unbind               00419310 f   ositcps_ld:cospmain.obj
 0001:000183b0       _tp4_unbind_cnf            004193b0 f   ositcps_ld:cospmain.obj
 0001:00018410       _acse_free_con             00419410 f   ositcps_ld:cospmain.obj
 0001:00018470       _tp4_connect_ind           00419470 f   ositcps_ld:cospmain.obj
 0001:000185f0       _cosp_con_rsp_pos          004195f0 f   ositcps_ld:cospmain.obj
 0001:000187c0       _cosp_con_rsp_neg          004197c0 f   ositcps_ld:cospmain.obj
 0001:00018a30       _cosp_con_req              00419a30 f   ositcps_ld:cospmain.obj
 0001:00018d60       _tp4_connect_cnf           00419d60 f   ositcps_ld:cospmain.obj
 0001:00018ea0       _cosp_rel_rsp_pos          00419ea0 f   ositcps_ld:cospmain.obj
 0001:00019120       _cosp_rel_req              0041a120 f   ositcps_ld:cospmain.obj
 0001:00019300       _tp4_disconnect_ind        0041a300 f   ositcps_ld:cospmain.obj
 0001:00019490       _tp4_session_timer_expired 0041a490 f   ositcps_ld:cospmain.obj
 0001:00019510       _cosp_u_abort_req          0041a510 f   ositcps_ld:cospmain.obj
 0001:00019850       _tp4_data_ind              0041a850 f   ositcps_ld:cospmain.obj
 0001:0001a0a0       _tp4_expdata_ind           0041b0a0 f   ositcps_ld:cospmain.obj
 0001:0001a0c0       _cosp_data_req             0041b0c0 f   ositcps_ld:cospmain.obj
 0001:0001ad40       _np_init                   0041bd40 f   ositcps_ld:tp0_socks.obj
 0001:0001b580       _np_end                    0041c580 f   ositcps_ld:tp0_socks.obj
 0001:0001b840       _np_event                  0041c840 f   ositcps_ld:tp0_socks.obj
 0001:0001bc90       _handle_accepted_conn      0041cc90 f   ositcps_ld:tp0_socks.obj
 0001:0001be40       _handle_connect_success    0041ce40 f   ositcps_ld:tp0_socks.obj
 0001:0001bfe0       _handle_disconnect         0041cfe0 f   ositcps_ld:tp0_socks.obj
 0001:0001c0b0       _handle_data               0041d0b0 f   ositcps_ld:tp0_socks.obj
 0001:0001c170       _np_connect_req            0041d170 f   ositcps_ld:tp0_socks.obj
 0001:0001c4d0       _np_disconnect_req         0041d4d0 f   ositcps_ld:tp0_socks.obj
 0001:0001c810       _np_data_req               0041d810 f   ositcps_ld:tp0_socks.obj
 0001:0001ca00       _np_get_tx_queue_cnt       0041da00 f   ositcps_ld:tp0_socks.obj
 0001:0001cef0       _sock_info_alloc2          0041def0 f   ositcps_ld:tp0_socks.obj
 0001:0001cf50       _sock_info_free            0041df50 f   ositcps_ld:tp0_socks.obj
 0001:0001d310       _tp4_init_timer            0041e310 f   ositcps_ld:tp4port.obj
 0001:0001d320       _tp4_check_timer           0041e320 f   ositcps_ld:tp4port.obj
 0001:0001d400       _tp_encode_cx              0041e400 f   ositcps_ld:tp4_enc.obj
 0001:0001d8b0       _tp_encode_dr              0041e8b0 f   ositcps_ld:tp4_enc.obj
 0001:0001d930       _tp_encode_dc              0041e930 f   ositcps_ld:tp4_enc.obj
 0001:0001d9a0       _tp_encode_dt              0041e9a0 f   ositcps_ld:tp4_enc.obj
 0001:0001da50       _tp0_encode_dt             0041ea50 f   ositcps_ld:tp4_enc.obj
 0001:0001dad0       _tp_encode_ak              0041ead0 f   ositcps_ld:tp4_enc.obj
 0001:0001dbb0       _tp_decode_cx              0041ebb0 f   ositcps_ld:tpx_dec.obj
 0001:0001e1d0       _tp_decode_dr              0041f1d0 f   ositcps_ld:tpx_dec.obj
 0001:0001e380       _tp_decode_dc              0041f380 f   ositcps_ld:tpx_dec.obj
 0001:0001e520       _tp_decode_dt              0041f520 f   ositcps_ld:tpx_dec.obj
 0001:0001e750       _tp0_decode_dt             0041f750 f   ositcps_ld:tpx_dec.obj
 0001:0001e870       _tp_decode_ak              0041f870 f   ositcps_ld:tpx_dec.obj
 0001:0001ea70       _tp_decode_er              0041fa70 f   ositcps_ld:tpx_dec.obj
 0001:0001ede0       _tp_log_tsdu               0041fde0 f   ositcps_ld:tpx_dec.obj
 0001:0001f860       _u_cosp_bind_cnf           00420860 f   ositcps_ld:copp_dec.obj
 0001:0001f8c0       _u_cosp_unbind_cnf         004208c0 f   ositcps_ld:copp_dec.obj
 0001:0001f910       _u_cosp_rel_cnf_pos        00420910 f   ositcps_ld:copp_dec.obj
 0001:0001fb80       _u_cosp_rel_ind            00420b80 f   ositcps_ld:copp_dec.obj
 0001:0001fe10       _u_cosp_p_abort_ind        00420e10 f   ositcps_ld:copp_dec.obj
 0001:0001fed0       _u_cosp_data_ind           00420ed0 f   ositcps_ld:copp_dec.obj
 0001:00020130       _START_p_user_data         00421130 f   ositcps_ld:copp_dec.obj
 0001:00020160       _START_pdv_list            00421160 f   ositcps_ld:copp_dec.obj
 0001:00020390       _tp0_accept                00421390 f   ositcps_ld:tp0calld.obj
 0001:00020440       _tp0_process_cr            00421440 f   ositcps_ld:tp0calld.obj
 0001:000208a0       _cosp_envelope_len         004218a0 f   ositcps_ld:cosp_enc.obj
 0001:00020a80       _cosp_enc_cn_ac            00421a80 f   ositcps_ld:cosp_enc.obj
 0001:00020d80       _cosp_enc_rf               00421d80 f   ositcps_ld:cosp_enc.obj
 0001:00020f20       _cosp_enc_fn_dn            00421f20 f   ositcps_ld:cosp_enc.obj
 0001:000210a0       _cosp_enc_u_ab             004220a0 f   ositcps_ld:cosp_enc.obj
 0001:00021250       _cosp_enc_p_ab             00422250 f   ositcps_ld:cosp_enc.obj
 0001:000212b0       _cosp_enc_dt               004222b0 f   ositcps_ld:cosp_enc.obj
 0001:00021440       _tp0_connect               00422440 f   ositcps_ld:tp0callg.obj
 0001:000216e0       _tp0_process_cc            004226e0 f   ositcps_ld:tp0callg.obj
 0001:00021970       _u_cosp_con_ind            00422970 f   ositcps_ld:coppdcp.obj
 0001:00021db0       _u_cosp_con_cnf_pos        00422db0 f   ositcps_ld:coppdcp.obj
 0001:00022cd0       _cosp_dec_cn_ac            00423cd0 f   ositcps_ld:cosp_dec.obj
 0001:000235b0       _cosp_dec_rf               004245b0 f   ositcps_ld:cosp_dec.obj
 0001:000239e0       _cosp_dec_fn_dn            004249e0 f   ositcps_ld:cosp_dec.obj
 0001:00023d00       _cosp_dec_ab               00424d00 f   ositcps_ld:cosp_dec.obj
 0001:000240b0       _cosp_dec_dt               004250b0 f   ositcps_ld:cosp_dec.obj
 0001:000245e0       _u_cosp_con_cnf_neg        004255e0 f   ositcps_ld:coppdcpr.obj
 0001:00024f00       _u_cosp_u_abort_ind        00425f00 f   ositcps_ld:coppdaru.obj
 0001:000254e0       _np_data_ind               004264e0 f   ositcps_ld:tp0_dec.obj
 0001:00025880       _np_disconnect_ind         00426880 f   ositcps_ld:tp0_dec.obj
 0001:00025940       _np_connect_cnf_pos        00426940 f   ositcps_ld:tp0_dec.obj
 0001:00025980       _u_copp_con_cnf            00426980 f   ositcps_ld:acse2dec.obj
 0001:00025d20       _u_copp_rel_cnf_pos        00426d20 f   ositcps_ld:acse2dec.obj
 0001:00025f60       _u_copp_con_ind            00426f60 f   ositcps_ld:acse2dec.obj
 0001:000266f0       _u_copp_rel_ind            004276f0 f   ositcps_ld:acse2dec.obj
 0001:00026910       _u_copp_p_abort_ind        00427910 f   ositcps_ld:acse2dec.obj
 0001:000269b0       _u_copp_u_abort_ind        004279b0 f   ositcps_ld:acse2dec.obj
 0001:00026b30       _u_copp_data_ind           00427b30 f   ositcps_ld:acse2dec.obj
 0001:000281c0       _asn1_skip_elmnt           004291c0 f   ositcps_ld:acse2dec.obj
 0001:00028260       _tp4_except                00429260 f   ositcps_ld:acse2dec.obj
 0001:00028320       _a_get_rem_ip_addr         00429320 f   ositcps_ld:acse2dec.obj
 0001:000287b0       _checksum_insert           004297b0 f   ositcps_ld:checksum.obj
 0001:00028890       _checksum_verified         00429890 f   ositcps_ld:checksum.obj
 0001:000289f0       __slogc                    004299f0 f   slog_ld:slog.obj
 0001:00028a30       __slog                     00429a30 f   slog_ld:slog.obj
 0001:00028a70       _slog                      00429a70 f   slog_ld:slog.obj
 0001:00028ab0       _slogx                     00429ab0 f   slog_ld:slog.obj
 0001:00028ec0       _slogSetTimeText           00429ec0 f   slog_ld:slog.obj
 0001:00028ff0       _slogTrimFileName          00429ff0 f   slog_ld:slog.obj
 0001:00029070       _slogSetHdr                0042a070 f   slog_ld:slog.obj
 0001:00029250       _slogCallStack             0042a250 f   slog_ld:slog.obj
 0001:00029280       _slogDelBuf                0042a280 f   slog_ld:slog.obj
 0001:000292d0       _slog_max_msg_size_set     0042a2d0 f   slog_ld:slog.obj
 0001:00029370       _slog_start                0042a370 f   slog_ld:slog.obj
 0001:000293a0       _slog_end                  0042a3a0 f   slog_ld:slog.obj
 0001:00029480       __slogXML                  0042a480 f   slog_ld:slog.obj
 0001:000299d0       _slogFile                  0042a9d0 f   slog_ld:slogfil.obj
 0001:00029ec0       _slogCloseFile             0042aec0 f   slog_ld:slogfil.obj
 0001:00029f30       _slogCloneFile             0042af30 f   slog_ld:slogfil.obj
 0001:0002a080       _slogCloneFileEx           0042b080 f   slog_ld:slogfil.obj
 0001:0002a1d0       _slogDeleteFile            0042b1d0 f   slog_ld:slogfil.obj
 0001:0002a420       _slog_get_index_file_name  0042b420 f   slog_ld:slogfil.obj
 0001:0002aab0       _slogHex                   0042bab0 f   slog_ld:sloghex.obj
 0001:0002aad0       __slogHex                  0042bad0 f   slog_ld:sloghex.obj
 0001:0002afc0       __slogStr                  0042bfc0 f   slog_ld:sloghex.obj
 0001:0002b370       _slogMem                   0042c370 f   slog_ld:slogmem.obj
 0001:0002b520       _slogDumpMem               0042c520 f   slog_ld:slogmem.obj
 0001:0002b810       _slogResetMem              0042c810 f   slog_ld:slogmem.obj
 0001:0002b8b0       _slogMemInit               0042c8b0 f   slog_ld:slogmem.obj
 0001:0002b9a0       _slogGetMemMsg             0042c9a0 f   slog_ld:slogmem.obj
 0001:0002bbd0       _slogGetMemCount           0042cbd0 f   slog_ld:slogmem.obj
 0001:0002bc50       _qMemInit                  0042cc50 f   slog_ld:qmem.obj
 0001:0002bd40       _qMemAlloc                 0042cd40 f   slog_ld:qmem.obj
 0001:0002beb0       _qMemFree                  0042ceb0 f   slog_ld:qmem.obj
 0001:0002bf10       __ms_set_cs_check          0042cf10 f   mmsl_ld:mms_ced.obj
 0001:0002bf30       __ms_set_cs_check2         0042cf30 f   mmsl_ld:mms_ced.obj
 0001:0002bf70       __ms_chk_for_extern        0042cf70 f   mmsl_ld:mms_ced.obj
 0001:0002c020       _mms_req_not_supp          0042d020 f   mmsl_ld:mms_ced.obj
 0001:0002c090       _mms_rsp_not_supp          0042d090 f   mmsl_ld:mms_ced.obj
 0001:0002c0d0       __mms_null_pdu_dec         0042d0d0 f   mmsl_ld:mms_ced.obj
 0001:0002c110       __mms_dec_done_ok          0042d110 f   mmsl_ld:mms_ced.obj
 0001:0002c140       __mms_dec_buf_free         0042d140 f   mmsl_ld:mms_ced.obj
 0001:0002c160       __ms_fin_pdu               0042d160 f   mmsl_ld:mms_ced.obj
 0001:0002c1a0       __ms_fin_pdu_log           0042d1a0 f   mmsl_ld:mms_ced.obj
 0001:0002c250       _mms_init_req              0042d250 f   mmsl_ld:rs_init.obj
 0001:0002c290       _mpl_init_resp             0042d290 f   mmsl_ld:rs_init.obj
 0001:0002c340       _mms_cancel_req            0042d340 f   mmsl_ld:rs_cancl.obj
 0001:0002c390       _mpl_cancel_resp           0042d390 f   mmsl_ld:rs_cancl.obj
 0001:0002c440       _mms_info_rpt_req          0042d440 f   mmsl_ld:rs_info.obj
 0001:0002c750       _mms_getcl_req             0042d750 f   mmsl_ld:rs_getcl.obj
 0001:0002c840       _mpl_getcl_resp            0042d840 f   mmsl_ld:rs_getcl.obj
 0001:0002c860       __ms_mk_getcl_resp         0042d860 f   mmsl_ld:rs_getcl.obj
 0001:0002c940       _mms_get_dom_attr_req      0042d940 f   mmsl_ld:rs_getdo.obj
 0001:0002c9b0       _mpl_getdom_resp           0042d9b0 f   mmsl_ld:rs_getdo.obj
 0001:0002c9d0       __ms_mk_getdom_resp        0042d9d0 f   mmsl_ld:rs_getdo.obj
 0001:0002cba0       _mms_get_vlist_req         0042dba0 f   mmsl_ld:rs_getvl.obj
 0001:0002cc20       _mpl_getvlist_resp         0042dc20 f   mmsl_ld:rs_getvl.obj
 0001:0002cc40       __ms_mk_getvlist_resp      0042dc40 f   mmsl_ld:rs_getvl.obj
 0001:0002ccd0       _mms_get_var_req           0042dcd0 f   mmsl_ld:rs_getva.obj
 0001:0002ce00       _mpl_getvar_resp           0042de00 f   mmsl_ld:rs_getva.obj
 0001:0002ce20       __ms_mk_getvar_resp        0042de20 f   mmsl_ld:rs_getva.obj
 0001:0002cee0       _mms_write_req             0042dee0 f   mmsl_ld:rs_write.obj
 0001:0002d1d0       _mpl_write_resp            0042e1d0 f   mmsl_ld:rs_write.obj
 0001:0002d1f0       __ms_mk_write_resp         0042e1f0 f   mmsl_ld:rs_write.obj
 0001:0002d2a0       _mms_read_req              0042e2a0 f   mmsl_ld:rs_read.obj
 0001:0002d4b0       _mpl_read_resp             0042e4b0 f   mmsl_ld:rs_read.obj
 0001:0002d4d0       __ms_mk_read_resp          0042e4d0 f   mmsl_ld:rs_read.obj
 0001:0002d5b0       _mms_namelist_req          0042e5b0 f   mmsl_ld:rs_namel.obj
 0001:0002d9f0       _mpl_namelist_resp         0042e9f0 f   mmsl_ld:rs_namel.obj
 0001:0002da10       __ms_mk_namel_resp         0042ea10 f   mmsl_ld:rs_namel.obj
 0001:0002daf0       _mms_status_req            0042eaf0 f   mmsl_ld:rs_stat.obj
 0001:0002db60       _mpl_status_resp           0042eb60 f   mmsl_ld:rs_stat.obj
 0001:0002db80       __ms_mk_stat_resp          0042eb80 f   mmsl_ld:rs_stat.obj
 0001:0002dc20       __ms_mms_decode            0042ec20 f   mmsl_ld:mmsdec.obj
 0001:0002e830       __m_get_dec_buf            0042f830 f   mmsl_ld:mmsdec.obj
 0001:0002e870       _mpl_init_err              0042f870 f   mmsl_ld:mms_err2.obj
 0001:0002e890       __mms_fin_null_resp        0042f890 f   mmsl_ld:mmsl_fin.obj
 0001:0002e960       __mms_fin_null_req         0042f960 f   mmsl_ld:mmsl_fin.obj
 0001:0002ea50       __mms_resp_fin             0042fa50 f   mmsl_ld:mmsl_fin.obj
 0001:0002eb20       __mms_req_fin              0042fb20 f   mmsl_ld:mmsl_fin.obj
 0001:0002ec00       __mms_unconf_req_fin       0042fc00 f   mmsl_ld:mmsl_fin.obj
 0001:0002ec90       _mpl_resp_log              0042fc90 f   mmsl_ld:mmsl_fin.obj
 0001:0002ed10       _mpl_req_log               0042fd10 f   mmsl_ld:mmsl_fin.obj
 0001:0002ed60       _mpl_unsol_req_log         0042fd60 f   mmsl_ld:mmsl_fin.obj
 0001:0002edb0       __mms_init_dec             0042fdb0 f   mmsl_ld:mmsinit.obj
 0001:0002f3d0       __ms_mk_init               004303d0 f   mmsl_ld:mmsinit.obj
 0001:0002f630       __ms_mk_cancel             00430630 f   mmsl_ld:mmscancl.obj
 0001:0002f710       __ms_get_va_address        00430710 f   mmsl_ld:mms_ced4.obj
 0001:0002f9d0       __ms_get_va_access_rslt    004309d0 f   mmsl_ld:mms_ced4.obj
 0001:0002fc10       __ms_get_va_data           00430c10 f   mmsl_ld:mms_ced4.obj
 0001:0002fca0       __ms_get_va_type_spec      00430ca0 f   mmsl_ld:mms_ced4.obj
 0001:0002fd30       __ms_get_va_scat_access    00430d30 f   mmsl_ld:mms_ced4.obj
 0001:0002fda0       __ms_get_va_alt_access     00430da0 f   mmsl_ld:mms_ced4.obj
 0001:0002fe50       __ms_get_va_var_spec       00430e50 f   mmsl_ld:mms_ced4.obj
 0001:00030130       __ms_get_va_var_list       00431130 f   mmsl_ld:mms_ced4.obj
 0001:00030350       __ms_get_va_spec           00431350 f   mmsl_ld:mms_ced4.obj
 0001:000304c0       __ms_wr_va_address         004314c0 f   mmsl_ld:mms_ced4.obj
 0001:00030570       __ms_wr_va_access_rslt     00431570 f   mmsl_ld:mms_ced4.obj
 0001:000305c0       __ms_wr_va_data            004315c0 f   mmsl_ld:mms_ced4.obj
 0001:000305e0       __ms_wr_va_type_spec       004315e0 f   mmsl_ld:mms_ced4.obj
 0001:00030600       __ms_wr_va_scat_access     00431600 f   mmsl_ld:mms_ced4.obj
 0001:00030620       __ms_wr_va_alt_access      00431620 f   mmsl_ld:mms_ced4.obj
 0001:00030640       __ms_wr_va_var_spec        00431640 f   mmsl_ld:mms_ced4.obj
 0001:00030780       __ms_wr_va_var_list        00431780 f   mmsl_ld:mms_ced4.obj
 0001:00030840       __ms_wr_va_spec            00431840 f   mmsl_ld:mms_ced4.obj
 0001:000308d0       __ms_get_mms_objname       004318d0 f   mmsl_ld:mms_ced3.obj
 0001:00030bc0       __ms_wr_mms_objname        00431bc0 f   mmsl_ld:mms_ced3.obj
 0001:00030cf0       _mms_err_invoke_fun        00431cf0 f   mmsl_ld:mms_err.obj
 0001:00030e00       _mms_err_rsp               00431e00 f   mmsl_ld:mms_err.obj
 0001:00030e50       __mms_get_service_err      00431e50 f   mmsl_ld:mms_err.obj
 0001:000316e0       _mpl_err_resp              004326e0 f   mmsl_ld:mms_err.obj
 0001:000317f0       __ms_mk_err_resp           004327f0 f   mmsl_ld:mms_err.obj
 0001:00031960       __ms_wr_service_err        00432960 f   mmsl_ld:mms_err.obj
 0001:00031c50       _mms_reject                00432c50 f   mmsl_ld:mms_rej.obj
 0001:00031e00       _mpl_reject_resp           00432e00 f   mmsl_ld:mms_rej.obj
 0001:00031eb0       __ms_mk_reject             00432eb0 f   mmsl_ld:mms_rej.obj
 0001:00031f60       _mvl_comm_serve            00432f60 f   mvl_ld:MVL_SERV.obj
 0001:00032870       _mvl_clr_ind_que           00433870 f   mvl_ld:MVL_SERV.obj
 0001:00032af0       __mvl_ind_reject           00433af0 f   mvl_ld:MVL_SERV.obj
 0001:00032b50       __mvl_conf_reject          00433b50 f   mvl_ld:MVL_SERV.obj
 0001:00032b80       __mvl_send_reject          00433b80 f   mvl_ld:MVL_SERV.obj
 0001:00032e40       __mplas_err_resp           00433e40 f   mvl_ld:MVL_SERV.obj
 0001:00032ec0       __mvl_send_err_f           00433ec0 f   mvl_ld:MVL_SERV.obj
 0001:00032ef0       __mvl_send_error           00433ef0 f   mvl_ld:MVL_SERV.obj
 0001:00033000       _mvl_wait_req_done         00434000 f   mvl_ld:MVL_SERV.obj
 0001:00033080       __mvl_get_req_ctrl         00434080 f   mvl_ld:MVL_SERV.obj
 0001:00033170       __mvl_find_req_ctrl        00434170 f   mvl_ld:MVL_SERV.obj
 0001:00033200       __mvl_set_net_req_done     00434200 f   mvl_ld:MVL_SERV.obj
 0001:00033280       __mvl_set_req_done         00434280 f   mvl_ld:MVL_SERV.obj
 0001:000332b0       _mvl_free_req_ctrl         004342b0 f   mvl_ld:MVL_SERV.obj
 0001:000333c0       __mvl_concat_filename      004343c0 f   mvl_ld:MVL_SERV.obj
 0001:00033470       __mvl_calloc_os            00434470 f   mvl_ld:MVL_SERV.obj
 0001:00033490       __mvl_realloc_os           00434490 f   mvl_ld:MVL_SERV.obj
 0001:000334b0       __mvl_free_os              004344b0 f   mvl_ld:MVL_SERV.obj
 0001:000334d0       _mvl_req_bufs_avail        004344d0 f   mvl_ld:MVL_SERV.obj
 0001:000335a0       _mvl_ureq_bufs_avail       004345a0 f   mvl_ld:MVL_SERV.obj
 0001:00033680       _mvl_mod_arr_size          00434680 f   mvl_ld:MVL_TYPE.obj
 0001:000336d0       _mvl_get_runtime           004346d0 f   mvl_ld:MVL_TYPE.obj
 0001:00033720       _mvl_get_runtime_dyn       00434720 f   mvl_ld:MVL_TYPE.obj
 0001:00033780       _mvl_type_ctrl_find        00434780 f   mvl_ld:MVL_TYPE.obj
 0001:000337d0       _mvl_type_ctrl_find_dyn    004347d0 f   mvl_ld:MVL_TYPE.obj
 0001:00033810       _mvl_typeid_to_typename    00434810 f   mvl_ld:MVL_TYPE.obj
 0001:00033840       _mvl_typename_to_typeid    00434840 f   mvl_ld:MVL_TYPE.obj
 0001:000338c0       _mvlu_add_rt_type          004348c0 f   mvl_ld:MVL_TYPE.obj
 0001:000339b0       _mvlu_free_rt_type         004349b0 f   mvl_ld:MVL_TYPE.obj
 0001:000339f0       _mvl_vmd_resize            004349f0 f   mvl_ld:Mvl_obj.obj
 0001:00033b70       _mvl_dom_resize            00434b70 f   mvl_ld:Mvl_obj.obj
 0001:00033ca0       __mvl_resize_ptr_tbl       00434ca0 f   mvl_ld:Mvl_obj.obj
 0001:00033d30       _mvl_nvl_remove_all        00434d30 f   mvl_ld:Mvl_obj.obj
 0001:00033ea0       _mvl_var_in_nvl            00434ea0 f   mvl_ld:Mvl_obj.obj
 0001:00033f00       _mvl_var_deletable         00434f00 f   mvl_ld:Mvl_obj.obj
 0001:00034080       _mvl_nvl_deletable         00435080 f   mvl_ld:Mvl_obj.obj
 0001:00034090       _mvl_vmd_dom_add           00435090 f   mvl_ld:Mvl_obj.obj
 0001:000340f0       _mvl_dom_create            004350f0 f   mvl_ld:Mvl_obj.obj
 0001:00034190       _mvl_dom_cleanup           00435190 f   mvl_ld:Mvl_obj.obj
 0001:00034370       _mvl_vmd_dom_remove        00435370 f   mvl_ld:Mvl_obj.obj
 0001:00034430       _mvl_dom_destroy           00435430 f   mvl_ld:Mvl_obj.obj
 0001:000344d0       _mvl_vmd_var_add           004354d0 f   mvl_ld:Mvl_obj.obj
 0001:000345b0       _mvl_var_create            004355b0 f   mvl_ld:Mvl_obj.obj
 0001:000346b0       _mvl_var_add_alloc         004356b0 f   mvl_ld:Mvl_obj.obj
 0001:00034780       _mvl_var_create_alloc      00435780 f   mvl_ld:Mvl_obj.obj
 0001:00034860       _mvl_var_create_derived    00435860 f   mvl_ld:Mvl_obj.obj
 0001:00034970       _mvl_vmd_var_remove        00435970 f   mvl_ld:Mvl_obj.obj
 0001:00034a20       _mvl_var_destroy           00435a20 f   mvl_ld:Mvl_obj.obj
 0001:00034a80       _mvl_vmd_nvl_add           00435a80 f   mvl_ld:Mvl_obj.obj
 0001:00034b80       _mvl_nvl_create            00435b80 f   mvl_ld:Mvl_obj.obj
 0001:00034d10       _mvl_vmd_nvl_remove        00435d10 f   mvl_ld:Mvl_obj.obj
 0001:00034dc0       _mvl_nvl_destroy           00435dc0 f   mvl_ld:Mvl_obj.obj
 0001:00034e60       _mvl_vmd_jou_add           00435e60 f   mvl_ld:Mvl_obj.obj
 0001:00034ec0       _mvl_jou_create            00435ec0 f   mvl_ld:Mvl_obj.obj
 0001:00034f50       _mvl_vmd_jou_remove        00435f50 f   mvl_ld:Mvl_obj.obj
 0001:00034f90       _mvl_jou_destroy           00435f90 f   mvl_ld:Mvl_obj.obj
 0001:00034fd0       _mvl_vmd_create            00435fd0 f   mvl_ld:Mvl_obj.obj
 0001:000350d0       _mvl_vmd_destroy           004360d0 f   mvl_ld:Mvl_obj.obj
 0001:00035280       __mvl_process_cancel_ind   00436280 f   mvl_ld:s_cancel.obj
 0001:000352b0       __mvl_process_concl_ind    004362b0 f   mvl_ld:s_concl.obj
 0001:000352d0       _mplas_concl_resp          004362d0 f   mvl_ld:s_concl.obj
 0001:00035360       _mplas_concl_err           00436360 f   mvl_ld:s_concl.obj
 0001:00035420       __mvl_process_getcl_ind    00436420 f   mvl_ld:S_GETCL.obj
 0001:00035440       _mplas_getcl_resp          00436440 f   mvl_ld:S_GETCL.obj
 0001:00035490       __mvl_process_getdom_ind   00436490 f   mvl_ld:S_GETDOM.obj
 0001:000354b0       _mvlas_getdom_resp         004364b0 f   mvl_ld:S_GETDOM.obj
 0001:00035580       _mplas_getdom_resp         00436580 f   mvl_ld:S_GETDOM.obj
 0001:000355d0       __mvl_process_jstat_ind    004365d0 f   mvl_ld:s_jstat.obj
 0001:000355f0       _mplas_jstat_resp          004365f0 f   mvl_ld:s_jstat.obj
 0001:00035640       __mvl_process_jread_ind    00436640 f   mvl_ld:S_jread.obj
 0001:00035660       _mvlas_jread_resp          00436660 f   mvl_ld:S_jread.obj
 0001:00035980       _mplas_jread_resp          00436980 f   mvl_ld:S_jread.obj
 0001:00035bb0       __mvl_process_jinit_ind    00436bb0 f   mvl_ld:S_JINIT.obj
 0001:00035bd0       _mplas_jinit_resp          00436bd0 f   mvl_ld:S_JINIT.obj
 0001:00035c20       __mvl_process_delvlist_ind 00436c20 f   mvl_ld:s_delvl.obj
 0001:00035c40       _mvlas_delvlist_resp       00436c40 f   mvl_ld:s_delvl.obj
 0001:00035e50       _mplas_delvlist_resp       00436e50 f   mvl_ld:s_delvl.obj
 0001:00035f50       __mvl_process_defvlist_ind 00436f50 f   mvl_ld:s_defvl.obj
 0001:00035f70       _mvlas_defvlist_resp       00436f70 f   mvl_ld:s_defvl.obj
 0001:000360c0       _mplas_defvlist_resp       004370c0 f   mvl_ld:s_defvl.obj
 0001:00036110       __mvl_process_frename_ind  00437110 f   mvl_ld:s_fren.obj
 0001:000361c0       _mplas_frename_resp        004371c0 f   mvl_ld:s_fren.obj
 0001:00036210       __mvl_process_obtfile_ind  00437210 f   mvl_ld:s_obtfi.obj
 0001:00036320       _mvlas_obtfile_resp        00437320 f   mvl_ld:s_obtfi.obj
 0001:00036340       _mvlas_obtfile_resp_ex     00437340 f   mvl_ld:s_obtfi.obj
 0001:00036530       _send_file_open            00437530 f   mvl_ld:s_obtfi.obj
 0001:00036570       _u_fopen_done              00437570 f   mvl_ld:s_obtfi.obj
 0001:00036740       _send_file_read            00437740 f   mvl_ld:s_obtfi.obj
 0001:00036790       _u_fread_done              00437790 f   mvl_ld:s_obtfi.obj
 0001:000369b0       _send_file_close           004379b0 f   mvl_ld:s_obtfi.obj
 0001:00036a00       _u_fclose_done             00437a00 f   mvl_ld:s_obtfi.obj
 0001:00036b70       _mplas_obtfile_resp        00437b70 f   mvl_ld:s_obtfi.obj
 0001:00036bc0       __mvl_process_fdelete_ind  00437bc0 f   mvl_ld:s_fdel.obj
 0001:00036c20       _mplas_fdelete_resp        00437c20 f   mvl_ld:s_fdel.obj
 0001:00036c70       __mvl_process_fclose_ind   00437c70 f   mvl_ld:s_fclose.obj
 0001:00036c90       _mplas_fclose_resp         00437c90 f   mvl_ld:s_fclose.obj
 0001:00036ce0       __mvl_process_fread_ind    00437ce0 f   mvl_ld:s_fread.obj
 0001:00036d20       _mplas_fread_resp          00437d20 f   mvl_ld:s_fread.obj
 0001:00036d70       __mvl_process_fopen_ind    00437d70 f   mvl_ld:s_fopen.obj
 0001:00036de0       _mplas_fopen_resp          00437de0 f   mvl_ld:s_fopen.obj
 0001:00036e40       __mvl_process_fdir_ind     00437e40 f   mvl_ld:s_fdir.obj
 0001:00036f20       _mplas_fdir_resp           00437f20 f   mvl_ld:s_fdir.obj
 0001:000370b0       _mvlas_fdir_resp           004380b0 f   mvl_ld:s_fdir.obj
 0001:00037670       __mvl_process_getvla_ind   00438670 f   mvl_ld:s_getvla.obj
 0001:00037690       _mvlas_getvlist_resp       00438690 f   mvl_ld:s_getvla.obj
 0001:00037860       _mplas_getvlist_resp       00438860 f   mvl_ld:s_getvla.obj
 0001:000378b0       __mvl_process_getvaa_ind   004388b0 f   mvl_ld:s_getvaa.obj
 0001:000378d0       _mvlas_getvar_resp         004388d0 f   mvl_ld:s_getvaa.obj
 0001:00037af0       _mplas_getvar_resp         00438af0 f   mvl_ld:s_getvaa.obj
 0001:00037b40       __mvl_process_getnam_ind   00438b40 f   mvl_ld:s_getnam.obj
 0001:00037b60       _mvlas_namelist_resp       00438b60 f   mvl_ld:s_getnam.obj
 0001:00037d40       _mplas_namelist_resp       00438d40 f   mvl_ld:s_getnam.obj
 0001:00037d90       _u_gnl_ind_vars            00438d90 f   mvl_ld:s_getnam.obj
 0001:00037ea0       _u_gnl_ind_nvls            00438ea0 f   mvl_ld:s_getnam.obj
 0001:00037fb0       _u_gnl_ind_doms            00438fb0 f   mvl_ld:s_getnam.obj
 0001:00037fe0       _u_gnl_ind_jous            00438fe0 f   mvl_ld:s_getnam.obj
 0001:00038200       __mvl_process_status_ind   00439200 f   mvl_ld:s_status.obj
 0001:00038220       _mplas_status_resp         00439220 f   mvl_ld:s_status.obj
 0001:00038270       __mvl_process_ident_ind    00439270 f   mvl_ld:S_IDENT.obj
 0001:00038290       _mplas_ident_resp          00439290 f   mvl_ld:S_IDENT.obj
 0001:000382e0       __mvl_process_write_ind    004392e0 f   mvl_ld:S_WRITE.obj
 0001:00038410       _mvlas_write_resp          00439410 f   mvl_ld:S_WRITE.obj
 0001:00038c10       __mvl_process_read_ind     00439c10 f   mvl_ld:S_READ.obj
 0001:00039030       _mvlas_read_resp           0043a030 f   mvl_ld:S_READ.obj
 0001:000393e0       __mvl_process_info_ind     0043a3e0 f   mvl_ld:c_info.obj
 0001:00039480       _mvl_info_data_to_local    0043a480 f   mvl_ld:c_info.obj
 0001:000396a0       _mvl_fclose                0043a6a0 f   mvl_ld:c_fclose.obj
 0001:00039720       _mvla_fclose               0043a720 f   mvl_ld:c_fclose.obj
 0001:00039790       __mvla_send_fclose         0043a790 f   mvl_ld:c_fclose.obj
 0001:000397e0       __mvl_process_fclose_conf  0043a7e0 f   mvl_ld:c_fclose.obj
 0001:000397f0       _mvl_fread                 0043a7f0 f   mvl_ld:c_fread.obj
 0001:00039870       _mvla_fread                0043a870 f   mvl_ld:c_fread.obj
 0001:000398e0       __mvla_send_fread          0043a8e0 f   mvl_ld:c_fread.obj
 0001:00039930       __mvl_process_fread_conf   0043a930 f   mvl_ld:c_fread.obj
 0001:00039950       _mvl_fopen                 0043a950 f   mvl_ld:c_fopen.obj
 0001:000399e0       _mvla_fopen                0043a9e0 f   mvl_ld:c_fopen.obj
 0001:00039a50       __mvla_send_fopen          0043aa50 f   mvl_ld:c_fopen.obj
 0001:00039af0       __mvl_process_fopen_conf   0043aaf0 f   mvl_ld:c_fopen.obj
 0001:00039b10       _mvl_info_variables        0043ab10 f   mvl_ld:s_info.obj
 0001:00039c20       _mvl_encode_info_rpt       0043ac20 f   mvl_ld:s_info.obj
 0001:00039f80       _mvl_obj_insert            0043af80 f   mvl_ld:mvl_objb.obj
 0001:0003a0c0       _mvl_obj_delete            0043b0c0 f   mvl_ld:mvl_objb.obj
 0001:0003a140       _mvl_obj_find              0043b140 f   mvl_ld:mvl_objb.obj
 0001:0003a170       _mvl_obj_find_key          0043b170 f   mvl_ld:mvl_objb.obj
 0001:0003a1c0       _mvl_vmd_dom_insert        0043b1c0 f   mvl_ld:mvl_objb.obj
 0001:0003a1f0       _mvl_vmd_var_insert        0043b1f0 f   mvl_ld:mvl_objb.obj
 0001:0003a380       _mvl_vmd_nvl_insert        0043b380 f   mvl_ld:mvl_objb.obj
 0001:0003a540       _mvl_vmd_jou_insert        0043b540 f   mvl_ld:mvl_objb.obj
 0001:0003a6d0       _mvl_vmd_dom_delete        0043b6d0 f   mvl_ld:mvl_objb.obj
 0001:0003a700       _mvl_vmd_var_delete        0043b700 f   mvl_ld:mvl_objb.obj
 0001:0003a880       _mvl_vmd_nvl_delete        0043b880 f   mvl_ld:mvl_objb.obj
 0001:0003aa00       _mvl_vmd_jou_delete        0043ba00 f   mvl_ld:mvl_objb.obj
 0001:0003ab80       _mvl_vmd_find_dom          0043bb80 f   mvl_ld:mvl_objb.obj
 0001:0003abb0       _mvl_vmd_dom_find_last     0043bbb0 f   mvl_ld:mvl_objb.obj
 0001:0003abe0       _mvl_vmd_find_var          0043bbe0 f   mvl_ld:mvl_objb.obj
 0001:0003ad50       _mvl_vmd_find_nvl          0043bd50 f   mvl_ld:mvl_objb.obj
 0001:0003aec0       _mvl_vmd_find_jou          0043bec0 f   mvl_ld:mvl_objb.obj
 0001:0003b040       _mvl_sort_objs             0043c040 f   mvl_ld:mvl_objb.obj
 0001:0003b150       __mvl_obj_compare          0043c150 f   mvl_ld:mvl_objb.obj
 0001:0003b180       __mvl_objname_to_va        0043c180 f   mvl_ld:MVL_VAR.obj
 0001:0003b230       _mvl_scope_set             0043c230 f   mvl_ld:MVL_VAR.obj
 0001:0003b2b0       _mvl_get_va_asn1_data      0043c2b0 f   mvl_ld:MVL_VAR.obj
 0001:0003b520       __mvl_get_asn1_aa          0043c520 f   mvl_ld:MVL_VAR.obj
 0001:0003b5f0       __m_get_aa_asn1_buf        0043c5f0 f   mvl_ld:MVL_VAR.obj
 0001:0003b660       __m_set_aa_asn1_buf_end    0043c660 f   mvl_ld:MVL_VAR.obj
 0001:0003b670       __m_free_aa_asn1_buf       0043c670 f   mvl_ld:MVL_VAR.obj
 0001:0003b6b0       _mvl_type_id_create        0043c6b0 f   mvl_ld:mvl_typ2.obj
 0001:0003b710       _mvl_type_id_destroy       0043c710 f   mvl_ld:mvl_typ2.obj
 0001:0003b780       _mvl_type_id_destroy_all_dyn 0043c780 f   mvl_ld:mvl_typ2.obj
 0001:0003b7e0       _mvl_vmd_type_id_create    0043c7e0 f   mvl_ld:mvl_typ2.obj
 0001:0003ba10       _mvl_type_id_create_from_tdl 0043ca10 f   mvl_ld:mvl_typ2.obj
 0001:0003bb50       _mvl_vmd_type_id_destroy   0043cb50 f   mvl_ld:mvl_typ2.obj
 0001:0003bbc0       _mvl_vmd_type_id_destroy_all 0043cbc0 f   mvl_ld:mvl_typ2.obj
 0001:0003bc50       _mvl_type_count            0043cc50 f   mvl_ld:mvl_typ2.obj
 0001:0003bca0       _mvl_vmd_type_ctrl_find    0043cca0 f   mvl_ld:mvl_typ2.obj
 0001:0003bd00       __mvl_send_resp_i          0043cd00 f   mvl_ld:mvl_send.obj
 0001:0003bd60       __mvl_send_resp            0043cd60 f   mvl_ld:mvl_send.obj
 0001:0003beb0       __mvl_send_req             0043ceb0 f   mvl_ld:mvl_send.obj
 0001:0003c0f0       _u_mvl_start_jread         0043d0f0 f   mvl_ld:mvl_ijou.obj
 0001:0003c4e0       _u_mvl_get_next_jread_entry 0043d4e0 f   mvl_ld:mvl_ijou.obj
 0001:0003c540       _u_mvl_free_jread_entry    0043d540 f   mvl_ld:mvl_ijou.obj
 0001:0003c550       _u_mvl_end_jread           0043d550 f   mvl_ld:mvl_ijou.obj
 0001:0003caa0       _gs_mutex_create           0043daa0 f   utility_ld:glbsem_w32.obj
 0001:0003cae0       _gs_translate_name         0043dae0 f   utility_ld:glbsem_w32.obj
 0001:0003cb90       _gs_named_mutex_create     0043db90 f   utility_ld:glbsem_w32.obj
 0001:0003ce60       _gs_mutex_get_tm           0043de60 f   utility_ld:glbsem_w32.obj
 0001:0003ced0       _gs_mutex_free             0043ded0 f   utility_ld:glbsem_w32.obj
 0001:0003cf80       _gs_mutex_destroy          0043df80 f   utility_ld:glbsem_w32.obj
 0001:0003d010       _gs_get_event_sem          0043e010 f   utility_ld:glbsem_w32.obj
 0001:0003d080       _gs_get_named_event_sem    0043e080 f   utility_ld:glbsem_w32.obj
 0001:0003d1d0       _gs_wait_event_sem         0043e1d0 f   utility_ld:glbsem_w32.obj
 0001:0003d2c0       _gs_wait_mult_event_sem    0043e2c0 f   utility_ld:glbsem_w32.obj
 0001:0003d3f0       _gs_signal_event_sem       0043e3f0 f   utility_ld:glbsem_w32.obj
 0001:0003d460       _gs_pulse_event_sem        0043e460 f   utility_ld:glbsem_w32.obj
 0001:0003d4d0       _gs_reset_event_sem        0043e4d0 f   utility_ld:glbsem_w32.obj
 0001:0003d540       _gs_free_event_sem         0043e540 f   utility_ld:glbsem_w32.obj
 0001:0003d5b0       _gs_start_thread           0043e5b0 f   utility_ld:glbsem_w32.obj
 0001:0003d690       _gs_wait_thread            0043e690 f   utility_ld:glbsem_w32.obj
 0001:0003d780       _gs_close_thread           0043e780 f   utility_ld:glbsem_w32.obj
 0001:0003d840       _gs_set_thread_name        0043e840 f   utility_ld:glbsem_w32.obj
 0001:0003d8d0       _gs_is_win_ver             0043e8d0 f   utility_ld:glbsem_w32.obj
 0001:0003dce0       _list_unlink               0043ece0 f   utility_ld:genlists.obj
 0001:0003ddf0       _list_add_first            0043edf0 f   utility_ld:genlists.obj
 0001:0003de90       _list_add_last             0043ee90 f   utility_ld:genlists.obj
 0001:0003df30       _list_get_first            0043ef30 f   utility_ld:genlists.obj
 0001:0003df60       _list_get_last             0043ef60 f   utility_ld:genlists.obj
 0001:0003dfa0       _list_move_to_first        0043efa0 f   utility_ld:genlists.obj
 0001:0003dfe0       _list_find_node            0043efe0 f   utility_ld:genlists.obj
 0001:0003e050       _list_add_node_after       0043f050 f   utility_ld:genlists.obj
 0001:0003e100       _list_get_next             0043f100 f   utility_ld:genlists.obj
 0001:0003e180       _list_get_sizeof           0043f180 f   utility_ld:genlists.obj
 0001:0003e1c0       _list_find_prev            0043f1c0 f   utility_ld:genlists.obj
 0001:0003e240       _list_find_last            0043f240 f   utility_ld:genlists.obj
 0001:0003e270       _sx_add_string             0043f270 f   utility_ld:sx_enc.obj
 0001:0003e2a0       _sx_add_buf                0043f2a0 f   utility_ld:sx_enc.obj
 0001:0003e400       _sx_start_encode           0043f400 f   utility_ld:sx_enc.obj
 0001:0003e440       _sx_start_encodeEx         0043f440 f   utility_ld:sx_enc.obj
 0001:0003e4a0       _sx_init_encode            0043f4a0 f   utility_ld:sx_enc.obj
 0001:0003e540       _sx_init_encodeEx          0043f540 f   utility_ld:sx_enc.obj
 0001:0003e660       _sx_end_encode             0043f660 f   utility_ld:sx_enc.obj
 0001:0003e760       _sx_end_element            0043f760 f   utility_ld:sx_enc.obj
 0001:0003e7b0       _sx_write_element          0043f7b0 f   utility_ld:sx_enc.obj
 0001:0003fab0       _sx_wr_string              00440ab0 f   utility_ld:sx_enc.obj
 0001:0003fe60       _sx_wrx_string_el          00440e60 f   utility_ld:sx_enc.obj
 0001:0003fec0       _sx_wr_nstring             00440ec0 f   utility_ld:sx_enc.obj
 0001:00040220       _sx_wrx_nstring_el         00441220 f   utility_ld:sx_enc.obj
 0001:00040280       _sx_wr_bitstring           00441280 f   utility_ld:sx_enc.obj
 0001:000405b0       _sx_wrx_bitstring_el       004415b0 f   utility_ld:sx_enc.obj
 0001:00040610       _sx_wr_int                 00441610 f   utility_ld:sx_enc.obj
 0001:00040800       _sx_wrx_int_el             00441800 f   utility_ld:sx_enc.obj
 0001:00040860       _sx_wr_uint                00441860 f   utility_ld:sx_enc.obj
 0001:00040a50       _sx_wrx_uint_el            00441a50 f   utility_ld:sx_enc.obj
 0001:00040ab0       _sx_wr_ulong               00441ab0 f   utility_ld:sx_enc.obj
 0001:00040ca0       _sx_wrx_ulong_el           00441ca0 f   utility_ld:sx_enc.obj
 0001:00040d00       _sx_wr_uint32_hex          00441d00 f   utility_ld:sx_enc.obj
 0001:00040ef0       _sx_wrx_uint32_hex_el      00441ef0 f   utility_ld:sx_enc.obj
 0001:00040f50       _sx_wr_double              00441f50 f   utility_ld:sx_enc.obj
 0001:00041140       _sx_wrx_double_el          00442140 f   utility_ld:sx_enc.obj
 0001:000411a0       _sx_wr_float               004421a0 f   utility_ld:sx_enc.obj
 0001:00041390       _sx_wrx_float_el           00442390 f   utility_ld:sx_enc.obj
 0001:000413f0       _sx_wr_long                004423f0 f   utility_ld:sx_enc.obj
 0001:000415e0       _sx_wrx_long_el            004425e0 f   utility_ld:sx_enc.obj
 0001:00041640       _sx_wr_bool                00442640 f   utility_ld:sx_enc.obj
 0001:00041910       _sx_wrx_bool_el            00442910 f   utility_ld:sx_enc.obj
 0001:00041970       _sx_wr_time                00442970 f   utility_ld:sx_enc.obj
 0001:00041b90       _sx_wr_tm                  00442b90 f   utility_ld:sx_enc.obj
 0001:00041d90       _XmlDurationToString       00442d90 f   utility_ld:sx_enc.obj
 0001:000420e0       _sx_wr_duration            004430e0 f   utility_ld:sx_enc.obj
 0001:000422d0       _sx_wr_xtime               004432d0 f   utility_ld:sx_enc.obj
 0001:00042540       _sx_wrx_duration_el        00443540 f   utility_ld:sx_enc.obj
 0001:000425a0       _sx_wrx_xtime_el           004435a0 f   utility_ld:sx_enc.obj
 0001:00042600       _sx_wrx_time_el            00443600 f   utility_ld:sx_enc.obj
 0001:00042660       _sx_wrx_tm_el              00443660 f   utility_ld:sx_enc.obj
 0001:000426c0       _sx_wr_cdata               004436c0 f   utility_ld:sx_enc.obj
 0001:00042c10       _sx_wrx_cdata_el           00443c10 f   utility_ld:sx_enc.obj
 0001:00042c70       _sx_wr_comment             00443c70 f   utility_ld:sx_enc.obj
 0001:00043490       _sx_format_string_enc      00444490 f   utility_ld:sx_enc.obj
 0001:000435e0       _sx_format_nstring_enc     004445e0 f   utility_ld:sx_enc.obj
 0001:00043740       _sx_parseExx_mt            00444740 f   utility_ld:sx_dec.obj
 0001:00043930       _sx_parse_mt               00444930 f   utility_ld:sx_dec.obj
 0001:00043a90       _sx_parseEx_mt             00444a90 f   utility_ld:sx_dec.obj
 0001:00043c30       _sxStartElement            00444c30 f   utility_ld:sx_dec.obj
 0001:00043f60       _sxEndElement              00444f60 f   utility_ld:sx_dec.obj
 0001:00044150       _sx_push                   00445150 f   utility_ld:sx_dec.obj
 0001:00044220       _sx_pop                    00445220 f   utility_ld:sx_dec.obj
 0001:00044340       __uibed_find_element       00445340 f   utility_ld:sx_dec.obj
 0001:000443d0       _sx_get_element_contents   004453d0 f   utility_ld:sx_dec.obj
 0001:000444b0       _sx_find_element_contents  004454b0 f   utility_ld:sx_dec.obj
 0001:00044620       _sx_get_entity             00445620 f   utility_ld:sx_dec.obj
 0001:00044740       _sx_get_bool               00445740 f   utility_ld:sx_dec.obj
 0001:00044790       _sx_get_int                00445790 f   utility_ld:sx_dec.obj
 0001:000447b0       _sx_get_float              004457b0 f   utility_ld:sx_dec.obj
 0001:000447d0       _sx_get_double             004457d0 f   utility_ld:sx_dec.obj
 0001:000447f0       _sx_get_uchar              004457f0 f   utility_ld:sx_dec.obj
 0001:00044810       _sx_get_int16              00445810 f   utility_ld:sx_dec.obj
 0001:00044850       _sx_get_uint16             00445850 f   utility_ld:sx_dec.obj
 0001:00044870       _sx_get_uint32             00445870 f   utility_ld:sx_dec.obj
 0001:000448b0       _sx_get_uint32_hex         004458b0 f   utility_ld:sx_dec.obj
 0001:000448f0       _sx_get_int32              004458f0 f   utility_ld:sx_dec.obj
 0001:00044930       _sx_get_long               00445930 f   utility_ld:sx_dec.obj
 0001:00044950       _sx_get_ulong              00445950 f   utility_ld:sx_dec.obj
 0001:00044970       _sx_get_uint               00445970 f   utility_ld:sx_dec.obj
 0001:00044990       _sx_get_value              00445990 f   utility_ld:sx_dec.obj
 0001:00044a30       _sx_get_alloc_string       00445a30 f   utility_ld:sx_dec.obj
 0001:00044a90       _sx_get_string             00445a90 f   utility_ld:sx_dec.obj
 0001:00044b40       _sx_format_string_dec      00445b40 f   utility_ld:sx_dec.obj
 0001:00044d20       _sx_get_bool_attr          00445d20 f   utility_ld:sx_dec.obj
 0001:00044d70       _sx_get_int_attr           00445d70 f   utility_ld:sx_dec.obj
 0001:00044d90       _sx_get_float_attr         00445d90 f   utility_ld:sx_dec.obj
 0001:00044db0       _sx_get_double_attr        00445db0 f   utility_ld:sx_dec.obj
 0001:00044dd0       _sx_get_uchar_attr         00445dd0 f   utility_ld:sx_dec.obj
 0001:00044df0       _sx_get_int16_attr         00445df0 f   utility_ld:sx_dec.obj
 0001:00044e30       _sx_get_uint16_attr        00445e30 f   utility_ld:sx_dec.obj
 0001:00044e70       _sx_get_uint32_attr        00445e70 f   utility_ld:sx_dec.obj
 0001:00044eb0       _sx_get_int32_attr         00445eb0 f   utility_ld:sx_dec.obj
 0001:00044ef0       _sx_get_long_attr          00445ef0 f   utility_ld:sx_dec.obj
 0001:00044f10       _sx_get_ulong_attr         00445f10 f   utility_ld:sx_dec.obj
 0001:00044f30       _sx_get_uint_attr          00445f30 f   utility_ld:sx_dec.obj
 0001:00044f50       _XmlStringToDuration       00445f50 f   utility_ld:sx_dec.obj
 0001:00045300       _sx_get_duration_attr      00446300 f   utility_ld:sx_dec.obj
 0001:000453b0       _sx_get_xtime_attr         004463b0 f   utility_ld:sx_dec.obj
 0001:00045460       _sx_get_tm_attr            00446460 f   utility_ld:sx_dec.obj
 0001:00045510       _sx_get_attr_value         00446510 f   utility_ld:sx_dec.obj
 0001:000455f0       _sx_get_attr               004465f0 f   utility_ld:sx_dec.obj
 0001:00045670       _sx_get_attr_ptr           00446670 f   utility_ld:sx_dec.obj
 0001:000456e0       _sx_get_bitstring          004466e0 f   utility_ld:sx_dec.obj
 0001:00045890       _sx_get_string_ptr         00446890 f   utility_ld:sx_dec.obj
 0001:000458f0       _sx_get_string_YesNo       004468f0 f   utility_ld:sx_dec.obj
 0001:000459b0       _sx_get_string_OnOff_mask  004469b0 f   utility_ld:sx_dec.obj
 0001:00045a80       _sx_get_string_OnOff_bool  00446a80 f   utility_ld:sx_dec.obj
 0001:00045b40       _sx_get_time               00446b40 f   utility_ld:sx_dec.obj
 0001:00045bf0       _sx_get_tm                 00446bf0 f   utility_ld:sx_dec.obj
 0001:00045c90       _sx_get_tm_ex              00446c90 f   utility_ld:sx_dec.obj
 0001:00045e30       _sx_get_duration           00446e30 f   utility_ld:sx_dec.obj
 0001:00045ee0       _sx_get_xtime              00446ee0 f   utility_ld:sx_dec.obj
 0001:00045f90       _sx_get_time_ex            00446f90 f   utility_ld:sx_dec.obj
 0001:00046150       _sx_rip_xml                00447150 f   utility_ld:sx_dec.obj
 0001:00047e80       _sx_load_characters        00448e80 f   utility_ld:sx_dec.obj
 0001:00047f20       _ascii_to_hex_str          00448f20 f   utility_ld:str_util.obj
 0001:00048040       _hex_to_ascii_str          00449040 f   utility_ld:str_util.obj
 0001:00048140       _strnstr                   00449140 f   utility_ld:str_util.obj
 0001:00048200       _strncat_maxstrlen         00449200 f   utility_ld:str_util.obj
 0001:00048250       _strncpy_safe              00449250 f   utility_ld:str_util.obj
 0001:00048280       _asciiToSlong              00449280 f   utility_ld:str_util.obj
 0001:000482d0       _asciiToUlong              004492d0 f   utility_ld:str_util.obj
 0001:00048320       _asciiToSint               00449320 f   utility_ld:str_util.obj
 0001:00048380       _asciiToUint               00449380 f   utility_ld:str_util.obj
 0001:000483e0       _asciiToSint32             004493e0 f   utility_ld:str_util.obj
 0001:00048440       _asciiToUint32             00449440 f   utility_ld:str_util.obj
 0001:000484a0       _asciiToSint16             004494a0 f   utility_ld:str_util.obj
 0001:00048520       _asciiToUint16             00449520 f   utility_ld:str_util.obj
 0001:00048590       _asciiToUchar              00449590 f   utility_ld:str_util.obj
 0001:00048600       _asciiToSint8              00449600 f   utility_ld:str_util.obj
 0001:00048670       _asciiToUint8              00449670 f   utility_ld:str_util.obj
 0001:000486e0       _asciiToFloat              004496e0 f   utility_ld:str_util.obj
 0001:00048760       _asciiToDouble             00449760 f   utility_ld:str_util.obj
 0001:000487b0       _sInt8ToAscii              004497b0 f   utility_ld:str_util.obj
 0001:000487d0       _uInt8ToAscii              004497d0 f   utility_ld:str_util.obj
 0001:000487f0       _sInt16ToAscii             004497f0 f   utility_ld:str_util.obj
 0001:00048810       _uInt16ToAscii             00449810 f   utility_ld:str_util.obj
 0001:00048830       _sInt32ToAscii             00449830 f   utility_ld:str_util.obj
 0001:00048850       _uInt32ToAscii             00449850 f   utility_ld:str_util.obj
 0001:00048870       _sIntToAscii               00449870 f   utility_ld:str_util.obj
 0001:00048890       _uIntToAscii               00449890 f   utility_ld:str_util.obj
 0001:000488b0       _sLongToAscii              004498b0 f   utility_ld:str_util.obj
 0001:000488d0       _uLongToAscii              004498d0 f   utility_ld:str_util.obj
 0001:000489e0       _getKeywordFromFile        004499e0 f   utility_ld:str_util.obj
 0001:00048c20       _get_next_string           00449c20 f   utility_ld:str_util.obj
 0001:00048d50       _gs_init                   00449d50 f   utility_ld:glbsem.obj
 0001:00048dd0       _gs_log_sem_state          00449dd0 f   utility_ld:glbsem.obj
 0001:00048e90       _gs_get_semx               00449e90 f   utility_ld:glbsem.obj
 0001:00049040       _gs_free_semx              0044a040 f   utility_ld:glbsem.obj
 0001:000492e0       _stimeInit                 0044a2e0 f   utility_ld:stime.obj
 0001:000493f0       _sGetMsTime                0044a3f0 f   utility_ld:stime.obj
 0001:00049450       _sGetSysMsTime             0044a450 f   utility_ld:stime.obj
 0001:000494a0       _sResetMsTime              0044a4a0 f   utility_ld:stime.obj
 0001:000494e0       _stimeExit                 0044a4e0 f   utility_ld:stime.obj
 0001:00049520       _sMsSleep                  0044a520 f   utility_ld:stime.obj
 0001:00049530       _sockStart                 0044a530 f   utility_ld:gensock2.obj
 0001:00049550       _sockStartEx               0044a550 f   utility_ld:gensock2.obj
 0001:00049840       _sockEnd                   0044a840 f   utility_ld:gensock2.obj
 0001:00049a20       _sockInitCalling           0044aa20 f   utility_ld:gensock2.obj
 0001:00049fa0       _sockInitListen            0044afa0 f   utility_ld:gensock2.obj
 0001:0004a3d0       _sockTxMsg                 0044b3d0 f   utility_ld:gensock2.obj
 0001:0004a410       _sockTxQueueAdd            0044b410 f   utility_ld:gensock2.obj
 0001:0004a4c0       _sockTxQueueDestroy        0044b4c0 f   utility_ld:gensock2.obj
 0001:0004a550       _sockTxQueueProc           0044b550 f   utility_ld:gensock2.obj
 0001:0004a710       _sockTxQueueGroupCntGet    0044b710 f   utility_ld:gensock2.obj
 0001:0004a760       _sockTx                    0044b760 f   utility_ld:gensock2.obj
 0001:0004a830       __sockTx                   0044b830 f   utility_ld:gensock2.obj
 0001:0004aaf0       _sockClose                 0044baf0 f   utility_ld:gensock2.obj
 0001:0004abf0       _sockFree                  0044bbf0 f   utility_ld:gensock2.obj
 0001:0004ae40       _sockServiceWakeAll        0044be40 f   utility_ld:gensock2.obj
 0001:0004ae80       _sockServiceWake           0044be80 f   utility_ld:gensock2.obj
 0001:0004afb0       _sockCtrlService           0044bfb0 f   utility_ld:gensock2.obj
 0001:0004b270       _sockInitFds               0044c270 f   utility_ld:gensock2.obj
 0001:0004b3a0       _sockAddReadFds            0044c3a0 f   utility_ld:gensock2.obj
 0001:0004b450       _sockAddWriteFds           0044c450 f   utility_ld:gensock2.obj
 0001:0004b510       _sockAddExceptFds          0044c510 f   utility_ld:gensock2.obj
 0001:0004b5d0       _sockSelectResultProcess   0044c5d0 f   utility_ld:gensock2.obj
 0001:0004c650       __sockRecv                 0044d650 f   utility_ld:gensock2.obj
 0001:0004c810       __sockAllocSock            0044d810 f   utility_ld:gensock2.obj
 0001:0004cb10       __sockAddSock              0044db10 f   utility_ld:gensock2.obj
 0001:0004d0c0       _sockCreateWakeupSockets   0044e0c0 f   utility_ld:gensock2.obj
 0001:0004d820       _sockLogState              0044e820 f   utility_ld:gensock2.obj
 0001:0004d9a0       _sockLogSockState          0044e9a0 f   utility_ld:gensock2.obj
 0001:0004dbb0       _sockGetRemAddrInfo        0044ebb0 f   utility_ld:gensock2.obj
 0001:0004dc50       _sockUsrFun                0044ec50 f   utility_ld:gensock2.obj
 0001:0004dde0       _convertIPAddr             0044ede0 f   utility_ld:gensock2.obj
 0001:0004e050       _sockEventPut              0044f050 f   utility_ld:gensock2.obj
 0001:0004e0a0       _sockEventGet              0044f0a0 f   utility_ld:gensock2.obj
 0001:0004e0f0       _sockEventQueueFlush       0044f0f0 f   utility_ld:gensock2.obj
 0001:0004e180       _tstrTimeToString          0044f180 f   utility_ld:time_str.obj
 0001:0004e1d0       _tstrTimeToStringGmt       0044f1d0 f   utility_ld:time_str.obj
 0001:0004e220       _getDateOrder              0044f220 f   utility_ld:time_str.obj
 0001:0004e280       _storeDateValue            0044f280 f   utility_ld:time_str.obj
 0001:0004e700       _storeTimeValue            0044f700 f   utility_ld:time_str.obj
 0001:0004ec60       _tstrStringToTm            0044fc60 f   utility_ld:time_str.obj
 0001:0004f480       _tstrStringToTime          00450480 f   utility_ld:time_str.obj
 0001:0004f510       _tstrStringToTimeGmt       00450510 f   utility_ld:time_str.obj
 0001:0004f580       _tstrTmToString            00450580 f   utility_ld:time_str.obj
 0001:0004f5b0       _Btime6StringToVals        004505b0 f   utility_ld:time_str.obj
 0001:0004f750       _Btime6ValsToString        00450750 f   utility_ld:time_str.obj
 0001:0004f8f0       _Btime4StringToVals        004508f0 f   utility_ld:time_str.obj
 0001:0004fb10       _Btime4ValsToString        00450b10 f   utility_ld:time_str.obj
 0001:0004fcc0       _UtcStringToVals           00450cc0 f   utility_ld:time_str.obj
 0001:000501f0       _UtcValsToString           004511f0 f   utility_ld:time_str.obj
 0001:000503b0       _XmlStringToUtcValue       004513b0 f   utility_ld:time_str.obj
 0001:00050590       _UtcValueToXmlString       00451590 f   utility_ld:time_str.obj
 0001:00050760       _CalculateTimeZoneOffset   00451760 f   utility_ld:time_str.obj
 0001:00050820       _GetTimeAndUsec            00451820 f   utility_ld:time_str.obj
 0001:00050860       _usr_mkgmtime              00451860 f   utility_ld:time_str.obj
 0001:00050cc0       _mms_file_read_rsp         00451cc0 f   mmsle_ld:rq_fread.obj
 0001:00050ed0       _mpl_fread                 00451ed0 f   mmsle_ld:rq_fread.obj
 0001:00050ef0       __ms_mk_fread_req          00451ef0 f   mmsle_ld:rq_fread.obj
 0001:00050f20       _mms_file_open_rsp         00451f20 f   mmsle_ld:rq_fopen.obj
 0001:00051140       _mpl_fopen                 00452140 f   mmsle_ld:rq_fopen.obj
 0001:00051160       __ms_mk_fopen_req          00452160 f   mmsle_ld:rq_fopen.obj
 0001:000511e0       _mms_file_dir_req          004521e0 f   mmsle_ld:rs_fdir.obj
 0001:00051490       _mpl_fdir_resp             00452490 f   mmsle_ld:rs_fdir.obj
 0001:000514b0       __ms_mk_fdir_resp          004524b0 f   mmsle_ld:rs_fdir.obj
 0001:00051710       _mms_file_delete_req       00452710 f   mmsle_ld:rs_fdele.obj
 0001:00051840       _mpl_fdelete_resp          00452840 f   mmsle_ld:rs_fdele.obj
 0001:00051860       _mms_file_rename_req       00452860 f   mmsle_ld:rs_frena.obj
 0001:00051a60       _mpl_frename_resp          00452a60 f   mmsle_ld:rs_frena.obj
 0001:00051a80       _mms_file_close_req        00452a80 f   mmsle_ld:rs_fclos.obj
 0001:00051af0       _mpl_fclose_resp           00452af0 f   mmsle_ld:rs_fclos.obj
 0001:00051b10       _mms_file_read_req         00452b10 f   mmsle_ld:rs_fread.obj
 0001:00051b80       _mpl_fread_resp            00452b80 f   mmsle_ld:rs_fread.obj
 0001:00051ba0       __ms_mk_fread_resp         00452ba0 f   mmsle_ld:rs_fread.obj
 0001:00051c20       _mms_file_open_req         00452c20 f   mmsle_ld:rs_fopen.obj
 0001:00051de0       _mpl_fopen_resp            00452de0 f   mmsle_ld:rs_fopen.obj
 0001:00051e00       __ms_mk_fopen_resp         00452e00 f   mmsle_ld:rs_fopen.obj
 0001:00051ec0       _mms_jstat_req             00452ec0 f   mmsle_ld:rs_jstat.obj
 0001:00051f60       _mpl_jstat_resp            00452f60 f   mmsle_ld:rs_jstat.obj
 0001:00051f80       __ms_mk_jstat_resp         00452f80 f   mmsle_ld:rs_jstat.obj
 0001:00051ff0       _mms_jinit_req             00452ff0 f   mmsle_ld:rs_jinit.obj
 0001:00052320       _mpl_jinit_resp            00453320 f   mmsle_ld:rs_jinit.obj
 0001:00052340       __ms_mk_jinit_resp         00453340 f   mmsle_ld:rs_jinit.obj
 0001:00052370       _mms_jread_req             00453370 f   mmsle_ld:rs_jread.obj
 0001:00052d00       _mpl_jread_resp            00453d00 f   mmsle_ld:rs_jread.obj
 0001:00052d20       __ms_mk_jread_resp         00453d20 f   mmsle_ld:rs_jread.obj
 0001:00052f50       _mms_obtain_file_req       00453f50 f   mmsle_ld:rs_obtfi.obj
 0001:00053260       _mpl_obtfile_resp          00454260 f   mmsle_ld:rs_obtfi.obj
 0001:00053280       _mms_del_vlist_req         00454280 f   mmsle_ld:rs_delvl.obj
 0001:000532a0       _mpl_delvlist_resp         004542a0 f   mmsle_ld:rs_delvl.obj
 0001:000532c0       __ms_mk_delvlist_resp      004542c0 f   mmsle_ld:rs_delvl.obj
 0001:00053330       _mms_def_vlist_req         00454330 f   mmsle_ld:rs_defvl.obj
 0001:00053490       _mpl_defvlist_resp         00454490 f   mmsle_ld:rs_defvl.obj
 0001:000534b0       _mpl_fclose                004544b0 f   mmsle_ld:rq_fclos.obj
 0001:000534d0       __ms_mk_fclose_req         004544d0 f   mmsle_ld:rq_fclos.obj
 0001:00053500       __ms_get_mms_fname         00454500 f   mmsle_ld:mms_ced2.obj
 0001:00053640       __ms_wr_mms_fname          00454640 f   mmsle_ld:mms_ced2.obj
 0001:000536b0       __ms_get_jou_ent_cont      004546b0 f   mmsle_ld:mms_ced1.obj
 0001:00053cb0       __ms_wr_jou_ent_cont       00454cb0 f   mmsle_ld:mms_ced1.obj
 0001:00053f00       _mms_del_type_req          00454f00 f   mmsle_ld:rs_delty.obj
 0001:00054290       _mpl_deltype_resp          00455290 f   mmsle_ld:rs_delty.obj
 0001:000542b0       __ms_mk_deltype_resp       004552b0 f   mmsle_ld:rs_delty.obj
 0001:00054315       __invoke_watson_if_error   00455315 f i LIBCMT:wassert.obj
 0001:00054357       __wassert                  00455357 f   LIBCMT:wassert.obj
 0001:00054aa9       __fclose_nolock            00455aa9 f   LIBCMT:fclose.obj
 0001:00054b20       _fclose                    00455b20 f   LIBCMT:fclose.obj
 0001:00054b9c       __fwrite_nolock            00455b9c f   LIBCMT:fwrite.obj
 0001:00054cfe       _fwrite                    00455cfe f   LIBCMT:fwrite.obj
 0001:00054d80       __fsopen                   00455d80 f   LIBCMT:fopen.obj
 0001:00054e44       _fopen                     00455e44 f   LIBCMT:fopen.obj
 0001:00054e5b       _fopen_s                   00455e5b f   LIBCMT:fopen.obj
 0001:00054eb0       _strstr                    00455eb0 f   LIBCMT:strstr.obj
 0001:00054f36       @__security_check_cookie@4 00455f36 f   LIBCMT:secchk.obj
 0001:00054f50       __alloca_probe             00455f50     LIBCMT:chkstk.obj
 0001:00054f50       __chkstk                   00455f50 f   LIBCMT:chkstk.obj
 0001:00054f80       _strlen                    00455f80 f   LIBCMT:strlen.obj
 0001:00055010       _strcmp                    00456010 f   LIBCMT:strcmp.obj
 0001:000550a0       _memcpy                    004560a0 f   LIBCMT:memcpy.obj
 0001:00055410       _strcpy                    00456410 f   LIBCMT:strcat.obj
 0001:00055420       _strcat                    00456420 f   LIBCMT:strcat.obj
 0001:00055508       _sprintf                   00456508 f   LIBCMT:sprintf.obj
 0001:00055585       __sprintf_l                00456585 f   LIBCMT:sprintf.obj
 0001:000555a1       _sprintf_s                 004565a1 f   LIBCMT:sprintf.obj
 0001:000555bf       __sprintf_s_l              004565bf f   LIBCMT:sprintf.obj
 0001:000555de       __snprintf_s               004565de f   LIBCMT:sprintf.obj
 0001:000555ff       __snprintf_s_l             004565ff f   LIBCMT:sprintf.obj
 0001:00055621       __sprintf_p                00456621 f   LIBCMT:sprintf.obj
 0001:0005563f       __sprintf_p_l              0045663f f   LIBCMT:sprintf.obj
 0001:0005565e       __scprintf                 0045665e f   LIBCMT:sprintf.obj
 0001:00055673       __scprintf_p               00456673 f   LIBCMT:sprintf.obj
 0001:00055688       __scprintf_l               00456688 f   LIBCMT:sprintf.obj
 0001:000556a1       __scprintf_p_l             004566a1 f   LIBCMT:sprintf.obj
 0001:000556ba       __fpclear                  004566ba f   LIBCMT:_fpinit_.obj
 0001:000556bb       __cfltcvt_init             004566bb f   LIBCMT:_fpinit_.obj
 0001:0005571b       ___setfflag                0045671b f   LIBCMT:_fpinit_.obj
 0001:00055730       __fpmath                   00456730 f   LIBCMT:_fpinit_.obj
 0001:00055753       __fread_nolock_s           00456753 f   LIBCMT:fread.obj
 0001:0005595d       __fread_nolock             0045695d f   LIBCMT:fread.obj
 0001:0005597a       _fread_s                   0045697a f   LIBCMT:fread.obj
 0001:00055a10       _fread                     00456a10 f   LIBCMT:fread.obj
 0001:00055a2d       __fstat64i32               00456a2d f   LIBCMT:fstati32.obj
 0001:00055d90       _memset                    00456d90 f   LIBCMT:memset.obj
 0001:00055e0a       __initp_misc_winsig        00456e0a f   LIBCMT:winsig.obj
 0001:00055efa       ___get_sigabrt             00456efa f   LIBCMT:winsig.obj
 0001:00055f07       ___fpecode                 00456f07 f   LIBCMT:winsig.obj
 0001:00055f10       ___pxcptinfoptrs           00456f10 f   LIBCMT:winsig.obj
 0001:00055f19       _signal                    00456f19 f   LIBCMT:winsig.obj
 0001:00056156       _raise                     00457156 f   LIBCMT:winsig.obj
 0001:00056306       __crt_waiting_on_module_handle 00457306 f   LIBCMT:crt0dat.obj
 0001:00056336       __amsg_exit                00457336 f   LIBCMT:crt0dat.obj
 0001:0005635f       ___crtCorExitProcess       0045735f f   LIBCMT:crt0dat.obj
 0001:0005638a       ___crtExitProcess          0045738a f   LIBCMT:crt0dat.obj
 0001:000563a2       __lockexit                 004573a2 f   LIBCMT:crt0dat.obj
 0001:000563ab       __unlockexit               004573ab f   LIBCMT:crt0dat.obj
 0001:000563d1       __initterm_e               004573d1 f   LIBCMT:crt0dat.obj
 0001:000563f5       __get_wpgmptr              004573f5 f   LIBCMT:crt0dat.obj
 0001:00056431       __get_pgmptr               00457431 f   LIBCMT:crt0dat.obj
 0001:0005646d       __cinit                    0045746d f   LIBCMT:crt0dat.obj
 0001:0005661e       _exit                      0045761e f   LIBCMT:crt0dat.obj
 0001:00056634       __exit                     00457634 f   LIBCMT:crt0dat.obj
 0001:0005664a       __cexit                    0045764a f   LIBCMT:crt0dat.obj
 0001:00056659       __c_exit                   00457659 f   LIBCMT:crt0dat.obj
 0001:00056668       __init_pointers            00457668 f   LIBCMT:crt0dat.obj
 0001:000566b6       _puts                      004576b6 f   LIBCMT:puts.obj
 0001:00056815       _printf                    00457815 f   LIBCMT:printf.obj
 0001:000568c4       __printf_l                 004578c4 f   LIBCMT:printf.obj
 0001:000568dd       __printf_s_l               004578dd f   LIBCMT:printf.obj
 0001:000568f6       _printf_s                  004578f6 f   LIBCMT:printf.obj
 0001:0005690e       __printf_p_l               0045790e f   LIBCMT:printf.obj
 0001:00056927       __printf_p                 00457927 f   LIBCMT:printf.obj
 0001:0005693f       __set_printf_count_output  0045793f f   LIBCMT:printf.obj
 0001:00056969       __get_printf_count_output  00457969 f   LIBCMT:printf.obj
 0001:0005697f       _setbuf                    0045797f f   LIBCMT:setbuf.obj
 0001:000569a7       ___iob_func                004579a7 f   LIBCMT:_file.obj
 0001:000569ad       ___initstdio               004579ad f   LIBCMT:_file.obj
 0001:00056a5e       ___endstdio                00457a5e f   LIBCMT:_file.obj
 0001:00056a7e       __lock_file                00457a7e f   LIBCMT:_file.obj
 0001:00056abf       __lock_file2               00457abf f   LIBCMT:_file.obj
 0001:00056af1       __unlock_file              00457af1 f   LIBCMT:_file.obj
 0001:00056b2d       __unlock_file2             00457b2d f   LIBCMT:_file.obj
 0001:00056b5c       __time64                   00457b5c f   LIBCMT:time64.obj
 0001:00056bad       __fseek_nolock             00457bad f   LIBCMT:fseek.obj
 0001:00056c37       _fseek                     00457c37 f   LIBCMT:fseek.obj
 0001:00056cbc       _feof                      00457cbc f   LIBCMT:feoferr.obj
 0001:00056cf0       _ferror                    00457cf0 f   LIBCMT:feoferr.obj
 0001:00056d24       _remove                    00457d24 f   LIBCMT:unlink.obj
 0001:00056d54       __unlink                   00457d54 f   LIBCMT:unlink.obj
 0001:00056d5f       _rename                    00457d5f f   LIBCMT:rename.obj
 0001:00056d92       _V6_HeapAlloc              00457d92 f   LIBCMT:malloc.obj
 0001:00056de1       __heap_alloc               00457de1 f i LIBCMT:malloc.obj
 0001:00056e5b       _malloc                    00457e5b f   LIBCMT:malloc.obj
 0001:00056f25       _free                      00457f25 f   LIBCMT:free.obj
[...]
 0003:0001fb38       _pipe_to_main              004d2b38     <common>
 0003:0001fb3c       _hTcpEvent                 004d2b3c     <common>
 0003:0001fb40       _session_cfg               004d2b40     <common>
 0003:0001fb50       _cosp_only_ssel            004d2b50     <common>
 0003:0001fb58       _g_tpkt_enc_buf            004d2b58     <common>
 0003:0001fb70       _tp0_cfg                   004d2b70     <common>
 0003:0001fb80       _tp0_conn_arr              004d2b80     <common>
 0003:0001fb88       _only_tp0_loc_tsap         004d2b88     <common>
 0003:0001fb90       _only_tp0_user_bind_id     004d2b90     <common>
 0003:0001fb98       _only_loc_psel             004d2b98     <common>
 0003:0001fba6       _copp_bind_called          004d2ba6     <common>
 0003:0001fba8       _acse_msgsize              004d2ba8     <common>
 0003:0001fbb8       _cosp_buf                  004d2bb8     <common>
 0003:0001fbbc       _cosp_msgsize              004d2bbc     <common>
 0003:0001fbc0       _qMemElemSize              004d2bc0     <common>
 0003:0001fbcc       _slog_service_fun          004d2bcc     <common>
 0003:0001fbe4       __slog_remote_fun          004d2be4     <common>
 0003:0001fbe8       __slog_dyn_log_fun         004d2be8     <common>
 0003:0001fc00       _slogTimeText              004d2c00     <common>
 0003:0001fc20       _slog_dyn_log_fun          004d2c20     <common>
 0003:0001fc24       _slog_remote_fun           004d2c24     <common>
 0003:0001fc28       _slogRemoteFlags           004d2c28     <common>
 0003:0001fc2c       _u_rt_type_process         004d2c2c     <common>
 0003:0001fc38       _ml_log_unsol_req_info_fun 004d2c38     <common>
 0003:0001fc4c       _ml_log_req_info_fun       004d2c4c     <common>
 0003:0001fc50       _ml_log_unsol_ind_info_fun 004d2c50     <common>
 0003:0001fc54       _ml_log_resp_info_fun      004d2c54     <common>
 0003:0001fc58       _ml_log_error_resp_fun     004d2c58     <common>
 0003:0001fc5c       _ml_log_conf_info_fun      004d2c5c     <common>
 0003:0001fc60       _ml_log_ind_info_fun       004d2c60     <common>
 0003:0001fc64       _ml_log_reject_send_fun    004d2c64     <common>
 0003:0001fc68       _ml_log_error_conf_fun     004d2c68     <common>
 0003:0001fc6c       _ml_log_reject_recv_fun    004d2c6c     <common>
 0003:0001fc70       _m_free_os_fun             004d2c70     <common>
 0003:0001fc80       _m_calloc_os_fun           004d2c80     <common>
 0003:0001fc84       _m_realloc_os_fun          004d2c84     <common>
 0003:0001fc88       _stop_je                   004d2c88     <common>
 0003:0001fca6       _jread_more_follows        004d2ca6     <common>
 0003:0001fca8       _je_array_num_entries      004d2ca8     <common>
 0003:0001fcc0       _je_array                  004d2cc0     <common>
 0003:0001fd10       _je_array_index            004d2d10     <common>
 0003:0001fd14       _mvl_obj_nosort            004d2d14     <common>
 0003:0001fd20       _u_mvl_rd_ind_start        004d2d20     <common>
 0003:0001fd30       _u_mvl_rd_resp_sent        004d2d30     <common>
 0003:0001fd34       _u_mvl_wr_ind_start        004d2d34     <common>
 0003:0001fd44       _u_mvl_wr_resp_sent        004d2d44     <common>
 0003:0001fd48       _u_mvl_nvl_destroy         004d2d48     <common>
 0003:0001fd58       _u_mvl_jou_destroy         004d2d58     <common>
 0003:0001fd5c       _u_mvl_dom_destroy         004d2d5c     <common>
 0003:0001fd60       _u_mvl_var_destroy         004d2d60     <common>
 0003:0001fd80       _mvl_max_dyn               004d2d80     <common>
 0003:0001fdb3       __mvl_comm_serve_active    004d2db3     <common>
 0003:0001fdbd       _mvl_conn_filtered_logging 004d2dbd     <common>
 0003:0001fdbe       __mvl_persist_aa_objs      004d2dbe     <common>
 0003:0001fdc0       _u_mvl_check_timeout       004d2dc0     <common>
 0003:0001fdc4       _sockCtxList               004d2dc4     <common>
 0003:0001fdd4       _sock_debug_sel            004d2dd4     <common>
 0003:0001fdd8       _gs_hwEventTime            004d2dd8     <common>
 0003:00020024       _gs_track                  004d3024     <common>
 0003:00020040       _gs_currSemOwnerFile       004d3040     <common>
 0003:00020560       _gs_currSemOwnerLine       004d3560     <common>
 0003:000205c0       _gs_currSemFreeLine        004d35c0     <common>
 0003:00020610       _gs_hwMutexTime            004d3610     <common>
 0003:00020620       _gs_util_mutex             004d3620     <common>
 0003:00020644       _gs_currSemOwnerIndex      004d3644     <common>
 0003:00020660       _gs_currSemFreeFile        004d3660     <common>
 0003:00020b80       _gs_glb_mutex              004d3b80     <common>
 0003:00020ba4       _sxUseSax                  004d3ba4     <common>
 0003:00020bad       _sxIgnoreNS                004d3bad     <common>
 0003:00020bae       _sxLogOverrunAsFlow        004d3bae     <common>
 0003:00020bb7       _sxUseFormatting           004d3bb7     <common>
 0003:00020bb8       _list_debug_sel            004d3bb8     <common>
 0003:00020bc4       __debugger_hook_dummy      004d3bc4     <common>
 0003:00020bd0       ___setlc_active            004d3bd0     <common>
 0003:00020be0       ___unguarded_readlc_active 004d3be0     <common>
 0003:00020be4       ___active_heap             004d3be4     <common>
 0003:00020bf0       ___sbh_initialized         004d3bf0     <common>
 0003:00020c04       ___sbh_cntHeaderList       004d3c04     <common>
 0003:00020c08       ___sbh_pHeaderList         004d3c08     <common>
 0003:00020c0c       ___sbh_threshold           004d3c0c     <common>
 0003:00020c10       ___sbh_pHeaderScan         004d3c10     <common>
 0003:00020c14       ___sbh_sizeHeaderList      004d3c14     <common>
 0003:00020c18       ___sbh_indGroupDefer       004d3c18     <common>
 0003:00020c1c       __nhandle                  004d3c1c     <common>
 0003:00020c60       ___pioinfo                 004d3c60     <common>
 0003:00020d60       ___sse2_available          004d3d60     <common>
 0003:00020d6c       __pDestructExceptionObject 004d3d6c     <common>
 0003:00020d78       __acmdln                   004d3d78     <common>
 0003:00020d84       ___piob                    004d3d84     <common>
 0003:000210e0       __bufin                    004d40e0     <common>
 0003:000220e0       __nstream                  004d50e0     <common>
 0003:000220e4       ___env_initialized         004d50e4     <common>
 0003:000220f4       ___onexitend               004d50f4     <common>
 0003:000220f8       ___onexitbegin             004d50f8     <common>
 0003:000220fc       ___mbctype_initialized     004d50fc     <common>
 0003:00022100       ___dyn_tls_init_callback   004d5100     <common>
 0004:00000000       __IMPORT_DESCRIPTOR_WS2_32 004d6000     ws2_32:WS2_32.dll
 0004:00000014       __IMPORT_DESCRIPTOR_WINMM  004d6014     winmm:WINMM.dll
 0004:00000028       __IMPORT_DESCRIPTOR_KERNEL32 004d6028     kernel32:KERNEL32.dll
 0004:0000003c       __IMPORT_DESCRIPTOR_ADVAPI32 004d603c     advapi32:ADVAPI32.dll
 0004:00000050       __NULL_IMPORT_DESCRIPTOR   004d6050     ws2_32:WS2_32.dll
 0004:000003cc       __imp__InitializeSecurityDescriptor@8 004d63cc     advapi32:ADVAPI32.dll
 0004:000003d0       __imp__SetSecurityDescriptorDacl@16 004d63d0     advapi32:ADVAPI32.dll
 0004:000003d4       \177ADVAPI32_NULL_THUNK_DATA 004d63d4     advapi32:ADVAPI32.dll
 0004:00000400       __imp__DebugBreak@0        004d6400     kernel32:KERNEL32.dll
 0004:00000404       __imp__lstrlenA@4          004d6404     kernel32:KERNEL32.dll
 0004:00000408       __imp__ExitThread@4        004d6408     kernel32:KERNEL32.dll
 0004:0000040c       __imp__SetEnvironmentVariableA@8 004d640c     kernel32:KERNEL32.dll
 0004:00000410       __imp__CompareStringW@24   004d6410     kernel32:KERNEL32.dll
 0004:00000414       __imp__CompareStringA@24   004d6414     kernel32:KERNEL32.dll
 0004:00000418       __imp__GetProcessHeap@0    004d6418     kernel32:KERNEL32.dll
 0004:0000041c       __imp__SetEndOfFile@4      004d641c     kernel32:KERNEL32.dll
 0004:00000420       __imp__IsValidLocale@8     004d6420     kernel32:KERNEL32.dll
 0004:00000424       __imp__EnumSystemLocalesA@8 004d6424     kernel32:KERNEL32.dll
 0004:00000428       __imp__GetUserDefaultLCID@0 004d6428     kernel32:KERNEL32.dll
 0004:0000042c       __imp__GetStringTypeW@16   004d642c     kernel32:KERNEL32.dll
 0004:00000430       __imp__GetStringTypeA@20   004d6430     kernel32:KERNEL32.dll
 0004:00000434       __imp__GetLocaleInfoW@16   004d6434     kernel32:KERNEL32.dll
 0004:00000438       __imp__HeapSize@12         004d6438     kernel32:KERNEL32.dll
 0004:0000043c       __imp__CreateFileA@28      004d643c     kernel32:KERNEL32.dll
 0004:00000440       __imp__GetConsoleOutputCP@0 004d6440     kernel32:KERNEL32.dll
 0004:00000444       __imp__WriteConsoleA@20    004d6444     kernel32:KERNEL32.dll
 0004:00000448       __imp__LCMapStringW@24     004d6448     kernel32:KERNEL32.dll
 0004:0000044c       __imp__LCMapStringA@24     004d644c     kernel32:KERNEL32.dll
 0004:00000450       __imp__FlushFileBuffers@4  004d6450     kernel32:KERNEL32.dll
 0004:00000454       __imp__IsValidCodePage@4   004d6454     kernel32:KERNEL32.dll
 0004:00000458       __imp__MultiByteToWideChar@24 004d6458     kernel32:KERNEL32.dll
 0004:0000045c       __imp__GetLocalTime@4      004d645c     kernel32:KERNEL32.dll
 0004:00000460       __imp__QueryPerformanceCounter@4 004d6460     kernel32:KERNEL32.dll
 0004:00000464       __imp__QueryPerformanceFrequency@4 004d6464     kernel32:KERNEL32.dll
 0004:00000468       __imp__FindClose@4         004d6468     kernel32:KERNEL32.dll
 0004:0000046c       __imp__FindNextFileA@8     004d646c     kernel32:KERNEL32.dll
 0004:00000470       __imp__FindFirstFileA@8    004d6470     kernel32:KERNEL32.dll
 0004:00000474       __imp__FileTimeToDosDateTime@12 004d6474     kernel32:KERNEL32.dll
 0004:00000478       __imp__FileTimeToLocalFileTime@8 004d6478     kernel32:KERNEL32.dll
 0004:0000047c       __imp__InitializeCriticalSection@4 004d647c     kernel32:KERNEL32.dll
 0004:00000480       __imp__GetLastError@0      004d6480     kernel32:KERNEL32.dll
 0004:00000484       __imp__CreateMutexA@12     004d6484     kernel32:KERNEL32.dll
 0004:00000488       __imp__LocalFree@4         004d6488     kernel32:KERNEL32.dll
 0004:0000048c       __imp__LocalAlloc@8        004d648c     kernel32:KERNEL32.dll
 0004:00000490       __imp__GetCurrentThreadId@0 004d6490     kernel32:KERNEL32.dll
 0004:00000494       __imp__EnterCriticalSection@4 004d6494     kernel32:KERNEL32.dll
 0004:00000498       __imp__ReleaseMutex@4      004d6498     kernel32:KERNEL32.dll
 0004:0000049c       __imp__LeaveCriticalSection@4 004d649c     kernel32:KERNEL32.dll
 0004:000004a0       __imp__CloseHandle@4       004d64a0     kernel32:KERNEL32.dll
 0004:000004a4       __imp__DeleteCriticalSection@4 004d64a4     kernel32:KERNEL32.dll
 0004:000004a8       __imp__CreateEventA@16     004d64a8     kernel32:KERNEL32.dll
 0004:000004ac       __imp__WaitForSingleObject@8 004d64ac     kernel32:KERNEL32.dll
 0004:000004b0       __imp__WaitForMultipleObjects@16 004d64b0     kernel32:KERNEL32.dll
 0004:000004b4       __imp__SetEvent@4          004d64b4     kernel32:KERNEL32.dll
 0004:000004b8       __imp__PulseEvent@4        004d64b8     kernel32:KERNEL32.dll
 0004:000004bc       __imp__ResetEvent@4        004d64bc     kernel32:KERNEL32.dll
 0004:000004c0       __imp__RaiseException@16   004d64c0     kernel32:KERNEL32.dll
 0004:000004c4       __imp__GetVersionExA@4     004d64c4     kernel32:KERNEL32.dll
 0004:000004c8       __imp__FormatMessageA@28   004d64c8     kernel32:KERNEL32.dll
 0004:000004cc       __imp__Sleep@4             004d64cc     kernel32:KERNEL32.dll
 0004:000004d0       __imp__GetLocaleInfoA@16   004d64d0     kernel32:KERNEL32.dll
 0004:000004d4       __imp__WriteConsoleW@20    004d64d4     kernel32:KERNEL32.dll
 0004:000004d8       __imp__GetFileType@4       004d64d8     kernel32:KERNEL32.dll
 0004:000004dc       __imp__GetStdHandle@4      004d64dc     kernel32:KERNEL32.dll
 0004:000004e0       __imp__GetModuleFileNameW@12 004d64e0     kernel32:KERNEL32.dll
 0004:000004e4       __imp__FileTimeToSystemTime@8 004d64e4     kernel32:KERNEL32.dll
 0004:000004e8       __imp__GetFileInformationByHandle@8 004d64e8     kernel32:KERNEL32.dll
 0004:000004ec       __imp__PeekNamedPipe@24    004d64ec     kernel32:KERNEL32.dll
 0004:000004f0       __imp__SetConsoleCtrlHandler@8 004d64f0     kernel32:KERNEL32.dll
 0004:000004f4       __imp__GetModuleHandleW@4  004d64f4     kernel32:KERNEL32.dll
 0004:000004f8       __imp__GetProcAddress@8    004d64f8     kernel32:KERNEL32.dll
 0004:000004fc       __imp__ExitProcess@4       004d64fc     kernel32:KERNEL32.dll
 0004:00000500       __imp__GetSystemTimeAsFileTime@4 004d6500     kernel32:KERNEL32.dll
 0004:00000504       __imp__DeleteFileA@4       004d6504     kernel32:KERNEL32.dll
 0004:00000508       __imp__MoveFileA@8         004d6508     kernel32:KERNEL32.dll
 0004:0000050c       __imp__HeapAlloc@12        004d650c     kernel32:KERNEL32.dll
 0004:00000510       __imp__HeapFree@12         004d6510     kernel32:KERNEL32.dll
 0004:00000514       __imp__GetCommandLineA@0   004d6514     kernel32:KERNEL32.dll
 0004:00000518       __imp__HeapReAlloc@16      004d6518     kernel32:KERNEL32.dll
 0004:0000051c       __imp__VirtualQuery@12     004d651c     kernel32:KERNEL32.dll
 0004:00000520       __imp__CreateThread@24     004d6520     kernel32:KERNEL32.dll
 0004:00000524       __imp__GetTimeFormatA@24   004d6524     kernel32:KERNEL32.dll
 0004:00000528       __imp__GetDateFormatA@24   004d6528     kernel32:KERNEL32.dll
 0004:0000052c       __imp__GetTimeZoneInformation@4 004d652c     kernel32:KERNEL32.dll
 0004:00000530       __imp__TerminateProcess@8  004d6530     kernel32:KERNEL32.dll
 0004:00000534       __imp__GetCurrentProcess@0 004d6534     kernel32:KERNEL32.dll
 0004:00000538       __imp__UnhandledExceptionFilter@4 004d6538     kernel32:KERNEL32.dll
 0004:0000053c       __imp__SetUnhandledExceptionFilter@4 004d653c     kernel32:KERNEL32.dll
 0004:00000540       __imp__IsDebuggerPresent@0 004d6540     kernel32:KERNEL32.dll
 0004:00000544       __imp__LoadLibraryW@4      004d6544     kernel32:KERNEL32.dll
 0004:00000548       __imp__WriteFile@20        004d6548     kernel32:KERNEL32.dll
 0004:0000054c       __imp__WideCharToMultiByte@32 004d654c     kernel32:KERNEL32.dll
 0004:00000550       __imp__GetConsoleCP@0      004d6550     kernel32:KERNEL32.dll
 0004:00000554       __imp__GetConsoleMode@8    004d6554     kernel32:KERNEL32.dll
 0004:00000558       __imp__RtlUnwind@16        004d6558     kernel32:KERNEL32.dll
 0004:0000055c       __imp__GetModuleHandleA@4  004d655c     kernel32:KERNEL32.dll
 0004:00000560       __imp__ReadFile@20         004d6560     kernel32:KERNEL32.dll
 0004:00000564       __imp__SetStdHandle@8      004d6564     kernel32:KERNEL32.dll
 0004:00000568       __imp__SetHandleCount@4    004d6568     kernel32:KERNEL32.dll
 0004:0000056c       __imp__GetStartupInfoA@4   004d656c     kernel32:KERNEL32.dll
 0004:00000570       __imp__FatalAppExitA@8     004d6570     kernel32:KERNEL32.dll
 0004:00000574       __imp__TlsGetValue@4       004d6574     kernel32:KERNEL32.dll
 0004:00000578       __imp__TlsAlloc@0          004d6578     kernel32:KERNEL32.dll
 0004:0000057c       __imp__TlsSetValue@8       004d657c     kernel32:KERNEL32.dll
 0004:00000580       __imp__TlsFree@4           004d6580     kernel32:KERNEL32.dll
 0004:00000584       __imp__InterlockedIncrement@4 004d6584     kernel32:KERNEL32.dll
 0004:00000588       __imp__SetLastError@4      004d6588     kernel32:KERNEL32.dll
 0004:0000058c       __imp__InterlockedDecrement@4 004d658c     kernel32:KERNEL32.dll
 0004:00000590       __imp__GetCurrentThread@0  004d6590     kernel32:KERNEL32.dll
 0004:00000594       __imp__GetModuleFileNameA@12 004d6594     kernel32:KERNEL32.dll
 0004:00000598       __imp__FreeLibrary@4       004d6598     kernel32:KERNEL32.dll
 0004:0000059c       __imp__InterlockedExchange@8 004d659c     kernel32:KERNEL32.dll
 0004:000005a0       __imp__LoadLibraryA@4      004d65a0     kernel32:KERNEL32.dll
 0004:000005a4       __imp__InitializeCriticalSectionAndSpinCount@8 004d65a4     kernel32:KERNEL32.dll
 0004:000005a8       __imp__SetFilePointer@16   004d65a8     kernel32:KERNEL32.dll
 0004:000005ac       __imp__VirtualFree@12      004d65ac     kernel32:KERNEL32.dll
 0004:000005b0       __imp__VirtualAlloc@16     004d65b0     kernel32:KERNEL32.dll
 0004:000005b4       __imp__HeapCreate@12       004d65b4     kernel32:KERNEL32.dll
 0004:000005b8       __imp__HeapDestroy@4       004d65b8     kernel32:KERNEL32.dll
 0004:000005bc       __imp__FreeEnvironmentStringsA@4 004d65bc     kernel32:KERNEL32.dll
 0004:000005c0       __imp__GetEnvironmentStrings@0 004d65c0     kernel32:KERNEL32.dll
 0004:000005c4       __imp__FreeEnvironmentStringsW@4 004d65c4     kernel32:KERNEL32.dll
 0004:000005c8       __imp__GetEnvironmentStringsW@0 004d65c8     kernel32:KERNEL32.dll
 0004:000005cc       __imp__GetTickCount@0      004d65cc     kernel32:KERNEL32.dll
 0004:000005d0       __imp__GetCurrentProcessId@0 004d65d0     kernel32:KERNEL32.dll
 0004:000005d4       __imp__GetCPInfo@8         004d65d4     kernel32:KERNEL32.dll
 0004:000005d8       __imp__GetACP@0            004d65d8     kernel32:KERNEL32.dll
 0004:000005dc       __imp__GetOEMCP@0          004d65dc     kernel32:KERNEL32.dll
 0004:000005e0       \177KERNEL32_NULL_THUNK_DATA 004d65e0     kernel32:KERNEL32.dll
 0004:0000066c       __imp__timeGetTime@0       004d666c     winmm:WINMM.dll
 0004:00000670       \177WINMM_NULL_THUNK_DATA  004d6670     winmm:WINMM.dll
 0004:0000069c       __imp__accept@12           004d669c     ws2_32:WS2_32.dll
 0004:000006a0       __imp____WSAFDIsSet@8      004d66a0     ws2_32:WS2_32.dll
 0004:000006a4       __imp__getsockopt@20       004d66a4     ws2_32:WS2_32.dll
 0004:000006a8       __imp__recv@16             004d66a8     ws2_32:WS2_32.dll
 0004:000006ac       __imp__select@20           004d66ac     ws2_32:WS2_32.dll
 0004:000006b0       __imp__send@16             004d66b0     ws2_32:WS2_32.dll
 0004:000006b4       __imp__bind@12             004d66b4     ws2_32:WS2_32.dll
 0004:000006b8       __imp__listen@8            004d66b8     ws2_32:WS2_32.dll
 0004:000006bc       __imp__socket@12           004d66bc     ws2_32:WS2_32.dll
 0004:000006c0       __imp__ioctlsocket@12      004d66c0     ws2_32:WS2_32.dll
 0004:000006c4       __imp__htons@4             004d66c4     ws2_32:WS2_32.dll
 0004:000006c8       __imp__connect@12          004d66c8     ws2_32:WS2_32.dll
 0004:000006cc       __imp__closesocket@4       004d66cc     ws2_32:WS2_32.dll
 0004:000006d0       __imp__WSAStartup@8        004d66d0     ws2_32:WS2_32.dll
 0004:000006d4       __imp__getpeername@12      004d66d4     ws2_32:WS2_32.dll
 0004:000006d8       __imp__ntohs@4             004d66d8     ws2_32:WS2_32.dll
 0004:000006dc       __imp__inet_addr@4         004d66dc     ws2_32:WS2_32.dll
 0004:000006e0       __imp__gethostbyname@4     004d66e0     ws2_32:WS2_32.dll
 0004:000006e4       __imp__inet_ntoa@4         004d66e4     ws2_32:WS2_32.dll
 0004:000006e8       __imp__WSAGetLastError@0   004d66e8     ws2_32:WS2_32.dll
 0004:000006ec       __imp__setsockopt@20       004d66ec     ws2_32:WS2_32.dll
 0004:000006f0       __imp__ntohl@4             004d66f0     ws2_32:WS2_32.dll
 0004:000006f4       __imp__htonl@4             004d66f4     ws2_32:WS2_32.dll
 0004:000006f8       \177WS2_32_NULL_THUNK_DATA 004d66f8     ws2_32:WS2_32.dll

 entry point at        0001:00057175

