 sn_test

 Timestamp is 4f8c0095 (Mon Apr 16 19:20:53 2012)

 Preferred load address is 00400000

 Start         Length     Name                   Class
 0001:00000000 0007f1bdH .text                   CODE
 0001:0007f1c0 00001187H .text$x                 CODE
 0002:00000000 00000104H .CRT$XCA                DATA
 0002:00000104 00000104H .CRT$XCZ                DATA
 0002:00000208 00000104H .CRT$XIA                DATA
 0002:0000030c 00000113H .CRT$XIC                DATA
 0002:00000420 00000104H .CRT$XIY                DATA
 0002:00000524 00000104H .CRT$XIZ                DATA
 0002:00000628 00000104H .CRT$XPA                DATA
 0002:0000072c 00000109H .CRT$XPX                DATA
 0002:00000838 00000104H .CRT$XPXA               DATA
 0002:0000093c 00000104H .CRT$XPZ                DATA
 0002:00000a40 00000104H .CRT$XTA                DATA
 0002:00000b44 00000104H .CRT$XTZ                DATA
 0002:00000c50 00013642H .rdata                  DATA
 0002:00014294 00000161H .rdata$debug            DATA
 0002:000143f8 0000031eH .rdata$r                DATA
 0002:00014720 00000139H .rdata$sxdata           DATA
 0002:0001485c 00000104H .rtc$IAA                DATA
 0002:00014960 00000104H .rtc$IZZ                DATA
 0002:00014a64 00000104H .rtc$TAA                DATA
 0002:00014b68 00000104H .rtc$TZZ                DATA
 0002:00014c70 00001416H .xdata$x                DATA
 0002:00016086 00000000H .edata                  DATA
 0003:00000000 000067abH .data                   DATA
 0003:000067c0 000043c4H .bss                    DATA
 0004:00000000 00000064H .idata$2                DATA
 0004:00000064 00000014H .idata$3                DATA
 0004:00000078 00000370H .idata$4                DATA
 0004:000003e8 00000370H .idata$5                DATA
 0004:00000758 00000c46H .idata$6                DATA
 0005:00000000 00000169H .rsrc$01                DATA
 0005:00000170 00000a99H .rsrc$02                DATA

  Address         Publics by Value              Rva+Base       Lib:Object

 0000:00000000       __except_list              00000000     <absolute>
 0000:0000000c       ___safe_se_handler_count   0000000c     <absolute>
 0000:00000000       ___ImageBase               00400000     <linker-defined>
 0001:00000330       _clnp_snet_timer_tick      00401330 f   clnp_eth.obj
 0001:00000360       _clnp_snet_update_is       00401360 f   clnp_eth.obj
 0001:000003c0       _clnp_snet_update_es       004013c0 f   clnp_eth.obj
 0001:000003e0       _clnp_snet_lookup_is       004013e0 f   clnp_eth.obj
 0001:00000420       _clnp_snet_lookup_es       00401420 f   clnp_eth.obj
 0001:00000440       _clnp_snet_get_all_is_mac  00401440 f   clnp_eth.obj
 0001:00000470       _clnp_snet_get_all_es_mac  00401470 f   clnp_eth.obj
 0001:000004a0       _clnp_snet_get_local_mac   004014a0 f   clnp_eth.obj
 0001:000004d0       _clnp_snet_get_max_udata_len 004014d0 f   clnp_eth.obj
 0001:000004f0       _clnp_snet_get_type        004014f0 f   clnp_eth.obj
 0001:00000500       _clnp_snet_create_es_table 00401500 f   clnp_eth.obj
 0001:00000520       _clnp_snet_check_mac       00401520 f   clnp_eth.obj
 0001:000005b0       _clnp_snet_read_hook_add   004015b0 f   clnp_eth.obj
 0001:000005e0       _clnp_snet_read_hook_remove 004015e0 f   clnp_eth.obj
 0001:00000610       _clnp_snet_read_hook_process 00401610 f   clnp_eth.obj
 0001:00000640       _clnp_snet_frame_to_udt    00401640 f   clnp_eth.obj
 0001:000009b0       _clnp_config               004019b0 f   clnp_hc.obj
 0001:00000a20       _clnp_snet_set_llc         00401a20 f   clnp_pcap.obj
 0001:00000bb0       _clnp_snet_init            00401bb0 f   clnp_pcap.obj
 0001:00000eb0       _clnp_snet_term            00401eb0 f   clnp_pcap.obj
 0001:00000ec0       _clnp_snet_read            00401ec0 f   clnp_pcap.obj
 0001:00000ff0       _clnp_snet_add_multicast_mac 00401ff0 f   clnp_pcap.obj
 0001:00001000       _clnp_snet_free            00402000 f   clnp_pcap.obj
 0001:00001020       _clnp_snet_set_multicast_filter 00402020 f   clnp_pcap.obj
 0001:00001200       _clnp_snet_rx_all_multicast_start 00402200 f   clnp_pcap.obj
 0001:000012b0       _clnp_snet_rx_all_multicast_stop 004022b0 f   clnp_pcap.obj
 0001:00001360       _clnp_snet_rx_multicast_stop 00402360 f   clnp_pcap.obj
 0001:00001410       _clnp_snet_write_raw       00402410 f   clnp_pcap.obj
 0001:000017f0       _strget                    004027f0 f   getval5.obj
 0001:00001860       _intget                    00402860 f   getval5.obj
 0001:00001910       _longget                   00402910 f   getval5.obj
 0001:000019c0       _hexget                    004029c0 f   getval5.obj
 0001:00001a60       _longhexget                00402a60 f   getval5.obj
 0001:00001b00       _xtoi                      00402b00 f   getval5.obj
 0001:00001b90       _xtol                      00402b90 f   getval5.obj
 0001:00001c20       _floatget                  00402c20 f   getval5.obj
 0001:00001c80       _doubleget                 00402c80 f   getval5.obj
 0001:00001ce0       _entry1                    00402ce0 f   getval5.obj
 0001:00001f10       _input_hex                 00402f10 f   getval5.obj
 0001:000022b0       _term_init                 004032b0 f   ntkey.obj
 0001:00002370       _term_rest                 00403370 f   ntkey.obj
 0001:00002380       _kbdThread                 00403380 f   ntkey.obj
 0001:000024d0       _getkch                    004034d0 f   ntkey.obj
 0001:000025b0       _do_key_wait_service       004035b0 f   ntkey.obj
 0001:00002620       _flush_keys                00403620 f   ntkey.obj
 0001:000026c0       _nt_kbhit                  004036c0 f   ntkey.obj
 0001:000026e0       _wait_debug_log            004036e0 f   ntkey.obj
 0001:00002730       _wait_msg                  00403730 f   ntkey.obj
 0001:00002760       _log_hex_bytes             00403760 f   ntkey.obj
 0001:000029d0       _check_key                 004039d0 f   ntkey.obj
 0001:00002a40       _bad_key                   00403a40 f   ntkey.obj
 0001:00002a50       _fun_null                  00403a50 f   ntkey.obj
 0001:00002ac0       _key_err                   00403ac0 f   ntkey.obj
 0001:00002b00       _wait_key                  00403b00 f   ntkey.obj
 0001:00002b10       _fun_exe                   00403b10 f   ntkey.obj
 0001:00002bc0       _list_bytes                00403bc0 f   ntkey.obj
 0001:00002c10       _list_ascii                00403c10 f   ntkey.obj
 0001:00002c50       _ask                       00403c50 f   ntkey.obj
 0001:00002cd0       _get_a_char                00403cd0 f   ntkey.obj
 0001:00002ce0       _err_msg                   00403ce0 f   ntkey.obj
 0001:00002d00       _list_words                00403d00 f   ntkey.obj
 0001:00002d40       _simulate_press_key        00403d40 f   ntkey.obj
 0001:000030d0       _nofun                     004040d0 f   sn_test.obj
 0001:000030e0       _clnp_snet_write           004040e0 f   sn_test.obj
 0001:00003170       _main                      00404170 f   sn_test.obj
 0001:000032d0       _printUsage                004042d0 f   sn_test.obj
 0001:00003330       _doMainMenu                00404330 f   sn_test.obj
 0001:00003430       _doSnglClnpTestDirect      00404430 f   sn_test.obj
 0001:00003450       _doSnglClnpTestAllEs       00404450 f   sn_test.obj
 0001:00003470       _doSnglSmpTestDirect       00404470 f   sn_test.obj
 0001:00003490       _doClnpTestDirect          00404490 f   sn_test.obj
 0001:000034b0       _doSmpTestDirect           004044b0 f   sn_test.obj
 0001:000034d0       _doPduSetTest              004044d0 f   sn_test.obj
 0001:00004360       _ctrlCfun                  00405360 f   sn_test.obj
 0001:00004370       _doHighPerfPduSetTest      00405370 f   sn_test.obj
 0001:000050b0       _fillPipeline              004060b0 f   sn_test.obj
 0001:00005360       _initializeTestSet         00406360 f   sn_test.obj
 0001:00005670       _wait_any_event            00406670 f   sn_test.obj
 0001:000056f0       _convertMacToString        004066f0 f   sn_test.obj
 0001:00005760       _m_set_log_config          00406760 f   sn_test.obj
 0001:0000618e       _pcap_setmintocopy         0040718e f   wpcap:wpcap.dll
 0001:00006194       _pcap_getevent             00407194 f   wpcap:wpcap.dll
 0001:0000619a       _pcap_setnonblock          0040719a f   wpcap:wpcap.dll
 0001:000061a0       _pcap_freealldevs          004071a0 f   wpcap:wpcap.dll
 0001:000061a6       _pcap_open_live            004071a6 f   wpcap:wpcap.dll
 0001:000061ac       _pcap_findalldevs          004071ac f   wpcap:wpcap.dll
 0001:000061b2       _pcap_next                 004071b2 f   wpcap:wpcap.dll
 0001:000061b8       _pcap_setfilter            004071b8 f   wpcap:wpcap.dll
 0001:000061be       _pcap_compile              004071be f   wpcap:wpcap.dll
 0001:000061c4       _pcap_geterr               004071c4 f   wpcap:wpcap.dll
 0001:000061ca       _pcap_sendpacket           004071ca f   wpcap:wpcap.dll
 0001:000061d0       _PacketCloseAdapter        004071d0 f   packet:packet.dll
 0001:000061d6       _PacketRequest             004071d6 f   packet:packet.dll
 0001:000061dc       _PacketOpenAdapter         004071dc f   packet:packet.dll
 0001:000061e2       _GetLastError@0            004071e2 f   kernel32:KERNEL32.dll
 0001:000061e8       _CreateMutexA@12           004071e8 f   kernel32:KERNEL32.dll
 0001:000061ee       _CreateEventA@16           004071ee f   kernel32:KERNEL32.dll
 0001:000061f4       _SetConsoleMode@8          004071f4 f   kernel32:KERNEL32.dll
 0001:000061fa       _GetConsoleMode@8          004071fa f   kernel32:KERNEL32.dll
 0001:00006200       _GetStdHandle@4            00407200 f   kernel32:KERNEL32.dll
 0001:00006206       _SetEvent@4                00407206 f   kernel32:KERNEL32.dll
 0001:0000620c       _ReleaseMutex@4            0040720c f   kernel32:KERNEL32.dll
 0001:00006212       _WaitForSingleObject@8     00407212 f   kernel32:KERNEL32.dll
 0001:00006218       _ReadConsoleInputA@16      00407218 f   kernel32:KERNEL32.dll
 0001:0000621e       _ResetEvent@4              0040721e f   kernel32:KERNEL32.dll
 0001:00006230       _ascii_to_hex_str          00407230 f   utility_ld:str_util.obj
 0001:00006350       _hex_to_ascii_str          00407350 f   utility_ld:str_util.obj
 0001:00006450       _strnstr                   00407450 f   utility_ld:str_util.obj
 0001:00006510       _strncat_maxstrlen         00407510 f   utility_ld:str_util.obj
 0001:00006560       _strncpy_safe              00407560 f   utility_ld:str_util.obj
 0001:00006590       _asciiToSlong              00407590 f   utility_ld:str_util.obj
 0001:000065e0       _asciiToUlong              004075e0 f   utility_ld:str_util.obj
 0001:00006630       _asciiToSint               00407630 f   utility_ld:str_util.obj
 0001:00006690       _asciiToUint               00407690 f   utility_ld:str_util.obj
 0001:000066f0       _asciiToSint32             004076f0 f   utility_ld:str_util.obj
 0001:00006750       _asciiToUint32             00407750 f   utility_ld:str_util.obj
 0001:000067b0       _asciiToSint16             004077b0 f   utility_ld:str_util.obj
 0001:00006830       _asciiToUint16             00407830 f   utility_ld:str_util.obj
 0001:000068a0       _asciiToUchar              004078a0 f   utility_ld:str_util.obj
 0001:00006910       _asciiToSint8              00407910 f   utility_ld:str_util.obj
 0001:00006980       _asciiToUint8              00407980 f   utility_ld:str_util.obj
 0001:000069f0       _asciiToFloat              004079f0 f   utility_ld:str_util.obj
 0001:00006a70       _asciiToDouble             00407a70 f   utility_ld:str_util.obj
 0001:00006ac0       _sInt8ToAscii              00407ac0 f   utility_ld:str_util.obj
 0001:00006ae0       _uInt8ToAscii              00407ae0 f   utility_ld:str_util.obj
 0001:00006b00       _sInt16ToAscii             00407b00 f   utility_ld:str_util.obj
 0001:00006b20       _uInt16ToAscii             00407b20 f   utility_ld:str_util.obj
 0001:00006b40       _sInt32ToAscii             00407b40 f   utility_ld:str_util.obj
 0001:00006b60       _uInt32ToAscii             00407b60 f   utility_ld:str_util.obj
 0001:00006b80       _sIntToAscii               00407b80 f   utility_ld:str_util.obj
 0001:00006ba0       _uIntToAscii               00407ba0 f   utility_ld:str_util.obj
 0001:00006bc0       _sLongToAscii              00407bc0 f   utility_ld:str_util.obj
 0001:00006be0       _uLongToAscii              00407be0 f   utility_ld:str_util.obj
 0001:00006cf0       _getKeywordFromFile        00407cf0 f   utility_ld:str_util.obj
 0001:00006f30       _get_next_string           00407f30 f   utility_ld:str_util.obj
 0001:00007060       _list_unlink               00408060 f   utility_ld:genlists.obj
 0001:00007170       _list_add_first            00408170 f   utility_ld:genlists.obj
 0001:00007210       _list_add_last             00408210 f   utility_ld:genlists.obj
 0001:000072b0       _list_get_first            004082b0 f   utility_ld:genlists.obj
 0001:000072e0       _list_get_last             004082e0 f   utility_ld:genlists.obj
 0001:00007320       _list_move_to_first        00408320 f   utility_ld:genlists.obj
 0001:00007360       _list_find_node            00408360 f   utility_ld:genlists.obj
 0001:000073d0       _list_add_node_after       004083d0 f   utility_ld:genlists.obj
 0001:00007480       _list_get_next             00408480 f   utility_ld:genlists.obj
 0001:00007500       _list_get_sizeof           00408500 f   utility_ld:genlists.obj
 0001:00007540       _list_find_prev            00408540 f   utility_ld:genlists.obj
 0001:000075c0       _list_find_last            004085c0 f   utility_ld:genlists.obj
 0001:000075f0       _stimeInit                 004085f0 f   utility_ld:stime.obj
 0001:00007700       _sGetMsTime                00408700 f   utility_ld:stime.obj
 0001:00007760       _sGetSysMsTime             00408760 f   utility_ld:stime.obj
 0001:000077b0       _sResetMsTime              004087b0 f   utility_ld:stime.obj
 0001:000077f0       _stimeExit                 004087f0 f   utility_ld:stime.obj
 0001:00007830       _sMsSleep                  00408830 f   utility_ld:stime.obj
 0001:00007840       _gs_mutex_create           00408840 f   utility_ld:glbsem_w32.obj
 0001:00007880       _gs_translate_name         00408880 f   utility_ld:glbsem_w32.obj
 0001:00007930       _gs_named_mutex_create     00408930 f   utility_ld:glbsem_w32.obj
 0001:00007c00       _gs_mutex_get_tm           00408c00 f   utility_ld:glbsem_w32.obj
 0001:00007c70       _gs_mutex_free             00408c70 f   utility_ld:glbsem_w32.obj
 0001:00007d20       _gs_mutex_destroy          00408d20 f   utility_ld:glbsem_w32.obj
 0001:00007db0       _gs_get_event_sem          00408db0 f   utility_ld:glbsem_w32.obj
 0001:00007e20       _gs_get_named_event_sem    00408e20 f   utility_ld:glbsem_w32.obj
 0001:00007f70       _gs_wait_event_sem         00408f70 f   utility_ld:glbsem_w32.obj
 0001:00008060       _gs_wait_mult_event_sem    00409060 f   utility_ld:glbsem_w32.obj
 0001:00008190       _gs_signal_event_sem       00409190 f   utility_ld:glbsem_w32.obj
 0001:00008200       _gs_pulse_event_sem        00409200 f   utility_ld:glbsem_w32.obj
 0001:00008270       _gs_reset_event_sem        00409270 f   utility_ld:glbsem_w32.obj
 0001:000082e0       _gs_free_event_sem         004092e0 f   utility_ld:glbsem_w32.obj
 0001:00008350       _gs_start_thread           00409350 f   utility_ld:glbsem_w32.obj
 0001:00008430       _gs_wait_thread            00409430 f   utility_ld:glbsem_w32.obj
 0001:00008520       _gs_close_thread           00409520 f   utility_ld:glbsem_w32.obj
 0001:000085e0       _gs_set_thread_name        004095e0 f   utility_ld:glbsem_w32.obj
 0001:00008670       _gs_is_win_ver             00409670 f   utility_ld:glbsem_w32.obj
 0001:00008a80       _gs_init                   00409a80 f   utility_ld:glbsem.obj
 0001:00008b00       _gs_log_sem_state          00409b00 f   utility_ld:glbsem.obj
 0001:00008bc0       _gs_get_semx               00409bc0 f   utility_ld:glbsem.obj
 0001:00008d70       _gs_free_semx              00409d70 f   utility_ld:glbsem.obj
 0001:00009010       _init_mem_chk              0040a010 f   mem_ld:mem_chks.obj
 0001:00009230       _x_chk_malloc              0040a230 f   mem_ld:mem_chks.obj
 0001:00009580       _x_chk_calloc              0040a580 f   mem_ld:mem_chks.obj
 0001:00009910       _x_chk_realloc             0040a910 f   mem_ld:mem_chks.obj
 0001:00009e00       _x_chk_free                0040ae00 f   mem_ld:mem_chks.obj
 0001:0000a170       _x_chk_strdup              0040b170 f   mem_ld:mem_chks.obj
 0001:0000a1b0       _dyn_mem_ptr_status        0040b1b0 f   mem_ld:mem_chks.obj
 0001:0000a1c0       _dyn_mem_ptr_status2       0040b1c0 f   mem_ld:mem_chks.obj
 0001:0000a390       _dyn_mem_ptr_statistics    0040b390 f   mem_ld:mem_chks.obj
 0001:0000a500       _chk_hp                    0040b500 f   mem_ld:mem_chks.obj
 0001:0000a520       _msoft_heap_check          0040b520 f   mem_ld:mem_chks.obj
 0001:0000a530       _chk_alloc_ptr             0040b530 f   mem_ld:mem_chks.obj
 0001:0000a7b0       _check_mem_list            0040b7b0 f   mem_ld:mem_chks.obj
 0001:0000ac80       __slogc                    0040bc80 f   slog_ld:slog.obj
 0001:0000acc0       __slog                     0040bcc0 f   slog_ld:slog.obj
 0001:0000ad00       _slog                      0040bd00 f   slog_ld:slog.obj
 0001:0000ad40       _slogx                     0040bd40 f   slog_ld:slog.obj
 0001:0000b150       _slogSetTimeText           0040c150 f   slog_ld:slog.obj
 0001:0000b280       _slogTrimFileName          0040c280 f   slog_ld:slog.obj
 0001:0000b300       _slogSetHdr                0040c300 f   slog_ld:slog.obj
 0001:0000b4e0       _slogCallStack             0040c4e0 f   slog_ld:slog.obj
 0001:0000b510       _slogDelBuf                0040c510 f   slog_ld:slog.obj
 0001:0000b560       _slog_max_msg_size_set     0040c560 f   slog_ld:slog.obj
 0001:0000b600       _slog_start                0040c600 f   slog_ld:slog.obj
 0001:0000b630       _slog_end                  0040c630 f   slog_ld:slog.obj
 0001:0000b710       __slogXML                  0040c710 f   slog_ld:slog.obj
 0001:0000bc60       _slogHex                   0040cc60 f   slog_ld:sloghex.obj
 0001:0000bc80       __slogHex                  0040cc80 f   slog_ld:sloghex.obj
 0001:0000c170       __slogStr                  0040d170 f   slog_ld:sloghex.obj
 0001:0000c520       _slogIpcInit               0040d520 f   slog_ld:slogipcs.obj
 0001:0000c530       _slogIpcCallingEnable      0040d530 f   slog_ld:slogipcs.obj
 0001:0000c540       _slogIpcCallingEnableEx    0040d540 f   slog_ld:slogipcs.obj
 0001:0000c550       _slogIpcStop               0040d550 f   slog_ld:slogipcs.obj
 0001:0000c560       _slogIpcEvent              0040d560 f   slog_ld:slogipcs.obj
 0001:0000c570       _slogIpcEventEx            0040d570 f   slog_ld:slogipcs.obj
 0001:0000c580       _slogIpc                   0040d580 f   slog_ld:slogipcs.obj
 0001:0000c590       _slog_ipc_std_cmd_fun      0040d590 f   slog_ld:slogipcs.obj
 0001:0000c5a0       _slogIpcSendData           0040d5a0 f   slog_ld:slogipcs.obj
 0001:0000c5b0       _slogIpcSendRawData        0040d5b0 f   slog_ld:slogipcs.obj
 0001:0000c5c0       _slogMem                   0040d5c0 f   slog_ld:slogmem.obj
 0001:0000c770       _slogDumpMem               0040d770 f   slog_ld:slogmem.obj
 0001:0000ca60       _slogResetMem              0040da60 f   slog_ld:slogmem.obj
 0001:0000cb00       _slogMemInit               0040db00 f   slog_ld:slogmem.obj
 0001:0000cbf0       _slogGetMemMsg             0040dbf0 f   slog_ld:slogmem.obj
 0001:0000ce20       _slogGetMemCount           0040de20 f   slog_ld:slogmem.obj
 0001:0000cea0       _slogFile                  0040dea0 f   slog_ld:slogfil.obj
 0001:0000d390       _slogCloseFile             0040e390 f   slog_ld:slogfil.obj
 0001:0000d400       _slogCloneFile             0040e400 f   slog_ld:slogfil.obj
 0001:0000d550       _slogCloneFileEx           0040e550 f   slog_ld:slogfil.obj
 0001:0000d6a0       _slogDeleteFile            0040e6a0 f   slog_ld:slogfil.obj
 0001:0000d8f0       _slog_get_index_file_name  0040e8f0 f   slog_ld:slogfil.obj
 0001:0000df80       _qMemInit                  0040ef80 f   slog_ld:qmem.obj
 0001:0000e070       _qMemAlloc                 0040f070 f   slog_ld:qmem.obj
 0001:0000e1e0       _qMemFree                  0040f1e0 f   slog_ld:qmem.obj
 0001:0000e240       _memcpy                    0040f240 f   LIBCMTD:memcpy.obj
 0001:0000e5b0       _memcmp                    0040f5b0 f   LIBCMTD:memcmp.obj
 0001:0000f020       __wassert                  00410020 f   LIBCMTD:wassert.obj
 0001:0000fbb0       __invoke_watson_if_error   00410bb0 f i LIBCMTD:wassert.obj
 0001:0000fc20       _memset                    00410c20 f   LIBCMTD:memset.obj
 0001:0000fca0       _strcmp                    00410ca0 f   LIBCMTD:strcmp.obj
 0001:0000fd30       @__security_check_cookie@4 00410d30 f   LIBCMTD:secchk.obj
 0001:0000fd40       _sprintf                   00410d40 f   LIBCMTD:sprintf.obj
 0001:0000fec0       __sprintf_l                00410ec0 f   LIBCMTD:sprintf.obj
 0001:0000fef0       _sprintf_s                 00410ef0 f   LIBCMTD:sprintf.obj
 0001:0000ff20       __sprintf_s_l              00410f20 f   LIBCMTD:sprintf.obj
 0001:0000ff50       __snprintf_s               00410f50 f   LIBCMTD:sprintf.obj
 0001:0000ff80       __snprintf_s_l             00410f80 f   LIBCMTD:sprintf.obj
 0001:0000ffb0       __sprintf_p                00410fb0 f   LIBCMTD:sprintf.obj
 0001:0000ffe0       __sprintf_p_l              00410fe0 f   LIBCMTD:sprintf.obj
 0001:00010010       __scprintf                 00411010 f   LIBCMTD:sprintf.obj
 0001:00010030       __scprintf_p               00411030 f   LIBCMTD:sprintf.obj
 0001:00010050       __scprintf_l               00411050 f   LIBCMTD:sprintf.obj
 0001:00010080       __scprintf_p_l             00411080 f   LIBCMTD:sprintf.obj
 0001:000100b0       _strcpy                    004110b0 f   LIBCMTD:strcat.obj
 0001:000100c0       _strcat                    004110c0 f   LIBCMTD:strcat.obj
 0001:000101b0       _strlen                    004111b0 f   LIBCMTD:strlen.obj
 0001:00010240       _atol                      00411240 f   LIBCMTD:atox.obj
 0001:00010260       __atol_l                   00411260 f   LIBCMTD:atox.obj
 0001:00010280       _atoi                      00411280 f   LIBCMTD:atox.obj
 0001:000102a0       __atoi_l                   004112a0 f   LIBCMTD:atox.obj
 0001:000102c0       __atoi64                   004112c0 f   LIBCMTD:atox.obj
 0001:000102e0       __atoi64_l                 004112e0 f   LIBCMTD:atox.obj
 0001:00010300       __isalpha_l                00411300 f i LIBCMTD:_ctype.obj
 0001:00010390       ??0_LocaleUpdate@@QAE@PAUlocaleinfo_struct@@@Z 00411390 f i LIBCMTD:_ctype.obj
 0001:00010470       ??1_LocaleUpdate@@QAE@XZ   00411470 f i LIBCMTD:_ctype.obj
 0001:000104a0       ?GetLocaleT@_LocaleUpdate@@QAEPAUlocaleinfo_struct@@XZ 004114a0 f i LIBCMTD:_ctype.obj
 0001:000104b0       _isalpha                   004114b0 f i LIBCMTD:_ctype.obj
 0001:000104f0       __isupper_l                004114f0 f i LIBCMTD:_ctype.obj
 0001:00010570       _isupper                   00411570 f i LIBCMTD:_ctype.obj
 0001:000105a0       __islower_l                004115a0 f i LIBCMTD:_ctype.obj
 0001:00010620       _islower                   00411620 f i LIBCMTD:_ctype.obj
 0001:00010650       __isdigit_l                00411650 f i LIBCMTD:_ctype.obj
 0001:000106d0       _isdigit                   004116d0 f i LIBCMTD:_ctype.obj
 0001:00010700       __isxdigit_l               00411700 f i LIBCMTD:_ctype.obj
 0001:00010790       _isxdigit                  00411790 f i LIBCMTD:_ctype.obj
 0001:000107d0       __isspace_l                004117d0 f i LIBCMTD:_ctype.obj
 0001:00010850       _isspace                   00411850 f i LIBCMTD:_ctype.obj
 0001:00010880       __ispunct_l                00411880 f i LIBCMTD:_ctype.obj
 0001:00010900       _ispunct                   00411900 f i LIBCMTD:_ctype.obj
 0001:00010930       __isalnum_l                00411930 f i LIBCMTD:_ctype.obj
 0001:000109c0       _isalnum                   004119c0 f i LIBCMTD:_ctype.obj
 0001:00010a00       __isprint_l                00411a00 f i LIBCMTD:_ctype.obj
 0001:00010a90       _isprint                   00411a90 f i LIBCMTD:_ctype.obj
 0001:00010ad0       __isgraph_l                00411ad0 f i LIBCMTD:_ctype.obj
 0001:00010b60       _isgraph                   00411b60 f i LIBCMTD:_ctype.obj
 0001:00010ba0       __iscntrl_l                00411ba0 f i LIBCMTD:_ctype.obj
 0001:00010c20       _iscntrl                   00411c20 f i LIBCMTD:_ctype.obj
 0001:00010c50       ___isascii                 00411c50 f i LIBCMTD:_ctype.obj
 0001:00010c70       ___toascii                 00411c70 f i LIBCMTD:_ctype.obj
 0001:00010c80       __iscsymf_l                00411c80 f i LIBCMTD:_ctype.obj
 0001:00010cc0       ___iscsymf                 00411cc0 f i LIBCMTD:_ctype.obj
 0001:00010d00       __iscsym_l                 00411d00 f i LIBCMTD:_ctype.obj
 0001:00010d40       ___iscsym                  00411d40 f i LIBCMTD:_ctype.obj
 0001:00010d80       __toupper                  00411d80 f   LIBCMTD:toupper.obj
 0001:00010d90       __toupper_l                00411d90 f   LIBCMTD:toupper.obj
 0001:00010f70       _toupper                   00411f70 f   LIBCMTD:toupper.obj
 0001:00010fc0       _sscanf                    00411fc0 f   LIBCMTD:sscanf.obj
 0001:00011130       __sscanf_l                 00412130 f   LIBCMTD:sscanf.obj
 0001:00011160       _sscanf_s                  00412160 f   LIBCMTD:sscanf.obj
 0001:00011190       __sscanf_s_l               00412190 f   LIBCMTD:sscanf.obj
 0001:000111c0       __fpmath                   004121c0 f   LIBCMTD:_fpinit_.obj
 0001:000111f0       __fpclear                  004121f0 f   LIBCMTD:_fpinit_.obj
 0001:00011200       __cfltcvt_init             00412200 f   LIBCMTD:_fpinit_.obj
 0001:00011270       ___setfflag                00412270 f   LIBCMTD:_fpinit_.obj
 0001:00011290       _printf                    00412290 f   LIBCMTD:printf.obj
 0001:000113d0       __printf_l                 004123d0 f   LIBCMTD:printf.obj
 0001:00011400       __printf_s_l               00412400 f   LIBCMTD:printf.obj
 0001:00011430       _printf_s                  00412430 f   LIBCMTD:printf.obj
 0001:00011460       __printf_p_l               00412460 f   LIBCMTD:printf.obj
 0001:00011490       __printf_p                 00412490 f   LIBCMTD:printf.obj
 0001:000114c0       __set_printf_count_output  004124c0 f   LIBCMTD:printf.obj
 0001:00011510       __get_printf_count_output  00412510 f   LIBCMTD:printf.obj
 0001:00011530       __beginthread              00412530 f   LIBCMTD:thread.obj
 0001:000117d0       __endthread                004127d0 f   LIBCMTD:thread.obj
 0001:00011840       ___iob_func                00412840 f   LIBCMTD:_file.obj
 0001:00011850       ___initstdio               00412850 f   LIBCMTD:_file.obj
 0001:000119a0       ___endstdio                004129a0 f   LIBCMTD:_file.obj
 0001:000119d0       __lock_file                004129d0 f   LIBCMTD:_file.obj
 0001:00011a30       __lock_file2               00412a30 f   LIBCMTD:_file.obj
 0001:00011a70       __unlock_file              00412a70 f   LIBCMTD:_file.obj
 0001:00011ad0       __unlock_file2             00412ad0 f   LIBCMTD:_file.obj
 0001:00011b10       _fflush                    00412b10 f   LIBCMTD:fflush.obj
 0001:00011bb0       __fflush_nolock            00412bb0 f   LIBCMTD:fflush.obj
 0001:00011c10       __flush                    00412c10 f   LIBCMTD:fflush.obj
 0001:00011cd0       __flushall                 00412cd0 f   LIBCMTD:fflush.obj
 0001:00011ea0       _fprintf                   00412ea0 f   LIBCMTD:fprintf.obj
 0001:00012140       __fprintf_l                00413140 f   LIBCMTD:fprintf.obj
 0001:00012170       __fprintf_s_l              00413170 f   LIBCMTD:fprintf.obj
 0001:000121a0       _fprintf_s                 004131a0 f   LIBCMTD:fprintf.obj
 0001:000121d0       __fprintf_p_l              004131d0 f   LIBCMTD:fprintf.obj
 0001:00012200       __fprintf_p                00413200 f   LIBCMTD:fprintf.obj
 0001:00012230       __time64                   00413230 f   LIBCMTD:time64.obj
 0001:000122b0       __initp_misc_winsig        004132b0 f   LIBCMTD:winsig.obj
 0001:000122e0       _signal                    004132e0 f   LIBCMTD:winsig.obj
 0001:00012780       _raise                     00413780 f   LIBCMTD:winsig.obj
 0001:00012af0       ___get_sigabrt             00413af0 f   LIBCMTD:winsig.obj
 0001:00012b10       ___fpecode                 00413b10 f   LIBCMTD:winsig.obj
 0001:00012b20       ___pxcptinfoptrs           00413b20 f   LIBCMTD:winsig.obj
 0001:00012b30       _srand                     00413b30 f   LIBCMTD:rand.obj
 0001:00012b50       _rand                      00413b50 f   LIBCMTD:rand.obj
 0001:00012b90       _mainCRTStartup            00413b90 f   LIBCMTD:crt0.obj
 0001:00012df0       _strncat                   00413df0 f   LIBCMTD:strncat.obj
 0001:00012f30       _strncpy                   00413f30 f   LIBCMTD:strncpy.obj
 0001:00013060       _strtol                    00414060 f   LIBCMTD:strtol.obj
 0001:00013590       __strtol_l                 00414590 f   LIBCMTD:strtol.obj
 0001:000135c0       _strtoul                   004145c0 f   LIBCMTD:strtol.obj
 0001:00013610       __strtoul_l                00414610 f   LIBCMTD:strtol.obj
 0001:00013640       __dosmaperr                00414640 f   LIBCMTD:dosmap.obj
 0001:00013670       __get_errno_from_oserr     00414670 f   LIBCMTD:dosmap.obj
 0001:000136f0       __set_errno                004146f0 f   LIBCMTD:dosmap.obj
 0001:00013720       __get_errno                00414720 f   LIBCMTD:dosmap.obj
 0001:000137a0       __set_doserrno             004147a0 f   LIBCMTD:dosmap.obj
 0001:000137d0       __get_doserrno             004147d0 f   LIBCMTD:dosmap.obj
 0001:00013850       __errno                    00414850 f   LIBCMTD:dosmap.obj
 0001:00013880       ___doserrno                00414880 f   LIBCMTD:dosmap.obj
 0001:000138b0       _fabs                      004148b0 f   LIBCMTD:_fabs_.obj
 0001:000139b0       __strtod_l                 004149b0 f   LIBCMTD:strtod.obj
 0001:00013bb0       _strtod                    00414bb0 f   LIBCMTD:strtod.obj
 0001:00013bd0       _fclose                    00414bd0 f   LIBCMTD:fclose.obj
 0001:00013ce0       __fclose_nolock            00414ce0 f   LIBCMTD:fclose.obj
 0001:00013de0       _strstr                    00414de0 f   LIBCMTD:strstr.obj
 0001:00013e70       _fgets                     00414e70 f   LIBCMTD:fgets.obj
 0001:00014200       __fsopen                   00415200 f   LIBCMTD:fopen.obj
 0001:00014410       _fopen                     00415410 f   LIBCMTD:fopen.obj
 0001:00014430       _fopen_s                   00415430 f   LIBCMTD:fopen.obj
 0001:000144d0       _strpbrk                   004154d0 f   LIBCMTD:strpbrk.obj
 0001:00014510       __beginthreadex            00415510 f   LIBCMTD:threadex.obj
 0001:000147b0       __endthreadex              004157b0 f   LIBCMTD:threadex.obj
 0001:00014800       __except_handler4          00415800 f   LIBCMTD:chandler4.obj
 0001:00014a20       __crt_waiting_on_module_handle 00415a20 f   LIBCMTD:crt0dat.obj
 0001:00014a80       __cinit                    00415a80 f   LIBCMTD:crt0dat.obj
 0001:00014b20       _exit                      00415b20 f   LIBCMTD:crt0dat.obj
 0001:00014b40       __exit                     00415b40 f   LIBCMTD:crt0dat.obj
 0001:00014b60       __cexit                    00415b60 f   LIBCMTD:crt0dat.obj
 0001:00014b80       __c_exit                   00415b80 f   LIBCMTD:crt0dat.obj
 0001:00014ba0       __amsg_exit                00415ba0 f   LIBCMTD:crt0dat.obj
 0001:00014be0       ___freeCrtMemory           00415be0 f   LIBCMTD:crt0dat.obj
 0001:00014f30       ___crtCorExitProcess       00415f30 f   LIBCMTD:crt0dat.obj
 0001:00014f70       ___crtExitProcess          00415f70 f   LIBCMTD:crt0dat.obj
 0001:00014f90       __lockexit                 00415f90 f   LIBCMTD:crt0dat.obj
 0001:00014fb0       __unlockexit               00415fb0 f   LIBCMTD:crt0dat.obj
 0001:00014fd0       __init_pointers            00415fd0 f   LIBCMTD:crt0dat.obj
 0001:00015090       __initterm_e               00416090 f   LIBCMTD:crt0dat.obj
 0001:000150d0       __get_wpgmptr              004160d0 f   LIBCMTD:crt0dat.obj
 0001:000151c0       __get_pgmptr               004161c0 f   LIBCMTD:crt0dat.obj
 0001:000152b0       _malloc                    004162b0 f   LIBCMTD:dbgmalloc.obj
 0001:000152e0       _calloc                    004162e0 f   LIBCMTD:dbgcalloc.obj
 0001:00015310       _realloc                   00416310 f   LIBCMTD:dbgrealloc.obj
 0001:00015340       _free                      00416340 f   LIBCMTD:dbgfree.obj
 0001:00015360       __vsnprintf_l              00416360 f   LIBCMTD:vsnprint.obj
 0001:00015500       __vsnprintf                00416500 f   LIBCMTD:vsnprint.obj
 0001:00015530       __ctime64_s                00416530 f   LIBCMTD:ctime64.obj
 0001:00015700       __ctime64                  00416700 f   LIBCMTD:ctime64.obj
 0001:000157c0       _ftell                     004167c0 f   LIBCMTD:ftell.obj
 0001:000158b0       __ftell_nolock             004168b0 f   LIBCMTD:ftell.obj
 0001:00015b80       _fseek                     00416b80 f   LIBCMTD:fseek.obj
 0001:00015cf0       __fseek_nolock             00416cf0 f   LIBCMTD:fseek.obj
 0001:00015dd0       _setbuf                    00416dd0 f   LIBCMTD:setbuf.obj
 0001:00015e30       __fstat64i32               00416e30 f   LIBCMTD:fstati32.obj
 0001:00016480       _remove                    00417480 f   LIBCMTD:unlink.obj
 0001:000164d0       __unlink                   004174d0 f   LIBCMTD:unlink.obj
 0001:000164f0       _strncmp                   004174f0 f   LIBCMTD:strncmp.obj
 0001:00016670       _vfscanf                   00417670 f   LIBCMTD:fscanf.obj
 0001:000168f0       _fscanf                    004178f0 f   LIBCMTD:fscanf.obj
 0001:00016920       __fscanf_l                 00417920 f   LIBCMTD:fscanf.obj
 0001:00016950       _fscanf_s                  00417950 f   LIBCMTD:fscanf.obj
 0001:00016980       __fscanf_s_l               00417980 f   LIBCMTD:fscanf.obj
 0001:000169b0       _strerror                  004179b0 f   LIBCMTD:strerror.obj
 0001:00016a50       __get_sys_err_msg          00417a50 f i LIBCMTD:strerror.obj
 0001:00016a90       _strerror_s                00417a90 f   LIBCMTD:strerror.obj
 0001:00016bc0       _fwrite                    00417bc0 f   LIBCMTD:fwrite.obj
 0001:00016cd0       __fwrite_nolock            00417cd0 f   LIBCMTD:fwrite.obj
 0001:000170a0       _fread_s                   004180a0 f   LIBCMTD:fread.obj
 0001:000171d0       __fread_nolock_s           004181d0 f   LIBCMTD:fread.obj
 0001:000177b0       _fread                     004187b0 f   LIBCMTD:fread.obj
 0001:000177e0       __fread_nolock             004187e0 f   LIBCMTD:fread.obj
 0001:00017810       _fputs                     00418810 f   LIBCMTD:fputs.obj
 0001:00017ab0       __VEC_memcpy               00418ab0 f   LIBCMTD:p4_memcpy.obj
 0001:00017c30       __get_sse2_info            00418c30 f   LIBCMTD:cpu_disp.obj
 0001:00017d60       ___sse2_available_init     00418d60 f   LIBCMTD:cpu_disp.obj
 0001:00017d80       ___crtMessageBoxW          00418d80 f   LIBCMTD:crtmboxw.obj
 0001:00017fa0       __itow_s                   00418fa0 f   LIBCMTD:xtows.obj
 0001:00018380       __ltow_s                   00419380 f   LIBCMTD:xtows.obj
 0001:000183c0       __ultow_s                  004193c0 f   LIBCMTD:xtows.obj
 0001:000183e0       __i64tow_s                 004193e0 f   LIBCMTD:xtows.obj
 0001:00018800       __ui64tow_s                00419800 f   LIBCMTD:xtows.obj
 0001:00018820       _wcsncat_s                 00419820 f   LIBCMTD:wcsncat_s.obj
 0001:00018cd0       _wcsncpy_s                 00419cd0 f   LIBCMTD:wcsncpy_s.obj
 0001:000190e0       _wcscat_s                  0041a0e0 f   LIBCMTD:wcscat_s.obj
 0001:000194d0       _wcscpy_s                  0041a4d0 f   LIBCMTD:wcscpy_s.obj
 0001:000197b0       _fwprintf                  0041a7b0 f   LIBCMTD:fwprintf.obj
 0001:00019930       __fwprintf_l               0041a930 f   LIBCMTD:fwprintf.obj
 0001:00019960       __fwprintf_s_l             0041a960 f   LIBCMTD:fwprintf.obj
 0001:00019990       _fwprintf_s                0041a990 f   LIBCMTD:fwprintf.obj
 0001:000199c0       __fwprintf_p_l             0041a9c0 f   LIBCMTD:fwprintf.obj
 0001:000199f0       __fwprintf_p               0041a9f0 f   LIBCMTD:fwprintf.obj
 0001:00019a20       _setvbuf                   0041aa20 f   LIBCMTD:setvbuf.obj
 0001:00019cf0       _abort                     0041acf0 f   LIBCMTD:abort.obj
 0001:00019e30       __set_abort_behavior       0041ae30 f   LIBCMTD:abort.obj
 0001:00019e60       _wcslen                    0041ae60 f   LIBCMTD:wcslen.obj
 0001:00019e90       __set_error_mode           0041ae90 f   LIBCMTD:errmode.obj
 0001:00019f50       ___set_app_type            0041af50 f   LIBCMTD:errmode.obj
 0001:00019f60       ___get_app_type            0041af60 f   LIBCMTD:errmode.obj
 0001:00019f70       __initp_misc_invarg        0041af70 f   LIBCMTD:invarg.obj
 0001:00019f80       __invalid_parameter        0041af80 f   LIBCMTD:invarg.obj
 0001:00019ff0       __invoke_watson            0041aff0 f   LIBCMTD:invarg.obj
 0001:0001a140       __set_invalid_parameter_handler 0041b140 f   LIBCMTD:invarg.obj
 0001:0001a190       __get_invalid_parameter_handler 0041b190 f   LIBCMTD:invarg.obj
 0001:0001a1c0       ?_invalid_parameter@@YAXPBG00II@Z 0041b1c0 f   LIBCMTD:invarg.obj
 0001:0001a1f0       ?_invoke_watson@@YAXPBG00II@Z 0041b1f0 f   LIBCMTD:invarg.obj
 0001:0001a220       __vswprintf_helper         0041b220 f   LIBCMTD:vswprnc.obj
 0001:0001a450       __vswprintf_c              0041b450 f   LIBCMTD:vswprnc.obj
 0001:0001a4a0       __vswprintf_c_l            0041b4a0 f   LIBCMTD:vswprnc.obj
 0001:0001a4f0       __vswprintf_s_l            0041b4f0 f   LIBCMTD:vswprnc.obj
 0001:0001a760       _vswprintf_s               0041b760 f   LIBCMTD:vswprnc.obj
 0001:0001a790       __vsnwprintf_s_l           0041b790 f   LIBCMTD:vswprnc.obj
 0001:0001ab40       __vsnwprintf_s             0041bb40 f   LIBCMTD:vswprnc.obj
 0001:0001ab70       __vswprintf_p              0041bb70 f   LIBCMTD:vswprnc.obj
 0001:0001abc0       __vswprintf_p_l            0041bbc0 f   LIBCMTD:vswprnc.obj
 0001:0001ac10       __VEC_memzero              0041bc10 f   LIBCMTD:p4_memset.obj
 0001:0001ad00       ___report_gsfailure        0041bd00 f   LIBCMTD:gs_report.obj
 0001:0001ae10       __flsbuf                   0041be10 f   LIBCMTD:_flsbuf.obj
 0001:0001b0d0       __output_l                 0041c0d0 f   LIBCMTD:output.obj
 0001:0001c500       _get_int_arg               0041d500 f i LIBCMTD:output.obj
 0001:0001c520       _get_int64_arg             0041d520 f i LIBCMTD:output.obj
 0001:0001c540       _get_short_arg             0041d540 f i LIBCMTD:output.obj
 0001:0001c560       __CrtSetReportHookW2       0041d560 f   LIBCMTD:dbgrptw.obj
 0001:0001c880       __CrtDbgReportW            0041d880 f   LIBCMTD:dbgrptw.obj
 0001:0001c8c0       __CrtDbgReportWV           0041d8c0 f i LIBCMTD:dbgrptw.obj
 0001:0001c8f0       ___crtMessageWindowW       0041d8f0 f   LIBCMTD:dbgrptw.obj
 0001:0001ccf0       __invoke_watson_if_oneof   0041dcf0 f i LIBCMTD:dbgrptw.obj
 0001:0001cd40       ?_CrtDbgReportW@@YAHHPBGH00ZZ 0041dd40 f   LIBCMTD:dbgrptw.obj
 0001:0001cd80       __vsprintf_l               0041dd80 f   LIBCMTD:vsprintf.obj
 0001:0001cf00       _vsprintf                  0041df00 f   LIBCMTD:vsprintf.obj
 0001:0001cf20       __vscprintf_helper         0041df20 f   LIBCMTD:vsprintf.obj
 0001:0001cfe0       __vscprintf                0041dfe0 f   LIBCMTD:vsprintf.obj
 0001:0001d000       __vscprintf_l              0041e000 f   LIBCMTD:vsprintf.obj
 0001:0001d020       __vscprintf_p              0041e020 f   LIBCMTD:vsprintf.obj
 0001:0001d040       __vscprintf_p_l            0041e040 f   LIBCMTD:vsprintf.obj
 0001:0001d060       __vsnprintf_helper         0041e060 f   LIBCMTD:vsnprnc.obj
 0001:0001d230       __vsnprintf_c              0041e230 f   LIBCMTD:vsnprnc.obj
 0001:0001d280       __vsnprintf_c_l            0041e280 f   LIBCMTD:vsnprnc.obj
 0001:0001d2d0       __vsprintf_s_l             0041e2d0 f   LIBCMTD:vsnprnc.obj
 0001:0001d540       _vsprintf_s                0041e540 f   LIBCMTD:vsnprnc.obj
 0001:0001d570       __vsnprintf_s_l            0041e570 f   LIBCMTD:vsnprnc.obj
 0001:0001d910       __vsnprintf_s              0041e910 f   LIBCMTD:vsnprnc.obj
 0001:0001d940       __vsprintf_p               0041e940 f   LIBCMTD:vsnprnc.obj
 0001:0001d990       __vsprintf_p_l             0041e990 f   LIBCMTD:vsnprnc.obj
 0001:0001d9e0       __strtoi64                 0041e9e0 f   LIBCMTD:strtoq.obj
 0001:0001df50       __strtoi64_l               0041ef50 f   LIBCMTD:strtoq.obj
 0001:0001df80       __strtoui64                0041ef80 f   LIBCMTD:strtoq.obj
 0001:0001dfd0       __strtoui64_l              0041efd0 f   LIBCMTD:strtoq.obj
 0001:0001e000       __chvalidator              0041f000 f   LIBCMTD:isctype.obj
 0001:0001e050       __chvalidator_l            0041f050 f   LIBCMTD:isctype.obj
 0001:0001e100       __isctype_l                0041f100 f   LIBCMTD:isctype.obj
 0001:0001e220       __isctype                  0041f220 f   LIBCMTD:isctype.obj
 0001:0001e260       ___updatetmbcinfo          0041f260 f   LIBCMTD:mbctype.obj
 0001:0001e370       __setmbcp                  0041f370 f   LIBCMTD:mbctype.obj
 0001:0001e720       __setmbcp_nolock           0041f720 f   LIBCMTD:mbctype.obj
 0001:0001ef10       __getmbcp                  0041ff10 f   LIBCMTD:mbctype.obj
 0001:0001ef80       ___initmbctable            0041ff80 f   LIBCMTD:mbctype.obj
 0001:0001efb0       ____setlc_active_func      0041ffb0 f   LIBCMTD:setlocal.obj
 0001:0001efc0       ____unguarded_readlc_active_add_func 0041ffc0 f   LIBCMTD:setlocal.obj
 0001:0001efd0       ___freetlocinfo            0041ffd0 f   LIBCMTD:setlocal.obj
 0001:0001f2b0       ___addlocaleref            004202b0 f   LIBCMTD:setlocal.obj
 0001:0001f3d0       ___removelocaleref         004203d0 f   LIBCMTD:setlocal.obj
 0001:0001f500       ___updatetlocinfo          00420500 f   LIBCMTD:setlocal.obj
 0001:0001f650       __configthreadlocale       00420650 f   LIBCMTD:setlocal.obj
 0001:0001f760       __locterm                  00420760 f   LIBCMTD:setlocal.obj
 0001:0001f800       __free_locale              00420800 f   LIBCMTD:setlocal.obj
 0001:0001f940       ___free_locale             00420940 f   LIBCMTD:setlocal.obj
 0001:0001f960       __create_locale            00420960 f   LIBCMTD:setlocal.obj
 0001:0001fb90       ___create_locale           00420b90 f   LIBCMTD:setlocal.obj
 0001:0001fbb0       __get_current_locale       00420bb0 f   LIBCMTD:setlocal.obj
 0001:0001fcd0       ___get_current_locale      00420cd0 f   LIBCMTD:setlocal.obj
 0001:0001fce0       _setlocale                 00420ce0 f   LIBCMTD:setlocal.obj
 0001:00020bf0       __expandlocale             00421bf0 f   LIBCMTD:setlocal.obj
 0001:00020ea0       ___init_dummy              00421ea0 f   LIBCMTD:setlocal.obj
 0001:00020eb0       __strcats                  00421eb0 f   LIBCMTD:setlocal.obj
 0001:00020f30       ___lc_strtolc              00421f30 f   LIBCMTD:setlocal.obj
 0001:00021130       ___lc_lctostr              00422130 f   LIBCMTD:setlocal.obj
 0001:000211d0       __encode_pointer           004221d0 f   LIBCMTD:tidtable.obj
 0001:00021270       __crt_wait_module_handle   00422270 f i LIBCMTD:tidtable.obj
 0001:000212a0       __encoded_null             004222a0 f   LIBCMTD:tidtable.obj
 0001:000212c0       __decode_pointer           004222c0 f   LIBCMTD:tidtable.obj
 0001:00021360       ___crtTlsAlloc@4           00422360 f   LIBCMTD:tidtable.obj
 0001:00021370       ___fls_getvalue@4          00422370 f   LIBCMTD:tidtable.obj
 0001:00021390       ___get_flsindex            00422390 f   LIBCMTD:tidtable.obj
 0001:000213a0       ___set_flsgetvalue         004223a0 f   LIBCMTD:tidtable.obj
 0001:000213f0       ___fls_setvalue@8          004223f0 f   LIBCMTD:tidtable.obj
 0001:00021420       __mtinit                   00422420 f   LIBCMTD:tidtable.obj
 0001:00021630       __mtterm                   00422630 f   LIBCMTD:tidtable.obj
 0001:00021690       __initptd                  00422690 f   LIBCMTD:tidtable.obj
 0001:000217f0       __getptd_noexit            004227f0 f   LIBCMTD:tidtable.obj
 0001:000218b0       __getptd                   004228b0 f   LIBCMTD:tidtable.obj
 0001:000218e0       __freefls@4                004228e0 f   LIBCMTD:tidtable.obj
 0001:00021af0       __freeptd                  00422af0 f   LIBCMTD:tidtable.obj
 0001:00021b70       ___threadid                00422b70 f   LIBCMTD:tidtable.obj
 0001:00021b80       ___threadhandle            00422b80 f   LIBCMTD:tidtable.obj
 0001:00021b90       ___crtLCMapStringA         00422b90 f   LIBCMTD:a_map.obj
 0001:000220f0       __MarkAllocaS              004230f0 f i LIBCMTD:a_map.obj
 0001:00022120       __freea                    00423120 f i LIBCMTD:a_map.obj
 0001:000221e0       __isleadbyte_l             004231e0 f i LIBCMTD:_wctype.obj
 0001:00022230       _isleadbyte                00423230 f i LIBCMTD:_wctype.obj
 0001:00022250       __iswalpha_l               00423250 f i LIBCMTD:_wctype.obj
 0001:00022270       _iswalpha                  00423270 f i LIBCMTD:_wctype.obj
 0001:00022290       __iswupper_l               00423290 f i LIBCMTD:_wctype.obj
 0001:000222b0       _iswupper                  004232b0 f i LIBCMTD:_wctype.obj
 0001:000222d0       __iswlower_l               004232d0 f i LIBCMTD:_wctype.obj
 0001:000222f0       _iswlower                  004232f0 f i LIBCMTD:_wctype.obj
 0001:00022310       __iswdigit_l               00423310 f i LIBCMTD:_wctype.obj
 0001:00022330       _iswdigit                  00423330 f i LIBCMTD:_wctype.obj
 0001:00022350       __iswxdigit_l              00423350 f i LIBCMTD:_wctype.obj
 0001:00022370       _iswxdigit                 00423370 f i LIBCMTD:_wctype.obj
 0001:00022390       __iswspace_l               00423390 f i LIBCMTD:_wctype.obj
 0001:000223b0       _iswspace                  004233b0 f i LIBCMTD:_wctype.obj
 0001:000223d0       __iswpunct_l               004233d0 f i LIBCMTD:_wctype.obj
 0001:000223f0       _iswpunct                  004233f0 f i LIBCMTD:_wctype.obj
 0001:00022410       __iswalnum_l               00423410 f i LIBCMTD:_wctype.obj
 0001:00022430       _iswalnum                  00423430 f i LIBCMTD:_wctype.obj
 0001:00022450       __iswprint_l               00423450 f i LIBCMTD:_wctype.obj
 0001:00022470       _iswprint                  00423470 f i LIBCMTD:_wctype.obj
 0001:00022490       __iswgraph_l               00423490 f i LIBCMTD:_wctype.obj
 0001:000224b0       _iswgraph                  004234b0 f i LIBCMTD:_wctype.obj
 0001:000224d0       __iswcntrl_l               004234d0 f i LIBCMTD:_wctype.obj
 0001:000224f0       _iswcntrl                  004234f0 f i LIBCMTD:_wctype.obj
 0001:00022510       _iswascii                  00423510 f i LIBCMTD:_wctype.obj
 0001:00022530       __iswcsym_l                00423530 f i LIBCMTD:_wctype.obj
 0001:00022570       ___iswcsym                 00423570 f i LIBCMTD:_wctype.obj
 0001:000225b0       __iswcsymf_l               004235b0 f i LIBCMTD:_wctype.obj
 0001:000225f0       ___iswcsymf                004235f0 f i LIBCMTD:_wctype.obj
 0001:00022630       __input_l                  00423630 f   LIBCMTD:input.obj
 0001:00023e80       __INTRN_LOCALE_CONV        00424e80 f i LIBCMTD:input.obj
 0001:00023fb0       __input_s_l                00424fb0 f   LIBCMTD:inputs.obj
 0001:00025cc0       __setdefaultprecision      00426cc0 f   LIBCMTD:fp8.obj
 0001:00025d00       __ms_p5_test_fdiv          00426d00 f   LIBCMTD:_testfdiv_.obj
 0001:00025d50       __ms_p5_mp_test_fdiv       00426d50 f   LIBCMTD:_testfdiv_.obj
 0001:00025da0       __forcdecpt                00426da0 f   LIBCMTD:cvt.obj
 0001:00025dc0       __forcdecpt_l              00426dc0 f   LIBCMTD:cvt.obj
 0001:00025e80       __cropzeros                00426e80 f   LIBCMTD:cvt.obj
 0001:00025ea0       __cropzeros_l              00426ea0 f   LIBCMTD:cvt.obj
 0001:00025fb0       __positive                 00426fb0 f   LIBCMTD:cvt.obj
 0001:00025fe0       __fassign_l                00426fe0 f   LIBCMTD:cvt.obj
 0001:00026040       __fassign                  00427040 f   LIBCMTD:cvt.obj
 0001:00026060       __cftoe_l                  00427060 f   LIBCMTD:cvt.obj
 0001:000265b0       __cftoe                    004275b0 f   LIBCMTD:cvt.obj
 0001:000265e0       __cftoa_l                  004275e0 f   LIBCMTD:cvt.obj
 0001:00026dc0       ?strrchr@@YAPADPADH@Z      00427dc0 f i LIBCMTD:cvt.obj
 0001:00026de0       __cftoa                    00427de0 f   LIBCMTD:cvt.obj
 0001:00026e10       __cftof_l                  00427e10 f   LIBCMTD:cvt.obj
 0001:00027220       __cftof                    00428220 f   LIBCMTD:cvt.obj
 0001:00027250       __cftog_l                  00428250 f   LIBCMTD:cvt.obj
 0001:00027480       __cftog                    00428480 f   LIBCMTD:cvt.obj
 0001:000274b0       __cfltcvt_l                004284b0 f   LIBCMTD:cvt.obj
 0001:00027570       __cfltcvt                  00428570 f   LIBCMTD:cvt.obj
 0001:000275d0       __initp_misc_cfltcvt_tab   004285d0 f   LIBCMTD:cmiscdat.obj
 0001:00027620       __stbuf                    00428620 f   LIBCMTD:_sftbuf.obj
 0001:00027780       __ftbuf                    00428780 f   LIBCMTD:_sftbuf.obj
 0001:00027810       _vprintf_helper            00428810 f   LIBCMTD:vprintf.obj
 0001:00027930       __vprintf_l                00428930 f   LIBCMTD:vprintf.obj
 0001:00027950       __vprintf_s_l              00428950 f   LIBCMTD:vprintf.obj
 0001:00027970       __vprintf_p_l              00428970 f   LIBCMTD:vprintf.obj
 0001:00027990       _vprintf                   00428990 f   LIBCMTD:vprintf.obj
 0001:000279b0       _vprintf_s                 004289b0 f   LIBCMTD:vprintf.obj
 0001:000279d0       __vprintf_p                004289d0 f   LIBCMTD:vprintf.obj
 0001:000279f0       __malloc_dbg               004289f0 f   LIBCMTD:dbgheap.obj
 0001:00027a20       __nh_malloc                00428a20 f   LIBCMTD:dbgheap.obj
 0001:00027a40       __nh_malloc_dbg            00428a40 f   LIBCMTD:dbgheap.obj
 0001:00027b10       __heap_alloc               00428b10 f   LIBCMTD:dbgheap.obj
 0001:00027ee0       __heap_alloc_dbg           00428ee0 f   LIBCMTD:dbgheap.obj
 0001:00027f40       __calloc_dbg_impl          00428f40 f   LIBCMTD:dbgheap.obj
 0001:00027fc0       __calloc_dbg               00428fc0 f   LIBCMTD:dbgheap.obj
 0001:00028020       __recalloc                 00429020 f   LIBCMTD:dbgheap.obj
 0001:00028050       __realloc_dbg              00429050 f   LIBCMTD:dbgheap.obj
 0001:000286f0       __recalloc_dbg             004296f0 f   LIBCMTD:dbgheap.obj
 0001:000287a0       __expand                   004297a0 f   LIBCMTD:dbgheap.obj
 0001:000287d0       __expand_dbg               004297d0 f   LIBCMTD:dbgheap.obj
 0001:000288e0       __free_nolock              004298e0 f   LIBCMTD:dbgheap.obj
 0001:00028900       __free_dbg                 00429900 f   LIBCMTD:dbgheap.obj
 0001:00028980       __free_dbg_nolock          00429980 f   LIBCMTD:dbgheap.obj
 0001:00028e60       __msize                    00429e60 f   LIBCMTD:dbgheap.obj
 0001:00028e80       __msize_dbg                00429e80 f   LIBCMTD:dbgheap.obj
 0001:00029070       __CrtSetBreakAlloc         0042a070 f   LIBCMTD:dbgheap.obj
 0001:00029090       __CrtSetDbgBlockType       0042a090 f   LIBCMTD:dbgheap.obj
 0001:00029180       __CrtSetAllocHook          0042a180 f   LIBCMTD:dbgheap.obj
 0001:000291a0       __CrtGetAllocHook          0042a1a0 f   LIBCMTD:dbgheap.obj
 0001:00029200       __CrtCheckMemory           0042a200 f   LIBCMTD:dbgheap.obj
 0001:00029660       __CrtSetDbgFlag            0042a660 f   LIBCMTD:dbgheap.obj
 0001:000297b0       __CrtDoForAllClientObjects 0042a7b0 f   LIBCMTD:dbgheap.obj
 0001:000298d0       __CrtIsValidPointer        0042a8d0 f   LIBCMTD:dbgheap.obj
 0001:000298e0       __CrtIsValidHeapPointer    0042a8e0 f   LIBCMTD:dbgheap.obj
 0001:00029980       __CrtIsMemoryBlock         0042a980 f   LIBCMTD:dbgheap.obj
 0001:00029af0       __CrtReportBlockType       0042aaf0 f   LIBCMTD:dbgheap.obj
 0001:00029b20       __CrtSetDumpClient         0042ab20 f   LIBCMTD:dbgheap.obj
 0001:00029b40       __CrtGetDumpClient         0042ab40 f   LIBCMTD:dbgheap.obj
 0001:00029b50       __CrtMemCheckpoint         0042ab50 f   LIBCMTD:dbgheap.obj
 0001:00029d70       __CrtMemDifference         0042ad70 f   LIBCMTD:dbgheap.obj
 0001:00029f90       __CrtMemDumpAllObjectsSince 0042af90 f   LIBCMTD:dbgheap.obj
 0001:0002a480       __CrtDumpMemoryLeaks       0042b480 f   LIBCMTD:dbgheap.obj
 0001:0002a4f0       __CrtMemDumpStatistics     0042b4f0 f   LIBCMTD:dbgheap.obj
 0001:0002a600       __aligned_malloc           0042b600 f   LIBCMTD:dbgheap.obj
 0001:0002a620       __aligned_malloc_dbg       0042b620 f   LIBCMTD:dbgheap.obj
 0001:0002a650       __aligned_realloc          0042b650 f   LIBCMTD:dbgheap.obj
 0001:0002a680       __aligned_recalloc         0042b680 f   LIBCMTD:dbgheap.obj
 0001:0002a6b0       __aligned_realloc_dbg      0042b6b0 f   LIBCMTD:dbgheap.obj
 0001:0002a6e0       __aligned_recalloc_dbg     0042b6e0 f   LIBCMTD:dbgheap.obj
 0001:0002a710       __aligned_offset_malloc    0042b710 f   LIBCMTD:dbgheap.obj
 0001:0002a730       __aligned_offset_malloc_dbg 0042b730 f   LIBCMTD:dbgheap.obj
 0001:0002a8f0       __aligned_offset_realloc   0042b8f0 f   LIBCMTD:dbgheap.obj
 0001:0002a920       __aligned_offset_recalloc  0042b920 f   LIBCMTD:dbgheap.obj
 0001:0002a950       __aligned_offset_realloc_dbg 0042b950 f   LIBCMTD:dbgheap.obj
 0001:0002ac40       __aligned_offset_recalloc_dbg 0042bc40 f   LIBCMTD:dbgheap.obj
 0001:0002ad00       __aligned_free             0042bd00 f   LIBCMTD:dbgheap.obj
 0001:0002ad20       __aligned_free_dbg         0042bd20 f   LIBCMTD:dbgheap.obj
 0001:0002add0       __CrtSetDebugFillThreshold 0042bdd0 f   LIBCMTD:dbgheap.obj
 0001:0002adf0       __CrtSetCheckCount         0042bdf0 f   LIBCMTD:dbgheap.obj
 0001:0002ae10       __CrtGetCheckCount         0042be10 f   LIBCMTD:dbgheap.obj
 0001:0002ae20       __aligned_msize            0042be20 f   LIBCMTD:dbgheap.obj
 0001:0002ae40       __aligned_msize_dbg        0042be40 f   LIBCMTD:dbgheap.obj
 0001:0002af50       __ValidateImageBase        0042bf50 f   LIBCMTD:pesect.obj
 0001:0002afb0       __FindPESection            0042bfb0 f   LIBCMTD:pesect.obj
 0001:0002b030       __IsNonwritableInCurrentImage 0042c030 f   LIBCMTD:pesect.obj
 0001:0002b150       __initp_misc_winxfltr      0042c150 f   LIBCMTD:winxfltr.obj
 0001:0002b160       ___CppXcptFilter           0042c160 f   LIBCMTD:winxfltr.obj
 0001:0002b190       __XcptFilter               0042c190 f   LIBCMTD:winxfltr.obj
 0001:0002b3c0       __ioinit                   0042c3c0 f   LIBCMTD:ioinit.obj
 0001:0002b860       __ioterm                   0042c860 f   LIBCMTD:ioinit.obj
 0001:0002b900       __fcloseall                0042c900 f   LIBCMTD:closeall.obj
 0001:0002ba30       __mtinitlocks              0042ca30 f   LIBCMTD:mlock.obj
 0001:0002bac0       __mtdeletelocks            0042cac0 f   LIBCMTD:mlock.obj
 0001:0002bb80       __mtinitlocknum            0042cb80 f   LIBCMTD:mlock.obj
 0001:0002bcd0       __lock                     0042ccd0 f   LIBCMTD:mlock.obj
 0001:0002bd10       __unlock                   0042cd10 f   LIBCMTD:mlock.obj
 0001:0002bd30       __lockerr_exit             0042cd30 f   LIBCMTD:mlock.obj
 0001:0002bd50       __commit                   0042cd50 f   LIBCMTD:commit.obj
 0001:0002bf70       __fileno                   0042cf70 f   LIBCMTD:fileno.obj
 0001:0002bf70       _fileno                    0042cf70 f   LIBCMTD:fileno.obj
 0001:0002bff0       __write                    0042cff0 f   LIBCMTD:write.obj
 0001:0002c220       __write_nolock             0042d220 f   LIBCMTD:write.obj
 0001:0002cd60       _vfprintf_helper           0042dd60 f   LIBCMTD:vfprintf.obj
 0001:0002d000       __vfprintf_l               0042e000 f   LIBCMTD:vfprintf.obj
 0001:0002d030       __vfprintf_s_l             0042e030 f   LIBCMTD:vfprintf.obj
 0001:0002d060       __vfprintf_p_l             0042e060 f   LIBCMTD:vfprintf.obj
 0001:0002d090       _vfprintf                  0042e090 f   LIBCMTD:vfprintf.obj
 0001:0002d0c0       _vfprintf_s                0042e0c0 f   LIBCMTD:vfprintf.obj
 0001:0002d0f0       __vfprintf_p               0042e0f0 f   LIBCMTD:vfprintf.obj
 0001:0002d120       __aulldiv                  0042e120 f   LIBCMTD:ulldiv.obj
 0001:0002d190       ?__CxxUnhandledExceptionFilter@@YGJPAU_EXCEPTION_POINTERS@@@Z 0042e190 f   LIBCMTD:unhandld.obj
 0001:0002d200       ___CxxSetUnhandledExceptionFilter 0042e200 f   LIBCMTD:unhandld.obj
 0001:0002d220       ___security_init_cookie    0042e220 f   LIBCMTD:gs_support.obj
 0001:0002d300       __setenvp                  0042e300 f   LIBCMTD:stdenvp.obj
 0001:0002d4a0       __setargv                  0042e4a0 f   LIBCMTD:stdargv.obj
 0001:0002d5c0       __set_pgmptr               0042e5c0 f i LIBCMTD:stdargv.obj
 0001:0002d930       ___crtGetEnvironmentStringsA 0042e930 f   LIBCMTD:a_env.obj
 0001:0002db50       __RTC_Initialize           0042eb50 f   LIBCMTD:_initsect_.obj
 0001:0002db80       __RTC_Terminate            0042eb80 f   LIBCMTD:_initsect_.obj
 0001:0002dbb0       ___heap_select             0042ebb0 f   LIBCMTD:heapinit.obj
 0001:0002dbd0       __heap_init                0042ebd0 f   LIBCMTD:heapinit.obj
 0001:0002dc50       __heap_term                0042ec50 f   LIBCMTD:heapinit.obj
 0001:0002dcf0       __get_heap_handle          0042ecf0 f   LIBCMTD:heapinit.obj
 0001:0002dd30       __FF_MSGBANNER             0042ed30 f   LIBCMTD:crt0msg.obj
 0001:0002dd80       __NMSG_WRITE               0042ed80 f   LIBCMTD:crt0msg.obj
 0001:0002e020       __GET_RTERRMSG             0042f020 f   LIBCMTD:crt0msg.obj
 0001:0002e070       ?_JumpToContinuation@@YGXPAXPAUEHRegistrationNode@@@Z 0042f070 f   LIBCMTD:_trnsctrl_.obj
 0001:0002e0b0       ?_CallMemberFunction0@@YGXPAX0@Z 0042f0b0 f   LIBCMTD:_trnsctrl_.obj
 0001:0002e0c0       ?_CallMemberFunction1@@YGXPAX00@Z 0042f0c0 f   LIBCMTD:_trnsctrl_.obj
 0001:0002e0d0       ?_CallMemberFunction2@@YGXPAX00H@Z 0042f0d0 f   LIBCMTD:_trnsctrl_.obj
 0001:0002e0e0       ?_UnwindNestedFrames@@YGXPAUEHRegistrationNode@@PAUEHExceptionRecord@@@Z 0042f0e0 f   LIBCMTD:_trnsctrl_.obj
 0001:0002e140       ___CxxFrameHandler         0042f140 f   LIBCMTD:_trnsctrl_.obj
 0001:0002e180       ___CxxFrameHandler3        0042f180 f   LIBCMTD:_trnsctrl_.obj
 0001:0002e1c0       ___CxxFrameHandler2        0042f1c0 f   LIBCMTD:_trnsctrl_.obj
 0001:0002e200       ___CxxLongjmpUnwind@4      0042f200 f   LIBCMTD:_trnsctrl_.obj
 0001:0002e230       ?_CallCatchBlock2@@YAPAXPAUEHRegistrationNode@@PBU_s_FuncInfo@@PAXHK@Z 0042f230 f   LIBCMTD:_trnsctrl_.obj
 0001:0002e2f0       ?_CallSETranslator@@YAHPAUEHExceptionRecord@@PAUEHRegistrationNode@@PAX2PBU_s_FuncInfo@@H1@Z 0042f2f0 f   LIBCMTD:_trnsctrl_.obj
 0001:0002e490       ?_GetRangeOfTrysToCheck@@YAPBU_s_TryBlockMapEntry@@PBU_s_FuncInfo@@HHPAI1@Z 0042f490 f   LIBCMTD:_trnsctrl_.obj
 0001:0002e510       __CreateFrameInfo          0042f510 f   LIBCMTD:_trnsctrl_.obj
 0001:0002e540       __IsExceptionObjectToBeDestroyed 0042f540 f   LIBCMTD:_trnsctrl_.obj
 0001:0002e570       __FindAndUnlinkFrame       0042f570 f   LIBCMTD:_trnsctrl_.obj
 0001:0002e5d0       __handle_qnan1             0042f5d0 f   LIBCMTD:_fpexcept_.obj
 0001:0002e630       __handle_qnan2             0042f630 f   LIBCMTD:_fpexcept_.obj
 0001:0002e6a0       __except1                  0042f6a0 f   LIBCMTD:_fpexcept_.obj
 0001:0002e7a0       __except2                  0042f7a0 f   LIBCMTD:_fpexcept_.obj
 0001:0002e8b0       __raise_exc_ex             0042f8b0 f   LIBCMTD:_fpexcept_.obj
 0001:0002ede0       __raise_exc                0042fde0 f   LIBCMTD:_fpexcept_.obj
 0001:0002ee10       __raise_excf               0042fe10 f   LIBCMTD:_fpexcept_.obj
 0001:0002ee40       __handle_exc               0042fe40 f   LIBCMTD:_fpexcept_.obj
 0001:0002f150       __umatherr                 00430150 f   LIBCMTD:_fpexcept_.obj
 0001:0002f1f0       __set_errno_from_matherr   004301f0 f   LIBCMTD:_fpexcept_.obj
 0001:0002f280       __errcode                  00430280 f   LIBCMTD:_fpexcept_.obj
 0001:0002f2f0       __set_exp                  004302f0 f   LIBCMTD:_util_.obj
 0001:0002f330       __get_exp                  00430330 f   LIBCMTD:_util_.obj
 0001:0002f360       __add_exp                  00430360 f   LIBCMTD:_util_.obj
 0001:0002f3a0       __set_bexp                 004303a0 f   LIBCMTD:_util_.obj
 0001:0002f3d0       __sptype                   004303d0 f   LIBCMTD:_util_.obj
 0001:0002f450       __decomp                   00430450 f   LIBCMTD:_util_.obj
 0001:0002f570       __statfp                   00430570 f   LIBCMTD:_fpctrl_.obj
 0001:0002f590       __clrfp                    00430590 f   LIBCMTD:_fpctrl_.obj
 0001:0002f5b0       __ctrlfp                   004305b0 f   LIBCMTD:_fpctrl_.obj
 0001:0002f5e0       __set_statfp               004305e0 f   LIBCMTD:_fpctrl_.obj
 0001:0002f650       ___get_fpsr_sse2           00430650 f   LIBCMTD:_fpctrl_.obj
 0001:0002f680       ___set_fpsr_sse2           00430680 f   LIBCMTD:_fpctrl_.obj
 0001:0002f760       ___fclrf_sse2              00430760 f   LIBCMTD:_fpctrl_.obj
 0001:0002f780       ___statfp_sse2             00430780 f   LIBCMTD:_fpctrl_.obj
 0001:0002f7b0       ___clrfp_sse2              004307b0 f   LIBCMTD:_fpctrl_.obj
 0001:0002f7f0       ___ctrlfp_sse2             004307f0 f   LIBCMTD:_fpctrl_.obj
 0001:0002f850       ___set_statfp_sse2         00430850 f   LIBCMTD:_fpctrl_.obj
 0001:0002f880       __fltin2                   00430880 f   LIBCMTD:_cfin_.obj
 0001:0002f960       __close                    00430960 f   LIBCMTD:close.obj
 0001:0002fb70       __close_nolock             00430b70 f   LIBCMTD:close.obj
 0001:0002fc40       __freebuf                  00430c40 f   LIBCMTD:_freebuf.obj
 0001:0002fce0       _strchr                    00430ce0 f   LIBCMTD:strchr.obj
 0001:0002fce6       ___from_strstr_to_strchr   00430ce6     LIBCMTD:strchr.obj
 0001:0002fda0       __filbuf                   00430da0 f   LIBCMTD:_filbuf.obj
 0001:0002fff0       __openfile                 00430ff0 f   LIBCMTD:_open.obj
 0001:000307b0       __getstream                004317b0 f   LIBCMTD:stream.obj
 0001:00030a10       __local_unwind4            00431a10 f   LIBCMTD:exsup4.obj
 0001:00030ae6       __seh_longjmp_unwind4@4    00431ae6 f   LIBCMTD:exsup4.obj
 0001:00030b02       @_EH4_CallFilterFunc@8     00431b02 f   LIBCMTD:exsup4.obj
 0001:00030b19       @_EH4_TransferToHandler@8  00431b19 f   LIBCMTD:exsup4.obj
 0001:00030b32       @_EH4_GlobalUnwind@4       00431b32 f   LIBCMTD:exsup4.obj
 0001:00030b4c       @_EH4_LocalUnwind@16       00431b4c f   LIBCMTD:exsup4.obj
 0001:00030b70       __onexit                   00431b70 f   LIBCMTD:onexit.obj
 0001:00030d40       _atexit                    00431d40 f   LIBCMTD:onexit.obj
 0001:00030d60       ___onexitinit              00431d60 f   LIBCMTD:onexit.obj
 0001:00030dc0       __initp_eh_hooks           00431dc0 f   LIBCMTD:hooks.obj
 0001:00030de0       ?terminate@@YAXXZ          00431de0 f   LIBCMTD:hooks.obj
 0001:00030e60       ?unexpected@@YAXXZ         00431e60 f   LIBCMTD:hooks.obj
 0001:00030e90       ?_inconsistency@@YAXXZ     00431e90 f   LIBCMTD:hooks.obj
 0001:00030f20       __initp_misc_rand_s        00431f20 f   LIBCMTD:rand_s.obj
 0001:00030f30       _rand_s                    00431f30 f   LIBCMTD:rand_s.obj
 0001:00031150       ___getlocaleinfo           00432150 f   LIBCMTD:inithelp.obj
 0001:000313f0       __initp_misc_purevirt      004323f0 f   LIBCMTD:inithelp.obj
 0001:00031400       __initp_misc_initcrit      00432400 f   LIBCMTD:initcrit.obj
 0001:00031410       ___crtInitCritSecAndSpinCount 00432410 f   LIBCMTD:initcrit.obj
 0001:000314c0       __initp_heap_handler       004324c0 f   LIBCMTD:handler.obj
 0001:000314d0       ?_set_new_handler@@YAP6AHI@ZP6AHI@Z@Z 004324d0 f   LIBCMTD:handler.obj
 0001:00031520       ?_set_new_handler@@YAP6AHI@ZH@Z 00432520 f   LIBCMTD:handler.obj
 0001:00031560       ?_query_new_handler@@YAP6AHI@ZXZ 00432560 f   LIBCMTD:handler.obj
 0001:00031580       __callnewh                 00432580 f   LIBCMTD:handler.obj
 0001:000315c0       _asctime_s                 004325c0 f   LIBCMTD:asctime.obj
 0001:00031d20       _asctime                   00432d20 f   LIBCMTD:asctime.obj
 0001:00031db0       __localtime64_s            00432db0 f   LIBCMTD:loctim64.obj
 0001:000322d0       __localtime64              004332d0 f   LIBCMTD:loctim64.obj
 0001:00032310       __lseek                    00433310 f   LIBCMTD:lseek.obj
 0001:00032540       __lseek_nolock             00433540 f   LIBCMTD:lseek.obj
 0001:00032620       __alloc_osfhnd             00433620 f   LIBCMTD:osfinfo.obj
 0001:000328d0       __set_osfhnd               004338d0 f   LIBCMTD:osfinfo.obj
 0001:000329a0       __free_osfhnd              004339a0 f   LIBCMTD:osfinfo.obj
 0001:00032a90       __get_osfhandle            00433a90 f   LIBCMTD:osfinfo.obj
 0001:00032c00       __open_osfhandle           00433c00 f   LIBCMTD:osfinfo.obj
 0001:00032e30       ___lock_fhandle            00433e30 f   LIBCMTD:osfinfo.obj
 0001:00032f30       __unlock_fhandle           00433f30 f   LIBCMTD:osfinfo.obj
 0001:00032f60       ___loctotime64_t           00433f60 f   LIBCMTD:dtoxtm64.obj
 0001:000332d0       _strcpy_s                  004342d0 f   LIBCMTD:strcpy_s.obj
 0001:000335b0       ___sys_nerr                004345b0 f   LIBCMTD:syserr.obj
 0001:000335c0       ___sys_errlist             004345c0 f   LIBCMTD:syserr.obj
 0001:000335d0       _strncpy_s                 004345d0 f   LIBCMTD:strncpy_s.obj
 0001:000339c0       __read                     004349c0 f   LIBCMTD:read.obj
 0001:00033c50       __read_nolock              00434c50 f   LIBCMTD:read.obj
 0001:00034ba0       _memcpy_s                  00435ba0 f   LIBCMTD:memcpy_s.obj
 0001:00034d30       __aullrem                  00435d30 f   LIBCMTD:ullrem.obj
 0001:00034db0       __woutput_l                00435db0 f   LIBCMTD:woutput.obj
 0001:00035f80       _vfwprintf_helper          00436f80 f   LIBCMTD:vfwprint.obj
 0001:00036100       __vfwprintf_l              00437100 f   LIBCMTD:vfwprint.obj
 0001:00036130       __vfwprintf_s_l            00437130 f   LIBCMTD:vfwprint.obj
 0001:00036160       __vfwprintf_p_l            00437160 f   LIBCMTD:vfwprint.obj
 0001:00036190       _vfwprintf                 00437190 f   LIBCMTD:vfwprint.obj
 0001:000361c0       _vfwprintf_s               004371c0 f   LIBCMTD:vfwprint.obj
 0001:000361f0       __vfwprintf_p              004371f0 f   LIBCMTD:vfwprint.obj
 0001:00036220       __CrtDefaultAllocHook      00437220 f   LIBCMTD:dbghook.obj
 0001:00036230       __crt_debugger_hook        00437230 f   LIBCMTD:dbghook.obj
 0001:00036250       __woutput_s_l              00437250 f   LIBCMTD:woutputs.obj
 0001:00037580       __validate_param_reuseW    00438580 f   LIBCMTD:woutputp.obj
 0001:000377f0       __woutput_p_l              004387f0 f   LIBCMTD:woutputp.obj
 0001:0003af50       __lseeki64                 0043bf50 f   LIBCMTD:lseeki64.obj
 0001:0003b1a0       __lseeki64_nolock          0043c1a0 f   LIBCMTD:lseeki64.obj
 0001:0003b290       __getbuf                   0043c290 f   LIBCMTD:_getbuf.obj
 0001:0003b350       __isatty                   0043c350 f   LIBCMTD:isatty.obj
 0001:0003b430       __wctomb_s_l               0043c430 f   LIBCMTD:wctomb.obj
 0001:0003b730       _wctomb_s                  0043c730 f   LIBCMTD:wctomb.obj
 0001:0003b760       __wctomb_l                 0043c760 f   LIBCMTD:wctomb.obj
 0001:0003b7e0       _wctomb                    0043c7e0 f   LIBCMTD:wctomb.obj
 0001:0003b830       __CrtDbgBreak              0043c830 f   LIBCMTD:dbgrptt.obj
 0001:0003b840       __CrtSetReportMode         0043c840 f   LIBCMTD:dbgrptt.obj
 0001:0003b980       __CrtSetReportFile         0043c980 f   LIBCMTD:dbgrptt.obj
 0001:0003ba80       __CrtSetReportHook         0043ca80 f   LIBCMTD:dbgrptt.obj
 0001:0003baa0       __CrtGetReportHook         0043caa0 f   LIBCMTD:dbgrptt.obj
 0001:0003bab0       __VCrtDbgReportA           0043cab0 f   LIBCMTD:dbgrptt.obj
 0001:0003c2e0       __VCrtDbgReportW           0043d2e0 f   LIBCMTD:dbgrptt.obj
 0001:0003cc10       __swprintf                 0043dc10 f   LIBCMTD:swprintf.obj
 0001:0003cde0       ___swprintf_l              0043dde0 f   LIBCMTD:swprintf.obj
 0001:0003ce10       _swprintf_s                0043de10 f   LIBCMTD:swprintf.obj
 0001:0003ce40       __snwprintf_s              0043de40 f   LIBCMTD:swprintf.obj
 0001:0003ce70       __swprintf_p               0043de70 f   LIBCMTD:swprintf.obj
 0001:0003cea0       __swprintf_s_l             0043dea0 f   LIBCMTD:swprintf.obj
 0001:0003ced0       __snwprintf_s_l            0043ded0 f   LIBCMTD:swprintf.obj
 0001:0003cf00       __swprintf_p_l             0043df00 f   LIBCMTD:swprintf.obj
 0001:0003cf30       __scwprintf                0043df30 f   LIBCMTD:swprintf.obj
 0001:0003cf50       __scwprintf_p              0043df50 f   LIBCMTD:swprintf.obj
 0001:0003cf70       __scwprintf_l              0043df70 f   LIBCMTD:swprintf.obj
 0001:0003cfa0       __scwprintf_p_l            0043dfa0 f   LIBCMTD:swprintf.obj
 0001:0003cfd0       __alloca_probe             0043dfd0     LIBCMTD:chkstk.obj
 0001:0003cfd0       __chkstk                   0043dfd0 f   LIBCMTD:chkstk.obj
 0001:0003d000       __validate_param_reuseA    0043e000 f   LIBCMTD:outputp.obj
 0001:0003d270       __output_p_l               0043e270 f   LIBCMTD:outputp.obj
 0001:00040e30       _get_crtdouble_arg         00441e30 f i LIBCMTD:outputp.obj
 0001:00040e50       __output_s_l               00441e50 f   LIBCMTD:outputs.obj
 0001:000423e0       __allmul                   004433e0 f   LIBCMTD:llmul.obj
 0001:00042420       ___crtGetStringTypeA       00443420 f   LIBCMTD:a_str.obj
 0001:000426b0       ___pwctype_func            004436b0 f   LIBCMTD:ctype.obj
 0001:000426c0       ___pctype_func             004436c0 f   LIBCMTD:ctype.obj
 0001:00042710       ___init_time               00443710 f   LIBCMTD:inittime.obj
 0001:00042e30       ___free_lc_time            00443e30 f   LIBCMTD:inittime.obj
 0001:00043140       ___init_numeric            00444140 f   LIBCMTD:initnum.obj
 0001:000434a0       ___free_lconv_num          004444a0 f   LIBCMTD:initnum.obj
 0001:00043510       ___init_monetary           00444510 f   LIBCMTD:initmon.obj
 0001:00043a10       ___free_lconv_mon          00444a10 f   LIBCMTD:initmon.obj
 0001:00043b00       ___init_ctype              00444b00 f   LIBCMTD:initctyp.obj
 0001:000440b0       ____mb_cur_max_func        004450b0 f   LIBCMTD:initctyp.obj
 0001:00044100       ____mb_cur_max_l_func      00445100 f   LIBCMTD:initctyp.obj
 0001:00044130       ____lc_codepage_func       00445130 f   LIBCMTD:initctyp.obj
 0001:00044180       ____lc_collate_cp_func     00445180 f   LIBCMTD:initctyp.obj
 0001:000441d0       ____lc_handle_func         004451d0 f   LIBCMTD:initctyp.obj
 0001:00044220       ___init_collate            00445220 f   LIBCMTD:initcoll.obj
 0001:00044230       __Getdays_l                00445230 f   LIBCMTD:strftime.obj
 0001:000443f0       __Getdays                  004453f0 f   LIBCMTD:strftime.obj
 0001:00044410       __Getmonths_l              00445410 f   LIBCMTD:strftime.obj
 0001:000445d0       __Getmonths                004455d0 f   LIBCMTD:strftime.obj
 0001:000445f0       __Gettnames_l              004455f0 f   LIBCMTD:strftime.obj
 0001:00044b60       __Gettnames                00445b60 f   LIBCMTD:strftime.obj
 0001:00044b80       __strftime_l               00445b80 f   LIBCMTD:strftime.obj
 0001:00044bb0       _strftime                  00445bb0 f   LIBCMTD:strftime.obj
 0001:00044be0       __Strftime                 00445be0 f   LIBCMTD:strftime.obj
 0001:00044c10       __Strftime_l               00445c10 f   LIBCMTD:strftime.obj
 0001:00046a20       _localeconv                00447a20 f   LIBCMTD:lconv.obj
 0001:00046a70       _strcspn                   00447a70 f   LIBCMTD:strcspn.obj
 0001:00046ac0       _strcat_s                  00447ac0 f   LIBCMTD:strcat_s.obj
 0001:00046ea0       ___get_qualified_locale    00447ea0 f   LIBCMTD:getqloc.obj
 0001:00047d40       ___ansicp                  00448d40 f   LIBCMTD:convrtcp.obj
 0001:00047da0       ___convertcp               00448da0 f   LIBCMTD:convrtcp.obj
 0001:00047ff0       __iswctype_l               00448ff0 f   LIBCMTD:iswctype.obj
 0001:000480a0       _iswctype                  004490a0 f   LIBCMTD:iswctype.obj
 0001:00048130       _is_wctype                 00449130 f   LIBCMTD:iswctype.obj
 0001:00048150       __mbtowc_l                 00449150 f   LIBCMTD:mbtowc.obj
 0001:00048370       _mbtowc                    00449370 f   LIBCMTD:mbtowc.obj
 0001:00048390       __allshl                   00449390 f   LIBCMTD:llshl.obj
 0001:000483b0       _ungetc                    004493b0 f   LIBCMTD:ungetc.obj
 0001:000484a0       __ungetc_nolock            004494a0 f   LIBCMTD:ungetc.obj
 0001:000486c0       __controlfp_s              004496c0 f   LIBCMTD:_contrlfp_.obj
 0001:000487a0       __tolower                  004497a0 f   LIBCMTD:tolower.obj
 0001:000487b0       __tolower_l                004497b0 f   LIBCMTD:tolower.obj
 0001:00048990       _tolower                   00449990 f   LIBCMTD:tolower.obj
 0001:000489e0       __atodbl_l                 004499e0 f   LIBCMTD:atodbl.obj
 0001:00048af0       __atodbl                   00449af0 f   LIBCMTD:atodbl.obj
 0001:00048b10       __atoldbl_l                00449b10 f   LIBCMTD:atodbl.obj
 0001:00048c20       __atoldbl                  00449c20 f   LIBCMTD:atodbl.obj
 0001:00048c40       __atoflt_l                 00449c40 f   LIBCMTD:atodbl.obj
 0001:00048d50       __atoflt                   00449d50 f   LIBCMTD:atodbl.obj
 0001:00048d70       __fptostr                  00449d70 f   LIBCMTD:_fptostr.obj
 0001:00049020       __fltout2                  0044a020 f   LIBCMTD:_cfout_.obj
 0001:000490d0       ___dtold                   0044a0d0 f   LIBCMTD:_cfout_.obj
 0001:00049230       _memmove                   0044a230 f   LIBCMTD:memmove.obj
 0001:000495a0       __set_output_format        0044a5a0 f   LIBCMTD:outputformat.obj
 0001:00049620       __get_output_format        0044a620 f   LIBCMTD:outputformat.obj
 0001:00049630       __allrem                   0044a630 f   LIBCMTD:llrem.obj
 0001:000496f0       __alldiv                   0044a6f0 f   LIBCMTD:lldiv.obj
 0001:000497a0       __aullshr                  0044a7a0 f   LIBCMTD:ullshr.obj
 0001:000497c0       _strrchr                   0044a7c0 f   LIBCMTD:strrchr.obj
 0001:000497f0       __fptrap                   0044a7f0 f   LIBCMTD:crt0fp.obj
 0001:00049810       _V6_HeapAlloc              0044a810 f   LIBCMTD:malloc.obj
 0001:000498b0       __malloc_base              0044a8b0 f   LIBCMTD:malloc.obj
 0001:00049940       __heap_alloc_base          0044a940 f i LIBCMTD:malloc.obj
 0001:00049a00       __CrtSetReportHook2        0044aa00 f   LIBCMTD:dbgrpt.obj
 0001:00049d20       __CrtDbgReport             0044ad20 f   LIBCMTD:dbgrpt.obj
 0001:00049d60       __CrtDbgReportV            0044ad60 f i LIBCMTD:dbgrpt.obj
 0001:00049d90       ___crtMessageWindowA       0044ad90 f   LIBCMTD:dbgrpt.obj
 0001:0004a190       __expand_base              0044b190 f   LIBCMTD:expand.obj
 0001:0004a460       __realloc_base             0044b460 f   LIBCMTD:realloc.obj
 0001:0004a800       __free_base                0044b800 f   LIBCMTD:free.obj
 0001:0004a930       __heapchk                  0044b930 f   LIBCMTD:heapchk.obj
 0001:0004aa00       __heapset                  0044ba00 f   LIBCMTD:heapchk.obj
 0001:0004aa10       __get_sbh_threshold        0044ba10 f   LIBCMTD:sbheap.obj
 0001:0004aa60       __set_sbh_threshold        0044ba60 f   LIBCMTD:sbheap.obj
 0001:0004abf0       __set_amblksiz             0044bbf0 f   LIBCMTD:sbheap.obj
 0001:0004ad00       __get_amblksiz             0044bd00 f   LIBCMTD:sbheap.obj
 0001:0004adf0       ___sbh_heap_init           0044bdf0 f   LIBCMTD:sbheap.obj
 0001:0004ae60       ___sbh_find_block          0044be60 f   LIBCMTD:sbheap.obj
 0001:0004aec0       ___sbh_verify_block        0044bec0 f   LIBCMTD:sbheap.obj
 0001:0004af20       ___sbh_free_block          0044bf20 f   LIBCMTD:sbheap.obj
 0001:0004b4e0       ___sbh_alloc_block         0044c4e0 f   LIBCMTD:sbheap.obj
 0001:0004ba00       ___sbh_alloc_new_region    0044ca00 f   LIBCMTD:sbheap.obj
 0001:0004bb10       ___sbh_alloc_new_group     0044cb10 f   LIBCMTD:sbheap.obj
 0001:0004bd00       ___sbh_resize_block        0044cd00 f   LIBCMTD:sbheap.obj
 0001:0004c2d0       ___sbh_heapmin             0044d2d0 f   LIBCMTD:sbheap.obj
 0001:0004c400       ___sbh_heap_check          0044d400 f   LIBCMTD:sbheap.obj
 0001:0004c8f0       __putwch                   0044d8f0 f   LIBCMTD:putwch.obj
 0001:0004c980       __putwch_nolock            0044d980 f   LIBCMTD:putwch.obj
 0001:0004ca80       __cputws                   0044da80 f   LIBCMTD:putwch.obj
 0001:0004cbd0       __ismbbkalnum_l            0044dbd0 f   LIBCMTD:ismbbyte.obj
 0001:0004cbf0       __ismbbkalnum              0044dbf0 f   LIBCMTD:ismbbyte.obj
 0001:0004cc10       __ismbbkprint_l            0044dc10 f   LIBCMTD:ismbbyte.obj
 0001:0004cc30       __ismbbkprint              0044dc30 f   LIBCMTD:ismbbyte.obj
 0001:0004cc50       __ismbbkpunct_l            0044dc50 f   LIBCMTD:ismbbyte.obj
 0001:0004cc70       __ismbbkpunct              0044dc70 f   LIBCMTD:ismbbyte.obj
 0001:0004cc90       __ismbbalnum_l             0044dc90 f   LIBCMTD:ismbbyte.obj
 0001:0004ccb0       __ismbbalnum               0044dcb0 f   LIBCMTD:ismbbyte.obj
 0001:0004ccd0       __ismbbalpha_l             0044dcd0 f   LIBCMTD:ismbbyte.obj
 0001:0004ccf0       __ismbbalpha               0044dcf0 f   LIBCMTD:ismbbyte.obj
 0001:0004cd10       __ismbbgraph_l             0044dd10 f   LIBCMTD:ismbbyte.obj
 0001:0004cd30       __ismbbgraph               0044dd30 f   LIBCMTD:ismbbyte.obj
 0001:0004cd50       __ismbbprint_l             0044dd50 f   LIBCMTD:ismbbyte.obj
 0001:0004cd70       __ismbbprint               0044dd70 f   LIBCMTD:ismbbyte.obj
[...]
 0003:00007c90       ?m_pGetParameter@UnDecorator@@0P6APADJ@ZA 004a0c90     LIBCMTD:undname.obj
 0003:00007c94       ?fExplicitTemplateParams@UnDecorator@@0_NA 004a0c94     LIBCMTD:undname.obj
 0003:00007c95       ?fGetTemplateArgumentList@UnDecorator@@0_NA 004a0c95     LIBCMTD:undname.obj
 0003:00007ce8       ?nodes@?1??make@DNameStatusNode@@SAPAV2@W4DNameStatus@@@Z@4PAV2@A 004a0ce8     LIBCMTD:undname.obj
 0003:00007d18       ??_B?1??make@DNameStatusNode@@SAPAV1@W4DNameStatus@@@Z@51 004a0d18     LIBCMTD:undname.obj
 0003:00007d20       _loggingOn                 004a0d20     <common>
 0003:00007ecc       _clnp_debug_sel            004a0ecc     <common>
 0003:00007ee0       _clnp_param                004a0ee0     <common>
 0003:00007f08       _contTesting               004a0f08     <common>
 0003:00007f20       _allEsReq                  004a0f20     <common>
 0003:00007f34       _maxPduLen                 004a0f34     <common>
 0003:00007f36       _doIt                      004a0f36     <common>
 0003:00007f38       _localMac                  004a0f38     <common>
 0003:00007f40       _allEsMac                  004a0f40     <common>
 0003:00007f48       _remMac                    004a0f48     <common>
 0003:00007f60       _sn_reqs                   004a0f60     <common>
 0003:00008730       _funct_3                   004a1730     <common>
 0003:00008748       _key_wait_service_fun      004a1748     <common>
 0003:0000874c       _funct_4                   004a174c     <common>
 0003:00008750       _funct_8                   004a1750     <common>
 0003:00008754       _funct_6                   004a1754     <common>
 0003:00008758       _funct_2                   004a1758     <common>
 0003:0000875c       _funct_menu                004a175c     <common>
 0003:00008760       _funct_10                  004a1760     <common>
 0003:00008764       _funct_5                   004a1764     <common>
 0003:00008768       _funct_9                   004a1768     <common>
 0003:0000876c       _kbdEvent                  004a176c     <common>
 0003:00008770       _kbdBufferMtx              004a1770     <common>
 0003:00008774       _funct_1                   004a1774     <common>
 0003:00008778       _funct_7                   004a1778     <common>
 0003:0000877c       _adhandle                  004a177c     <common>
 0003:0000878c       _hMMSEvent                 004a178c     <common>
 0003:00008790       _netmask                   004a1790     <common>
 0003:00008794       _clnp_snet_read_hook_ptr   004a1794     <common>
 0003:000087a0       _gs_hwEventTime            004a17a0     <common>
 0003:000089ec       _gs_track                  004a19ec     <common>
 0003:00008a00       _gs_currSemOwnerFile       004a1a00     <common>
 0003:00008f20       _gs_currSemOwnerLine       004a1f20     <common>
 0003:00008f80       _gs_currSemFreeLine        004a1f80     <common>
 0003:00008fd0       _gs_hwMutexTime            004a1fd0     <common>
 0003:00008fe0       _gs_util_mutex             004a1fe0     <common>
 0003:00009004       _gs_currSemOwnerIndex      004a2004     <common>
 0003:00009020       _gs_currSemFreeFile        004a2020     <common>
 0003:00009540       _gs_glb_mutex              004a2540     <common>
 0003:00009564       _list_debug_sel            004a2564     <common>
 0003:00009570       _c_memerr_fun              004a2570     <common>
 0003:00009588       _m_memerr_fun              004a2588     <common>
 0003:0000958c       _m_heap_check_enable       004a258c     <common>
 0003:00009590       _chk_curr_mem_size         004a2590     <common>
 0003:00009594       _chk_max_mem_allocated     004a2594     <common>
 0003:00009598       _m_find_node_enable        004a2598     <common>
 0003:00009599       _m_auto_hw_log             004a2599     <common>
 0003:0000959a       _m_no_realloc_smaller      004a259a     <common>
 0003:0000959c       _mem_chk_err               004a259c     <common>
 0003:000095a0       _r_memerr_fun              004a25a0     <common>
 0003:000095a4       _m_fill_byte               004a25a4     <common>
 0003:000095a5       _m_track_prev_free         004a25a5     <common>
 0003:000095a8       _chk_debug_en              004a25a8     <common>
 0003:000095ac       _chk_max_dyn_mem_ptrs      004a25ac     <common>
 0003:000095b0       _m_bad_ptr_val             004a25b0     <common>
 0003:000095b4       _m_pad_string              004a25b4     <common>
 0003:000095b8       _m_num_pad_bytes           004a25b8     <common>
 0003:000095bc       _m_check_list_enable       004a25bc     <common>
 0003:000095bd       _m_fill_en                 004a25bd     <common>
 0003:000095c0       _chk_curr_mem_count        004a25c0     <common>
 0003:000095c4       _qMemElemSize              004a25c4     <common>
 0003:000095d0       _slogIpcCmdList            004a25d0     <common>
 0003:000095dc       _slog_service_fun          004a25dc     <common>
 0003:000095f4       __slog_remote_fun          004a25f4     <common>
 0003:000095f8       __slog_dyn_log_fun         004a25f8     <common>
 0003:00009600       _slogTimeText              004a2600     <common>
 0003:00009620       _slog_dyn_log_fun          004a2620     <common>
 0003:00009624       _slog_remote_fun           004a2624     <common>
 0003:00009628       _slogRemoteFlags           004a2628     <common>
 0003:0000962c       ___sbh_initialized         004a262c     <common>
 0003:00009640       ___sbh_cntHeaderList       004a2640     <common>
 0003:00009644       ___sbh_pHeaderList         004a2644     <common>
 0003:00009648       ___sbh_threshold           004a2648     <common>
 0003:0000964c       ___sbh_pHeaderScan         004a264c     <common>
 0003:00009650       ___sbh_sizeHeaderList      004a2650     <common>
 0003:00009654       ___sbh_indGroupDefer       004a2654     <common>
 0003:00009658       __pfnReportHook            004a2658     <common>
 0003:00009668       __pReportHookListW         004a2668     <common>
 0003:0000966c       __pReportHookList          004a266c     <common>
 0003:00009670       __debugger_hook_dummy      004a2670     <common>
 0003:0000967c       ___active_heap             004a267c     <common>
 0003:00009688       __nhandle                  004a2688     <common>
 0003:000096e0       ___pioinfo                 004a26e0     <common>
 0003:000097e0       ___setlc_active            004a27e0     <common>
 0003:000097f0       ___unguarded_readlc_active 004a27f0     <common>
 0003:000097f4       ___sse2_available          004a27f4     <common>
 0003:00009800       ___env_initialized         004a2800     <common>
 0003:00009810       ___onexitend               004a2810     <common>
 0003:00009814       ___onexitbegin             004a2814     <common>
 0003:00009818       ___mbctype_initialized     004a2818     <common>
 0003:0000981c       ___dyn_tls_init_callback   004a281c     <common>
 0003:00009820       __acmdln                   004a2820     <common>
 0003:0000982c       ___piob                    004a282c     <common>
 0003:00009b80       __bufin                    004a2b80     <common>
 0003:0000ab80       __nstream                  004a3b80     <common>
 0004:00000000       __IMPORT_DESCRIPTOR_wpcap  004a4000     wpcap:wpcap.dll
 0004:00000014       __IMPORT_DESCRIPTOR_packet 004a4014     packet:packet.dll
 0004:00000028       __IMPORT_DESCRIPTOR_KERNEL32 004a4028     kernel32:KERNEL32.dll
 0004:0000003c       __IMPORT_DESCRIPTOR_WINMM  004a403c     winmm:WINMM.dll
 0004:00000050       __IMPORT_DESCRIPTOR_ADVAPI32 004a4050     advapi32:ADVAPI32.dll
 0004:00000064       __NULL_IMPORT_DESCRIPTOR   004a4064     wpcap:wpcap.dll
 0004:000003e8       __imp__InitializeSecurityDescriptor@8 004a43e8     advapi32:ADVAPI32.dll
 0004:000003ec       __imp__SetSecurityDescriptorDacl@16 004a43ec     advapi32:ADVAPI32.dll
 0004:000003f0       \177ADVAPI32_NULL_THUNK_DATA 004a43f0     advapi32:ADVAPI32.dll
 0004:0000041c       __imp__SetEnvironmentVariableA@8 004a441c     kernel32:KERNEL32.dll
 0004:00000420       __imp__CompareStringW@24   004a4420     kernel32:KERNEL32.dll
 0004:00000424       __imp__CompareStringA@24   004a4424     kernel32:KERNEL32.dll
 0004:00000428       __imp__VirtualQuery@12     004a4428     kernel32:KERNEL32.dll
 0004:0000042c       __imp__GetProcessHeap@0    004a442c     kernel32:KERNEL32.dll
 0004:00000430       __imp__SetEndOfFile@4      004a4430     kernel32:KERNEL32.dll
 0004:00000434       __imp__lstrlenA@4          004a4434     kernel32:KERNEL32.dll
 0004:00000438       __imp__GetTimeZoneInformation@4 004a4438     kernel32:KERNEL32.dll
 0004:0000043c       __imp__GetLocaleInfoW@16   004a443c     kernel32:KERNEL32.dll
 0004:00000440       __imp__CreateFileA@28      004a4440     kernel32:KERNEL32.dll
 0004:00000444       __imp__GetConsoleOutputCP@0 004a4444     kernel32:KERNEL32.dll
 0004:00000448       __imp__WriteConsoleA@20    004a4448     kernel32:KERNEL32.dll
 0004:0000044c       __imp__VirtualAlloc@16     004a444c     kernel32:KERNEL32.dll
 0004:00000450       __imp__GetLastError@0      004a4450     kernel32:KERNEL32.dll
 0004:00000454       __imp__CreateMutexA@12     004a4454     kernel32:KERNEL32.dll
 0004:00000458       __imp__CreateEventA@16     004a4458     kernel32:KERNEL32.dll
 0004:0000045c       __imp__SetConsoleMode@8    004a445c     kernel32:KERNEL32.dll
 0004:00000460       __imp__GetConsoleMode@8    004a4460     kernel32:KERNEL32.dll
 0004:00000464       __imp__GetStdHandle@4      004a4464     kernel32:KERNEL32.dll
 0004:00000468       __imp__SetEvent@4          004a4468     kernel32:KERNEL32.dll
 0004:0000046c       __imp__ReleaseMutex@4      004a446c     kernel32:KERNEL32.dll
 0004:00000470       __imp__WaitForSingleObject@8 004a4470     kernel32:KERNEL32.dll
 0004:00000474       __imp__ReadConsoleInputA@16 004a4474     kernel32:KERNEL32.dll
 0004:00000478       __imp__ResetEvent@4        004a4478     kernel32:KERNEL32.dll
 0004:0000047c       __imp__HeapReAlloc@16      004a447c     kernel32:KERNEL32.dll
 0004:00000480       __imp__HeapSize@12         004a4480     kernel32:KERNEL32.dll
 0004:00000484       __imp__Sleep@4             004a4484     kernel32:KERNEL32.dll
 0004:00000488       __imp__InitializeCriticalSection@4 004a4488     kernel32:KERNEL32.dll
 0004:0000048c       __imp__LocalFree@4         004a448c     kernel32:KERNEL32.dll
 0004:00000490       __imp__LocalAlloc@8        004a4490     kernel32:KERNEL32.dll
 0004:00000494       __imp__GetCurrentThreadId@0 004a4494     kernel32:KERNEL32.dll
 0004:00000498       __imp__EnterCriticalSection@4 004a4498     kernel32:KERNEL32.dll
 0004:0000049c       __imp__LeaveCriticalSection@4 004a449c     kernel32:KERNEL32.dll
 0004:000004a0       __imp__CloseHandle@4       004a44a0     kernel32:KERNEL32.dll
 0004:000004a4       __imp__DeleteCriticalSection@4 004a44a4     kernel32:KERNEL32.dll
 0004:000004a8       __imp__WaitForMultipleObjects@16 004a44a8     kernel32:KERNEL32.dll
 0004:000004ac       __imp__PulseEvent@4        004a44ac     kernel32:KERNEL32.dll
 0004:000004b0       __imp__RaiseException@16   004a44b0     kernel32:KERNEL32.dll
 0004:000004b4       __imp__GetVersionExA@4     004a44b4     kernel32:KERNEL32.dll
 0004:000004b8       __imp__FormatMessageA@28   004a44b8     kernel32:KERNEL32.dll
 0004:000004bc       __imp__GetLocalTime@4      004a44bc     kernel32:KERNEL32.dll
 0004:000004c0       __imp__QueryPerformanceCounter@4 004a44c0     kernel32:KERNEL32.dll
 0004:000004c4       __imp__QueryPerformanceFrequency@4 004a44c4     kernel32:KERNEL32.dll
 0004:000004c8       __imp__GetModuleFileNameW@12 004a44c8     kernel32:KERNEL32.dll
 0004:000004cc       __imp__WriteConsoleW@20    004a44cc     kernel32:KERNEL32.dll
 0004:000004d0       __imp__GetFileType@4       004a44d0     kernel32:KERNEL32.dll
 0004:000004d4       __imp__ResumeThread@4      004a44d4     kernel32:KERNEL32.dll
 0004:000004d8       __imp__CreateThread@24     004a44d8     kernel32:KERNEL32.dll
 0004:000004dc       __imp__ExitThread@4        004a44dc     kernel32:KERNEL32.dll
 0004:000004e0       __imp__GetSystemTimeAsFileTime@4 004a44e0     kernel32:KERNEL32.dll
 0004:000004e4       __imp__SetConsoleCtrlHandler@8 004a44e4     kernel32:KERNEL32.dll
 0004:000004e8       __imp__GetCommandLineA@0   004a44e8     kernel32:KERNEL32.dll
 0004:000004ec       __imp__GetModuleHandleW@4  004a44ec     kernel32:KERNEL32.dll
 0004:000004f0       __imp__InterlockedIncrement@4 004a44f0     kernel32:KERNEL32.dll
 0004:000004f4       __imp__InterlockedDecrement@4 004a44f4     kernel32:KERNEL32.dll
 0004:000004f8       __imp__GetProcAddress@8    004a44f8     kernel32:KERNEL32.dll
 0004:000004fc       __imp__ExitProcess@4       004a44fc     kernel32:KERNEL32.dll
 0004:00000500       __imp__FileTimeToSystemTime@8 004a4500     kernel32:KERNEL32.dll
 0004:00000504       __imp__FileTimeToLocalFileTime@8 004a4504     kernel32:KERNEL32.dll
 0004:00000508       __imp__GetFileInformationByHandle@8 004a4508     kernel32:KERNEL32.dll
 0004:0000050c       __imp__PeekNamedPipe@24    004a450c     kernel32:KERNEL32.dll
 0004:00000510       __imp__DeleteFileA@4       004a4510     kernel32:KERNEL32.dll
 0004:00000514       __imp__LoadLibraryW@4      004a4514     kernel32:KERNEL32.dll
 0004:00000518       __imp__UnhandledExceptionFilter@4 004a4518     kernel32:KERNEL32.dll
 0004:0000051c       __imp__SetUnhandledExceptionFilter@4 004a451c     kernel32:KERNEL32.dll
 0004:00000520       __imp__TerminateProcess@8  004a4520     kernel32:KERNEL32.dll
 0004:00000524       __imp__GetCurrentProcess@0 004a4524     kernel32:KERNEL32.dll
 0004:00000528       __imp__IsDebuggerPresent@0 004a4528     kernel32:KERNEL32.dll
 0004:0000052c       __imp__GetACP@0            004a452c     kernel32:KERNEL32.dll
 0004:00000530       __imp__GetOEMCP@0          004a4530     kernel32:KERNEL32.dll
 0004:00000534       __imp__GetCPInfo@8         004a4534     kernel32:KERNEL32.dll
 0004:00000538       __imp__IsValidCodePage@4   004a4538     kernel32:KERNEL32.dll
 0004:0000053c       __imp__TlsGetValue@4       004a453c     kernel32:KERNEL32.dll
 0004:00000540       __imp__TlsAlloc@0          004a4540     kernel32:KERNEL32.dll
 0004:00000544       __imp__TlsSetValue@8       004a4544     kernel32:KERNEL32.dll
 0004:00000548       __imp__TlsFree@4           004a4548     kernel32:KERNEL32.dll
 0004:0000054c       __imp__SetLastError@4      004a454c     kernel32:KERNEL32.dll
 0004:00000550       __imp__GetCurrentThread@0  004a4550     kernel32:KERNEL32.dll
 0004:00000554       __imp__WideCharToMultiByte@32 004a4554     kernel32:KERNEL32.dll
 0004:00000558       __imp__MultiByteToWideChar@24 004a4558     kernel32:KERNEL32.dll
 0004:0000055c       __imp__LCMapStringA@24     004a455c     kernel32:KERNEL32.dll
 0004:00000560       __imp__LCMapStringW@24     004a4560     kernel32:KERNEL32.dll
 0004:00000564       __imp__GetModuleHandleA@4  004a4564     kernel32:KERNEL32.dll
 0004:00000568       __imp__HeapValidate@12     004a4568     kernel32:KERNEL32.dll
 0004:0000056c       __imp__IsBadReadPtr@8      004a456c     kernel32:KERNEL32.dll
 0004:00000570       __imp__SetHandleCount@4    004a4570     kernel32:KERNEL32.dll
 0004:00000574       __imp__GetStartupInfoA@4   004a4574     kernel32:KERNEL32.dll
 0004:00000578       __imp__FatalAppExitA@8     004a4578     kernel32:KERNEL32.dll
 0004:0000057c       __imp__FlushFileBuffers@4  004a457c     kernel32:KERNEL32.dll
 0004:00000580       __imp__WriteFile@20        004a4580     kernel32:KERNEL32.dll
 0004:00000584       __imp__GetConsoleCP@0      004a4584     kernel32:KERNEL32.dll
 0004:00000588       __imp__GetTickCount@0      004a4588     kernel32:KERNEL32.dll
 0004:0000058c       __imp__GetCurrentProcessId@0 004a458c     kernel32:KERNEL32.dll
 0004:00000590       __imp__GetModuleFileNameA@12 004a4590     kernel32:KERNEL32.dll
 0004:00000594       __imp__FreeEnvironmentStringsA@4 004a4594     kernel32:KERNEL32.dll
 0004:00000598       __imp__GetEnvironmentStrings@0 004a4598     kernel32:KERNEL32.dll
 0004:0000059c       __imp__FreeEnvironmentStringsW@4 004a459c     kernel32:KERNEL32.dll
 0004:000005a0       __imp__GetEnvironmentStringsW@0 004a45a0     kernel32:KERNEL32.dll
 0004:000005a4       __imp__HeapDestroy@4       004a45a4     kernel32:KERNEL32.dll
 0004:000005a8       __imp__HeapCreate@12       004a45a8     kernel32:KERNEL32.dll
 0004:000005ac       __imp__HeapFree@12         004a45ac     kernel32:KERNEL32.dll
 0004:000005b0       __imp__VirtualFree@12      004a45b0     kernel32:KERNEL32.dll
 0004:000005b4       __imp__RtlUnwind@16        004a45b4     kernel32:KERNEL32.dll
 0004:000005b8       __imp__FreeLibrary@4       004a45b8     kernel32:KERNEL32.dll
 0004:000005bc       __imp__InterlockedExchange@8 004a45bc     kernel32:KERNEL32.dll
 0004:000005c0       __imp__LoadLibraryA@4      004a45c0     kernel32:KERNEL32.dll
 0004:000005c4       __imp__InitializeCriticalSectionAndSpinCount@8 004a45c4     kernel32:KERNEL32.dll
 0004:000005c8       __imp__SetFilePointer@16   004a45c8     kernel32:KERNEL32.dll
 0004:000005cc       __imp__SetStdHandle@8      004a45cc     kernel32:KERNEL32.dll
 0004:000005d0       __imp__ReadFile@20         004a45d0     kernel32:KERNEL32.dll
 0004:000005d4       __imp__DebugBreak@0        004a45d4     kernel32:KERNEL32.dll
 0004:000005d8       __imp__OutputDebugStringA@4 004a45d8     kernel32:KERNEL32.dll
 0004:000005dc       __imp__OutputDebugStringW@4 004a45dc     kernel32:KERNEL32.dll
 0004:000005e0       __imp__GetStringTypeA@20   004a45e0     kernel32:KERNEL32.dll
 0004:000005e4       __imp__GetStringTypeW@16   004a45e4     kernel32:KERNEL32.dll
 0004:000005e8       __imp__GetTimeFormatA@24   004a45e8     kernel32:KERNEL32.dll
 0004:000005ec       __imp__GetDateFormatA@24   004a45ec     kernel32:KERNEL32.dll
 0004:000005f0       __imp__GetLocaleInfoA@16   004a45f0     kernel32:KERNEL32.dll
 0004:000005f4       __imp__IsValidLocale@8     004a45f4     kernel32:KERNEL32.dll
 0004:000005f8       __imp__EnumSystemLocalesA@8 004a45f8     kernel32:KERNEL32.dll
 0004:000005fc       __imp__GetUserDefaultLCID@0 004a45fc     kernel32:KERNEL32.dll
 0004:00000600       __imp__HeapAlloc@12        004a4600     kernel32:KERNEL32.dll
 0004:00000604       \177KERNEL32_NULL_THUNK_DATA 004a4604     kernel32:KERNEL32.dll
 0004:00000690       __imp__timeGetTime@0       004a4690     winmm:WINMM.dll
 0004:00000694       \177WINMM_NULL_THUNK_DATA  004a4694     winmm:WINMM.dll
 0004:000006c0       __imp__PacketOpenAdapter   004a46c0     packet:packet.dll
 0004:000006c4       __imp__PacketRequest       004a46c4     packet:packet.dll
 0004:000006c8       __imp__PacketCloseAdapter  004a46c8     packet:packet.dll
 0004:000006cc       \177packet_NULL_THUNK_DATA 004a46cc     packet:packet.dll
 0004:000006f8       __imp__pcap_sendpacket     004a46f8     wpcap:wpcap.dll
 0004:000006fc       __imp__pcap_geterr         004a46fc     wpcap:wpcap.dll
 0004:00000700       __imp__pcap_compile        004a4700     wpcap:wpcap.dll
 0004:00000704       __imp__pcap_setfilter      004a4704     wpcap:wpcap.dll
 0004:00000708       __imp__pcap_next           004a4708     wpcap:wpcap.dll
 0004:0000070c       __imp__pcap_findalldevs    004a470c     wpcap:wpcap.dll
 0004:00000710       __imp__pcap_open_live      004a4710     wpcap:wpcap.dll
 0004:00000714       __imp__pcap_freealldevs    004a4714     wpcap:wpcap.dll
 0004:00000718       __imp__pcap_setnonblock    004a4718     wpcap:wpcap.dll
 0004:0000071c       __imp__pcap_getevent       004a471c     wpcap:wpcap.dll
 0004:00000720       __imp__pcap_setmintocopy   004a4720     wpcap:wpcap.dll
 0004:00000724       \177wpcap_NULL_THUNK_DATA  004a4724     wpcap:wpcap.dll

 entry point at        0001:00012b90

