 scl_tpxs0_ld

 Timestamp is 4f92971b (Sat Apr 21 19:16:43 2012)

 Preferred load address is 00400000

 Start         Length     Name                   Class
 0001:00000000 000dd364H .text                   CODE
 0002:00000000 00000104H .CRT$XCA                DATA
 0002:00000104 00000104H .CRT$XCZ                DATA
 0002:00000208 00000104H .CRT$XIA                DATA
 0002:0000030c 00000113H .CRT$XIC                DATA
 0002:00000420 00000104H .CRT$XIY                DATA
 0002:00000524 00000104H .CRT$XIZ                DATA
 0002:00000628 00000104H .CRT$XPA                DATA
 0002:0000072c 00000104H .CRT$XPX                DATA
 0002:00000830 00000104H .CRT$XPXA               DATA
 0002:00000934 00000104H .CRT$XPZ                DATA
 0002:00000a38 00000104H .CRT$XTA                DATA
 0002:00000b3c 00000104H .CRT$XTZ                DATA
 0002:00000c40 0000351bH .rdata                  DATA
 0002:0000415c 00000176H .rdata$debug            DATA
 0002:000042e0 0000010eH .rdata$sxdata           DATA
 0002:000043f0 00000104H .rtc$IAA                DATA
 0002:000044f4 00000104H .rtc$IMZ                DATA
 0002:000045f8 00000104H .rtc$IZZ                DATA
 0002:000046fc 00000104H .rtc$TAA                DATA
 0002:00004800 00000104H .rtc$TMZ                DATA
 0002:00004904 00000104H .rtc$TZZ                DATA
 0002:00004a08 00000cdeH .xdata$x                DATA
 0002:000056e6 00000000H .edata                  DATA
 0003:00000000 0002dc50H .data                   DATA
 0003:0002dc60 0000c4e4H .bss                    DATA
 0004:00000000 00000078H .idata$2                DATA
 0004:00000078 00000014H .idata$3                DATA
 0004:0000008c 000003f0H .idata$4                DATA
 0004:0000047c 000003f0H .idata$5                DATA
 0004:0000086c 00000bfbH .idata$6                DATA
 0005:00000000 00000169H .rsrc$01                DATA
 0005:00000170 000002e9H .rsrc$02                DATA

  Address         Publics by Value              Rva+Base       Lib:Object

 0000:00000000       __except_list              00000000     <absolute>
 0000:00000003       ___safe_se_handler_count   00000003     <absolute>
 0000:00000000       ___ImageBase               00400000     <linker-defined>
 0001:00000440       _wait_any_event            00401440 f   event.obj
 0001:000004c0       _logCfgAddMaskGroup        004014c0 f   logcfgx.obj
 0001:000004f0       _logCfgRemoveMaskGroup     004014f0 f   logcfgx.obj
 0001:00000520       _logCfgRemoveAllMaskGroups 00401520 f   logcfgx.obj
 0001:00000530       __logcfg_save_logmasks     00401530 f   logcfgx.obj
 0001:000005f0       __logcfg_get_logmasks      004015f0 f   logcfgx.obj
 0001:000007e0       __logcfg_get_logmasks_size 004017e0 f   logcfgx.obj
 0001:000008d0       _logCfgFindTagValPath      004018d0 f   logcfgx.obj
 0001:00000920       _logCfgFindTagVal          00401920 f   logcfgx.obj
 0001:00000990       _logCfgClearTagVals        00401990 f   logcfgx.obj
 0001:00000a10       _logcfgx_ex                00401a10 f   logcfgx.obj
 0001:00000a40       _logcfgx_exx               00401a40 f   logcfgx.obj
 0001:000028e0       _slog_ipc_std_cmd_service  004038e0 f   logcfgx.obj
 0001:00002910       _slog_ipc_std_cmd_service_ex 00403910 f   logcfgx.obj
 0001:00003760       __mvl_net_service          00404760 f   Mvl_acse.obj
 0001:00003850       __mvl_free_comm_event      00404850 f   Mvl_acse.obj
 0001:000038f0       _mvl_set_max_msg_size      004048f0 f   Mvl_acse.obj
 0001:00003950       _mvl_start_acse            00404950 f   Mvl_acse.obj
 0001:00003e70       _mvl_end_acse              00404e70 f   Mvl_acse.obj
 0001:00004080       __mvl_send_msg             00405080 f   Mvl_acse.obj
 0001:000041e0       _find_loc_dib_entry        004051e0 f   Mvl_acse.obj
 0001:00004240       _find_rem_dib_entry        00405240 f   Mvl_acse.obj
 0001:000042a0       _mvl_dib_entry_to_app_ref  004052a0 f   Mvl_acse.obj
 0001:00004360       _mvla_set_init_ar          00405360 f   Mvl_acse.obj
 0001:000043e0       _mvl_abort_req             004053e0 f   Mvl_acse.obj
 0001:00004400       _mvl_abort_req_ex          00405400 f   Mvl_acse.obj
 0001:00004500       _mvl_release_req           00405500 f   Mvl_acse.obj
 0001:00004540       _mvla_release_req          00405540 f   Mvl_acse.obj
 0001:00004580       __mvl_release              00405580 f   Mvl_acse.obj
 0001:00004660       _mvl_add_bind_ctrl         00405660 f   Mvl_acse.obj
 0001:00004bf0       _u_copp_bind_cnf           00405bf0 f   Mvl_acse.obj
 0001:00004c30       _u_copp_unbind_cnf         00405c30 f   Mvl_acse.obj
 0001:00004c50       _u_a_associate_ind         00405c50 f   Mvl_acse.obj
 0001:000053f0       _u_a_associate_cnf         004063f0 f   Mvl_acse.obj
 0001:00005400       _u_a_data_ind              00406400 f   Mvl_acse.obj
 0001:00005650       _u_a_release_ind           00406650 f   Mvl_acse.obj
 0001:00005740       _u_a_abort_ind             00406740 f   Mvl_acse.obj
 0001:00005860       _u_a_release_cnf           00406860 f   Mvl_acse.obj
 0001:00005960       _u_a_except                00406960 f   Mvl_acse.obj
 0001:00005ae0       _mvl_aa_resize             00406ae0 f   Mvl_acse.obj
 0001:00005c20       __mvl_clear_aa_objs        00406c20 f   Mvl_acse.obj
 0001:00005d20       _mvl_aa_resize_conn        00406d20 f   Mvl_acse.obj
 0001:00005e50       _mvl_match_remote_ar       00406e50 f   Mvl_acse.obj
 0001:00005e70       _mvl_match_local_ar        00406e70 f   Mvl_acse.obj
 0001:00005e90       _mvl_cmp_local_addr        00406e90 f   Mvl_acse.obj
 0001:00005eb0       _mvl_cmp_remote_addr       00406eb0 f   Mvl_acse.obj
 0001:00005ed0       _mvl_net_info_to_chan      00406ed0 f   Mvl_acse.obj
 0001:000068c0       _mvl_cancel_ind_rcvd       004078c0 f   Mvlop_en.obj
 0001:000068e0       _mvl_concl_ind_rcvd        004078e0 f   Mvlop_en.obj
 0001:00006900       _mvl_concl_conf_rcvd       00407900 f   Mvlop_en.obj
 0001:00006920       _mvl_ind_rcvd              00407920 f   Mvlop_en.obj
 0001:00006b80       _mvl_conf_rcvd             00407b80 f   Mvlop_en.obj
 0001:00006da0       _u_mvl_reject_ind          00407da0 f   reject.obj
 0001:00006ee0       _scl_svcb_find             00407ee0 f   scl_srvr.obj
 0001:00006fd0       _test_smpval_msg_send      00407fd0 f   scl_srvr.obj
 0001:000071c0       _main                      004081c0 f   scl_srvr.obj
 0001:000076d0       _u_mvl_ident_ind           004086d0 f   scl_srvr.obj
 0001:000076f0       _u_mvl_status_ind          004086f0 f   scl_srvr.obj
 0001:00007710       _u_mvl_getdom_ind          00408710 f   scl_srvr.obj
 0001:00007730       _u_mvl_getvlist_ind        00408730 f   scl_srvr.obj
 0001:00007750       _u_mvl_getvar_ind          00408750 f   scl_srvr.obj
 0001:00007770       _u_mvl_namelist_ind        00408770 f   scl_srvr.obj
 0001:00007790       _u_mvl_defvlist_ind        00408790 f   scl_srvr.obj
 0001:000077b0       _u_mvl_delvlist_ind        004087b0 f   scl_srvr.obj
 0001:000077d0       _u_mvl_getcl_ind           004087d0 f   scl_srvr.obj
 0001:000078a0       _u_mvl_concl_ind           004088a0 f   scl_srvr.obj
 0001:000078f0       _u_mvl_connect_ind_ex      004088f0 f   scl_srvr.obj
 0001:00007c80       _ctrlCfun                  00408c80 f   scl_srvr.obj
 0001:00007c90       _u_mvlu_resolve_leaf_ref   00408c90 f   scl_srvr.obj
 0001:00007d10       _u_mvlu_rpt_time_get       00408d10 f   scl_srvr.obj
 0001:00007d40       _u_no_write_allowed        00408d40 f   scl_srvr.obj
 0001:00007d70       _u_mvl_sbo_operate         00408d70 f   scl_srvr.obj
 0001:00007da0       _all_obj_create            00408da0 f   scl_srvr.obj
 0001:00007eb0       _all_obj_destroy           00408eb0 f   scl_srvr.obj
 0001:00007ee0       _u_mvl61850_ctl_oper_begin 00408ee0 f   scl_srvr.obj
 0001:00007ef0       _u_mvl61850_ctl_oper_end   00408ef0 f   scl_srvr.obj
 0001:00007f90       _u_mvl_scl_set_initial_value 00408f90 f   scl_srvr.obj
 0001:00007fd0       _mvl61860_ctl_direct_enhanced_get 00408fd0 f   scl_srvr.obj
 0001:00008090       _mvl61850_ctl_direct_enhanced_free 00409090 f   scl_srvr.obj
 0001:000087b0       _slogIpcInit               004097b0 f   slogipc.obj
 0001:00008a30       _slogIpcStop               00409a30 f   slogipc.obj
 0001:00008bb0       _slogIpcEvent              00409bb0 f   slogipc.obj
 0001:00008bd0       _slogIpcEventEx            00409bd0 f   slogipc.obj
 0001:00008be0       _slogIpc                   00409be0 f   slogipc.obj
 0001:00009170       _slogIpcSendData           0040a170 f   slogipc.obj
 0001:00009250       _slogIpcSendRawData        0040a250 f   slogipc.obj
 0001:00009590       _slog_ipc_std_cmd_fun      0040a590 f   slogipc.obj
 0001:00009670       _slogIpcCallingEnable      0040a670 f   slogipc.obj
 0001:00009690       _slogIpcCallingEnableEx    0040a690 f   slogipc.obj
 0001:00009fb0       _slogIpcActiveCount        0040afb0 f   slogipc.obj
 0001:0000a030       __slogIpcInitHdr           0040b030 f   slogipc.obj
 0001:0000a6d0       _startup_cfg_read          0040b6d0 f   startup.obj
 0001:0000ac30       _mvl_init_mms_objs         0040bc30 f   uca_obj.obj
 0001:0000ae90       _mvl_init_type_ctrl        0040be90 f   uca_obj.obj
 0001:0000af90       _u_set_all_leaf_functions  0040bf90 f   userleaf.obj
 0001:0000b3c0       _set_rpt_reason            0040c3c0 f   userleaf.obj
 0001:0000b480       _u_custom_rd_ind           0040c480 f   userleaf.obj
 0001:0000b890       _u_custom_wr_ind           0040c890 f   userleaf.obj
 0001:0000b9a0       _u_ctl_oper_ctlval_wr_ind  0040c9a0 f   userleaf.obj
 0001:0000b9d0       _u_ctl_oper_other_wr_ind   0040c9d0 f   userleaf.obj
 0001:0000bac0       _u_cancel_comp_wr_ind      0040cac0 f   userleaf.obj
 0001:0000bb00       _u_ctl_sbo_rd_ind          0040cb00 f   userleaf.obj
 0001:0000bb50       _u_ctl_sbow_comp_wr_ind    0040cb50 f   userleaf.obj
 0001:0000c050       _any_cfg_count             0040d050 f   usermap.obj
 0001:0000c200       _datamap_find_leaf         0040d200 f   usermap.obj
 0001:0000c2a0       _datamap_ln                0040d2a0 f   usermap.obj
 0001:0000d140       _datamap_cfg_read          0040e140 f   usermap.obj
 0001:0000d730       _datamap_cfg_destroy       0040e730 f   usermap.obj
 0001:0000de32       _htonl@4                   0040ee32 f   ws2_32:WS2_32.dll
 0001:0000de38       _ntohl@4                   0040ee38 f   ws2_32:WS2_32.dll
 0001:0000de40       _gs_mutex_create           0040ee40 f   utility_ld:glbsem_w32.obj
 0001:0000de80       _gs_translate_name         0040ee80 f   utility_ld:glbsem_w32.obj
 0001:0000df30       _gs_named_mutex_create     0040ef30 f   utility_ld:glbsem_w32.obj
 0001:0000e200       _gs_mutex_get_tm           0040f200 f   utility_ld:glbsem_w32.obj
 0001:0000e270       _gs_mutex_free             0040f270 f   utility_ld:glbsem_w32.obj
 0001:0000e320       _gs_mutex_destroy          0040f320 f   utility_ld:glbsem_w32.obj
 0001:0000e3b0       _gs_get_event_sem          0040f3b0 f   utility_ld:glbsem_w32.obj
 0001:0000e420       _gs_get_named_event_sem    0040f420 f   utility_ld:glbsem_w32.obj
 0001:0000e570       _gs_wait_event_sem         0040f570 f   utility_ld:glbsem_w32.obj
 0001:0000e660       _gs_wait_mult_event_sem    0040f660 f   utility_ld:glbsem_w32.obj
 0001:0000e790       _gs_signal_event_sem       0040f790 f   utility_ld:glbsem_w32.obj
 0001:0000e800       _gs_pulse_event_sem        0040f800 f   utility_ld:glbsem_w32.obj
 0001:0000e870       _gs_reset_event_sem        0040f870 f   utility_ld:glbsem_w32.obj
 0001:0000e8e0       _gs_free_event_sem         0040f8e0 f   utility_ld:glbsem_w32.obj
 0001:0000e950       _gs_start_thread           0040f950 f   utility_ld:glbsem_w32.obj
 0001:0000ea30       _gs_wait_thread            0040fa30 f   utility_ld:glbsem_w32.obj
 0001:0000eb20       _gs_close_thread           0040fb20 f   utility_ld:glbsem_w32.obj
 0001:0000ebe0       _gs_set_thread_name        0040fbe0 f   utility_ld:glbsem_w32.obj
 0001:0000ec70       _gs_is_win_ver             0040fc70 f   utility_ld:glbsem_w32.obj
 0001:0000f080       _list_unlink               00410080 f   utility_ld:genlists.obj
 0001:0000f190       _list_add_first            00410190 f   utility_ld:genlists.obj
 0001:0000f230       _list_add_last             00410230 f   utility_ld:genlists.obj
 0001:0000f2d0       _list_get_first            004102d0 f   utility_ld:genlists.obj
 0001:0000f300       _list_get_last             00410300 f   utility_ld:genlists.obj
 0001:0000f340       _list_move_to_first        00410340 f   utility_ld:genlists.obj
 0001:0000f380       _list_find_node            00410380 f   utility_ld:genlists.obj
 0001:0000f3f0       _list_add_node_after       004103f0 f   utility_ld:genlists.obj
 0001:0000f4a0       _list_get_next             004104a0 f   utility_ld:genlists.obj
 0001:0000f520       _list_get_sizeof           00410520 f   utility_ld:genlists.obj
 0001:0000f560       _list_find_prev            00410560 f   utility_ld:genlists.obj
 0001:0000f5e0       _list_find_last            004105e0 f   utility_ld:genlists.obj
 0001:0000f610       _sx_add_string             00410610 f   utility_ld:sx_enc.obj
 0001:0000f640       _sx_add_buf                00410640 f   utility_ld:sx_enc.obj
 0001:0000f7a0       _sx_start_encode           004107a0 f   utility_ld:sx_enc.obj
 0001:0000f7e0       _sx_start_encodeEx         004107e0 f   utility_ld:sx_enc.obj
 0001:0000f840       _sx_init_encode            00410840 f   utility_ld:sx_enc.obj
 0001:0000f8e0       _sx_init_encodeEx          004108e0 f   utility_ld:sx_enc.obj
 0001:0000fa00       _sx_end_encode             00410a00 f   utility_ld:sx_enc.obj
 0001:0000fb00       _sx_end_element            00410b00 f   utility_ld:sx_enc.obj
 0001:0000fb50       _sx_write_element          00410b50 f   utility_ld:sx_enc.obj
 0001:00010e50       _sx_wr_string              00411e50 f   utility_ld:sx_enc.obj
 0001:00011200       _sx_wrx_string_el          00412200 f   utility_ld:sx_enc.obj
 0001:00011260       _sx_wr_nstring             00412260 f   utility_ld:sx_enc.obj
 0001:000115c0       _sx_wrx_nstring_el         004125c0 f   utility_ld:sx_enc.obj
 0001:00011620       _sx_wr_bitstring           00412620 f   utility_ld:sx_enc.obj
 0001:00011950       _sx_wrx_bitstring_el       00412950 f   utility_ld:sx_enc.obj
 0001:000119b0       _sx_wr_int                 004129b0 f   utility_ld:sx_enc.obj
 0001:00011ba0       _sx_wrx_int_el             00412ba0 f   utility_ld:sx_enc.obj
 0001:00011c00       _sx_wr_uint                00412c00 f   utility_ld:sx_enc.obj
 0001:00011df0       _sx_wrx_uint_el            00412df0 f   utility_ld:sx_enc.obj
 0001:00011e50       _sx_wr_ulong               00412e50 f   utility_ld:sx_enc.obj
 0001:00012040       _sx_wrx_ulong_el           00413040 f   utility_ld:sx_enc.obj
 0001:000120a0       _sx_wr_uint32_hex          004130a0 f   utility_ld:sx_enc.obj
 0001:00012290       _sx_wrx_uint32_hex_el      00413290 f   utility_ld:sx_enc.obj
 0001:000122f0       _sx_wr_double              004132f0 f   utility_ld:sx_enc.obj
 0001:000124e0       _sx_wrx_double_el          004134e0 f   utility_ld:sx_enc.obj
 0001:00012540       _sx_wr_float               00413540 f   utility_ld:sx_enc.obj
 0001:00012730       _sx_wrx_float_el           00413730 f   utility_ld:sx_enc.obj
 0001:00012790       _sx_wr_long                00413790 f   utility_ld:sx_enc.obj
 0001:00012980       _sx_wrx_long_el            00413980 f   utility_ld:sx_enc.obj
 0001:000129e0       _sx_wr_bool                004139e0 f   utility_ld:sx_enc.obj
 0001:00012cb0       _sx_wrx_bool_el            00413cb0 f   utility_ld:sx_enc.obj
 0001:00012d10       _sx_wr_time                00413d10 f   utility_ld:sx_enc.obj
 0001:00012f30       _sx_wr_tm                  00413f30 f   utility_ld:sx_enc.obj
 0001:00013130       _XmlDurationToString       00414130 f   utility_ld:sx_enc.obj
 0001:00013480       _sx_wr_duration            00414480 f   utility_ld:sx_enc.obj
 0001:00013670       _sx_wr_xtime               00414670 f   utility_ld:sx_enc.obj
 0001:000138e0       _sx_wrx_duration_el        004148e0 f   utility_ld:sx_enc.obj
 0001:00013940       _sx_wrx_xtime_el           00414940 f   utility_ld:sx_enc.obj
 0001:000139a0       _sx_wrx_time_el            004149a0 f   utility_ld:sx_enc.obj
 0001:00013a00       _sx_wrx_tm_el              00414a00 f   utility_ld:sx_enc.obj
 0001:00013a60       _sx_wr_cdata               00414a60 f   utility_ld:sx_enc.obj
 0001:00013fb0       _sx_wrx_cdata_el           00414fb0 f   utility_ld:sx_enc.obj
 0001:00014010       _sx_wr_comment             00415010 f   utility_ld:sx_enc.obj
 0001:00014830       _sx_format_string_enc      00415830 f   utility_ld:sx_enc.obj
 0001:00014980       _sx_format_nstring_enc     00415980 f   utility_ld:sx_enc.obj
 0001:00014ae0       _sx_parseExx_mt            00415ae0 f   utility_ld:sx_dec.obj
 0001:00014cd0       _sx_parse_mt               00415cd0 f   utility_ld:sx_dec.obj
 0001:00014e30       _sx_parseEx_mt             00415e30 f   utility_ld:sx_dec.obj
 0001:00014fd0       _sxStartElement            00415fd0 f   utility_ld:sx_dec.obj
 0001:00015300       _sxEndElement              00416300 f   utility_ld:sx_dec.obj
 0001:000154f0       _sx_push                   004164f0 f   utility_ld:sx_dec.obj
 0001:000155c0       _sx_pop                    004165c0 f   utility_ld:sx_dec.obj
 0001:000156e0       __uibed_find_element       004166e0 f   utility_ld:sx_dec.obj
 0001:00015770       _sx_get_element_contents   00416770 f   utility_ld:sx_dec.obj
 0001:00015850       _sx_find_element_contents  00416850 f   utility_ld:sx_dec.obj
 0001:000159c0       _sx_get_entity             004169c0 f   utility_ld:sx_dec.obj
 0001:00015ae0       _sx_get_bool               00416ae0 f   utility_ld:sx_dec.obj
 0001:00015b30       _sx_get_int                00416b30 f   utility_ld:sx_dec.obj
 0001:00015b50       _sx_get_float              00416b50 f   utility_ld:sx_dec.obj
 0001:00015b70       _sx_get_double             00416b70 f   utility_ld:sx_dec.obj
 0001:00015b90       _sx_get_uchar              00416b90 f   utility_ld:sx_dec.obj
 0001:00015bb0       _sx_get_int16              00416bb0 f   utility_ld:sx_dec.obj
 0001:00015bf0       _sx_get_uint16             00416bf0 f   utility_ld:sx_dec.obj
 0001:00015c10       _sx_get_uint32             00416c10 f   utility_ld:sx_dec.obj
 0001:00015c50       _sx_get_uint32_hex         00416c50 f   utility_ld:sx_dec.obj
 0001:00015c90       _sx_get_int32              00416c90 f   utility_ld:sx_dec.obj
 0001:00015cd0       _sx_get_long               00416cd0 f   utility_ld:sx_dec.obj
 0001:00015cf0       _sx_get_ulong              00416cf0 f   utility_ld:sx_dec.obj
 0001:00015d10       _sx_get_uint               00416d10 f   utility_ld:sx_dec.obj
 0001:00015d30       _sx_get_value              00416d30 f   utility_ld:sx_dec.obj
 0001:00015dd0       _sx_get_alloc_string       00416dd0 f   utility_ld:sx_dec.obj
 0001:00015e30       _sx_get_string             00416e30 f   utility_ld:sx_dec.obj
 0001:00015ee0       _sx_format_string_dec      00416ee0 f   utility_ld:sx_dec.obj
 0001:000160c0       _sx_get_bool_attr          004170c0 f   utility_ld:sx_dec.obj
 0001:00016110       _sx_get_int_attr           00417110 f   utility_ld:sx_dec.obj
 0001:00016130       _sx_get_float_attr         00417130 f   utility_ld:sx_dec.obj
 0001:00016150       _sx_get_double_attr        00417150 f   utility_ld:sx_dec.obj
 0001:00016170       _sx_get_uchar_attr         00417170 f   utility_ld:sx_dec.obj
 0001:00016190       _sx_get_int16_attr         00417190 f   utility_ld:sx_dec.obj
 0001:000161d0       _sx_get_uint16_attr        004171d0 f   utility_ld:sx_dec.obj
 0001:00016210       _sx_get_uint32_attr        00417210 f   utility_ld:sx_dec.obj
 0001:00016250       _sx_get_int32_attr         00417250 f   utility_ld:sx_dec.obj
 0001:00016290       _sx_get_long_attr          00417290 f   utility_ld:sx_dec.obj
 0001:000162b0       _sx_get_ulong_attr         004172b0 f   utility_ld:sx_dec.obj
 0001:000162d0       _sx_get_uint_attr          004172d0 f   utility_ld:sx_dec.obj
 0001:000162f0       _XmlStringToDuration       004172f0 f   utility_ld:sx_dec.obj
 0001:000166a0       _sx_get_duration_attr      004176a0 f   utility_ld:sx_dec.obj
 0001:00016750       _sx_get_xtime_attr         00417750 f   utility_ld:sx_dec.obj
 0001:00016800       _sx_get_tm_attr            00417800 f   utility_ld:sx_dec.obj
 0001:000168b0       _sx_get_attr_value         004178b0 f   utility_ld:sx_dec.obj
 0001:00016990       _sx_get_attr               00417990 f   utility_ld:sx_dec.obj
 0001:00016a10       _sx_get_attr_ptr           00417a10 f   utility_ld:sx_dec.obj
 0001:00016a80       _sx_get_bitstring          00417a80 f   utility_ld:sx_dec.obj
 0001:00016c30       _sx_get_string_ptr         00417c30 f   utility_ld:sx_dec.obj
 0001:00016c90       _sx_get_string_YesNo       00417c90 f   utility_ld:sx_dec.obj
 0001:00016d50       _sx_get_string_OnOff_mask  00417d50 f   utility_ld:sx_dec.obj
 0001:00016e20       _sx_get_string_OnOff_bool  00417e20 f   utility_ld:sx_dec.obj
 0001:00016ee0       _sx_get_time               00417ee0 f   utility_ld:sx_dec.obj
 0001:00016f90       _sx_get_tm                 00417f90 f   utility_ld:sx_dec.obj
 0001:00017030       _sx_get_tm_ex              00418030 f   utility_ld:sx_dec.obj
 0001:000171d0       _sx_get_duration           004181d0 f   utility_ld:sx_dec.obj
 0001:00017280       _sx_get_xtime              00418280 f   utility_ld:sx_dec.obj
 0001:00017330       _sx_get_time_ex            00418330 f   utility_ld:sx_dec.obj
 0001:000174f0       _sx_rip_xml                004184f0 f   utility_ld:sx_dec.obj
 0001:00019220       _sx_load_characters        0041a220 f   utility_ld:sx_dec.obj
 0001:000192c0       _ascii_to_hex_str          0041a2c0 f   utility_ld:str_util.obj
 0001:000193e0       _hex_to_ascii_str          0041a3e0 f   utility_ld:str_util.obj
 0001:000194e0       _strnstr                   0041a4e0 f   utility_ld:str_util.obj
 0001:000195a0       _strncat_maxstrlen         0041a5a0 f   utility_ld:str_util.obj
 0001:000195f0       _strncpy_safe              0041a5f0 f   utility_ld:str_util.obj
 0001:00019620       _asciiToSlong              0041a620 f   utility_ld:str_util.obj
 0001:00019670       _asciiToUlong              0041a670 f   utility_ld:str_util.obj
 0001:000196c0       _asciiToSint               0041a6c0 f   utility_ld:str_util.obj
 0001:00019720       _asciiToUint               0041a720 f   utility_ld:str_util.obj
 0001:00019780       _asciiToSint32             0041a780 f   utility_ld:str_util.obj
 0001:000197e0       _asciiToUint32             0041a7e0 f   utility_ld:str_util.obj
 0001:00019840       _asciiToSint16             0041a840 f   utility_ld:str_util.obj
 0001:000198c0       _asciiToUint16             0041a8c0 f   utility_ld:str_util.obj
 0001:00019930       _asciiToUchar              0041a930 f   utility_ld:str_util.obj
 0001:000199a0       _asciiToSint8              0041a9a0 f   utility_ld:str_util.obj
 0001:00019a10       _asciiToUint8              0041aa10 f   utility_ld:str_util.obj
 0001:00019a80       _asciiToFloat              0041aa80 f   utility_ld:str_util.obj
 0001:00019b00       _asciiToDouble             0041ab00 f   utility_ld:str_util.obj
 0001:00019b50       _sInt8ToAscii              0041ab50 f   utility_ld:str_util.obj
 0001:00019b70       _uInt8ToAscii              0041ab70 f   utility_ld:str_util.obj
 0001:00019b90       _sInt16ToAscii             0041ab90 f   utility_ld:str_util.obj
 0001:00019bb0       _uInt16ToAscii             0041abb0 f   utility_ld:str_util.obj
 0001:00019bd0       _sInt32ToAscii             0041abd0 f   utility_ld:str_util.obj
 0001:00019bf0       _uInt32ToAscii             0041abf0 f   utility_ld:str_util.obj
 0001:00019c10       _sIntToAscii               0041ac10 f   utility_ld:str_util.obj
 0001:00019c30       _uIntToAscii               0041ac30 f   utility_ld:str_util.obj
 0001:00019c50       _sLongToAscii              0041ac50 f   utility_ld:str_util.obj
 0001:00019c70       _uLongToAscii              0041ac70 f   utility_ld:str_util.obj
 0001:00019d80       _getKeywordFromFile        0041ad80 f   utility_ld:str_util.obj
 0001:00019fc0       _get_next_string           0041afc0 f   utility_ld:str_util.obj
 0001:0001a0f0       _gs_init                   0041b0f0 f   utility_ld:glbsem.obj
 0001:0001a170       _gs_log_sem_state          0041b170 f   utility_ld:glbsem.obj
 0001:0001a230       _gs_get_semx               0041b230 f   utility_ld:glbsem.obj
 0001:0001a3e0       _gs_free_semx              0041b3e0 f   utility_ld:glbsem.obj
 0001:0001a680       _stimeInit                 0041b680 f   utility_ld:stime.obj
 0001:0001a790       _sGetMsTime                0041b790 f   utility_ld:stime.obj
 0001:0001a7f0       _sGetSysMsTime             0041b7f0 f   utility_ld:stime.obj
 0001:0001a840       _sResetMsTime              0041b840 f   utility_ld:stime.obj
 0001:0001a880       _stimeExit                 0041b880 f   utility_ld:stime.obj
 0001:0001a8c0       _sMsSleep                  0041b8c0 f   utility_ld:stime.obj
 0001:0001a8d0       _scl_lntype_create         0041b8d0 f   utility_ld:sclstore.obj
 0001:0001a910       _scl_lntype_add_do         0041b910 f   utility_ld:sclstore.obj
 0001:0001a9a0       _scl_dotype_create         0041b9a0 f   utility_ld:sclstore.obj
 0001:0001a9e0       _scl_dotype_add_da         0041b9e0 f   utility_ld:sclstore.obj
 0001:0001aa80       _scl_dotype_add_sdo        0041ba80 f   utility_ld:sclstore.obj
 0001:0001ab20       _scl_datype_create         0041bb20 f   utility_ld:sclstore.obj
 0001:0001ab60       _scl_datype_add_bda        0041bb60 f   utility_ld:sclstore.obj
 0001:0001abf0       _scl_enumtype_create       0041bbf0 f   utility_ld:sclstore.obj
 0001:0001ac30       _scl_enumtype_add_enumval  0041bc30 f   utility_ld:sclstore.obj
 0001:0001acc0       _scl_fcda_add              0041bcc0 f   utility_ld:sclstore.obj
 0001:0001ad80       _scl_dai_add               0041bd80 f   utility_ld:sclstore.obj
 0001:0001ae30       _scl_dataset_add           0041be30 f   utility_ld:sclstore.obj
 0001:0001aee0       _scl_rcb_add               0041bee0 f   utility_ld:sclstore.obj
 0001:0001af90       _scl_lcb_add               0041bf90 f   utility_ld:sclstore.obj
 0001:0001b040       _scl_gcb_add               0041c040 f   utility_ld:sclstore.obj
 0001:0001b0f0       _scl_sgcb_add              0041c0f0 f   utility_ld:sclstore.obj
 0001:0001b1f0       _scl_svcb_add              0041c1f0 f   utility_ld:sclstore.obj
 0001:0001b2a0       _scl_ln_add                0041c2a0 f   utility_ld:sclstore.obj
 0001:0001b330       _scl_ld_create             0041c330 f   utility_ld:sclstore.obj
 0001:0001b380       _scl_subnet_add            0041c380 f   utility_ld:sclstore.obj
 0001:0001b3d0       _scl_cap_add               0041c3d0 f   utility_ld:sclstore.obj
 0001:0001b460       _scl_gse_add               0041c460 f   utility_ld:sclstore.obj
 0001:0001b500       _scl_smv_add               0041c500 f   utility_ld:sclstore.obj
 0001:0001b5a0       _scl_info_destroy          0041c5a0 f   utility_ld:sclstore.obj
 0001:0001bc80       _sockStart                 0041cc80 f   utility_ld:gensock2.obj
 0001:0001bca0       _sockStartEx               0041cca0 f   utility_ld:gensock2.obj
 0001:0001bf90       _sockEnd                   0041cf90 f   utility_ld:gensock2.obj
 0001:0001c170       _sockInitCalling           0041d170 f   utility_ld:gensock2.obj
 0001:0001c6f0       _sockInitListen            0041d6f0 f   utility_ld:gensock2.obj
 0001:0001cb20       _sockTxMsg                 0041db20 f   utility_ld:gensock2.obj
 0001:0001cb60       _sockTxQueueAdd            0041db60 f   utility_ld:gensock2.obj
 0001:0001cc10       _sockTxQueueDestroy        0041dc10 f   utility_ld:gensock2.obj
 0001:0001cca0       _sockTxQueueProc           0041dca0 f   utility_ld:gensock2.obj
 0001:0001ce60       _sockTxQueueGroupCntGet    0041de60 f   utility_ld:gensock2.obj
 0001:0001ceb0       _sockTx                    0041deb0 f   utility_ld:gensock2.obj
 0001:0001cf80       __sockTx                   0041df80 f   utility_ld:gensock2.obj
 0001:0001d240       _sockClose                 0041e240 f   utility_ld:gensock2.obj
 0001:0001d340       _sockFree                  0041e340 f   utility_ld:gensock2.obj
 0001:0001d590       _sockServiceWakeAll        0041e590 f   utility_ld:gensock2.obj
 0001:0001d5d0       _sockServiceWake           0041e5d0 f   utility_ld:gensock2.obj
 0001:0001d700       _sockCtrlService           0041e700 f   utility_ld:gensock2.obj
 0001:0001d9c0       _sockInitFds               0041e9c0 f   utility_ld:gensock2.obj
 0001:0001daf0       _sockAddReadFds            0041eaf0 f   utility_ld:gensock2.obj
 0001:0001dba0       _sockAddWriteFds           0041eba0 f   utility_ld:gensock2.obj
 0001:0001dc60       _sockAddExceptFds          0041ec60 f   utility_ld:gensock2.obj
 0001:0001dd20       _sockSelectResultProcess   0041ed20 f   utility_ld:gensock2.obj
 0001:0001eda0       __sockRecv                 0041fda0 f   utility_ld:gensock2.obj
 0001:0001ef60       __sockAllocSock            0041ff60 f   utility_ld:gensock2.obj
 0001:0001f260       __sockAddSock              00420260 f   utility_ld:gensock2.obj
 0001:0001f810       _sockCreateWakeupSockets   00420810 f   utility_ld:gensock2.obj
 0001:0001ff70       _sockLogState              00420f70 f   utility_ld:gensock2.obj
 0001:000200f0       _sockLogSockState          004210f0 f   utility_ld:gensock2.obj
 0001:00020300       _sockGetRemAddrInfo        00421300 f   utility_ld:gensock2.obj
 0001:000203a0       _sockUsrFun                004213a0 f   utility_ld:gensock2.obj
 0001:00020530       _convertIPAddr             00421530 f   utility_ld:gensock2.obj
 0001:000207a0       _sockEventPut              004217a0 f   utility_ld:gensock2.obj
 0001:000207f0       _sockEventGet              004217f0 f   utility_ld:gensock2.obj
 0001:00020840       _sockEventQueueFlush       00421840 f   utility_ld:gensock2.obj
 0001:000208d0       _StdTimeApiZeroMmsTimeOfDay6 004218d0 f   utility_ld:stdtime_mms_btime.obj
 0001:000208f0       _StdTimeToMmsTimeOfDay6Ex  004218f0 f   utility_ld:stdtime_mms_btime.obj
 0001:00020a10       _MmsTimeOfDay6ExToStdTime  00421a10 f   utility_ld:stdtime_mms_btime.obj
 0001:00020b10       _StdTimeToMmsTimeOfDay6    00421b10 f   utility_ld:stdtime_mms_btime.obj
 0001:00020b50       _MmsTimeOfDay6ToStdTime    00421b50 f   utility_ld:stdtime_mms_btime.obj
 0001:00020b90       _StdTimeRet                00421b90 f   utility_ld:stdtime.obj
 0001:00020bc0       _StdTimeYearIsLeap         00421bc0 f   utility_ld:stdtime.obj
 0001:00020c40       _StdTimeDaysInYearMon      00421c40 f   utility_ld:stdtime.obj
 0001:00020ca0       _StdTimeToStdTimeFields    00421ca0 f   utility_ld:stdtime.obj
 0001:00020e90       _StdTimeFieldsToStdTime    00421e90 f   utility_ld:stdtime.obj
 0001:00021070       _StdTimeToStdTimeStringA   00422070 f   utility_ld:stdtime.obj
 0001:000211a0       _StdTimeStringAToStdTime   004221a0 f   utility_ld:stdtime.obj
 0001:00021230       _StdTimeStringAToStdTimeFields 00422230 f   utility_ld:stdtime.obj
 0001:00021700       _GetStdTime                00422700 f   utility_ld:stdtime.obj
 0001:00021760       _ValidStdTimeFields        00422760 f   utility_ld:stdtime.obj
 0001:00021970       _StdTimeFields_AddFraction 00422970 f   utility_ld:stdtime.obj
 0001:00021bb0       _StdTime_AddSpan           00422bb0 f   utility_ld:stdtime.obj
 0001:00021c00       _StdTimeFields_AddSpan     00422c00 f   utility_ld:stdtime.obj
 0001:00021c80       _StdTime_SubSpan           00422c80 f   utility_ld:stdtime.obj
 0001:00021cd0       _StdTime_AddDelta          00422cd0 f   utility_ld:stdtime.obj
 0001:00021d30       _StdTimeFields_AddDelta    00422d30 f   utility_ld:stdtime.obj
 0001:00021d90       _StdTime_SubDelta          00422d90 f   utility_ld:stdtime.obj
 0001:00021df0       _StdTime_GetSpan           00422df0 f   utility_ld:stdtime.obj
 0001:00021e60       _StdTime_GetDelta          00422e60 f   utility_ld:stdtime.obj
 0001:00021ed0       _NormalizeStdTimeDelta     00422ed0 f   utility_ld:stdtime.obj
 0001:00021f10       _TruncStdTimeDelta         00422f10 f   utility_ld:stdtime.obj
 0001:00022370       _RoundStdTimeDelta         00423370 f   utility_ld:stdtime.obj
 0001:000226a0       _StdTimeDeltaToStdTimeSpan 004236a0 f   utility_ld:stdtime.obj
 0001:000228a0       _StdTimeSpanToStdTimeDelta 004238a0 f   utility_ld:stdtime.obj
 0001:00022ad0       _ValidStdTimeDelta         00423ad0 f   utility_ld:stdtime.obj
 0001:00022b10       _ValidStdTimeSpan          00423b10 f   utility_ld:stdtime.obj
 0001:00022b50       _SgnStdTimeDelta           00423b50 f   utility_ld:stdtime.obj
 0001:00022c60       _AbsStdTimeDelta           00423c60 f   utility_ld:stdtime.obj
 0001:00022cd0       _NegStdTimeDelta           00423cd0 f   utility_ld:stdtime.obj
 0001:00022d70       _SgnStdTimeSpan            00423d70 f   utility_ld:stdtime.obj
 0001:00022dd0       _AbsStdTimeSpan            00423dd0 f   utility_ld:stdtime.obj
 0001:00022e60       _NegStdTimeSpan            00423e60 f   utility_ld:stdtime.obj
 0001:00022eb0       _CompareStdTime            00423eb0 f   utility_ld:stdtime.obj
 0001:00022f20       _CompareStdTimeFields      00423f20 f   utility_ld:stdtime.obj
 0001:000230d0       _StdTimeToFileTime         004240d0 f   utility_ld:stdtime.obj
 0001:00023120       _FileTimeToStdTime         00424120 f   utility_ld:stdtime.obj
 0001:00023170       _StdTimeFieldsToFileTime   00424170 f   utility_ld:stdtime.obj
 0001:00023290       _FileTimeToStdTimeFields   00424290 f   utility_ld:stdtime.obj
 0001:000234b0       _StdTimeToSystemTimeEx     004244b0 f   utility_ld:stdtime.obj
 0001:00023560       _SystemTimeExToStdTime     00424560 f   utility_ld:stdtime.obj
 0001:00023600       _StdTimeFieldsToSystemTimeEx 00424600 f   utility_ld:stdtime.obj
 0001:00023790       _SystemTimeExToStdTimeFields 00424790 f   utility_ld:stdtime.obj
 0001:000238a0       _StdTimeToSystemTime       004248a0 f   utility_ld:stdtime.obj
 0001:000238e0       _SystemTimeToStdTime       004248e0 f   utility_ld:stdtime.obj
 0001:00023920       _StdTimeApiZeroDbTimeStamp 00424920 f   utility_ld:stdtime.obj
 0001:00023960       _StdTimeToDbTimeStamp      00424960 f   utility_ld:stdtime.obj
 0001:00023a10       _DbTimeStampToStdTime      00424a10 f   utility_ld:stdtime.obj
 0001:00023aa0       _StdTimeFieldsToDbTimeStamp 00424aa0 f   utility_ld:stdtime.obj
 0001:00023bc0       _DbTimeStampToStdTimeFields 00424bc0 f   utility_ld:stdtime.obj
 0001:00023cf0       _StdTimeToStructTmEx       00424cf0 f   utility_ld:stdtime.obj
 0001:00023d70       _StructTmExToStdTime       00424d70 f   utility_ld:stdtime.obj
 0001:00023df0       _StdTimeToTimeTypeEx       00424df0 f   utility_ld:stdtime.obj
 0001:00023ee0       _TimeTypeExToStdTime       00424ee0 f   utility_ld:stdtime.obj
 0001:00023fd0       _StdTimeFields             00424fd0 f   utility_ld:stdtime.obj
 0001:00024030       _StdTimeDelta              00425030 f   utility_ld:stdtime.obj
 0001:00024080       _StdTimeSpan               00425080 f   utility_ld:stdtime.obj
 0001:000240a0       _ZeroStdTime               004250a0 f   utility_ld:stdtime.obj
 0001:000240c0       _ZeroStdTimeFields         004250c0 f   utility_ld:stdtime.obj
 0001:00024100       _ZeroStdTimeStringA        00425100 f   utility_ld:stdtime.obj
 0001:00024170       _ZeroStdTimeDelta          00425170 f   utility_ld:stdtime.obj
 0001:000241b0       _ZeroStdTimeSpan           004251b0 f   utility_ld:stdtime.obj
 0001:000241d0       _ZeroStdTimeTzoA           004251d0 f   utility_ld:stdtime.obj
 0001:00024220       _ZeroStdTimeErrMsgA        00425220 f   utility_ld:stdtime.obj
 0001:000242b0       _StdTimeApiZeroFileTime    004252b0 f   utility_ld:stdtime.obj
 0001:000242d0       _StdTimeApiZeroSystemTime  004252d0 f   utility_ld:stdtime.obj
 0001:00024310       _StdTimeApiZeroStructTm    00425310 f   utility_ld:stdtime.obj
 0001:00024350       _StdTimeGetDayofWeekAndYear 00425350 f   utility_ld:stdtime.obj
 0001:000243a0       _StdTimeToDate             004253a0 f   utility_ld:stdtime.obj
 0001:00024470       _DateToStdTime             00425470 f   utility_ld:stdtime.obj
 0001:00024530       _StdTimeFieldsToDate       00425530 f   utility_ld:stdtime.obj
 0001:00024580       _DateToStdTimeFields       00425580 f   utility_ld:stdtime.obj
 0001:000245d0       _StdTimeToLocalStdTime     004255d0 f   utility_ld:stdtime.obj
 0001:00024660       _LocalStdTimeToStdTime     00425660 f   utility_ld:stdtime.obj
 0001:000246f0       _NormalizeStdTimeTzoA      004256f0 f   utility_ld:stdtime.obj
 0001:00024ac0       _StdTimeRcToErrMsgA        00425ac0 f   utility_ld:stdtime.obj
 0001:00024d80       _construct_flattened       00425d80 f   utility_ld:sclparse.obj
 0001:00024eb0       _scl_parse                 00425eb0 f   utility_ld:sclparse.obj
 0001:000288b0       _StdTimeApiZeroMmsUtcTime  004298b0 f   utility_ld:stdtime_mms_utctime.obj
 0001:000288e0       _StdTimeToMmsUtcTime       004298e0 f   utility_ld:stdtime_mms_utctime.obj
 0001:000289e0       _MmsUtcTimeToStdTime       004299e0 f   utility_ld:stdtime_mms_utctime.obj
 0001:00028b00       _tstrTimeToString          00429b00 f   utility_ld:time_str.obj
 0001:00028b50       _tstrTimeToStringGmt       00429b50 f   utility_ld:time_str.obj
 0001:00028ba0       _getDateOrder              00429ba0 f   utility_ld:time_str.obj
 0001:00028c00       _storeDateValue            00429c00 f   utility_ld:time_str.obj
 0001:00029080       _storeTimeValue            0042a080 f   utility_ld:time_str.obj
 0001:000295e0       _tstrStringToTm            0042a5e0 f   utility_ld:time_str.obj
 0001:00029e00       _tstrStringToTime          0042ae00 f   utility_ld:time_str.obj
 0001:00029e90       _tstrStringToTimeGmt       0042ae90 f   utility_ld:time_str.obj
 0001:00029f00       _tstrTmToString            0042af00 f   utility_ld:time_str.obj
 0001:00029f30       _Btime6StringToVals        0042af30 f   utility_ld:time_str.obj
 0001:0002a0d0       _Btime6ValsToString        0042b0d0 f   utility_ld:time_str.obj
 0001:0002a270       _Btime4StringToVals        0042b270 f   utility_ld:time_str.obj
 0001:0002a490       _Btime4ValsToString        0042b490 f   utility_ld:time_str.obj
 0001:0002a640       _UtcStringToVals           0042b640 f   utility_ld:time_str.obj
 0001:0002ab70       _UtcValsToString           0042bb70 f   utility_ld:time_str.obj
 0001:0002ad30       _XmlStringToUtcValue       0042bd30 f   utility_ld:time_str.obj
 0001:0002af10       _UtcValueToXmlString       0042bf10 f   utility_ld:time_str.obj
 0001:0002b0e0       _CalculateTimeZoneOffset   0042c0e0 f   utility_ld:time_str.obj
 0001:0002b1a0       _GetTimeAndUsec            0042c1a0 f   utility_ld:time_str.obj
 0001:0002b1e0       _usr_mkgmtime              0042c1e0 f   utility_ld:time_str.obj
 0001:0002b640       _QuadLibI64GetHi           0042c640 f   utility_ld:stdtime_quadlib.obj
 0001:0002b650       _QuadLibU64GetHi           0042c650 f   utility_ld:stdtime_quadlib.obj
 0001:0002b660       _QuadLibI64GetLo           0042c660 f   utility_ld:stdtime_quadlib.obj
 0001:0002b670       _QuadLibU64GetLo           0042c670 f   utility_ld:stdtime_quadlib.obj
 0001:0002b680       _QuadLibI64SetHi           0042c680 f   utility_ld:stdtime_quadlib.obj
 0001:0002b690       _QuadLibU64SetHi           0042c690 f   utility_ld:stdtime_quadlib.obj
 0001:0002b6a0       _QuadLibI64SetLo           0042c6a0 f   utility_ld:stdtime_quadlib.obj
 0001:0002b6b0       _QuadLibU64SetLo           0042c6b0 f   utility_ld:stdtime_quadlib.obj
 0001:0002b6c0       _QuadLibU64Abs             0042c6c0 f   utility_ld:stdtime_quadlib.obj
 0001:0002b6f0       _StrAToQuadLibU64          0042c6f0 f   utility_ld:stdtime_quadlib.obj
 0001:0002b880       _StrAToQuadLibI64          0042c880 f   utility_ld:stdtime_quadlib.obj
 0001:0002ba70       _QuadLibU64ToFixedStrA     0042ca70 f   utility_ld:stdtime_quadlib.obj
 0001:0002bbc0       _QuadLibI64ToFixedStrA     0042cbc0 f   utility_ld:stdtime_quadlib.obj
 0001:0002bc10       _QuadLibU64ToStrA          0042cc10 f   utility_ld:stdtime_quadlib.obj
 0001:0002bcc0       _QuadLibI64ToStrA          0042ccc0 f   utility_ld:stdtime_quadlib.obj
 0001:0002bda0       _QuadLibU64DivMod          0042cda0 f   utility_ld:stdtime_quadlib.obj
 0001:0002bde0       _QuadLibI64DivMod          0042cde0 f   utility_ld:stdtime_quadlib.obj
 0001:0002be20       _Bool_StdTimeGmTimeR       0042ce20 f   utility_ld:stdtime_w32.obj
 0001:0002be60       _Bool_StdTimeLocalTimeR    0042ce60 f   utility_ld:stdtime_w32.obj
 0001:0002bea0       _StdTimeW32FileTimeToLocalFileTime 0042cea0 f   utility_ld:stdtime_w32.obj
 0001:0002bf90       _StdTimeW32LocalFileTimeToFileTime 0042cf90 f   utility_ld:stdtime_w32.obj
 0001:0002c080       _StdTimeW32_IsLeap         0042d080 f   utility_ld:stdtime_w32.obj
 0001:0002c100       _StdTimeW32_LeapYearDays   0042d100 f   utility_ld:stdtime_w32.obj
 0001:0002c180       _StdTimeW32SystemTimeToFileTimeEx 0042d180 f   utility_ld:stdtime_w32.obj
 0001:0002c410       _StdTimeW32SystemTimeToFileTime 0042d410 f   utility_ld:stdtime_w32.obj
 0001:0002c430       _StdTimeW32FileTimeToSystemTime 0042d430 f   utility_ld:stdtime_w32.obj
 0001:0002c700       _StdTimeW32GetDayofWeekAndYear 0042d700 f   utility_ld:stdtime_w32.obj
 0001:0002c8c0       _mms_del_vlist_req         0042d8c0 f   mmsle_ld:rs_delvl.obj
 0001:0002c8e0       _mpl_delvlist_resp         0042d8e0 f   mmsle_ld:rs_delvl.obj
 0001:0002c900       __ms_mk_delvlist_resp      0042d900 f   mmsle_ld:rs_delvl.obj
 0001:0002c970       _mms_def_vlist_req         0042d970 f   mmsle_ld:rs_defvl.obj
 0001:0002cad0       _mpl_defvlist_resp         0042dad0 f   mmsle_ld:rs_defvl.obj
 0001:0002caf0       _mms_del_type_req          0042daf0 f   mmsle_ld:rs_delty.obj
 0001:0002ce80       _mpl_deltype_resp          0042de80 f   mmsle_ld:rs_delty.obj
 0001:0002cea0       __ms_mk_deltype_resp       0042dea0 f   mmsle_ld:rs_delty.obj
 0001:0002cf10       _init_mem_chk              0042df10 f   mem_ld:mem_chks.obj
 0001:0002d130       _x_chk_malloc              0042e130 f   mem_ld:mem_chks.obj
 0001:0002d480       _x_chk_calloc              0042e480 f   mem_ld:mem_chks.obj
 0001:0002d810       _x_chk_realloc             0042e810 f   mem_ld:mem_chks.obj
 0001:0002dd00       _x_chk_free                0042ed00 f   mem_ld:mem_chks.obj
 0001:0002e070       _x_chk_strdup              0042f070 f   mem_ld:mem_chks.obj
 0001:0002e0b0       _dyn_mem_ptr_status        0042f0b0 f   mem_ld:mem_chks.obj
 0001:0002e0c0       _dyn_mem_ptr_status2       0042f0c0 f   mem_ld:mem_chks.obj
 0001:0002e290       _dyn_mem_ptr_statistics    0042f290 f   mem_ld:mem_chks.obj
 0001:0002e400       _chk_hp                    0042f400 f   mem_ld:mem_chks.obj
 0001:0002e420       _msoft_heap_check          0042f420 f   mem_ld:mem_chks.obj
 0001:0002e430       _chk_alloc_ptr             0042f430 f   mem_ld:mem_chks.obj
 0001:0002e6b0       _check_mem_list            0042f6b0 f   mem_ld:mem_chks.obj
 0001:0002eb80       _mvl_comm_serve            0042fb80 f   mvlu_ld:MVL_SERV.obj
 0001:0002f490       _mvl_clr_ind_que           00430490 f   mvlu_ld:MVL_SERV.obj
 0001:0002f710       __mvl_ind_reject           00430710 f   mvlu_ld:MVL_SERV.obj
 0001:0002f770       __mvl_conf_reject          00430770 f   mvlu_ld:MVL_SERV.obj
 0001:0002f7a0       __mvl_send_reject          004307a0 f   mvlu_ld:MVL_SERV.obj
 0001:0002fa60       __mplas_err_resp           00430a60 f   mvlu_ld:MVL_SERV.obj
 0001:0002fae0       __mvl_send_err_f           00430ae0 f   mvlu_ld:MVL_SERV.obj
 0001:0002fb10       __mvl_send_error           00430b10 f   mvlu_ld:MVL_SERV.obj
 0001:0002fc20       _mvl_wait_req_done         00430c20 f   mvlu_ld:MVL_SERV.obj
 0001:0002fca0       __mvl_get_req_ctrl         00430ca0 f   mvlu_ld:MVL_SERV.obj
 0001:0002fd90       __mvl_find_req_ctrl        00430d90 f   mvlu_ld:MVL_SERV.obj
 0001:0002fe20       __mvl_set_net_req_done     00430e20 f   mvlu_ld:MVL_SERV.obj
 0001:0002fea0       __mvl_set_req_done         00430ea0 f   mvlu_ld:MVL_SERV.obj
 0001:0002fed0       _mvl_free_req_ctrl         00430ed0 f   mvlu_ld:MVL_SERV.obj
 0001:0002ffe0       __mvl_concat_filename      00430fe0 f   mvlu_ld:MVL_SERV.obj
 0001:00030090       __mvl_calloc_os            00431090 f   mvlu_ld:MVL_SERV.obj
 0001:000300b0       __mvl_realloc_os           004310b0 f   mvlu_ld:MVL_SERV.obj
 0001:000300d0       __mvl_free_os              004310d0 f   mvlu_ld:MVL_SERV.obj
 0001:000300f0       _mvl_req_bufs_avail        004310f0 f   mvlu_ld:MVL_SERV.obj
 0001:000301c0       _mvl_ureq_bufs_avail       004311c0 f   mvlu_ld:MVL_SERV.obj
 0001:000302a0       _mvl_mod_arr_size          004312a0 f   mvlu_ld:MVL_TYPE.obj
 0001:000302f0       _mvl_get_runtime           004312f0 f   mvlu_ld:MVL_TYPE.obj
 0001:00030340       _mvl_get_runtime_dyn       00431340 f   mvlu_ld:MVL_TYPE.obj
 0001:000303a0       _mvl_type_ctrl_find        004313a0 f   mvlu_ld:MVL_TYPE.obj
 0001:000303f0       _mvl_type_ctrl_find_dyn    004313f0 f   mvlu_ld:MVL_TYPE.obj
 0001:00030430       _mvl_typeid_to_typename    00431430 f   mvlu_ld:MVL_TYPE.obj
 0001:00030460       _mvl_typename_to_typeid    00431460 f   mvlu_ld:MVL_TYPE.obj
 0001:000304e0       _mvlu_add_rt_type          004314e0 f   mvlu_ld:MVL_TYPE.obj
 0001:000305d0       _mvlu_free_rt_type         004315d0 f   mvlu_ld:MVL_TYPE.obj
 0001:00030610       _mvl_vmd_resize            00431610 f   mvlu_ld:Mvl_obj.obj
 0001:00030790       _mvl_dom_resize            00431790 f   mvlu_ld:Mvl_obj.obj
 0001:000308c0       __mvl_resize_ptr_tbl       004318c0 f   mvlu_ld:Mvl_obj.obj
 0001:00030950       _mvl_nvl_remove_all        00431950 f   mvlu_ld:Mvl_obj.obj
 0001:00030ac0       _mvl_var_in_nvl            00431ac0 f   mvlu_ld:Mvl_obj.obj
 0001:00030b20       _mvl_var_deletable         00431b20 f   mvlu_ld:Mvl_obj.obj
 0001:00030ca0       _mvl_nvl_deletable         00431ca0 f   mvlu_ld:Mvl_obj.obj
 0001:00030da0       _mvl_vmd_dom_add           00431da0 f   mvlu_ld:Mvl_obj.obj
 0001:00030e00       _mvl_dom_create            00431e00 f   mvlu_ld:Mvl_obj.obj
 0001:00030ea0       _mvl_dom_cleanup           00431ea0 f   mvlu_ld:Mvl_obj.obj
 0001:00031080       _mvl_vmd_dom_remove        00432080 f   mvlu_ld:Mvl_obj.obj
 0001:00031140       _mvl_dom_destroy           00432140 f   mvlu_ld:Mvl_obj.obj
 0001:000311e0       _mvl_vmd_var_add           004321e0 f   mvlu_ld:Mvl_obj.obj
 0001:000312c0       _mvl_var_create            004322c0 f   mvlu_ld:Mvl_obj.obj
 0001:000313d0       _mvl_var_add_alloc         004323d0 f   mvlu_ld:Mvl_obj.obj
 0001:000314a0       _mvl_var_create_alloc      004324a0 f   mvlu_ld:Mvl_obj.obj
 0001:00031580       _mvl_var_create_derived    00432580 f   mvlu_ld:Mvl_obj.obj
 0001:00031690       _mvl_vmd_var_remove        00432690 f   mvlu_ld:Mvl_obj.obj
 0001:00031740       _mvl_var_destroy           00432740 f   mvlu_ld:Mvl_obj.obj
 0001:000317a0       _mvl_vmd_nvl_add           004327a0 f   mvlu_ld:Mvl_obj.obj
 0001:000318a0       _mvl_nvl_create            004328a0 f   mvlu_ld:Mvl_obj.obj
 0001:00031a70       _mvl_vmd_nvl_remove        00432a70 f   mvlu_ld:Mvl_obj.obj
 0001:00031b20       _mvl_nvl_destroy           00432b20 f   mvlu_ld:Mvl_obj.obj
 0001:00031be0       _mvl_vmd_jou_add           00432be0 f   mvlu_ld:Mvl_obj.obj
 0001:00031c40       _mvl_jou_create            00432c40 f   mvlu_ld:Mvl_obj.obj
 0001:00031cd0       _mvl_vmd_jou_remove        00432cd0 f   mvlu_ld:Mvl_obj.obj
 0001:00031d10       _mvl_jou_destroy           00432d10 f   mvlu_ld:Mvl_obj.obj
 0001:00031d50       _mvl_vmd_create            00432d50 f   mvlu_ld:Mvl_obj.obj
 0001:00031e50       _mvl_vmd_destroy           00432e50 f   mvlu_ld:Mvl_obj.obj
 0001:00032000       __mvl_process_cancel_ind   00433000 f   mvlu_ld:s_cancel.obj
 0001:00032030       __mvl_process_concl_ind    00433030 f   mvlu_ld:s_concl.obj
 0001:00032050       _mplas_concl_resp          00433050 f   mvlu_ld:s_concl.obj
 0001:000320e0       _mplas_concl_err           004330e0 f   mvlu_ld:s_concl.obj
 0001:000321a0       __mvl_process_getcl_ind    004331a0 f   mvlu_ld:S_GETCL.obj
 0001:000321c0       _mplas_getcl_resp          004331c0 f   mvlu_ld:S_GETCL.obj
 0001:00032210       __mvl_process_getdom_ind   00433210 f   mvlu_ld:S_GETDOM.obj
 0001:00032230       _mvlas_getdom_resp         00433230 f   mvlu_ld:S_GETDOM.obj
 0001:00032300       _mplas_getdom_resp         00433300 f   mvlu_ld:S_GETDOM.obj
 0001:00032350       __mvl_process_delvlist_ind 00433350 f   mvlu_ld:s_delvl.obj
 0001:00032370       _mvlas_delvlist_resp       00433370 f   mvlu_ld:s_delvl.obj
 0001:00032580       _mplas_delvlist_resp       00433580 f   mvlu_ld:s_delvl.obj
 0001:00032680       __mvl_process_defvlist_ind 00433680 f   mvlu_ld:s_defvl.obj
 0001:000326a0       _mvlas_defvlist_resp       004336a0 f   mvlu_ld:s_defvl.obj
 0001:000327f0       _mplas_defvlist_resp       004337f0 f   mvlu_ld:s_defvl.obj
 0001:00032840       __mvl_process_getvla_ind   00433840 f   mvlu_ld:s_getvla.obj
 0001:00032860       _mvlas_getvlist_resp       00433860 f   mvlu_ld:s_getvla.obj
 0001:00032a30       _mplas_getvlist_resp       00433a30 f   mvlu_ld:s_getvla.obj
 0001:00032a80       __mvl_process_getvaa_ind   00433a80 f   mvlu_ld:s_getvaa.obj
 0001:00032aa0       _mvlas_getvar_resp         00433aa0 f   mvlu_ld:s_getvaa.obj
 0001:00032cf0       _mplas_getvar_resp         00433cf0 f   mvlu_ld:s_getvaa.obj
 0001:00032d40       __mvl_process_getnam_ind   00433d40 f   mvlu_ld:s_getnam.obj
 0001:00032d60       _mvlas_namelist_resp       00433d60 f   mvlu_ld:s_getnam.obj
 0001:00032f50       _mplas_namelist_resp       00433f50 f   mvlu_ld:s_getnam.obj
 0001:00032fa0       _u_gnl_ind_doms            00433fa0 f   mvlu_ld:s_getnam.obj
 0001:00032fd0       _u_gnl_ind_jous            00433fd0 f   mvlu_ld:s_getnam.obj
 0001:000331f0       __mvl_process_status_ind   004341f0 f   mvlu_ld:s_status.obj
 0001:00033210       _mplas_status_resp         00434210 f   mvlu_ld:s_status.obj
 0001:00033260       __mvl_process_ident_ind    00434260 f   mvlu_ld:S_IDENT.obj
 0001:00033280       _mplas_ident_resp          00434280 f   mvlu_ld:S_IDENT.obj
 0001:000332d0       __mvl_process_write_ind    004342d0 f   mvlu_ld:S_WRITE.obj
 0001:00033400       _mvlas_write_resp          00434400 f   mvlu_ld:S_WRITE.obj
 0001:00033c60       __mvl_process_read_ind     00434c60 f   mvlu_ld:S_READ.obj
 0001:00034080       _mvlas_read_resp           00435080 f   mvlu_ld:S_READ.obj
 0001:00034460       _mvl_type_id_create        00435460 f   mvlu_ld:mvl_typ2.obj
 0001:000344c0       _mvl_type_id_destroy       004354c0 f   mvlu_ld:mvl_typ2.obj
 0001:00034530       _mvl_type_id_destroy_all_dyn 00435530 f   mvlu_ld:mvl_typ2.obj
 0001:00034590       _mvl_vmd_type_id_create    00435590 f   mvlu_ld:mvl_typ2.obj
 0001:000347e0       _mvl_type_id_create_from_tdl 004357e0 f   mvlu_ld:mvl_typ2.obj
 0001:00034920       _mvl_vmd_type_id_destroy   00435920 f   mvlu_ld:mvl_typ2.obj
 0001:00034990       _mvl_vmd_type_id_destroy_all 00435990 f   mvlu_ld:mvl_typ2.obj
 0001:00034a20       _mvl_type_count            00435a20 f   mvlu_ld:mvl_typ2.obj
 0001:00034a70       _mvl_vmd_type_ctrl_find    00435a70 f   mvlu_ld:mvl_typ2.obj
 0001:00034ad0       _mvl61850_mk_rptid         00435ad0 f   mvlu_ld:mvl61850_rpt.obj
 0001:00034b90       _mvl61850_mk_dataref       00435b90 f   mvlu_ld:mvl61850_rpt.obj
 0001:00034c20       _mvl61850_rcb_cleanup      00435c20 f   mvlu_ld:mvl61850_rpt.obj
 0001:00034c90       _mvl61850_brcb_rpt_set_entryid 00435c90 f   mvlu_ld:mvl61850_rpt.obj
 0001:00034de0       _buflist_entry_create      00435de0 f   mvlu_ld:mvl61850_rpt.obj
 0001:00035120       _buflist_entry_destroy     00436120 f   mvlu_ld:mvl61850_rpt.obj
 0001:00035220       _buflist_discard_old_gi    00436220 f   mvlu_ld:mvl61850_rpt.obj
 0001:00035280       _buflist_discard_old       00436280 f   mvlu_ld:mvl61850_rpt.obj
 0001:00035320       _mvl61850_brcb_rpt_lists_clean 00436320 f   mvlu_ld:mvl61850_rpt.obj
 0001:000353f0       _mvl61850_brcb_rpt_save    004363f0 f   mvlu_ld:mvl61850_rpt.obj
 0001:00035450       _mvl61850_brcb_rpt_send    00436450 f   mvlu_ld:mvl61850_rpt.obj
 0001:00036010       _mvl61850_brcb_enable_all  00437010 f   mvlu_ld:mvl61850_rpt.obj
 0001:00036060       _mvl61850_brcb_entryid_init 00437060 f   mvlu_ld:mvl61850_rpt.obj
 0001:00036080       _mvl61850_rpt_change_scan_va_done 00437080 f   mvlu_ld:mvl61850_rpt.obj
 0001:000360b0       _mvl61850_rpt_change_scan_done 004370b0 f   mvlu_ld:mvl61850_rpt.obj
 0001:000360d0       _mvl61850_rpt_change_scan  004370d0 f   mvlu_ld:mvl61850_rpt.obj
 0001:00036230       _mvl61850_get_rcb          00437230 f   mvlu_ld:mvl61850_rpt.obj
 0001:000362d0       _mvl61850_rpt_dataset_create 004372d0 f   mvlu_ld:mvl61850_rpt.obj
 0001:00036510       _mvl61850_rpt_dataset_destroy 00437510 f   mvlu_ld:mvl61850_rpt.obj
 0001:00036590       _mvl61850_create_rpt_ctrl  00437590 f   mvlu_ld:mvl61850_rpt.obj
 0001:000367c0       _mvl61850_free_rpt_ctrl    004377c0 f   mvlu_ld:mvl61850_rpt.obj
 0001:00036840       _mvl61850_brcb_client_service 00437840 f   mvlu_ld:mvl61850_rpt.obj
 0001:00036990       _mvl61850_urcb_client_service 00437990 f   mvlu_ld:mvl61850_rpt.obj
 0001:000369d0       _mvl61850_rpt_service      004379d0 f   mvlu_ld:mvl61850_rpt.obj
 0001:00036a90       _mvl61850_rpt_ctrl_destroy_all 00437a90 f   mvlu_ld:mvl61850_rpt.obj
 0001:00036ac0       _mvl61850_integrity_timeout 00437ac0 f   mvlu_ld:mvl61850_rpt.obj
 0001:00036c30       _init_prim_info            00437c30 f   mvlu_ld:mvl_uca.obj
 0001:00036c60       _u_mvl_get_va_aa           00437c60 f   mvlu_ld:mvl_uca.obj
 0001:00037820       _mvlu_find_uca_var         00438820 f   mvlu_ld:mvl_uca.obj
 0001:00037b40       _u_mvl_free_va             00438b40 f   mvlu_ld:mvl_uca.obj
 0001:00037c40       _u_gnl_ind_vars            00438c40 f   mvlu_ld:mvl_uca.obj
 0001:00037f80       _getGnlVarNames            00438f80 f   mvlu_ld:mvl_uca.obj
 0001:000386f0       _u_gnl_done                004396f0 f   mvlu_ld:mvl_uca.obj
 0001:00038720       _u_gnl_ind_nvls            00439720 f   mvlu_ld:mvl_uca.obj
 0001:00038970       _u_mvl_read_ind            00439970 f   mvlu_ld:mvl_uca.obj
 0001:00038ba0       _mvlu_trim_branch_name     00439ba0 f   mvlu_ld:mvl_uca.obj
 0001:00038e90       _mvlu_rd_prim_done         00439e90 f   mvlu_ld:mvl_uca.obj
 0001:00039010       _u_mvl_write_ind           0043a010 f   mvlu_ld:mvl_uca.obj
 0001:00039780       _mvlu_wr_prim_done         0043a780 f   mvlu_ld:mvl_uca.obj
 0001:000399a0       _mvlu_find_rt_leaf         0043a9a0 f   mvlu_ld:mvl_uca.obj
 0001:00039ac0       _mvlu_find_comp_type       0043aac0 f   mvlu_ld:mvl_uca.obj
 0001:00039b20       _mvlu_get_leaf_val_int8    0043ab20 f   mvlu_ld:mvl_uca.obj
 0001:00039c00       _mvlu_get_leaf_val_int32   0043ac00 f   mvlu_ld:mvl_uca.obj
 0001:00039ce0       _mvlu_get_leaf_val_int_any 0043ace0 f   mvlu_ld:mvl_uca.obj
 0001:00039e60       _mvlu_get_leaf_val_uint32  0043ae60 f   mvlu_ld:mvl_uca.obj
 0001:00039f40       _mvlu_get_leaf_val_boolean 0043af40 f   mvlu_ld:mvl_uca.obj
 0001:0003a020       _mvlu_get_leaf_val_bvstring 0043b020 f   mvlu_ld:mvl_uca.obj
 0001:0003a150       _mvlu_get_leaf_data_ptr    0043b150 f   mvlu_ld:mvl_uca.obj
 0001:0003a630       _mvl_obj_insert            0043b630 f   mvlu_ld:mvl_objb.obj
 0001:0003a770       _mvl_obj_delete            0043b770 f   mvlu_ld:mvl_objb.obj
 0001:0003a7f0       _mvl_obj_find              0043b7f0 f   mvlu_ld:mvl_objb.obj
 0001:0003a820       _mvl_obj_find_key          0043b820 f   mvlu_ld:mvl_objb.obj
 0001:0003a870       _mvl_vmd_dom_insert        0043b870 f   mvlu_ld:mvl_objb.obj
 0001:0003a8a0       _mvl_vmd_var_insert        0043b8a0 f   mvlu_ld:mvl_objb.obj
 0001:0003aa30       _mvl_vmd_nvl_insert        0043ba30 f   mvlu_ld:mvl_objb.obj
 0001:0003abf0       _mvl_vmd_jou_insert        0043bbf0 f   mvlu_ld:mvl_objb.obj
 0001:0003ad80       _mvl_vmd_dom_delete        0043bd80 f   mvlu_ld:mvl_objb.obj
 0001:0003adb0       _mvl_vmd_var_delete        0043bdb0 f   mvlu_ld:mvl_objb.obj
 0001:0003af30       _mvl_vmd_nvl_delete        0043bf30 f   mvlu_ld:mvl_objb.obj
 0001:0003b0b0       _mvl_vmd_jou_delete        0043c0b0 f   mvlu_ld:mvl_objb.obj
 0001:0003b230       _mvl_vmd_find_dom          0043c230 f   mvlu_ld:mvl_objb.obj
 0001:0003b260       _mvl_vmd_dom_find_last     0043c260 f   mvlu_ld:mvl_objb.obj
 0001:0003b290       _mvl_vmd_find_var          0043c290 f   mvlu_ld:mvl_objb.obj
 0001:0003b400       _mvl_vmd_find_nvl          0043c400 f   mvlu_ld:mvl_objb.obj
 0001:0003b570       _mvl_vmd_find_jou          0043c570 f   mvlu_ld:mvl_objb.obj
 0001:0003b6f0       _mvl_sort_objs             0043c6f0 f   mvlu_ld:mvl_objb.obj
 0001:0003b800       __mvl_obj_compare          0043c800 f   mvlu_ld:mvl_objb.obj
 0001:0003b830       _mvlu_sbo_select_rd_ind    0043c830 f   mvlu_ld:MVLU_SBO.obj
 0001:0003b920       _mvlu_sbo_operate_wr_ind   0043c920 f   mvlu_ld:MVLU_SBO.obj
 0001:0003b9c0       _mvlu_clr_pend_sbo         0043c9c0 f   mvlu_ld:MVLU_SBO.obj
 0001:0003ba10       _mvlu_sbo_chk_timers       0043ca10 f   mvlu_ld:MVLU_SBO.obj
 0001:0003bae0       _initSboCtrl               0043cae0 f   mvlu_ld:MVLU_SBO.obj
 0001:0003bc80       _mvlu_sbo_chk_state        0043cc80 f   mvlu_ld:MVLU_SBO.obj
 0001:0003bdf0       _mvlu_sbo_ctrl_free        0043cdf0 f   mvlu_ld:MVLU_SBO.obj
 0001:0003be10       _special_type_name         0043ce10 f   mvlu_ld:sclproc.obj
 0001:0003bf20       _simple_type_name          0043cf20 f   mvlu_ld:sclproc.obj
 0001:0003bfb0       _scl2_find_enumtype        0043cfb0 f   mvlu_ld:sclproc.obj
 0001:0003c010       _scl2_add_btype            0043d010 f   mvlu_ld:sclproc.obj
 0001:0003c100       _find_scl_lntype           0043d100 f   mvlu_ld:sclproc.obj
 0001:0003c160       _scl2_datatype_create_all  0043d160 f   mvlu_ld:sclproc.obj
 0001:0003e940       _init_rpt_ctrl             0043f940 f   mvlu_ld:sclproc.obj
 0001:0003ef40       _convert_initial_value     0043ff40 f   mvlu_ld:sclproc.obj
 0001:0003f300       _scl2_ld_create_all        00440300 f   mvlu_ld:sclproc.obj
 0001:00041680       _scl_gse_find              00442680 f   mvlu_ld:sclproc.obj
 0001:000417a0       _mvl61850_sbo_create_sboname 004427a0 f   mvlu_ld:mvl61850_ctl.obj
 0001:00041880       _mvl61850_mkname_ctlmodel  00442880 f   mvlu_ld:mvl61850_ctl.obj
 0001:00041930       _mvl61850_mkname_sbotimeout 00442930 f   mvlu_ld:mvl61850_ctl.obj
 0001:000419e0       _mvl61850_mkname_sboclass  004429e0 f   mvlu_ld:mvl61850_ctl.obj
 0001:00041a90       _mvl61850_ctl_chk_sbo      00442a90 f   mvlu_ld:mvl61850_ctl.obj
 0001:00041ee0       _mvl61850_ctl_chk_sbow     00442ee0 f   mvlu_ld:mvl61850_ctl.obj
 0001:00042110       _mvl61850_ctl_chk_state    00443110 f   mvlu_ld:mvl61850_ctl.obj
 0001:00042280       _mvl61850_ctl_command_termination 00443280 f   mvlu_ld:mvl61850_ctl.obj
 0001:000424b0       _mvl61850_ctl_lastapplerror_create 004434b0 f   mvlu_ld:mvl61850_ctl.obj
 0001:00042500       _mvl61850_ctl_lastapplerror_send 00443500 f   mvlu_ld:mvl61850_ctl.obj
 0001:00042630       _mvl61850_ctl_req_done     00443630 f   mvlu_ld:mvl61850_ctl.obj
 0001:000427f0       _mvlu_derive_rpt_ds        004437f0 f   mvlu_ld:mvlu_rpt.obj
 0001:00042890       _mvlu_derive_ds_va_names   00443890 f   mvlu_ld:mvlu_rpt.obj
 0001:00042ee0       _mvlu_create_rpt_ctrl      00443ee0 f   mvlu_ld:mvlu_rpt.obj
 0001:000432d0       _mvlu_free_rpt_ctrl        004442d0 f   mvlu_ld:mvlu_rpt.obj
 0001:00043380       _mvlu_rpt_service          00444380 f   mvlu_ld:mvlu_rpt.obj
 0001:00043430       _mvlu_rpt_va_scan          00444430 f   mvlu_ld:mvlu_rpt.obj
 0001:000434c0       _mvlu_rpt_scan_read        004444c0 f   mvlu_ld:mvlu_rpt.obj
 0001:00043790       _mvlu_rpt_va_change        00444790 f   mvlu_ld:mvlu_rpt.obj
 0001:00043d80       _mvlu_rpt_get_va_index     00444d80 f   mvlu_ld:mvlu_rpt.obj
 0001:00043de0       _mvlu_send_report          00444de0 f   mvlu_ld:mvlu_rpt.obj
 0001:000443c0       __mvlu_rpt_disconnect_rcvd 004453c0 f   mvlu_ld:mvlu_rpt.obj
 0001:00044520       _mvlu_rpt_create_scan_ctrl2 00445520 f   mvlu_ld:mvlu_rpt.obj
 0001:00044750       _mvlu_rpt_create_scan_ctrl 00445750 f   mvlu_ld:mvlu_rpt.obj
 0001:00044840       _mvlu_rpt_destroy_scan_ctrl 00445840 f   mvlu_ld:mvlu_rpt.obj
 0001:00044870       __mvlu_get_rd_rcb          00445870 f   mvlu_ld:mvlu_rpt.obj
 0001:00044a60       __mvlu_get_wr_rcb          00445a60 f   mvlu_ld:mvlu_rpt.obj
 0001:00044b30       __rcb_writable             00445b30 f   mvlu_ld:mvlu_rpt.obj
 0001:00044cf0       _mvlu_rptid_rd_ind_fun     00445cf0 f   mvlu_ld:mvlu_rpt.obj
 0001:00044d50       _mvlu_rptena_rd_ind_fun    00445d50 f   mvlu_ld:mvlu_rpt.obj
 0001:00044db0       _mvlu_resv_rd_ind_fun      00445db0 f   mvlu_ld:mvlu_rpt.obj
 0001:00044e10       _mvlu_datsetna_rd_ind_fun  00445e10 f   mvlu_ld:mvlu_rpt.obj
 0001:00044eb0       _mvlu_optflds_rd_ind_fun   00445eb0 f   mvlu_ld:mvlu_rpt.obj
 0001:00044f30       _mvlu_buftim_rd_ind_fun    00445f30 f   mvlu_ld:mvlu_rpt.obj
 0001:00044f90       _mvlu_trgs_rd_ind_fun      00445f90 f   mvlu_ld:mvlu_rpt.obj
 0001:00044ff0       _mvlu_sqnum_rd_ind_fun     00445ff0 f   mvlu_ld:mvlu_rpt.obj
 0001:00045050       _mvlu_trgops_rd_ind_fun    00446050 f   mvlu_ld:mvlu_rpt.obj
 0001:000450d0       _mvlu_rbepd_rd_ind_fun     004460d0 f   mvlu_ld:mvlu_rpt.obj
 0001:00045130       _mvlu_intgpd_rd_ind_fun    00446130 f   mvlu_ld:mvlu_rpt.obj
 0001:00045190       _mvlu_rptid_wr_ind_fun     00446190 f   mvlu_ld:mvlu_rpt.obj
 0001:00045260       _mvl61850_brcb_handle_rptena_wr 00446260 f   mvlu_ld:mvlu_rpt.obj
 0001:000452d0       _mvl61850_urcb_handle_rptena_wr 004462d0 f   mvlu_ld:mvlu_rpt.obj
 0001:00045330       _mvlu_rptena_wr_ind_fun    00446330 f   mvlu_ld:mvlu_rpt.obj
 0001:00045470       _mvlu_resv_wr_ind_fun      00446470 f   mvlu_ld:mvlu_rpt.obj
 0001:00045590       _mvlu_optflds_wr_ind_fun   00446590 f   mvlu_ld:mvlu_rpt.obj
 0001:000456d0       _mvlu_buftim_wr_ind_fun    004466d0 f   mvlu_ld:mvlu_rpt.obj
 0001:00045790       _mvlu_trgs_wr_ind_fun      00446790 f   mvlu_ld:mvlu_rpt.obj
 0001:00045810       _mvlu_sqnum_wr_ind_fun     00446810 f   mvlu_ld:mvlu_rpt.obj
 0001:00045890       _mvlu_trgops_wr_ind_fun    00446890 f   mvlu_ld:mvlu_rpt.obj
 0001:000459a0       _mvlu_rbepd_wr_ind_fun     004469a0 f   mvlu_ld:mvlu_rpt.obj
 0001:00045a20       _mvlu_intgpd_wr_ind_fun    00446a20 f   mvlu_ld:mvlu_rpt.obj
 0001:00045ae0       _mvlu_seqnum_rd_ind_fun    00446ae0 f   mvlu_ld:mvlu_rpt.obj
 0001:00045b00       _mvlu_seqnum_wr_ind_fun    00446b00 f   mvlu_ld:mvlu_rpt.obj
 0001:00045b20       _mvlu_integrity_scan_destroy 00446b20 f   mvlu_ld:mvlu_rpt.obj
 0001:00045b40       _mvlu_integrity_scan_read  00446b40 f   mvlu_ld:mvlu_rpt.obj
 0001:00045b80       _mvlu_setup_scan_read      00446b80 f   mvlu_ld:mvlu_rpt.obj
 0001:00045c60       _mvlu_integrity_scan_va_done 00446c60 f   mvlu_ld:mvlu_rpt.obj
 0001:00045ca0       _mvlu_integrity_scan_done  00446ca0 f   mvlu_ld:mvlu_rpt.obj
 0001:00045d80       _mvlu_rpt_find_typeids     00446d80 f   mvlu_ld:mvlu_rpt.obj
 0001:00046080       _mvlu_integrity_timeout    00447080 f   mvlu_ld:mvlu_rpt.obj
 0001:00046160       _mvlu_rpt_rcb_type_find    00447160 f   mvlu_ld:mvlu_rpt.obj
 0001:00046280       _mvlu_rpt_ready            00447280 f   mvlu_ld:mvlu_rpt.obj
 0001:00046300       _mvlu_rpt_ctrl_destroy_all 00447300 f   mvlu_ld:mvlu_rpt.obj
 0001:00046360       _mvl61850_rcb_chk_state    00447360 f   mvlu_ld:Mvl61850.obj
 0001:00046430       _mvlu_gi_scan_va_done      00447430 f   mvlu_ld:Mvl61850.obj
 0001:00046470       _mvlu_gi_scan_done         00447470 f   mvlu_ld:Mvl61850.obj
 0001:00046520       _mvl61850_urcb_rpt_send    00447520 f   mvlu_ld:Mvl61850.obj
 0001:00047180       _chk_seg_needed            00448180 f   mvlu_ld:Mvl61850.obj
 0001:00047240       _mvlu_confrev_rd_ind       00448240 f   mvlu_ld:Mvl61850.obj
 0001:000472b0       _mvlu_purgebuf_rd_ind      004482b0 f   mvlu_ld:Mvl61850.obj
 0001:00047310       _mvlu_gi_rd_ind            00448310 f   mvlu_ld:Mvl61850.obj
 0001:00047370       _mvlu_entryid_rd_ind       00448370 f   mvlu_ld:Mvl61850.obj
 0001:00047440       _mvlu_timeofentry_rd_ind   00448440 f   mvlu_ld:Mvl61850.obj
 0001:00047520       _mvlu_purgebuf_wr_ind      00448520 f   mvlu_ld:Mvl61850.obj
 0001:000475c0       _mvlu_gi_wr_ind            004485c0 f   mvlu_ld:Mvl61850.obj
 0001:00047730       _mvlu_entryid_wr_ind       00448730 f   mvlu_ld:Mvl61850.obj
 0001:000477c0       _mvlu_sqnum_int16u_rd_ind_fun 004487c0 f   mvlu_ld:Mvl61850.obj
 0001:00047830       _mvl61850_beh_stval_rd_ind 00448830 f   mvlu_ld:Mvl61850.obj
 0001:00047b10       _mvl61850_datset_wr_ind    00448b10 f   mvlu_ld:Mvl61850.obj
 0001:00047f90       _mvl61850_objref_create    00448f90 f   mvlu_ld:Mvl61850.obj
 0001:00048080       _mvlu_load_xml_leaf_file   00449080 f   mvlu_ld:mvluleaf.obj
 0001:00048470       _mvlu_set_leaf_param_name  00449470 f   mvlu_ld:mvluleaf.obj
 0001:00048680       _mvlu_find_rd_ind_fun_index 00449680 f   mvlu_ld:mvluleaf.obj
 0001:00048720       _mvlu_find_wr_ind_fun_index 00449720 f   mvlu_ld:mvluleaf.obj
 0001:000487c0       _mvlu_set_leaf_param       004497c0 f   mvlu_ld:mvluleaf.obj
 0001:000489c0       _mvlu_set_leaf_param_name2 004499c0 f   mvlu_ld:mvluleaf.obj
 0001:00048d80       __mvl_objname_to_va        00449d80 f   mvlu_ld:MVL_VAR.obj
 0001:00048e80       _mvl_scope_set             00449e80 f   mvlu_ld:MVL_VAR.obj
 0001:00048f00       _mvl_get_va_asn1_data      00449f00 f   mvlu_ld:MVL_VAR.obj
 0001:00049170       __mvl_get_asn1_aa          0044a170 f   mvlu_ld:MVL_VAR.obj
 0001:00049240       __m_get_aa_asn1_buf        0044a240 f   mvlu_ld:MVL_VAR.obj
 0001:000492b0       __m_set_aa_asn1_buf_end    0044a2b0 f   mvlu_ld:MVL_VAR.obj
 0001:000492c0       __m_free_aa_asn1_buf       0044a2c0 f   mvlu_ld:MVL_VAR.obj
 0001:00049300       __mvl_send_resp_i          0044a300 f   mvlu_ld:mvl_send.obj
 0001:00049360       __mvl_send_resp            0044a360 f   mvlu_ld:mvl_send.obj
 0001:000494b0       __mvl_send_req             0044a4b0 f   mvlu_ld:mvl_send.obj
 0001:000496f0       _mvlu_proc_rt_type         0044a6f0 f   mvlu_ld:mvlu_rt.obj
 0001:00049f70       _mvl_info_variables        0044af70 f   mvlu_ld:s_info.obj
 0001:0004a080       _mvl_encode_info_rpt       0044b080 f   mvlu_ld:s_info.obj
 0001:0004a3e0       _smpval_msg_create         0044b3e0 f   smpval_ld:smpval_enc.obj
 0001:0004a430       _smpval_msg_destroy        0044b430 f   smpval_ld:smpval_enc.obj
 0001:0004a470       _reverse_bytes             0044b470 f   smpval_ld:smpval_enc.obj
 0001:0004a4b0       _smpval_asdu_data_update   0044b4b0 f   smpval_ld:smpval_enc.obj
 0001:0004a680       _smpval_msg_encode         0044b680 f   smpval_ld:smpval_enc.obj
 0001:0004aa20       _smpval_msg_send           0044ba20 f   smpval_ld:smpval_enc.obj
 0001:0004ab20       _asn1r_decode_asn1_seq     0044bb20 f   asn1_ld:asn1r.obj
 0001:0004ab90       _asn1r_decode_asn1         0044bb90 f   asn1_ld:asn1r.obj
 0001:0004b560       _asn1r_head_decode         0044c560 f   asn1_ld:asn1r.obj
 0001:0004c090       _asn1r_set_all_cstr_done   0044d090 f   asn1_ld:asn1r.obj
 0001:0004c0c0       _asn1r_tag_add             0044d0c0 f   asn1_ld:asn1r.obj
 0001:0004c150       _asn1r_tag_restore         0044d150 f   asn1_ld:asn1r.obj
 0001:0004c170       _asn1r_strt_asn1_bld       0044d170 f   asn1_ld:asn1r.obj
 0001:0004c210       _asn1r_strt_constr         0044d210 f   asn1_ld:asn1r.obj
 0001:0004c2b0       _asn1r_fin_constr          0044d2b0 f   asn1_ld:asn1r.obj
 0001:0004c440       _asn1r_fin_prim            0044d440 f   asn1_ld:asn1r.obj
 0001:0004c780       _asn1r_set_dec_err         0044d780 f   asn1_ld:asn1r.obj
 0001:0004c7d0       _asn1r_done_err            0044d7d0 f   asn1_ld:asn1r.obj
 0001:0004c840       _asn1r_class_err           0044d840 f   asn1_ld:asn1r.obj
 0001:0004c890       _asn1r_cstr_done_err       0044d890 f   asn1_ld:asn1r.obj
 0001:0004c8e0       _asn1r_chk_getcstr_done    0044d8e0 f   asn1_ld:asn1r.obj
 0001:0004c920       _asn1_objidcmp             0044d920 f   asn1_ld:asn1r.obj
 0001:0004cb60       _asn1_convert_btod_to_utc  0044db60 f   asn1_ld:asn1r.obj
 0001:0004cc40       _asn1_convert_utc_to_btod  0044dc40 f   asn1_ld:asn1r.obj
 0001:0004cce0       _asn1_convert_timet_to_btime6 0044dce0 f   asn1_ld:asn1r.obj
 0001:0004cda0       _bstrcpy                   0044dda0 f   asn1_ld:asn1r.obj
 0001:0004ce50       _bvstrcpy                  0044de50 f   asn1_ld:asn1r.obj
 0001:0004ce80       _bstrcmp                   0044de80 f   asn1_ld:asn1r.obj
 0001:0004cf20       _asn1r_skip_elmnt          0044df20 f   asn1_ld:asn1r.obj
 0001:0004cfe0       _asn1r_wr_i8               0044dfe0 f   asn1_ld:are_int.obj
 0001:0004d010       _asn1r_wr_i16              0044e010 f   asn1_ld:are_int.obj
 0001:0004d040       _asn1r_wr_i32              0044e040 f   asn1_ld:are_int.obj
 0001:0004d070       _asn1r_wr_u8               0044e070 f   asn1_ld:are_int.obj
 0001:0004d090       _asn1r_wr_u16              0044e090 f   asn1_ld:are_int.obj
 0001:0004d0b0       _asn1r_wr_u32              0044e0b0 f   asn1_ld:are_int.obj
 0001:0004d0d0       _asn1r_wr_int32            0044e0d0 f   asn1_ld:are_int.obj
 0001:0004d230       _asn1r_wr_i64              0044e230 f   asn1_ld:are_int.obj
 0001:0004d270       _asn1r_wr_u64              0044e270 f   asn1_ld:are_int.obj
 0001:0004d290       _asn1r_wr_int64            0044e290 f   asn1_ld:are_int.obj
 0001:0004d480       _asn1r_get_i8              0044e480 f   asn1_ld:ard_int.obj
 0001:0004d500       _asn1r_get_i16             0044e500 f   asn1_ld:ard_int.obj
 0001:0004d590       _asn1r_get_i32             0044e590 f   asn1_ld:ard_int.obj
 0001:0004d5c0       _asn1r_get_u8              0044e5c0 f   asn1_ld:ard_int.obj
 0001:0004d640       _asn1r_get_u16             0044e640 f   asn1_ld:ard_int.obj
 0001:0004d6c0       _asn1r_get_u32             0044e6c0 f   asn1_ld:ard_int.obj
 0001:0004d6f0       _asn1r_get_int32           0044e6f0 f   asn1_ld:ard_int.obj
 0001:0004d8d0       _asn1r_get_u64             0044e8d0 f   asn1_ld:ard_int.obj
 0001:0004d900       _asn1r_get_i64             0044e900 f   asn1_ld:ard_int.obj
 0001:0004d930       _asn1r_get_int64           0044e930 f   asn1_ld:ard_int.obj
 0001:0004db10       _asn1r_get_identifier      0044eb10 f   asn1_ld:ard_idnt.obj
 0001:0004dc80       _asn1r_wr_octstr           0044ec80 f   asn1_ld:are_ostr.obj
 0001:0004dd10       _asn1r_wr_vstr             0044ed10 f   asn1_ld:are_vstr.obj
 0001:0004dd40       _asn1r_wr_utf8             0044ed40 f   asn1_ld:are_vstr.obj
 0001:0004de10       _asn1r_local_to_utf8       0044ee10 f   asn1_ld:are_vstr.obj
 0001:0004de60       _asn1r_wr_utc_time         0044ee60 f   asn1_ld:are_utc.obj
 0001:0004e080       _asn1r_wr_bool             0044f080 f   asn1_ld:are_bool.obj
 0001:0004e0c0       __slogc                    0044f0c0 f   slog_ld:slog.obj
 0001:0004e100       __slog                     0044f100 f   slog_ld:slog.obj
 0001:0004e140       _slog                      0044f140 f   slog_ld:slog.obj
 0001:0004e180       _slogx                     0044f180 f   slog_ld:slog.obj
 0001:0004e590       _slogSetTimeText           0044f590 f   slog_ld:slog.obj
 0001:0004e6c0       _slogTrimFileName          0044f6c0 f   slog_ld:slog.obj
 0001:0004e740       _slogSetHdr                0044f740 f   slog_ld:slog.obj
 0001:0004e920       _slogCallStack             0044f920 f   slog_ld:slog.obj
 0001:0004e950       _slogDelBuf                0044f950 f   slog_ld:slog.obj
 0001:0004e9a0       _slog_max_msg_size_set     0044f9a0 f   slog_ld:slog.obj
 0001:0004ea40       _slog_start                0044fa40 f   slog_ld:slog.obj
 0001:0004ea70       _slog_end                  0044fa70 f   slog_ld:slog.obj
 0001:0004eb50       __slogXML                  0044fb50 f   slog_ld:slog.obj
 0001:0004f0a0       _slogFile                  004500a0 f   slog_ld:slogfil.obj
 0001:0004f590       _slogCloseFile             00450590 f   slog_ld:slogfil.obj
 0001:0004f600       _slogCloneFile             00450600 f   slog_ld:slogfil.obj
 0001:0004f750       _slogCloneFileEx           00450750 f   slog_ld:slogfil.obj
 0001:0004f8a0       _slogDeleteFile            004508a0 f   slog_ld:slogfil.obj
 0001:0004faf0       _slog_get_index_file_name  00450af0 f   slog_ld:slogfil.obj
 0001:00050180       _slogHex                   00451180 f   slog_ld:sloghex.obj
 0001:000501a0       __slogHex                  004511a0 f   slog_ld:sloghex.obj
 0001:00050690       __slogStr                  00451690 f   slog_ld:sloghex.obj
 0001:00050a40       _slogMem                   00451a40 f   slog_ld:slogmem.obj
 0001:00050bf0       _slogDumpMem               00451bf0 f   slog_ld:slogmem.obj
 0001:00050ee0       _slogResetMem              00451ee0 f   slog_ld:slogmem.obj
 0001:00050f80       _slogMemInit               00451f80 f   slog_ld:slogmem.obj
 0001:00051070       _slogGetMemMsg             00452070 f   slog_ld:slogmem.obj
 0001:000512a0       _slogGetMemCount           004522a0 f   slog_ld:slogmem.obj
 0001:00051320       _qMemInit                  00452320 f   slog_ld:qmem.obj
 0001:00051410       _qMemAlloc                 00452410 f   slog_ld:qmem.obj
 0001:00051580       _qMemFree                  00452580 f   slog_ld:qmem.obj
 0001:000515e0       _copp_initialize           004525e0 f   ositpxs_ld:Acse2enc.obj
 0001:000516b0       _copp_terminate            004526b0 f   ositpxs_ld:Acse2enc.obj
 0001:000516e0       _copp_event                004526e0 f   ositpxs_ld:Acse2enc.obj
 0001:000516f0       _a_associate_req           004526f0 f   ositpxs_ld:Acse2enc.obj
 0001:00052360       _a_associate_rsp           00453360 f   ositpxs_ld:Acse2enc.obj
 0001:00052aa0       _a_release_req             00453aa0 f   ositpxs_ld:Acse2enc.obj
 0001:00052c60       _a_release_rsp             00453c60 f   ositpxs_ld:Acse2enc.obj
 0001:00052e80       _a_abort_req               00453e80 f   ositpxs_ld:Acse2enc.obj
 0001:00053070       _a_data_req                00454070 f   ositpxs_ld:Acse2enc.obj
 0001:000531a0       _a_buffers_avail           004541a0 f   ositpxs_ld:Acse2enc.obj
 0001:000531c0       _a_get_event_handles       004541c0 f   ositpxs_ld:Acse2enc.obj
 0001:00053240       _a_get_security_info       00454240 f   ositpxs_ld:Acse2enc.obj
 0001:000532b0       _a_free_security_info      004542b0 f   ositpxs_ld:Acse2enc.obj
 0001:00053330       _a_free_part_security_info 00454330 f   ositpxs_ld:Acse2enc.obj
 0001:00053370       _copp_bind                 00454370 f   ositpxs_ld:Copp_enc.obj
 0001:000534f0       _copp_unbind               004544f0 f   ositpxs_ld:Copp_enc.obj
 0001:00053540       _copp_con_req              00454540 f   ositpxs_ld:Copp_enc.obj
 0001:000539f0       _copp_rel_req              004549f0 f   ositpxs_ld:Copp_enc.obj
 0001:00053c10       _copp_con_rsp_pos          00454c10 f   ositpxs_ld:Copp_enc.obj
 0001:00054030       _copp_con_rsp_neg          00455030 f   ositpxs_ld:Copp_enc.obj
 0001:000544d0       _copp_rel_rsp_pos          004554d0 f   ositpxs_ld:Copp_enc.obj
 0001:00054700       _copp_u_abort_req          00455700 f   ositpxs_ld:Copp_enc.obj
 0001:000549e0       _copp_data_req             004559e0 f   ositpxs_ld:Copp_enc.obj
 0001:00054bf0       _copp_p_abort_req          00455bf0 f   ositpxs_ld:Copp_enc.obj
 0001:00054d30       _dib_match_remote_ar       00455d30 f   ositpxs_ld:acse2dib.obj
 0001:00054e80       _dib_match_local_ar        00455e80 f   ositpxs_ld:acse2dib.obj
 0001:00054fd0       _dib_cmp_local_addr        00455fd0 f   ositpxs_ld:acse2dib.obj
 0001:000551f0       _dib_cmp_remote_addr       004561f0 f   ositpxs_ld:acse2dib.obj
 0001:000556a0       _osicfgx                   004566a0 f   ositpxs_ld:osicfgx.obj
 0001:00057c00       _etype_hdr_encode          00458c00 f   ositpxs_ld:ethertyp.obj
 0001:00057d30       _vlan_hdr_encode           00458d30 f   ositpxs_ld:ethertyp.obj
 0001:00057d90       _etype_hdr_decode          00458d90 f   ositpxs_ld:ethertyp.obj
 0001:00057e10       _clnp_snet_set_llc         00458e10 f   ositpxs_ld:clnp_pcap.obj
 0001:00057fa0       _clnp_snet_init            00458fa0 f   ositpxs_ld:clnp_pcap.obj
 0001:000582a0       _clnp_snet_term            004592a0 f   ositpxs_ld:clnp_pcap.obj
 0001:000582b0       _clnp_snet_read            004592b0 f   ositpxs_ld:clnp_pcap.obj
 0001:000583e0       _clnp_snet_add_multicast_mac 004593e0 f   ositpxs_ld:clnp_pcap.obj
 0001:000583f0       _clnp_snet_free            004593f0 f   ositpxs_ld:clnp_pcap.obj
 0001:00058410       _clnp_snet_set_multicast_filter 00459410 f   ositpxs_ld:clnp_pcap.obj
 0001:000585f0       _clnp_snet_rx_all_multicast_start 004595f0 f   ositpxs_ld:clnp_pcap.obj
 0001:000586a0       _clnp_snet_rx_all_multicast_stop 004596a0 f   ositpxs_ld:clnp_pcap.obj
 0001:00058750       _clnp_snet_rx_multicast_stop 00459750 f   ositpxs_ld:clnp_pcap.obj
 0001:00058800       _clnp_snet_write_raw       00459800 f   ositpxs_ld:clnp_pcap.obj
 0001:00058920       _clnp_init                 00459920 f   ositpxs_ld:Clnp_usr.obj
 0001:00058ad0       _clnp_end                  00459ad0 f   ositpxs_ld:Clnp_usr.obj
 0001:00058b40       _clnp_alloc                00459b40 f   ositpxs_ld:Clnp_usr.obj
 0001:00058bc0       _clnp_free                 00459bc0 f   ositpxs_ld:Clnp_usr.obj
 0001:00058be0       _clnp_read                 00459be0 f   ositpxs_ld:Clnp_usr.obj
 0001:00058dd0       _clnp_write                00459dd0 f   ositpxs_ld:Clnp_usr.obj
 0001:00059060       _clnp_timer_tick           0045a060 f   ositpxs_ld:Clnp_usr.obj
 0001:00059080       _clnp_status               0045a080 f   ositpxs_ld:Clnp_usr.obj
 0001:00059660       _clnpl_log_snsdu           0045a660 f   ositpxs_ld:Clnp_usr.obj
 0001:00059920       _tp4_initialize            0045a920 f   ositpxs_ld:Tp4main.obj
 0001:00059ed0       _tp4_terminate             0045aed0 f   ositpxs_ld:Tp4main.obj
 0001:0005a030       _tp4_bind                  0045b030 f   ositpxs_ld:Tp4main.obj
 0001:0005a1a0       _tp4_unbind                0045b1a0 f   ositpxs_ld:Tp4main.obj
 0001:0005a1f0       _tp4_session_timer         0045b1f0 f   ositpxs_ld:Tp4main.obj
 0001:0005a2d0       _tp4_timer_tick            0045b2d0 f   ositpxs_ld:Tp4main.obj
 0001:0005a760       _tp4_buffers_avail         0045b760 f   ositpxs_ld:Tp4main.obj
 0001:0005a7e0       _tp4_data                  0045b7e0 f   ositpxs_ld:Tp4main.obj
 0001:0005ab90       _tp4_event                 0045bb90 f   ositpxs_ld:Tp4main.obj
 0001:0005acf0       _tp_process_dt             0045bcf0 f   ositpxs_ld:Tp4main.obj
 0001:0005af30       _tp_process_ak             0045bf30 f   ositpxs_ld:Tp4main.obj
[...]
 0003:00038970       _only_tp0_user_bind_id     0051d970     <common>
 0003:00038980       _tp0Ctx                    0051d980     <common>
 0003:000389d8       _pipe_to_main              0051d9d8     <common>
 0003:000389dc       _hTcpEvent                 0051d9dc     <common>
 0003:000389e0       _session_cfg               0051d9e0     <common>
 0003:000389f0       _cosp_only_ssel            0051d9f0     <common>
 0003:000389f8       _tp4RetransCount           0051d9f8     <common>
 0003:00038a0c       _tp_conn_arr               0051da0c     <common>
 0003:00038a10       _only_loc_tsap             0051da10     <common>
 0003:00038a18       _only_user_bind_id         0051da18     <common>
 0003:00038a20       _tp_cfg                    0051da20     <common>
 0003:00038a40       _clnp_param                0051da40     <common>
 0003:00038a7c       _clnp_read_fun_co          0051da7c     <common>
 0003:00038a80       _hMainEvent                0051da80     <common>
 0003:00038a84       _clnp_read_fun_cl          0051da84     <common>
 0003:00038a88       _adhandle                  0051da88     <common>
 0003:00038a98       _hMMSEvent                 0051da98     <common>
 0003:00038a9c       _netmask                   0051da9c     <common>
 0003:00038aa0       _only_loc_psel             0051daa0     <common>
 0003:00038aae       _copp_bind_called          0051daae     <common>
 0003:00038ab0       _acse_msgsize              0051dab0     <common>
 0003:00038ac0       _cosp_buf                  0051dac0     <common>
 0003:00038ac4       _cosp_msgsize              0051dac4     <common>
 0003:00038ac8       _u_rt_type_process         0051dac8     <common>
 0003:00038ad4       _ml_log_unsol_req_info_fun 0051dad4     <common>
 0003:00038ae8       _ml_log_req_info_fun       0051dae8     <common>
 0003:00038aec       _ml_log_unsol_ind_info_fun 0051daec     <common>
 0003:00038af0       _ml_log_resp_info_fun      0051daf0     <common>
 0003:00038af4       _ml_log_error_resp_fun     0051daf4     <common>
 0003:00038af8       _ml_log_conf_info_fun      0051daf8     <common>
 0003:00038afc       _ml_log_ind_info_fun       0051dafc     <common>
 0003:00038b00       _ml_log_reject_send_fun    0051db00     <common>
 0003:00038b04       _ml_log_error_conf_fun     0051db04     <common>
 0003:00038b08       _ml_log_reject_recv_fun    0051db08     <common>
 0003:00038b0c       _m_free_os_fun             0051db0c     <common>
 0003:00038b1c       _m_calloc_os_fun           0051db1c     <common>
 0003:00038b20       _m_realloc_os_fun          0051db20     <common>
 0003:00038b30       _cs_send                   0051db30     <common>
 0003:00038b60       _mmsl_enc_buf              0051db60     <common>
 0003:00038b64       __mmsdec_msglen            0051db64     <common>
 0003:00038b68       __mms_dec_info_pres        0051db68     <common>
 0003:00038b69       _cs_send_reset_val         0051db69     <common>
 0003:00038b6c       _mmsl_dec_info_size        0051db6c     <common>
 0003:00038b80       _adtnl_err_info            0051db80     <common>
 0003:00038bb4       _m_hw_rt_aa_ctrl           0051dbb4     <common>
 0003:00038bb8       __mmsdec_rslt              0051dbb8     <common>
 0003:00038bbc       __mms_dec_info             0051dbbc     <common>
 0003:00038bc0       __mmsdec_msgptr            0051dbc0     <common>
 0003:00038bc4       _m_alt_acc_packed          0051dbc4     <common>
 0003:00038bc8       _m_hw_dec_aa               0051dbc8     <common>
 0003:00038bcc       _mms_op_err                0051dbcc     <common>
 0003:00038bd0       _m_use_dis_float           0051dbd0     <common>
 0003:00038bd4       _mmsl_msg_len              0051dbd4     <common>
 0003:00038bd8       _mmsl_enc_buf_size         0051dbd8     <common>
 0003:00038bdc       _mmsl_msg_start            0051dbdc     <common>
 0003:00038be0       _modifier_list             0051dbe0     <common>
 0003:00038bec       __debugger_hook_dummy      0051dbec     <common>
 0003:00038bf8       ___setlc_active            0051dbf8     <common>
 0003:00038c08       ___unguarded_readlc_active 0051dc08     <common>
 0003:00038c0c       ___active_heap             0051dc0c     <common>
 0003:00038c18       ___sbh_initialized         0051dc18     <common>
 0003:00038c2c       ___sbh_cntHeaderList       0051dc2c     <common>
 0003:00038c30       ___sbh_pHeaderList         0051dc30     <common>
 0003:00038c34       ___sbh_threshold           0051dc34     <common>
 0003:00038c38       ___sbh_pHeaderScan         0051dc38     <common>
 0003:00038c3c       ___sbh_sizeHeaderList      0051dc3c     <common>
 0003:00038c40       ___sbh_indGroupDefer       0051dc40     <common>
 0003:00038c44       __nhandle                  0051dc44     <common>
 0003:00038ca0       ___pioinfo                 0051dca0     <common>
 0003:00038da0       ___sse2_available          0051dda0     <common>
 0003:00038dac       __pDestructExceptionObject 0051ddac     <common>
 0003:00038db8       __acmdln                   0051ddb8     <common>
 0003:00038dc4       ___env_initialized         0051ddc4     <common>
 0003:00038dd4       ___onexitend               0051ddd4     <common>
 0003:00038dd8       ___onexitbegin             0051ddd8     <common>
 0003:00038ddc       ___mbctype_initialized     0051dddc     <common>
 0003:00038de0       ___dyn_tls_init_callback   0051dde0     <common>
 0003:00038de4       ___piob                    0051dde4     <common>
 0003:00039140       __bufin                    0051e140     <common>
 0003:0003a140       __nstream                  0051f140     <common>
 0004:00000000       __IMPORT_DESCRIPTOR_WS2_32 00520000     ws2_32:WS2_32.dll
 0004:00000014       __IMPORT_DESCRIPTOR_WINMM  00520014     winmm:WINMM.dll
 0004:00000028       __IMPORT_DESCRIPTOR_wpcap  00520028     wpcap:wpcap.dll
 0004:0000003c       __IMPORT_DESCRIPTOR_packet 0052003c     Packet:packet.dll
 0004:00000050       __IMPORT_DESCRIPTOR_KERNEL32 00520050     kernel32:KERNEL32.dll
 0004:00000064       __IMPORT_DESCRIPTOR_ADVAPI32 00520064     advapi32:ADVAPI32.dll
 0004:00000078       __NULL_IMPORT_DESCRIPTOR   00520078     ws2_32:WS2_32.dll
 0004:0000047c       __imp__InitializeSecurityDescriptor@8 0052047c     advapi32:ADVAPI32.dll
 0004:00000480       __imp__SetSecurityDescriptorDacl@16 00520480     advapi32:ADVAPI32.dll
 0004:00000484       \177ADVAPI32_NULL_THUNK_DATA 00520484     advapi32:ADVAPI32.dll
 0004:000004b0       __imp__DebugBreak@0        005204b0     kernel32:KERNEL32.dll
 0004:000004b4       __imp__lstrlenA@4          005204b4     kernel32:KERNEL32.dll
 0004:000004b8       __imp__GetProcAddress@8    005204b8     kernel32:KERNEL32.dll
 0004:000004bc       __imp__SetEnvironmentVariableA@8 005204bc     kernel32:KERNEL32.dll
 0004:000004c0       __imp__CompareStringW@24   005204c0     kernel32:KERNEL32.dll
 0004:000004c4       __imp__CompareStringA@24   005204c4     kernel32:KERNEL32.dll
 0004:000004c8       __imp__GetProcessHeap@0    005204c8     kernel32:KERNEL32.dll
 0004:000004cc       __imp__SetEndOfFile@4      005204cc     kernel32:KERNEL32.dll
 0004:000004d0       __imp__IsValidLocale@8     005204d0     kernel32:KERNEL32.dll
 0004:000004d4       __imp__EnumSystemLocalesA@8 005204d4     kernel32:KERNEL32.dll
 0004:000004d8       __imp__GetUserDefaultLCID@0 005204d8     kernel32:KERNEL32.dll
 0004:000004dc       __imp__GetStringTypeW@16   005204dc     kernel32:KERNEL32.dll
 0004:000004e0       __imp__GetStringTypeA@20   005204e0     kernel32:KERNEL32.dll
 0004:000004e4       __imp__GetLocaleInfoW@16   005204e4     kernel32:KERNEL32.dll
 0004:000004e8       __imp__HeapSize@12         005204e8     kernel32:KERNEL32.dll
 0004:000004ec       __imp__CreateFileA@28      005204ec     kernel32:KERNEL32.dll
 0004:000004f0       __imp__GetConsoleOutputCP@0 005204f0     kernel32:KERNEL32.dll
 0004:000004f4       __imp__WriteConsoleA@20    005204f4     kernel32:KERNEL32.dll
 0004:000004f8       __imp__SetFilePointer@16   005204f8     kernel32:KERNEL32.dll
 0004:000004fc       __imp__FlushFileBuffers@4  005204fc     kernel32:KERNEL32.dll
 0004:00000500       __imp__LCMapStringW@24     00520500     kernel32:KERNEL32.dll
 0004:00000504       __imp__LCMapStringA@24     00520504     kernel32:KERNEL32.dll
 0004:00000508       __imp__IsValidCodePage@4   00520508     kernel32:KERNEL32.dll
 0004:0000050c       __imp__GetOEMCP@0          0052050c     kernel32:KERNEL32.dll
 0004:00000510       __imp__GetACP@0            00520510     kernel32:KERNEL32.dll
 0004:00000514       __imp__GetCPInfo@8         00520514     kernel32:KERNEL32.dll
 0004:00000518       __imp__GetCurrentProcessId@0 00520518     kernel32:KERNEL32.dll
 0004:0000051c       __imp__GetTickCount@0      0052051c     kernel32:KERNEL32.dll
 0004:00000520       __imp__GetEnvironmentStringsW@0 00520520     kernel32:KERNEL32.dll
 0004:00000524       __imp__FreeEnvironmentStringsW@4 00520524     kernel32:KERNEL32.dll
 0004:00000528       __imp__GetEnvironmentStrings@0 00520528     kernel32:KERNEL32.dll
 0004:0000052c       __imp__FreeEnvironmentStringsA@4 0052052c     kernel32:KERNEL32.dll
 0004:00000530       __imp__HeapDestroy@4       00520530     kernel32:KERNEL32.dll
 0004:00000534       __imp__HeapCreate@12       00520534     kernel32:KERNEL32.dll
 0004:00000538       __imp__VirtualAlloc@16     00520538     kernel32:KERNEL32.dll
 0004:0000053c       __imp__VirtualFree@12      0052053c     kernel32:KERNEL32.dll
 0004:00000540       __imp__InitializeCriticalSectionAndSpinCount@8 00520540     kernel32:KERNEL32.dll
 0004:00000544       __imp__LoadLibraryA@4      00520544     kernel32:KERNEL32.dll
 0004:00000548       __imp__InitializeCriticalSection@4 00520548     kernel32:KERNEL32.dll
 0004:0000054c       __imp__GetLastError@0      0052054c     kernel32:KERNEL32.dll
 0004:00000550       __imp__CreateMutexA@12     00520550     kernel32:KERNEL32.dll
 0004:00000554       __imp__LocalFree@4         00520554     kernel32:KERNEL32.dll
 0004:00000558       __imp__LocalAlloc@8        00520558     kernel32:KERNEL32.dll
 0004:0000055c       __imp__GetCurrentThreadId@0 0052055c     kernel32:KERNEL32.dll
 0004:00000560       __imp__EnterCriticalSection@4 00520560     kernel32:KERNEL32.dll
 0004:00000564       __imp__ReleaseMutex@4      00520564     kernel32:KERNEL32.dll
 0004:00000568       __imp__LeaveCriticalSection@4 00520568     kernel32:KERNEL32.dll
 0004:0000056c       __imp__CloseHandle@4       0052056c     kernel32:KERNEL32.dll
 0004:00000570       __imp__DeleteCriticalSection@4 00520570     kernel32:KERNEL32.dll
 0004:00000574       __imp__CreateEventA@16     00520574     kernel32:KERNEL32.dll
 0004:00000578       __imp__WaitForSingleObject@8 00520578     kernel32:KERNEL32.dll
 0004:0000057c       __imp__WaitForMultipleObjects@16 0052057c     kernel32:KERNEL32.dll
 0004:00000580       __imp__SetEvent@4          00520580     kernel32:KERNEL32.dll
 0004:00000584       __imp__PulseEvent@4        00520584     kernel32:KERNEL32.dll
 0004:00000588       __imp__ResetEvent@4        00520588     kernel32:KERNEL32.dll
 0004:0000058c       __imp__RaiseException@16   0052058c     kernel32:KERNEL32.dll
 0004:00000590       __imp__GetVersionExA@4     00520590     kernel32:KERNEL32.dll
 0004:00000594       __imp__FormatMessageA@28   00520594     kernel32:KERNEL32.dll
 0004:00000598       __imp__Sleep@4             00520598     kernel32:KERNEL32.dll
 0004:0000059c       __imp__FileTimeToSystemTime@8 0052059c     kernel32:KERNEL32.dll
 0004:000005a0       __imp__SystemTimeToFileTime@8 005205a0     kernel32:KERNEL32.dll
 0004:000005a4       __imp__GetSystemTimeAsFileTime@4 005205a4     kernel32:KERNEL32.dll
 0004:000005a8       __imp__FileTimeToLocalFileTime@8 005205a8     kernel32:KERNEL32.dll
 0004:000005ac       __imp__LocalFileTimeToFileTime@8 005205ac     kernel32:KERNEL32.dll
 0004:000005b0       __imp__GetLocaleInfoA@16   005205b0     kernel32:KERNEL32.dll
 0004:000005b4       __imp__WideCharToMultiByte@32 005205b4     kernel32:KERNEL32.dll
 0004:000005b8       __imp__GetLocalTime@4      005205b8     kernel32:KERNEL32.dll
 0004:000005bc       __imp__QueryPerformanceCounter@4 005205bc     kernel32:KERNEL32.dll
 0004:000005c0       __imp__QueryPerformanceFrequency@4 005205c0     kernel32:KERNEL32.dll
 0004:000005c4       __imp__WriteConsoleW@20    005205c4     kernel32:KERNEL32.dll
 0004:000005c8       __imp__GetFileType@4       005205c8     kernel32:KERNEL32.dll
 0004:000005cc       __imp__GetStdHandle@4      005205cc     kernel32:KERNEL32.dll
 0004:000005d0       __imp__GetModuleFileNameW@12 005205d0     kernel32:KERNEL32.dll
 0004:000005d4       __imp__GetFileInformationByHandle@8 005205d4     kernel32:KERNEL32.dll
 0004:000005d8       __imp__PeekNamedPipe@24    005205d8     kernel32:KERNEL32.dll
 0004:000005dc       __imp__SetConsoleCtrlHandler@8 005205dc     kernel32:KERNEL32.dll
 0004:000005e0       __imp__GetModuleHandleW@4  005205e0     kernel32:KERNEL32.dll
 0004:000005e4       __imp__VirtualQuery@12     005205e4     kernel32:KERNEL32.dll
 0004:000005e8       __imp__ExitProcess@4       005205e8     kernel32:KERNEL32.dll
 0004:000005ec       __imp__HeapAlloc@12        005205ec     kernel32:KERNEL32.dll
 0004:000005f0       __imp__HeapFree@12         005205f0     kernel32:KERNEL32.dll
 0004:000005f4       __imp__GetCommandLineA@0   005205f4     kernel32:KERNEL32.dll
 0004:000005f8       __imp__ExitThread@4        005205f8     kernel32:KERNEL32.dll
 0004:000005fc       __imp__CreateThread@24     005205fc     kernel32:KERNEL32.dll
 0004:00000600       __imp__GetTimeFormatA@24   00520600     kernel32:KERNEL32.dll
 0004:00000604       __imp__GetDateFormatA@24   00520604     kernel32:KERNEL32.dll
 0004:00000608       __imp__GetTimeZoneInformation@4 00520608     kernel32:KERNEL32.dll
 0004:0000060c       __imp__HeapReAlloc@16      0052060c     kernel32:KERNEL32.dll
 0004:00000610       __imp__DeleteFileA@4       00520610     kernel32:KERNEL32.dll
 0004:00000614       __imp__TerminateProcess@8  00520614     kernel32:KERNEL32.dll
 0004:00000618       __imp__GetCurrentProcess@0 00520618     kernel32:KERNEL32.dll
 0004:0000061c       __imp__UnhandledExceptionFilter@4 0052061c     kernel32:KERNEL32.dll
 0004:00000620       __imp__SetUnhandledExceptionFilter@4 00520620     kernel32:KERNEL32.dll
 0004:00000624       __imp__IsDebuggerPresent@0 00520624     kernel32:KERNEL32.dll
 0004:00000628       __imp__LoadLibraryW@4      00520628     kernel32:KERNEL32.dll
 0004:0000062c       __imp__WriteFile@20        0052062c     kernel32:KERNEL32.dll
 0004:00000630       __imp__GetConsoleCP@0      00520630     kernel32:KERNEL32.dll
 0004:00000634       __imp__GetConsoleMode@8    00520634     kernel32:KERNEL32.dll
 0004:00000638       __imp__RtlUnwind@16        00520638     kernel32:KERNEL32.dll
 0004:0000063c       __imp__GetModuleHandleA@4  0052063c     kernel32:KERNEL32.dll
 0004:00000640       __imp__MultiByteToWideChar@24 00520640     kernel32:KERNEL32.dll
 0004:00000644       __imp__ReadFile@20         00520644     kernel32:KERNEL32.dll
 0004:00000648       __imp__SetStdHandle@8      00520648     kernel32:KERNEL32.dll
 0004:0000064c       __imp__SetHandleCount@4    0052064c     kernel32:KERNEL32.dll
 0004:00000650       __imp__GetStartupInfoA@4   00520650     kernel32:KERNEL32.dll
 0004:00000654       __imp__FatalAppExitA@8     00520654     kernel32:KERNEL32.dll
 0004:00000658       __imp__TlsGetValue@4       00520658     kernel32:KERNEL32.dll
 0004:0000065c       __imp__TlsAlloc@0          0052065c     kernel32:KERNEL32.dll
 0004:00000660       __imp__TlsSetValue@8       00520660     kernel32:KERNEL32.dll
 0004:00000664       __imp__TlsFree@4           00520664     kernel32:KERNEL32.dll
 0004:00000668       __imp__InterlockedIncrement@4 00520668     kernel32:KERNEL32.dll
 0004:0000066c       __imp__SetLastError@4      0052066c     kernel32:KERNEL32.dll
 0004:00000670       __imp__InterlockedDecrement@4 00520670     kernel32:KERNEL32.dll
 0004:00000674       __imp__GetCurrentThread@0  00520674     kernel32:KERNEL32.dll
 0004:00000678       __imp__GetModuleFileNameA@12 00520678     kernel32:KERNEL32.dll
 0004:0000067c       __imp__FreeLibrary@4       0052067c     kernel32:KERNEL32.dll
 0004:00000680       __imp__InterlockedExchange@8 00520680     kernel32:KERNEL32.dll
 0004:00000684       \177KERNEL32_NULL_THUNK_DATA 00520684     kernel32:KERNEL32.dll
 0004:0000070c       __imp__timeGetTime@0       0052070c     winmm:WINMM.dll
 0004:00000710       \177WINMM_NULL_THUNK_DATA  00520710     winmm:WINMM.dll
 0004:0000073c       __imp__WSAStartup@8        0052073c     ws2_32:WS2_32.dll
 0004:00000740       __imp__closesocket@4       00520740     ws2_32:WS2_32.dll
 0004:00000744       __imp__connect@12          00520744     ws2_32:WS2_32.dll
 0004:00000748       __imp__htons@4             00520748     ws2_32:WS2_32.dll
 0004:0000074c       __imp__gethostbyname@4     0052074c     ws2_32:WS2_32.dll
 0004:00000750       __imp__ntohl@4             00520750     ws2_32:WS2_32.dll
 0004:00000754       __imp__WSAGetLastError@0   00520754     ws2_32:WS2_32.dll
 0004:00000758       __imp__socket@12           00520758     ws2_32:WS2_32.dll
 0004:0000075c       __imp__listen@8            0052075c     ws2_32:WS2_32.dll
 0004:00000760       __imp__bind@12             00520760     ws2_32:WS2_32.dll
 0004:00000764       __imp__send@16             00520764     ws2_32:WS2_32.dll
 0004:00000768       __imp__select@20           00520768     ws2_32:WS2_32.dll
 0004:0000076c       __imp__recv@16             0052076c     ws2_32:WS2_32.dll
 0004:00000770       __imp__inet_addr@4         00520770     ws2_32:WS2_32.dll
 0004:00000774       __imp__accept@12           00520774     ws2_32:WS2_32.dll
 0004:00000778       __imp__getpeername@12      00520778     ws2_32:WS2_32.dll
 0004:0000077c       __imp__setsockopt@20       0052077c     ws2_32:WS2_32.dll
 0004:00000780       __imp__ioctlsocket@12      00520780     ws2_32:WS2_32.dll
 0004:00000784       __imp__htonl@4             00520784     ws2_32:WS2_32.dll
 0004:00000788       __imp__ntohs@4             00520788     ws2_32:WS2_32.dll
 0004:0000078c       __imp__inet_ntoa@4         0052078c     ws2_32:WS2_32.dll
 0004:00000790       __imp____WSAFDIsSet@8      00520790     ws2_32:WS2_32.dll
 0004:00000794       __imp__getsockopt@20       00520794     ws2_32:WS2_32.dll
 0004:00000798       \177WS2_32_NULL_THUNK_DATA 00520798     ws2_32:WS2_32.dll
 0004:000007d4       __imp__PacketRequest       005207d4     Packet:packet.dll
 0004:000007d8       __imp__PacketCloseAdapter  005207d8     Packet:packet.dll
 0004:000007dc       __imp__PacketOpenAdapter   005207dc     Packet:packet.dll
 0004:000007e0       \177packet_NULL_THUNK_DATA 005207e0     Packet:packet.dll
 0004:0000080c       __imp__pcap_open_live      0052080c     wpcap:wpcap.dll
 0004:00000810       __imp__pcap_findalldevs    00520810     wpcap:wpcap.dll
 0004:00000814       __imp__pcap_next           00520814     wpcap:wpcap.dll
 0004:00000818       __imp__pcap_freealldevs    00520818     wpcap:wpcap.dll
 0004:0000081c       __imp__pcap_compile        0052081c     wpcap:wpcap.dll
 0004:00000820       __imp__pcap_geterr         00520820     wpcap:wpcap.dll
 0004:00000824       __imp__pcap_sendpacket     00520824     wpcap:wpcap.dll
 0004:00000828       __imp__pcap_setnonblock    00520828     wpcap:wpcap.dll
 0004:0000082c       __imp__pcap_getevent       0052082c     wpcap:wpcap.dll
 0004:00000830       __imp__pcap_setfilter      00520830     wpcap:wpcap.dll
 0004:00000834       __imp__pcap_setmintocopy   00520834     wpcap:wpcap.dll
 0004:00000838       \177wpcap_NULL_THUNK_DATA  00520838     wpcap:wpcap.dll

 entry point at        0001:00085c44

